Component: ARM Compiler 5.06 update 6 (build 750) Tool: armlink [4d35ed]

==============================================================================

Section Cross References

    startup_stm32mp15xx.o(RESET) refers to startup_stm32mp15xx.o(STACK) for __initial_sp
    startup_stm32mp15xx.o(RESET) refers to startup_stm32mp15xx.o(.text) for Reset_Handler
    startup_stm32mp15xx.o(RESET) refers to stm32mp1xx_it.o(i.NMI_Handler) for NMI_Handler
    startup_stm32mp15xx.o(RESET) refers to stm32mp1xx_it.o(i.HardFault_Handler) for HardFault_Handler
    startup_stm32mp15xx.o(RESET) refers to stm32mp1xx_it.o(i.MemManage_Handler) for MemManage_Handler
    startup_stm32mp15xx.o(RESET) refers to stm32mp1xx_it.o(i.BusFault_Handler) for BusFault_Handler
    startup_stm32mp15xx.o(RESET) refers to stm32mp1xx_it.o(i.UsageFault_Handler) for UsageFault_Handler
    startup_stm32mp15xx.o(RESET) refers to stm32mp1xx_it.o(i.SVC_Handler) for SVC_Handler
    startup_stm32mp15xx.o(RESET) refers to stm32mp1xx_it.o(i.DebugMon_Handler) for DebugMon_Handler
    startup_stm32mp15xx.o(RESET) refers to stm32mp1xx_it.o(i.PendSV_Handler) for PendSV_Handler
    startup_stm32mp15xx.o(RESET) refers to stm32mp1xx_it.o(i.SysTick_Handler) for SysTick_Handler
    startup_stm32mp15xx.o(RESET) refers to usart.o(i.UART4_IRQHandler) for UART4_IRQHandler
    startup_stm32mp15xx.o(.text) refers to system_stm32mp1xx.o(i.SystemInit) for SystemInit
    startup_stm32mp15xx.o(.text) refers to __main.o(!!!main) for __main
    main.o(i.main) refers to stm32mp1xx_hal.o(i.HAL_Init) for HAL_Init
    main.o(i.main) refers to sys.o(i.sys_stm32_clock_init) for sys_stm32_clock_init
    main.o(i.main) refers to delay.o(i.delay_init) for delay_init
    main.o(i.main) refers to led.o(i.led_init) for led_init
    main.o(i.main) refers to oled.o(i.oled_init) for oled_init
    main.o(i.main) refers to oled.o(i.OLED_ShowBMP) for OLED_ShowBMP
    main.o(i.main) refers to oled.o(i.oled_refresh_gram) for oled_refresh_gram
    main.o(i.main) refers to stm32mp1xx_hal.o(i.HAL_Delay) for HAL_Delay
    main.o(i.main) refers to delay.o(i.delay_ms) for delay_ms
    main.o(i.main) refers to stm32mp1xx_hal_gpio.o(i.HAL_GPIO_TogglePin) for HAL_GPIO_TogglePin
    stm32mp1xx_it.o(i.SysTick_Handler) refers to stm32mp1xx_hal.o(i.HAL_IncTick) for HAL_IncTick
    system_stm32mp1xx.o(i.SystemCoreClockUpdate) refers to system_stm32mp1xx.o(.data) for .data
    delay.o(i.delay) refers to delay.o(i.delay_short) for delay_short
    delay.o(i.delay_init) refers to delay.o(.data) for .data
    delay.o(i.delay_ms) refers to delay.o(i.delay_us) for delay_us
    delay.o(i.delay_us) refers to delay.o(.data) for .data
    sys.o(i.sys_stm32_clock_init) refers to stm32mp1xx_hal_pwr.o(i.HAL_PWR_EnableBkUpAccess) for HAL_PWR_EnableBkUpAccess
    sys.o(i.sys_stm32_clock_init) refers to stm32mp1xx_hal_rcc.o(i.HAL_RCC_OscConfig) for HAL_RCC_OscConfig
    sys.o(i.sys_stm32_clock_init) refers to stm32mp1xx_hal_rcc.o(i.HAL_RCC_ClockConfig) for HAL_RCC_ClockConfig
    usart.o(.rev16_text) refers (Special) to use_no_semi_2.o(.text) for __use_no_semihosting
    usart.o(.revsh_text) refers (Special) to use_no_semi_2.o(.text) for __use_no_semihosting
    usart.o(.rrx_text) refers (Special) to use_no_semi_2.o(.text) for __use_no_semihosting
    usart.o(i.HAL_UART_MspInit) refers (Special) to use_no_semi_2.o(.text) for __use_no_semihosting
    usart.o(i.HAL_UART_MspInit) refers to stm32mp1xx_hal_gpio.o(i.HAL_GPIO_Init) for HAL_GPIO_Init
    usart.o(i.HAL_UART_MspInit) refers to stm32mp1xx_hal_rcc_ex.o(i.HAL_RCCEx_PeriphCLKConfig) for HAL_RCCEx_PeriphCLKConfig
    usart.o(i.HAL_UART_MspInit) refers to stm32mp1xx_hal_cortex.o(i.HAL_NVIC_EnableIRQ) for HAL_NVIC_EnableIRQ
    usart.o(i.HAL_UART_MspInit) refers to stm32mp1xx_hal_cortex.o(i.HAL_NVIC_SetPriority) for HAL_NVIC_SetPriority
    usart.o(i.HAL_UART_RxCpltCallback) refers (Special) to use_no_semi_2.o(.text) for __use_no_semihosting
    usart.o(i.HAL_UART_RxCpltCallback) refers to usart.o(.data) for .data
    usart.o(i.HAL_UART_RxCpltCallback) refers to usart.o(.bss) for .bss
    usart.o(i.UART4_IRQHandler) refers (Special) to use_no_semi_2.o(.text) for __use_no_semihosting
    usart.o(i.UART4_IRQHandler) refers to stm32mp1xx_hal_uart.o(i.HAL_UART_IRQHandler) for HAL_UART_IRQHandler
    usart.o(i.UART4_IRQHandler) refers to stm32mp1xx_hal_uart.o(i.HAL_UART_GetState) for HAL_UART_GetState
    usart.o(i.UART4_IRQHandler) refers to stm32mp1xx_hal_uart.o(i.HAL_UART_Receive_IT) for HAL_UART_Receive_IT
    usart.o(i.UART4_IRQHandler) refers to usart.o(.bss) for .bss
    usart.o(i.UART4_IRQHandler) refers to usart.o(.data) for .data
    usart.o(i._sys_exit) refers (Special) to use_no_semi_2.o(.text) for __use_no_semihosting
    usart.o(i._ttywrch) refers (Special) to use_no_semi_2.o(.text) for __use_no_semihosting
    usart.o(i.fputc) refers (Special) to use_no_semi_2.o(.text) for __use_no_semihosting
[...]
    Removing stm32mp1xx_hal_tim.o(i.HAL_TIM_IC_CaptureHalfCpltCallback), (2 bytes).
    Removing stm32mp1xx_hal_tim.o(i.HAL_TIM_IC_ConfigChannel), (284 bytes).
    Removing stm32mp1xx_hal_tim.o(i.HAL_TIM_IC_DeInit), (56 bytes).
    Removing stm32mp1xx_hal_tim.o(i.HAL_TIM_IC_GetState), (6 bytes).
    Removing stm32mp1xx_hal_tim.o(i.HAL_TIM_IC_Init), (54 bytes).
    Removing stm32mp1xx_hal_tim.o(i.HAL_TIM_IC_MspDeInit), (2 bytes).
    Removing stm32mp1xx_hal_tim.o(i.HAL_TIM_IC_MspInit), (2 bytes).
    Removing stm32mp1xx_hal_tim.o(i.HAL_TIM_IC_Start), (48 bytes).
    Removing stm32mp1xx_hal_tim.o(i.HAL_TIM_IC_Start_DMA), (260 bytes).
    Removing stm32mp1xx_hal_tim.o(i.HAL_TIM_IC_Start_IT), (96 bytes).
    Removing stm32mp1xx_hal_tim.o(i.HAL_TIM_IC_Stop), (44 bytes).
    Removing stm32mp1xx_hal_tim.o(i.HAL_TIM_IC_Stop_DMA), (122 bytes).
    Removing stm32mp1xx_hal_tim.o(i.HAL_TIM_IC_Stop_IT), (94 bytes).
    Removing stm32mp1xx_hal_tim.o(i.HAL_TIM_IRQHandler), (388 bytes).
    Removing stm32mp1xx_hal_tim.o(i.HAL_TIM_OC_ConfigChannel), (114 bytes).
    Removing stm32mp1xx_hal_tim.o(i.HAL_TIM_OC_DeInit), (56 bytes).
    Removing stm32mp1xx_hal_tim.o(i.HAL_TIM_OC_DelayElapsedCallback), (2 bytes).
    Removing stm32mp1xx_hal_tim.o(i.HAL_TIM_OC_GetState), (6 bytes).
    Removing stm32mp1xx_hal_tim.o(i.HAL_TIM_OC_Init), (54 bytes).
    Removing stm32mp1xx_hal_tim.o(i.HAL_TIM_OC_MspDeInit), (2 bytes).
    Removing stm32mp1xx_hal_tim.o(i.HAL_TIM_OC_MspInit), (2 bytes).
    Removing stm32mp1xx_hal_tim.o(i.HAL_TIM_OC_Start), (104 bytes).
    Removing stm32mp1xx_hal_tim.o(i.HAL_TIM_OC_Start_DMA), (328 bytes).
    Removing stm32mp1xx_hal_tim.o(i.HAL_TIM_OC_Start_IT), (152 bytes).
    Removing stm32mp1xx_hal_tim.o(i.HAL_TIM_OC_Stop), (112 bytes).
    Removing stm32mp1xx_hal_tim.o(i.HAL_TIM_OC_Stop_DMA), (192 bytes).
    Removing stm32mp1xx_hal_tim.o(i.HAL_TIM_OC_Stop_IT), (164 bytes).
    Removing stm32mp1xx_hal_tim.o(i.HAL_TIM_OnePulse_ConfigChannel), (236 bytes).
    Removing stm32mp1xx_hal_tim.o(i.HAL_TIM_OnePulse_DeInit), (56 bytes).
    Removing stm32mp1xx_hal_tim.o(i.HAL_TIM_OnePulse_GetState), (6 bytes).
    Removing stm32mp1xx_hal_tim.o(i.HAL_TIM_OnePulse_Init), (74 bytes).
    Removing stm32mp1xx_hal_tim.o(i.HAL_TIM_OnePulse_MspDeInit), (2 bytes).
    Removing stm32mp1xx_hal_tim.o(i.HAL_TIM_OnePulse_MspInit), (2 bytes).
    Removing stm32mp1xx_hal_tim.o(i.HAL_TIM_OnePulse_Start), (84 bytes).
    Removing stm32mp1xx_hal_tim.o(i.HAL_TIM_OnePulse_Start_IT), (104 bytes).
    Removing stm32mp1xx_hal_tim.o(i.HAL_TIM_OnePulse_Stop), (124 bytes).
    Removing stm32mp1xx_hal_tim.o(i.HAL_TIM_OnePulse_Stop_IT), (144 bytes).
    Removing stm32mp1xx_hal_tim.o(i.HAL_TIM_PWM_ConfigChannel), (296 bytes).
    Removing stm32mp1xx_hal_tim.o(i.HAL_TIM_PWM_DeInit), (56 bytes).
    Removing stm32mp1xx_hal_tim.o(i.HAL_TIM_PWM_GetState), (6 bytes).
    Removing stm32mp1xx_hal_tim.o(i.HAL_TIM_PWM_Init), (54 bytes).
    Removing stm32mp1xx_hal_tim.o(i.HAL_TIM_PWM_MspDeInit), (2 bytes).
    Removing stm32mp1xx_hal_tim.o(i.HAL_TIM_PWM_MspInit), (2 bytes).
    Removing stm32mp1xx_hal_tim.o(i.HAL_TIM_PWM_PulseFinishedCallback), (2 bytes).
    Removing stm32mp1xx_hal_tim.o(i.HAL_TIM_PWM_PulseFinishedHalfCpltCallback), (2 bytes).
    Removing stm32mp1xx_hal_tim.o(i.HAL_TIM_PWM_Start), (104 bytes).
    Removing stm32mp1xx_hal_tim.o(i.HAL_TIM_PWM_Start_DMA), (328 bytes).
    Removing stm32mp1xx_hal_tim.o(i.HAL_TIM_PWM_Start_IT), (152 bytes).
    Removing stm32mp1xx_hal_tim.o(i.HAL_TIM_PWM_Stop), (120 bytes).
    Removing stm32mp1xx_hal_tim.o(i.HAL_TIM_PWM_Stop_DMA), (192 bytes).
    Removing stm32mp1xx_hal_tim.o(i.HAL_TIM_PWM_Stop_IT), (164 bytes).
    Removing stm32mp1xx_hal_tim.o(i.HAL_TIM_PeriodElapsedCallback), (2 bytes).
    Removing stm32mp1xx_hal_tim.o(i.HAL_TIM_PeriodElapsedHalfCpltCallback), (2 bytes).
    Removing stm32mp1xx_hal_tim.o(i.HAL_TIM_ReadCapturedValue), (42 bytes).
    Removing stm32mp1xx_hal_tim.o(i.HAL_TIM_SlaveConfigSynchro), (82 bytes).
    Removing stm32mp1xx_hal_tim.o(i.HAL_TIM_SlaveConfigSynchro_IT), (82 bytes).
    Removing stm32mp1xx_hal_tim.o(i.HAL_TIM_TriggerCallback), (2 bytes).
    Removing stm32mp1xx_hal_tim.o(i.HAL_TIM_TriggerHalfCpltCallback), (2 bytes).
    Removing stm32mp1xx_hal_tim.o(i.TIM_Base_SetConfig), (192 bytes).
    Removing stm32mp1xx_hal_tim.o(i.TIM_CCxChannelCmd), (26 bytes).
    Removing stm32mp1xx_hal_tim.o(i.TIM_DMACaptureCplt), (62 bytes).
    Removing stm32mp1xx_hal_tim.o(i.TIM_DMACaptureHalfCplt), (62 bytes).
    Removing stm32mp1xx_hal_tim.o(i.TIM_DMADelayPulseCplt), (62 bytes).
    Removing stm32mp1xx_hal_tim.o(i.TIM_DMADelayPulseHalfCplt), (62 bytes).
    Removing stm32mp1xx_hal_tim.o(i.TIM_DMAError), (16 bytes).
    Removing stm32mp1xx_hal_tim.o(i.TIM_DMAPeriodElapsedCplt), (16 bytes).
    Removing stm32mp1xx_hal_tim.o(i.TIM_DMAPeriodElapsedHalfCplt), (16 bytes).
    Removing stm32mp1xx_hal_tim.o(i.TIM_DMATriggerCplt), (16 bytes).
    Removing stm32mp1xx_hal_tim.o(i.TIM_DMATriggerHalfCplt), (16 bytes).
    Removing stm32mp1xx_hal_tim.o(i.TIM_ETR_SetConfig), (20 bytes).
    Removing stm32mp1xx_hal_tim.o(i.TIM_ITRx_SetConfig), (20 bytes).
    Removing stm32mp1xx_hal_tim.o(i.TIM_OC1_SetConfig), (152 bytes).
    Removing stm32mp1xx_hal_tim.o(i.TIM_OC2_SetConfig), (144 bytes).
    Removing stm32mp1xx_hal_tim.o(i.TIM_OC3_SetConfig), (140 bytes).
    Removing stm32mp1xx_hal_tim.o(i.TIM_OC4_SetConfig), (112 bytes).
    Removing stm32mp1xx_hal_tim.o(i.TIM_OC5_SetConfig), (108 bytes).
    Removing stm32mp1xx_hal_tim.o(i.TIM_OC6_SetConfig), (108 bytes).
    Removing stm32mp1xx_hal_tim.o(i.TIM_SlaveTimer_SetConfig), (144 bytes).
    Removing stm32mp1xx_hal_tim.o(i.TIM_TI1_ConfigInputStage), (34 bytes).
    Removing stm32mp1xx_hal_tim.o(i.TIM_TI1_SetConfig), (124 bytes).
    Removing stm32mp1xx_hal_tim.o(i.TIM_TI2_ConfigInputStage), (36 bytes).
    Removing stm32mp1xx_hal_tim.o(i.TIM_TI2_SetConfig), (54 bytes).
    Removing stm32mp1xx_hal_tim_ex.o(.rev16_text), (4 bytes).
    Removing stm32mp1xx_hal_tim_ex.o(.revsh_text), (4 bytes).
    Removing stm32mp1xx_hal_tim_ex.o(.rrx_text), (6 bytes).
    Removing stm32mp1xx_hal_tim_ex.o(i.HAL_TIMEx_Break2Callback), (2 bytes).
    Removing stm32mp1xx_hal_tim_ex.o(i.HAL_TIMEx_BreakCallback), (2 bytes).
    Removing stm32mp1xx_hal_tim_ex.o(i.HAL_TIMEx_CommutCallback), (2 bytes).
    Removing stm32mp1xx_hal_tim_ex.o(i.HAL_TIMEx_CommutHalfCpltCallback), (2 bytes).
    Removing stm32mp1xx_hal_tim_ex.o(i.HAL_TIMEx_ConfigBreakDeadTime), (172 bytes).
    Removing stm32mp1xx_hal_tim_ex.o(i.HAL_TIMEx_ConfigBreakInput), (132 bytes).
    Removing stm32mp1xx_hal_tim_ex.o(i.HAL_TIMEx_ConfigCommutEvent), (116 bytes).
    Removing stm32mp1xx_hal_tim_ex.o(i.HAL_TIMEx_ConfigCommutEvent_DMA), (148 bytes).
    Removing stm32mp1xx_hal_tim_ex.o(i.HAL_TIMEx_ConfigCommutEvent_IT), (116 bytes).
    Removing stm32mp1xx_hal_tim_ex.o(i.HAL_TIMEx_DisarmBreakInput), (68 bytes).
    Removing stm32mp1xx_hal_tim_ex.o(i.HAL_TIMEx_GroupChannel5), (56 bytes).
    Removing stm32mp1xx_hal_tim_ex.o(i.HAL_TIMEx_HallSensor_DeInit), (56 bytes).
    Removing stm32mp1xx_hal_tim_ex.o(i.HAL_TIMEx_HallSensor_GetState), (6 bytes).
    Removing stm32mp1xx_hal_tim_ex.o(i.HAL_TIMEx_HallSensor_Init), (196 bytes).
    Removing stm32mp1xx_hal_tim_ex.o(i.HAL_TIMEx_HallSensor_MspDeInit), (2 bytes).
    Removing stm32mp1xx_hal_tim_ex.o(i.HAL_TIMEx_HallSensor_MspInit), (2 bytes).
    Removing stm32mp1xx_hal_tim_ex.o(i.HAL_TIMEx_HallSensor_Start), (48 bytes).
    Removing stm32mp1xx_hal_tim_ex.o(i.HAL_TIMEx_HallSensor_Start_DMA), (140 bytes).
    Removing stm32mp1xx_hal_tim_ex.o(i.HAL_TIMEx_HallSensor_Start_IT), (60 bytes).
    Removing stm32mp1xx_hal_tim_ex.o(i.HAL_TIMEx_HallSensor_Stop), (46 bytes).
    Removing stm32mp1xx_hal_tim_ex.o(i.HAL_TIMEx_HallSensor_Stop_DMA), (62 bytes).
    Removing stm32mp1xx_hal_tim_ex.o(i.HAL_TIMEx_HallSensor_Stop_IT), (56 bytes).
    Removing stm32mp1xx_hal_tim_ex.o(i.HAL_TIMEx_MasterConfigSynchronization), (92 bytes).
    Removing stm32mp1xx_hal_tim_ex.o(i.HAL_TIMEx_OCN_Start), (56 bytes).
    Removing stm32mp1xx_hal_tim_ex.o(i.HAL_TIMEx_OCN_Start_DMA), (240 bytes).
    Removing stm32mp1xx_hal_tim_ex.o(i.HAL_TIMEx_OCN_Start_IT), (104 bytes).
    Removing stm32mp1xx_hal_tim_ex.o(i.HAL_TIMEx_OCN_Stop), (68 bytes).
    Removing stm32mp1xx_hal_tim_ex.o(i.HAL_TIMEx_OCN_Stop_DMA), (130 bytes).
    Removing stm32mp1xx_hal_tim_ex.o(i.HAL_TIMEx_OCN_Stop_IT), (122 bytes).
    Removing stm32mp1xx_hal_tim_ex.o(i.HAL_TIMEx_OnePulseN_Start), (26 bytes).
    Removing stm32mp1xx_hal_tim_ex.o(i.HAL_TIMEx_OnePulseN_Start_IT), (46 bytes).
    Removing stm32mp1xx_hal_tim_ex.o(i.HAL_TIMEx_OnePulseN_Stop), (68 bytes).
    Removing stm32mp1xx_hal_tim_ex.o(i.HAL_TIMEx_OnePulseN_Stop_IT), (88 bytes).
    Removing stm32mp1xx_hal_tim_ex.o(i.HAL_TIMEx_PWMN_Start), (56 bytes).
    Removing stm32mp1xx_hal_tim_ex.o(i.HAL_TIMEx_PWMN_Start_DMA), (240 bytes).
    Removing stm32mp1xx_hal_tim_ex.o(i.HAL_TIMEx_PWMN_Start_IT), (104 bytes).
    Removing stm32mp1xx_hal_tim_ex.o(i.HAL_TIMEx_PWMN_Stop), (68 bytes).
    Removing stm32mp1xx_hal_tim_ex.o(i.HAL_TIMEx_PWMN_Stop_DMA), (130 bytes).
    Removing stm32mp1xx_hal_tim_ex.o(i.HAL_TIMEx_PWMN_Stop_IT), (122 bytes).
    Removing stm32mp1xx_hal_tim_ex.o(i.HAL_TIMEx_ReArmBreakInput), (88 bytes).
    Removing stm32mp1xx_hal_tim_ex.o(i.HAL_TIMEx_RemapConfig), (4 bytes).
    Removing stm32mp1xx_hal_tim_ex.o(i.HAL_TIMEx_TISelection), (64 bytes).
    Removing stm32mp1xx_hal_tim_ex.o(i.TIMEx_DMACommutationCplt), (16 bytes).
    Removing stm32mp1xx_hal_tim_ex.o(i.TIMEx_DMACommutationHalfCplt), (16 bytes).
    Removing stm32mp1xx_hal_tim_ex.o(i.TIM_CCxNChannelCmd), (26 bytes).
    Removing led.o(.rev16_text), (4 bytes).
    Removing led.o(.revsh_text), (4 bytes).
    Removing led.o(.rrx_text), (6 bytes).
    Removing beep.o(.rev16_text), (4 bytes).
    Removing beep.o(.revsh_text), (4 bytes).
    Removing beep.o(.rrx_text), (6 bytes).
    Removing beep.o(i.beep_init), (56 bytes).
    Removing key.o(.rev16_text), (4 bytes).
    Removing key.o(.revsh_text), (4 bytes).
    Removing key.o(.rrx_text), (6 bytes).
    Removing key.o(i.key_init), (88 bytes).
    Removing key.o(i.key_scan), (172 bytes).
    Removing key.o(.data), (1 bytes).
    Removing oled.o(.rev16_text), (4 bytes).
    Removing oled.o(.revsh_text), (4 bytes).
    Removing oled.o(.rrx_text), (6 bytes).
    Removing oled.o(i.OLED_Show), (104 bytes).
    Removing oled.o(i.oled_display_off), (30 bytes).
    Removing oled.o(i.oled_display_on), (30 bytes).
    Removing oled.o(i.oled_fill), (56 bytes).
    Removing oled.o(i.oled_show_char), (180 bytes).
    Removing oled.o(i.oled_show_num), (128 bytes).
    Removing oled.o(i.oled_show_string), (86 bytes).
    Removing oled.o(.constdata), (6080 bytes).

590 unused section(s) (total 63831 bytes) removed from the image.

==============================================================================

Image Symbol Table

    Local Symbols

    Symbol Name                              Value     Ov Type        Size  Object(Section)

    RESET                                    0x00000000   Section      956  startup_stm32mp15xx.o(RESET)
    ../clib/angel/boardlib.s                 0x00000000   Number         0  boardshut.o ABSOLUTE
    ../clib/angel/boardlib.s                 0x00000000   Number         0  boardinit1.o ABSOLUTE
    ../clib/angel/boardlib.s                 0x00000000   Number         0  boardinit2.o ABSOLUTE
    ../clib/angel/boardlib.s                 0x00000000   Number         0  boardinit3.o ABSOLUTE
    ../clib/angel/dczerorl2.s                0x00000000   Number         0  __dczerorl2.o ABSOLUTE
    ../clib/angel/handlers.s                 0x00000000   Number         0  __scatter_zi.o ABSOLUTE
    ../clib/angel/kernel.s                   0x00000000   Number         0  rtexit.o ABSOLUTE
    ../clib/angel/kernel.s                   0x00000000   Number         0  __rtentry2.o ABSOLUTE
    ../clib/angel/kernel.s                   0x00000000   Number         0  __rtentry4.o ABSOLUTE
    ../clib/angel/kernel.s                   0x00000000   Number         0  __rtentry5.o ABSOLUTE
    ../clib/angel/kernel.s                   0x00000000   Number         0  __rtentry.o ABSOLUTE
    ../clib/angel/kernel.s                   0x00000000   Number         0  rtexit2.o ABSOLUTE
    ../clib/angel/rt.s                       0x00000000   Number         0  rt_raise.o ABSOLUTE
    ../clib/angel/scatter.s                  0x00000000   Number         0  __scatter.o ABSOLUTE
    ../clib/angel/startup.s                  0x00000000   Number         0  __main.o ABSOLUTE
    ../clib/angel/sys.s                      0x00000000   Number         0  use_no_semi_2.o ABSOLUTE
    ../clib/angel/sys.s                      0x00000000   Number         0  sys_stackheap.o ABSOLUTE
    ../clib/angel/sys.s                      0x00000000   Number         0  libspace.o ABSOLUTE
    ../clib/angel/sys.s                      0x00000000   Number         0  sys_stackheap_outer.o ABSOLUTE
    ../clib/angel/sys.s                      0x00000000   Number         0  use_no_semi.o ABSOLUTE
    ../clib/angel/sys.s                      0x00000000   Number         0  indicate_semi.o ABSOLUTE
    ../clib/angel/sysapp.c                   0x00000000   Number         0  sys_command.o ABSOLUTE
    ../clib/armsys.c                         0x00000000   Number         0  no_argv.o ABSOLUTE
    ../clib/armsys.c                         0x00000000   Number         0  argv_veneer.o ABSOLUTE
    ../clib/armsys.c                         0x00000000   Number         0  _get_argv_nomalloc.o ABSOLUTE
    ../clib/armsys.c                         0x00000000   Number         0  argv_veneer.o ABSOLUTE
    ../clib/heapalloc.c                      0x00000000   Number         0  hrguard.o ABSOLUTE
    ../clib/libinit.s                        0x00000000   Number         0  libinit.o ABSOLUTE
    ../clib/libinit.s                        0x00000000   Number         0  libshutdown.o ABSOLUTE
    ../clib/libinit.s                        0x00000000   Number         0  libshutdown2.o ABSOLUTE
    ../clib/libinit.s                        0x00000000   Number         0  libinit3.o ABSOLUTE
    ../clib/libinit.s                        0x00000000   Number         0  libinit2.o ABSOLUTE
    ../clib/signal.c                         0x00000000   Number         0  defsig_rtred_inner.o ABSOLUTE
    ../clib/signal.c                         0x00000000   Number         0  defsig_other.o ABSOLUTE
    ../clib/signal.c                         0x00000000   Number         0  defsig_segv_inner.o ABSOLUTE
    ../clib/signal.c                         0x00000000   Number         0  defsig_cppl_inner.o ABSOLUTE
    ../clib/signal.c                         0x00000000   Number         0  defsig_pvfn_inner.o ABSOLUTE
    ../clib/signal.c                         0x00000000   Number         0  defsig_stak_inner.o ABSOLUTE
    ../clib/signal.c                         0x00000000   Number         0  defsig_fpe_inner.o ABSOLUTE
    ../clib/signal.c                         0x00000000   Number         0  defsig_abrt_inner.o ABSOLUTE
    ../clib/signal.c                         0x00000000   Number         0  defsig_general.o ABSOLUTE
    ../clib/signal.c                         0x00000000   Number         0  __raise.o ABSOLUTE
    ../clib/signal.c                         0x00000000   Number         0  defsig_rtmem_inner.o ABSOLUTE
    ../clib/signal.c                         0x00000000   Number         0  defsig_exit.o ABSOLUTE
    ../clib/signal.c                         0x00000000   Number         0  defsig_rtmem_formal.o ABSOLUTE
    ../clib/signal.c                         0x00000000   Number         0  defsig_rtmem_outer.o ABSOLUTE
    ../clib/signal.s                         0x00000000   Number         0  defsig.o ABSOLUTE
    ../clib/stdlib.c                         0x00000000   Number         0  exit.o ABSOLUTE
    ../fplib/fpinit.s                        0x00000000   Number         0  fpinit.o ABSOLUTE
    ..\..\Drivers\BSP\BEEP\beep.c            0x00000000   Number         0  beep.o ABSOLUTE
    ..\..\Drivers\BSP\KEY\key.c              0x00000000   Number         0  key.o ABSOLUTE
    ..\..\Drivers\BSP\LED\led.c              0x00000000   Number         0  led.o ABSOLUTE
    ..\..\Drivers\BSP\OLED\oled.c            0x00000000   Number         0  oled.o ABSOLUTE
    ..\..\Drivers\CMSIS\Device\ST\STM32MP1xx\Source\Templates\arm\startup_stm32mp15xx.s 0x00000000   Number         0  startup_stm32mp15xx.o ABSOLUTE
    ..\..\Drivers\CMSIS\Device\ST\STM32MP1xx\Source\Templates\system_stm32mp1xx.c 0x00000000   Number         0  system_stm32mp1xx.o ABSOLUTE
    ..\..\Drivers\STM32MP1xx_HAL_Driver\Src\stm32mp1xx_hal.c 0x00000000   Number         0  stm32mp1xx_hal.o ABSOLUTE
    ..\..\Drivers\STM32MP1xx_HAL_Driver\Src\stm32mp1xx_hal_cortex.c 0x00000000   Number         0  stm32mp1xx_hal_cortex.o ABSOLUTE
    ..\..\Drivers\STM32MP1xx_HAL_Driver\Src\stm32mp1xx_hal_dma.c 0x00000000   Number         0  stm32mp1xx_hal_dma.o ABSOLUTE
    ..\..\Drivers\STM32MP1xx_HAL_Driver\Src\stm32mp1xx_hal_dma_ex.c 0x00000000   Number         0  stm32mp1xx_hal_dma_ex.o ABSOLUTE
    ..\..\Drivers\STM32MP1xx_HAL_Driver\Src\stm32mp1xx_hal_gpio.c 0x00000000   Number         0  stm32mp1xx_hal_gpio.o ABSOLUTE
    ..\..\Drivers\STM32MP1xx_HAL_Driver\Src\stm32mp1xx_hal_mdma.c 0x00000000   Number         0  stm32mp1xx_hal_mdma.o ABSOLUTE
    ..\..\Drivers\STM32MP1xx_HAL_Driver\Src\stm32mp1xx_hal_pwr.c 0x00000000   Number         0  stm32mp1xx_hal_pwr.o ABSOLUTE
    ..\..\Drivers\STM32MP1xx_HAL_Driver\Src\stm32mp1xx_hal_pwr_ex.c 0x00000000   Number         0  stm32mp1xx_hal_pwr_ex.o ABSOLUTE
    ..\..\Drivers\STM32MP1xx_HAL_Driver\Src\stm32mp1xx_hal_rcc.c 0x00000000   Number         0  stm32mp1xx_hal_rcc.o ABSOLUTE
    ..\..\Drivers\STM32MP1xx_HAL_Driver\Src\stm32mp1xx_hal_rcc_ex.c 0x00000000   Number         0  stm32mp1xx_hal_rcc_ex.o ABSOLUTE
    ..\..\Drivers\STM32MP1xx_HAL_Driver\Src\stm32mp1xx_hal_tim.c 0x00000000   Number         0  stm32mp1xx_hal_tim.o ABSOLUTE
    ..\..\Drivers\STM32MP1xx_HAL_Driver\Src\stm32mp1xx_hal_tim_ex.c 0x00000000   Number         0  stm32mp1xx_hal_tim_ex.o ABSOLUTE
    ..\..\Drivers\STM32MP1xx_HAL_Driver\Src\stm32mp1xx_hal_uart.c 0x00000000   Number         0  stm32mp1xx_hal_uart.o ABSOLUTE
    ..\..\Drivers\STM32MP1xx_HAL_Driver\Src\stm32mp1xx_hal_uart_ex.c 0x00000000   Number         0  stm32mp1xx_hal_uart_ex.o ABSOLUTE
    ..\..\Drivers\STM32MP1xx_HAL_Driver\Src\stm32mp1xx_hal_usart.c 0x00000000   Number         0  stm32mp1xx_hal_usart.o ABSOLUTE
    ..\..\Drivers\STM32MP1xx_HAL_Driver\Src\stm32mp1xx_hal_usart_ex.c 0x00000000   Number         0  stm32mp1xx_hal_usart_ex.o ABSOLUTE
    ..\..\Drivers\STM32MP1xx_HAL_Driver\Src\stm32mp1xx_hal_wwdg.c 0x00000000   Number         0  stm32mp1xx_hal_wwdg.o ABSOLUTE
    ..\..\Drivers\SYSTEM\delay\delay.c       0x00000000   Number         0  delay.o ABSOLUTE
    ..\..\Drivers\SYSTEM\sys\sys.c           0x00000000   Number         0  sys.o ABSOLUTE
    ..\..\Drivers\SYSTEM\usart\usart.c       0x00000000   Number         0  usart.o ABSOLUTE
    ..\..\User\main.c                        0x00000000   Number         0  main.o ABSOLUTE
    ..\..\User\stm32mp1xx_it.c               0x00000000   Number         0  stm32mp1xx_it.o ABSOLUTE
    ..\\..\\Drivers\\BSP\\BEEP\\beep.c       0x00000000   Number         0  beep.o ABSOLUTE
    ..\\..\\Drivers\\BSP\\KEY\\key.c         0x00000000   Number         0  key.o ABSOLUTE
    ..\\..\\Drivers\\BSP\\LED\\led.c         0x00000000   Number         0  led.o ABSOLUTE
    ..\\..\\Drivers\\BSP\\OLED\\oled.c       0x00000000   Number         0  oled.o ABSOLUTE
    ..\\..\\Drivers\\CMSIS\\Device\\ST\\STM32MP1xx\\Source\\Templates\\system_stm32mp1xx.c 0x00000000   Number         0  system_stm32mp1xx.o ABSOLUTE
    ..\\..\\Drivers\\STM32MP1xx_HAL_Driver\\Src\\stm32mp1xx_hal.c 0x00000000   Number         0  stm32mp1xx_hal.o ABSOLUTE
    ..\\..\\Drivers\\STM32MP1xx_HAL_Driver\\Src\\stm32mp1xx_hal_cortex.c 0x00000000   Number         0  stm32mp1xx_hal_cortex.o ABSOLUTE
    ..\\..\\Drivers\\STM32MP1xx_HAL_Driver\\Src\\stm32mp1xx_hal_dma.c 0x00000000   Number         0  stm32mp1xx_hal_dma.o ABSOLUTE
    ..\\..\\Drivers\\STM32MP1xx_HAL_Driver\\Src\\stm32mp1xx_hal_dma_ex.c 0x00000000   Number         0  stm32mp1xx_hal_dma_ex.o ABSOLUTE
    ..\\..\\Drivers\\STM32MP1xx_HAL_Driver\\Src\\stm32mp1xx_hal_gpio.c 0x00000000   Number         0  stm32mp1xx_hal_gpio.o ABSOLUTE
    ..\\..\\Drivers\\STM32MP1xx_HAL_Driver\\Src\\stm32mp1xx_hal_mdma.c 0x00000000   Number         0  stm32mp1xx_hal_mdma.o ABSOLUTE
    ..\\..\\Drivers\\STM32MP1xx_HAL_Driver\\Src\\stm32mp1xx_hal_pwr.c 0x00000000   Number         0  stm32mp1xx_hal_pwr.o ABSOLUTE
    ..\\..\\Drivers\\STM32MP1xx_HAL_Driver\\Src\\stm32mp1xx_hal_pwr_ex.c 0x00000000   Number         0  stm32mp1xx_hal_pwr_ex.o ABSOLUTE
    ..\\..\\Drivers\\STM32MP1xx_HAL_Driver\\Src\\stm32mp1xx_hal_rcc.c 0x00000000   Number         0  stm32mp1xx_hal_rcc.o ABSOLUTE
    ..\\..\\Drivers\\STM32MP1xx_HAL_Driver\\Src\\stm32mp1xx_hal_rcc_ex.c 0x00000000   Number         0  stm32mp1xx_hal_rcc_ex.o ABSOLUTE
    ..\\..\\Drivers\\STM32MP1xx_HAL_Driver\\Src\\stm32mp1xx_hal_tim.c 0x00000000   Number         0  stm32mp1xx_hal_tim.o ABSOLUTE
    ..\\..\\Drivers\\STM32MP1xx_HAL_Driver\\Src\\stm32mp1xx_hal_tim_ex.c 0x00000000   Number         0  stm32mp1xx_hal_tim_ex.o ABSOLUTE
    ..\\..\\Drivers\\STM32MP1xx_HAL_Driver\\Src\\stm32mp1xx_hal_uart.c 0x00000000   Number         0  stm32mp1xx_hal_uart.o ABSOLUTE
    ..\\..\\Drivers\\STM32MP1xx_HAL_Driver\\Src\\stm32mp1xx_hal_uart_ex.c 0x00000000   Number         0  stm32mp1xx_hal_uart_ex.o ABSOLUTE
    ..\\..\\Drivers\\STM32MP1xx_HAL_Driver\\Src\\stm32mp1xx_hal_usart.c 0x00000000   Number         0  stm32mp1xx_hal_usart.o ABSOLUTE
    ..\\..\\Drivers\\STM32MP1xx_HAL_Driver\\Src\\stm32mp1xx_hal_usart_ex.c 0x00000000   Number         0  stm32mp1xx_hal_usart_ex.o ABSOLUTE
    ..\\..\\Drivers\\STM32MP1xx_HAL_Driver\\Src\\stm32mp1xx_hal_wwdg.c 0x00000000   Number         0  stm32mp1xx_hal_wwdg.o ABSOLUTE
    ..\\..\\Drivers\\SYSTEM\\delay\\delay.c  0x00000000   Number         0  delay.o ABSOLUTE
    ..\\..\\Drivers\\SYSTEM\\sys\\sys.c      0x00000000   Number         0  sys.o ABSOLUTE
    ..\\..\\Drivers\\SYSTEM\\usart\\usart.c  0x00000000   Number         0  usart.o ABSOLUTE
    ..\\..\\User\\main.c                     0x00000000   Number         0  main.o ABSOLUTE
    ..\\..\\User\\stm32mp1xx_it.c            0x00000000   Number         0  stm32mp1xx_it.o ABSOLUTE
    dc.s                                     0x00000000   Number         0  dc.o ABSOLUTE
    !!!main                                  0x10000000   Section        8  __main.o(!!!main)
    !!!scatter                               0x10000008   Section       52  __scatter.o(!!!scatter)
    !!dczerorl2                              0x1000003c   Section       90  __dczerorl2.o(!!dczerorl2)
    !!handler_zi                             0x10000098   Section       28  __scatter_zi.o(!!handler_zi)
    .ARM.Collect$$libinit$$00000000          0x100000b4   Section        2  libinit.o(.ARM.Collect$$libinit$$00000000)
    .ARM.Collect$$libinit$$00000001          0x100000b6   Section        4  libinit2.o(.ARM.Collect$$libinit$$00000001)
    .ARM.Collect$$libinit$$00000004          0x100000ba   Section        0  libinit2.o(.ARM.Collect$$libinit$$00000004)
    .ARM.Collect$$libinit$$0000000A          0x100000ba   Section        0  libinit2.o(.ARM.Collect$$libinit$$0000000A)
    .ARM.Collect$$libinit$$0000000C          0x100000ba   Section        0  libinit2.o(.ARM.Collect$$libinit$$0000000C)
    .ARM.Collect$$libinit$$0000000E          0x100000ba   Section        0  libinit2.o(.ARM.Collect$$libinit$$0000000E)
    .ARM.Collect$$libinit$$00000011          0x100000ba   Section        0  libinit2.o(.ARM.Collect$$libinit$$00000011)
    .ARM.Collect$$libinit$$00000013          0x100000ba   Section        0  libinit2.o(.ARM.Collect$$libinit$$00000013)
    .ARM.Collect$$libinit$$00000015          0x100000ba   Section        0  libinit2.o(.ARM.Collect$$libinit$$00000015)
    .ARM.Collect$$libinit$$00000017          0x100000ba   Section        0  libinit2.o(.ARM.Collect$$libinit$$00000017)
    .ARM.Collect$$libinit$$00000019          0x100000ba   Section        0  libinit2.o(.ARM.Collect$$libinit$$00000019)
    .ARM.Collect$$libinit$$0000001B          0x100000ba   Section        0  libinit2.o(.ARM.Collect$$libinit$$0000001B)
    .ARM.Collect$$libinit$$0000001D          0x100000ba   Section        0  libinit2.o(.ARM.Collect$$libinit$$0000001D)
    .ARM.Collect$$libinit$$0000001F          0x100000ba   Section        0  libinit2.o(.ARM.Collect$$libinit$$0000001F)
    .ARM.Collect$$libinit$$00000021          0x100000ba   Section        0  libinit2.o(.ARM.Collect$$libinit$$00000021)
    .ARM.Collect$$libinit$$00000023          0x100000ba   Section        0  libinit2.o(.ARM.Collect$$libinit$$00000023)
    .ARM.Collect$$libinit$$00000025          0x100000ba   Section        0  libinit2.o(.ARM.Collect$$libinit$$00000025)
    .ARM.Collect$$libinit$$0000002C          0x100000ba   Section        0  libinit2.o(.ARM.Collect$$libinit$$0000002C)
    .ARM.Collect$$libinit$$0000002E          0x100000ba   Section        0  libinit2.o(.ARM.Collect$$libinit$$0000002E)
    .ARM.Collect$$libinit$$00000030          0x100000ba   Section        0  libinit2.o(.ARM.Collect$$libinit$$00000030)
    .ARM.Collect$$libinit$$00000032          0x100000ba   Section        0  libinit2.o(.ARM.Collect$$libinit$$00000032)
    .ARM.Collect$$libinit$$00000033          0x100000ba   Section        2  libinit2.o(.ARM.Collect$$libinit$$00000033)
    .ARM.Collect$$libshutdown$$00000000      0x100000bc   Section        2  libshutdown.o(.ARM.Collect$$libshutdown$$00000000)
    .ARM.Collect$$libshutdown$$00000002      0x100000be   Section        0  libshutdown2.o(.ARM.Collect$$libshutdown$$00000002)
    .ARM.Collect$$libshutdown$$00000004      0x100000be   Section        0  libshutdown2.o(.ARM.Collect$$libshutdown$$00000004)
    .ARM.Collect$$libshutdown$$00000007      0x100000be   Section        0  libshutdown2.o(.ARM.Collect$$libshutdown$$00000007)
    .ARM.Collect$$libshutdown$$0000000A      0x100000be   Section        0  libshutdown2.o(.ARM.Collect$$libshutdown$$0000000A)
    .ARM.Collect$$libshutdown$$0000000C      0x100000be   Section        0  libshutdown2.o(.ARM.Collect$$libshutdown$$0000000C)
    .ARM.Collect$$libshutdown$$0000000F      0x100000be   Section        0  libshutdown2.o(.ARM.Collect$$libshutdown$$0000000F)
    .ARM.Collect$$libshutdown$$00000010      0x100000be   Section        2  libshutdown2.o(.ARM.Collect$$libshutdown$$00000010)
    .ARM.Collect$$rtentry$$00000000          0x100000c0   Section        0  __rtentry.o(.ARM.Collect$$rtentry$$00000000)
    .ARM.Collect$$rtentry$$00000002          0x100000c0   Section        0  __rtentry2.o(.ARM.Collect$$rtentry$$00000002)
    .ARM.Collect$$rtentry$$00000005          0x100000c0   Section        4  __rtentry5.o(.ARM.Collect$$rtentry$$00000005)
    .ARM.Collect$$rtentry$$00000009          0x100000c4   Section        0  __rtentry2.o(.ARM.Collect$$rtentry$$00000009)
    .ARM.Collect$$rtentry$$0000000A          0x100000c4   Section        4  __rtentry2.o(.ARM.Collect$$rtentry$$0000000A)
    .ARM.Collect$$rtentry$$0000000C          0x100000c8   Section        0  __rtentry2.o(.ARM.Collect$$rtentry$$0000000C)
    .ARM.Collect$$rtentry$$0000000D          0x100000c8   Section        8  __rtentry2.o(.ARM.Collect$$rtentry$$0000000D)
    .ARM.Collect$$rtentry$$00002716          0x100000d0   Section        4  __rtentry5.o(.ARM.Collect$$rtentry$$00002716)
    __lit__00000000                          0x100000d0   Data           4  __rtentry5.o(.ARM.Collect$$rtentry$$00002716)
    .ARM.Collect$$rtexit$$00000000           0x100000d4   Section        2  rtexit.o(.ARM.Collect$$rtexit$$00000000)
    .ARM.Collect$$rtexit$$00000002           0x100000d6   Section        0  rtexit2.o(.ARM.Collect$$rtexit$$00000002)
    .ARM.Collect$$rtexit$$00000003           0x100000d6   Section        4  rtexit2.o(.ARM.Collect$$rtexit$$00000003)
    .ARM.Collect$$rtexit$$00000004           0x100000da   Section        6  rtexit2.o(.ARM.Collect$$rtexit$$00000004)
    .text                                    0x100000e0   Section      336  startup_stm32mp15xx.o(.text)
    $v0                                      0x100000e0   Number         0  startup_stm32mp15xx.o(.text)
    .text                                    0x10000230   Section        2  use_no_semi_2.o(.text)
    .text                                    0x10000232   Section        2  use_no_semi.o(.text)
    .text                                    0x10000234   Section        0  exit.o(.text)
    i.BusFault_Handler                       0x10000246   Section        0  stm32mp1xx_it.o(i.BusFault_Handler)
    i.DebugMon_Handler                       0x10000248   Section        0  stm32mp1xx_it.o(i.DebugMon_Handler)
    i.HAL_DMA_Abort_IT                       0x1000024a   Section        0  stm32mp1xx_hal_dma.o(i.HAL_DMA_Abort_IT)
    i.HAL_Delay                              0x10000270   Section        0  stm32mp1xx_hal.o(i.HAL_Delay)
    i.HAL_GPIO_Init                          0x10000294   Section        0  stm32mp1xx_hal_gpio.o(i.HAL_GPIO_Init)
    i.HAL_GPIO_TogglePin                     0x10000480   Section        0  stm32mp1xx_hal_gpio.o(i.HAL_GPIO_TogglePin)
    i.HAL_GPIO_WritePin                      0x1000048e   Section        0  stm32mp1xx_hal_gpio.o(i.HAL_GPIO_WritePin)
    i.HAL_GetTick                            0x10000498   Section        0  stm32mp1xx_hal.o(i.HAL_GetTick)
    i.HAL_IncTick                            0x100004a4   Section        0  stm32mp1xx_hal.o(i.HAL_IncTick)
    i.HAL_Init                               0x100004b4   Section        0  stm32mp1xx_hal.o(i.HAL_Init)
    i.HAL_InitTick                           0x100004dc   Section        0  stm32mp1xx_hal.o(i.HAL_InitTick)
    i.HAL_MDMA_Abort_IT                      0x1000051c   Section        0  stm32mp1xx_hal_mdma.o(i.HAL_MDMA_Abort_IT)
    i.HAL_MspInit                            0x10000542   Section        0  stm32mp1xx_hal.o(i.HAL_MspInit)
    i.HAL_NVIC_SetPriority                   0x10000544   Section        0  stm32mp1xx_hal_cortex.o(i.HAL_NVIC_SetPriority)
    i.HAL_NVIC_SetPriorityGrouping           0x10000584   Section        0  stm32mp1xx_hal_cortex.o(i.HAL_NVIC_SetPriorityGrouping)
    i.HAL_PWR_EnableBkUpAccess               0x100005a8   Section        0  stm32mp1xx_hal_pwr.o(i.HAL_PWR_EnableBkUpAccess)
    i.HAL_RCC_ClockConfig                    0x100005b8   Section        0  stm32mp1xx_hal_rcc.o(i.HAL_RCC_ClockConfig)
    i.HAL_RCC_GetMCUFreq                     0x100006ec   Section        0  stm32mp1xx_hal_rcc.o(i.HAL_RCC_GetMCUFreq)
    i.HAL_RCC_GetMCUSSFreq                   0x10000708   Section        0  stm32mp1xx_hal_rcc.o(i.HAL_RCC_GetMCUSSFreq)
    i.HAL_RCC_GetPLL3ClockFreq               0x10000750   Section        0  stm32mp1xx_hal_rcc.o(i.HAL_RCC_GetPLL3ClockFreq)
    i.HAL_RCC_GetSystemCoreClockFreq         0x10000864   Section        0  stm32mp1xx_hal_rcc.o(i.HAL_RCC_GetSystemCoreClockFreq)
    i.HAL_RCC_HSEConfig                      0x10000868   Section        0  stm32mp1xx_hal_rcc.o(i.HAL_RCC_HSEConfig)
    i.HAL_RCC_LSEConfig                      0x100008ec   Section        0  stm32mp1xx_hal_rcc.o(i.HAL_RCC_LSEConfig)
    i.HAL_RCC_OscConfig                      0x10000988   Section        0  stm32mp1xx_hal_rcc.o(i.HAL_RCC_OscConfig)
    i.HAL_SYSTICK_Config                     0x10000d50   Section        0  stm32mp1xx_hal_cortex.o(i.HAL_SYSTICK_Config)
    i.HAL_UARTEx_RxFifoFullCallback          0x10000d78   Section        0  stm32mp1xx_hal_uart_ex.o(i.HAL_UARTEx_RxFifoFullCallback)
    i.HAL_UARTEx_TxFifoEmptyCallback         0x10000d7a   Section        0  stm32mp1xx_hal_uart_ex.o(i.HAL_UARTEx_TxFifoEmptyCallback)
    i.HAL_UARTEx_WakeupCallback              0x10000d7c   Section        0  stm32mp1xx_hal_uart_ex.o(i.HAL_UARTEx_WakeupCallback)
    i.HAL_UART_ErrorCallback                 0x10000d7e   Section        0  stm32mp1xx_hal_uart.o(i.HAL_UART_ErrorCallback)
    i.HAL_UART_GetState                      0x10000d80   Section        0  stm32mp1xx_hal_uart.o(i.HAL_UART_GetState)
    i.HAL_UART_IRQHandler                    0x10000d8c   Section        0  stm32mp1xx_hal_uart.o(i.HAL_UART_IRQHandler)
    i.HAL_UART_Receive_IT                    0x10000f70   Section        0  stm32mp1xx_hal_uart.o(i.HAL_UART_Receive_IT)
    i.HAL_UART_RxCpltCallback                0x1000106c   Section        0  usart.o(i.HAL_UART_RxCpltCallback)
    i.HAL_UART_TxCpltCallback                0x100010c4   Section        0  stm32mp1xx_hal_uart.o(i.HAL_UART_TxCpltCallback)
    i.HardFault_Handler                      0x100010c6   Section        0  stm32mp1xx_it.o(i.HardFault_Handler)
    i.MemManage_Handler                      0x100010c8   Section        0  stm32mp1xx_it.o(i.MemManage_Handler)
    i.NMI_Handler                            0x100010ca   Section        0  stm32mp1xx_it.o(i.NMI_Handler)
    i.OLED_ShowBMP                           0x100010cc   Section        0  oled.o(i.OLED_ShowBMP)
    i.PendSV_Handler                         0x10001140   Section        0  stm32mp1xx_it.o(i.PendSV_Handler)
    i.RCCEx_PLL2_Config                      0x10001144   Section        0  stm32mp1xx_hal_rcc_ex.o(i.RCCEx_PLL2_Config)
    i.RCCEx_PLL3_Config                      0x10001324   Section        0  stm32mp1xx_hal_rcc_ex.o(i.RCCEx_PLL3_Config)
    i.RCCEx_PLL4_Config                      0x100014b4   Section        0  stm32mp1xx_hal_rcc_ex.o(i.RCCEx_PLL4_Config)
    i.RCC_AXISSConfig                        0x1000162c   Section        0  stm32mp1xx_hal_rcc.o(i.RCC_AXISSConfig)
    i.RCC_MCUConfig                          0x100016e0   Section        0  stm32mp1xx_hal_rcc.o(i.RCC_MCUConfig)
    i.RCC_MPUConfig                          0x100017b0   Section        0  stm32mp1xx_hal_rcc.o(i.RCC_MPUConfig)
    i.RCC_PLL1_Config                        0x10001838   Section        0  stm32mp1xx_hal_rcc.o(i.RCC_PLL1_Config)
    i.SVC_Handler                            0x10001a04   Section        0  stm32mp1xx_it.o(i.SVC_Handler)
    i.SysTick_Handler                        0x10001a06   Section        0  stm32mp1xx_it.o(i.SysTick_Handler)
    i.SystemInit                             0x10001a0c   Section        0  system_stm32mp1xx.o(i.SystemInit)
    i.UART4_IRQHandler                       0x10001a34   Section        0  usart.o(i.UART4_IRQHandler)
    i.UART_DMAAbortOnError                   0x10001a78   Section        0  stm32mp1xx_hal_uart.o(i.UART_DMAAbortOnError)
    UART_DMAAbortOnError                     0x10001a79   Thumb Code    20  stm32mp1xx_hal_uart.o(i.UART_DMAAbortOnError)
    i.UART_EndRxTransfer                     0x10001a8c   Section        0  stm32mp1xx_hal_uart.o(i.UART_EndRxTransfer)
    UART_EndRxTransfer                       0x10001a8d   Thumb Code    32  stm32mp1xx_hal_uart.o(i.UART_EndRxTransfer)
    i.UART_MDMAAbortOnError                  0x10001ab0   Section        0  stm32mp1xx_hal_uart.o(i.UART_MDMAAbortOnError)
    UART_MDMAAbortOnError                    0x10001ab1   Thumb Code    20  stm32mp1xx_hal_uart.o(i.UART_MDMAAbortOnError)
    i.UART_RxISR_16BIT                       0x10001ac4   Section        0  stm32mp1xx_hal_uart.o(i.UART_RxISR_16BIT)
    UART_RxISR_16BIT                         0x10001ac5   Thumb Code    94  stm32mp1xx_hal_uart.o(i.UART_RxISR_16BIT)
    i.UART_RxISR_16BIT_FIFOEN                0x10001b24   Section        0  stm32mp1xx_hal_uart.o(i.UART_RxISR_16BIT_FIFOEN)
    UART_RxISR_16BIT_FIFOEN                  0x10001b25   Thumb Code   152  stm32mp1xx_hal_uart.o(i.UART_RxISR_16BIT_FIFOEN)
    i.UART_RxISR_8BIT                        0x10001bc4   Section        0  stm32mp1xx_hal_uart.o(i.UART_RxISR_8BIT)
    UART_RxISR_8BIT                          0x10001bc5   Thumb Code    94  stm32mp1xx_hal_uart.o(i.UART_RxISR_8BIT)
    i.UART_RxISR_8BIT_FIFOEN                 0x10001c24   Section        0  stm32mp1xx_hal_uart.o(i.UART_RxISR_8BIT_FIFOEN)
    UART_RxISR_8BIT_FIFOEN                   0x10001c25   Thumb Code   152  stm32mp1xx_hal_uart.o(i.UART_RxISR_8BIT_FIFOEN)
    i.UsageFault_Handler                     0x10001cc4   Section        0  stm32mp1xx_it.o(i.UsageFault_Handler)
    i.__NVIC_SetPriority                     0x10001cc6   Section        0  stm32mp1xx_hal_cortex.o(i.__NVIC_SetPriority)
    __NVIC_SetPriority                       0x10001cc7   Thumb Code    32  stm32mp1xx_hal_cortex.o(i.__NVIC_SetPriority)
    i._sys_exit                              0x10001ce6   Section        0  usart.o(i._sys_exit)
    i.delay_init                             0x10001ce8   Section        0  delay.o(i.delay_init)
    i.delay_ms                               0x10001cf4   Section        0  delay.o(i.delay_ms)
    i.delay_us                               0x10001d10   Section        0  delay.o(i.delay_us)
    i.led_init                               0x10001d44   Section        0  led.o(i.led_init)
    i.main                                   0x10001d9c   Section        0  main.o(i.main)
    i.oled_clear                             0x10001e18   Section        0  oled.o(i.oled_clear)
    i.oled_data_out                          0x10001e44   Section        0  oled.o(i.oled_data_out)
    oled_data_out                            0x10001e45   Thumb Code   108  oled.o(i.oled_data_out)
    i.oled_draw_point                        0x10001ec0   Section        0  oled.o(i.oled_draw_point)
    i.oled_init                              0x10001efc   Section        0  oled.o(i.oled_init)
    i.oled_refresh_gram                      0x100020a0   Section        0  oled.o(i.oled_refresh_gram)
    i.oled_wr_byte                           0x100020e8   Section        0  oled.o(i.oled_wr_byte)
    oled_wr_byte                             0x100020e9   Thumb Code    96  oled.o(i.oled_wr_byte)
    i.sys_stm32_clock_init                   0x10002154   Section        0  sys.o(i.sys_stm32_clock_init)
    x$fpl$fpinit                             0x10002244   Section       10  fpinit.o(x$fpl$fpinit)
    $v0                                      0x10002244   Number         0  fpinit.o(x$fpl$fpinit)
    .data                                    0x10020000   Section        4  system_stm32mp1xx.o(.data)
    .data                                    0x10020004   Section        4  delay.o(.data)
    g_fac_us                                 0x10020004   Data           4  delay.o(.data)
    .data                                    0x10020008   Section        4  usart.o(.data)
    .data                                    0x1002000c   Section       12  stm32mp1xx_hal.o(.data)
    .data                                    0x10020018   Section     9600  oled.o(.data)
    .bss                                     0x10022598   Section      348  usart.o(.bss)
    .bss                                     0x100226f4   Section     1024  oled.o(.bss)
    g_oled_gram                              0x100226f4   Data        1024  oled.o(.bss)
    STACK                                    0x10022af8   Section     1024  startup_stm32mp15xx.o(STACK)

    Global Symbols

    Symbol Name                              Value     Ov Type        Size  Object(Section)

    BuildAttributes$$THM_ISAv4$E$P$D$K$B$S$7EM$VFPi3$EXTD16$VFPS$VFMA$PE$A:L22UL41UL21$X:L11$S22US41US21$IEEE1$IW$USESV6$~STKCKD$USESV7$~SHL$OSPACE$ROPI$EBA8$UX$STANDARDLIB$REQ8$PRES8$EABIv2 0x00000000   Number         0  anon$$obj.o ABSOLUTE
    __ARM_use_no_argv                        0x00000000   Number         0  main.o ABSOLUTE
    __Vectors                                0x00000000   Data           4  startup_stm32mp15xx.o(RESET)
    Image$$ZI$$Limit                          - Undefined Weak Reference
    __ARM_exceptions_init                     - Undefined Weak Reference
    __alloca_initialize                       - Undefined Weak Reference
    __arm_preinit_                            - Undefined Weak Reference
    __cpp_initialize__aeabi_                  - Undefined Weak Reference
    __cxa_finalize                            - Undefined Weak Reference
    __rt_locale                               - Undefined Weak Reference
    __sigvec_lookup                           - Undefined Weak Reference
    _atexit_init                              - Undefined Weak Reference
    _call_atexit_fns                          - Undefined Weak Reference
    _clock_init                               - Undefined Weak Reference
    _fp_trap_init                             - Undefined Weak Reference
    _fp_trap_shutdown                         - Undefined Weak Reference
    _get_lc_collate                           - Undefined Weak Reference
    _get_lc_ctype                             - Undefined Weak Reference
    _get_lc_monetary                          - Undefined Weak Reference
    _get_lc_numeric                           - Undefined Weak Reference
    _get_lc_time                              - Undefined Weak Reference
    _getenv_init                              - Undefined Weak Reference
    _handle_redirection                       - Undefined Weak Reference
    _init_alloc                               - Undefined Weak Reference
    _init_user_alloc                          - Undefined Weak Reference
    _initio                                   - Undefined Weak Reference
    _rand_init                                - Undefined Weak Reference
    _signal_finish                            - Undefined Weak Reference
    _signal_init                              - Undefined Weak Reference
    _terminate_alloc                          - Undefined Weak Reference
    _terminate_user_alloc                     - Undefined Weak Reference
    _terminateio                              - Undefined Weak Reference
    __Vectors_End                            0x000003bc   Data           0  startup_stm32mp15xx.o(RESET)
    __Vectors_Size                           0x000003bc   Number         0  startup_stm32mp15xx.o ABSOLUTE
    __main                                   0x10000001   Thumb Code     8  __main.o(!!!main)
    __scatterload                            0x10000009   Thumb Code     0  __scatter.o(!!!scatter)
    __scatterload_rt2                        0x10000009   Thumb Code    44  __scatter.o(!!!scatter)
    __scatterload_rt2_thumb_only             0x10000009   Thumb Code     0  __scatter.o(!!!scatter)
    __scatterload_null                       0x10000017   Thumb Code     0  __scatter.o(!!!scatter)
    __decompress                             0x1000003d   Thumb Code    90  __dczerorl2.o(!!dczerorl2)
    __decompress1                            0x1000003d   Thumb Code     0  __dczerorl2.o(!!dczerorl2)
    __scatterload_zeroinit                   0x10000099   Thumb Code    28  __scatter_zi.o(!!handler_zi)
    __rt_lib_init                            0x100000b5   Thumb Code     0  libinit.o(.ARM.Collect$$libinit$$00000000)
    __rt_lib_init_fp_1                       0x100000b7   Thumb Code     0  libinit2.o(.ARM.Collect$$libinit$$00000001)
    __rt_lib_init_alloca_1                   0x100000bb   Thumb Code     0  libinit2.o(.ARM.Collect$$libinit$$0000002E)
    __rt_lib_init_argv_1                     0x100000bb   Thumb Code     0  libinit2.o(.ARM.Collect$$libinit$$0000002C)
    __rt_lib_init_atexit_1                   0x100000bb   Thumb Code     0  libinit2.o(.ARM.Collect$$libinit$$0000001B)
    __rt_lib_init_clock_1                    0x100000bb   Thumb Code     0  libinit2.o(.ARM.Collect$$libinit$$00000021)
    __rt_lib_init_cpp_1                      0x100000bb   Thumb Code     0  libinit2.o(.ARM.Collect$$libinit$$00000032)
    __rt_lib_init_exceptions_1               0x100000bb   Thumb Code     0  libinit2.o(.ARM.Collect$$libinit$$00000030)
    __rt_lib_init_fp_trap_1                  0x100000bb   Thumb Code     0  libinit2.o(.ARM.Collect$$libinit$$0000001F)
    __rt_lib_init_getenv_1                   0x100000bb   Thumb Code     0  libinit2.o(.ARM.Collect$$libinit$$00000023)
    __rt_lib_init_heap_1                     0x100000bb   Thumb Code     0  libinit2.o(.ARM.Collect$$libinit$$0000000A)
    __rt_lib_init_lc_collate_1               0x100000bb   Thumb Code     0  libinit2.o(.ARM.Collect$$libinit$$00000011)
    __rt_lib_init_lc_ctype_1                 0x100000bb   Thumb Code     0  libinit2.o(.ARM.Collect$$libinit$$00000013)
    __rt_lib_init_lc_monetary_1              0x100000bb   Thumb Code     0  libinit2.o(.ARM.Collect$$libinit$$00000015)
    __rt_lib_init_lc_numeric_1               0x100000bb   Thumb Code     0  libinit2.o(.ARM.Collect$$libinit$$00000017)
    __rt_lib_init_lc_time_1                  0x100000bb   Thumb Code     0  libinit2.o(.ARM.Collect$$libinit$$00000019)
    __rt_lib_init_preinit_1                  0x100000bb   Thumb Code     0  libinit2.o(.ARM.Collect$$libinit$$00000004)
    __rt_lib_init_rand_1                     0x100000bb   Thumb Code     0  libinit2.o(.ARM.Collect$$libinit$$0000000E)
    __rt_lib_init_return                     0x100000bb   Thumb Code     0  libinit2.o(.ARM.Collect$$libinit$$00000033)
    __rt_lib_init_signal_1                   0x100000bb   Thumb Code     0  libinit2.o(.ARM.Collect$$libinit$$0000001D)
    __rt_lib_init_stdio_1                    0x100000bb   Thumb Code     0  libinit2.o(.ARM.Collect$$libinit$$00000025)
    __rt_lib_init_user_alloc_1               0x100000bb   Thumb Code     0  libinit2.o(.ARM.Collect$$libinit$$0000000C)
    __rt_lib_shutdown                        0x100000bd   Thumb Code     0  libshutdown.o(.ARM.Collect$$libshutdown$$00000000)
    __rt_lib_shutdown_cpp_1                  0x100000bf   Thumb Code     0  libshutdown2.o(.ARM.Collect$$libshutdown$$00000002)
    __rt_lib_shutdown_fp_trap_1              0x100000bf   Thumb Code     0  libshutdown2.o(.ARM.Collect$$libshutdown$$00000007)
    __rt_lib_shutdown_heap_1                 0x100000bf   Thumb Code     0  libshutdown2.o(.ARM.Collect$$libshutdown$$0000000F)
    __rt_lib_shutdown_return                 0x100000bf   Thumb Code     0  libshutdown2.o(.ARM.Collect$$libshutdown$$00000010)
    __rt_lib_shutdown_signal_1               0x100000bf   Thumb Code     0  libshutdown2.o(.ARM.Collect$$libshutdown$$0000000A)
    __rt_lib_shutdown_stdio_1                0x100000bf   Thumb Code     0  libshutdown2.o(.ARM.Collect$$libshutdown$$00000004)
    __rt_lib_shutdown_user_alloc_1           0x100000bf   Thumb Code     0  libshutdown2.o(.ARM.Collect$$libshutdown$$0000000C)
    __rt_entry                               0x100000c1   Thumb Code     0  __rtentry.o(.ARM.Collect$$rtentry$$00000000)
    __rt_entry_presh_1                       0x100000c1   Thumb Code     0  __rtentry2.o(.ARM.Collect$$rtentry$$00000002)
    __rt_entry_sh                            0x100000c1   Thumb Code     0  __rtentry5.o(.ARM.Collect$$rtentry$$00000005)
    __rt_entry_li                            0x100000c5   Thumb Code     0  __rtentry2.o(.ARM.Collect$$rtentry$$0000000A)
    __rt_entry_postsh_1                      0x100000c5   Thumb Code     0  __rtentry2.o(.ARM.Collect$$rtentry$$00000009)
    __rt_entry_main                          0x100000c9   Thumb Code     0  __rtentry2.o(.ARM.Collect$$rtentry$$0000000D)
    __rt_entry_postli_1                      0x100000c9   Thumb Code     0  __rtentry2.o(.ARM.Collect$$rtentry$$0000000C)
    __rt_exit                                0x100000d5   Thumb Code     0  rtexit.o(.ARM.Collect$$rtexit$$00000000)
    __rt_exit_ls                             0x100000d7   Thumb Code     0  rtexit2.o(.ARM.Collect$$rtexit$$00000003)
    __rt_exit_prels_1                        0x100000d7   Thumb Code     0  rtexit2.o(.ARM.Collect$$rtexit$$00000002)
    __rt_exit_exit                           0x100000db   Thumb Code     0  rtexit2.o(.ARM.Collect$$rtexit$$00000004)
    Reset_Handler                            0x100000e1   Thumb Code     8  startup_stm32mp15xx.o(.text)
    WWDG1_IRQHandler                         0x100000fb   Thumb Code     2  startup_stm32mp15xx.o(.text)
    PVD_AVD_IRQHandler                       0x100000fd   Thumb Code     2  startup_stm32mp15xx.o(.text)
    TAMP_IRQHandler                          0x100000ff   Thumb Code     2  startup_stm32mp15xx.o(.text)
    RTC_WKUP_ALARM_IRQHandler                0x10000101   Thumb Code     2  startup_stm32mp15xx.o(.text)
    RESERVED4_IRQHandler                     0x10000103   Thumb Code     2  startup_stm32mp15xx.o(.text)
    RCC_IRQHandler                           0x10000105   Thumb Code     2  startup_stm32mp15xx.o(.text)
    EXTI0_IRQHandler                         0x10000107   Thumb Code     2  startup_stm32mp15xx.o(.text)
    EXTI1_IRQHandler                         0x10000109   Thumb Code     2  startup_stm32mp15xx.o(.text)
    EXTI2_IRQHandler                         0x1000010b   Thumb Code     2  startup_stm32mp15xx.o(.text)
    EXTI3_IRQHandler                         0x1000010d   Thumb Code     2  startup_stm32mp15xx.o(.text)
    EXTI4_IRQHandler                         0x1000010f   Thumb Code     2  startup_stm32mp15xx.o(.text)
    DMA1_Stream0_IRQHandler                  0x10000111   Thumb Code     2  startup_stm32mp15xx.o(.text)
    DMA1_Stream1_IRQHandler                  0x10000113   Thumb Code     2  startup_stm32mp15xx.o(.text)
    DMA1_Stream2_IRQHandler                  0x10000115   Thumb Code     2  startup_stm32mp15xx.o(.text)
    DMA1_Stream3_IRQHandler                  0x10000117   Thumb Code     2  startup_stm32mp15xx.o(.text)
    DMA1_Stream4_IRQHandler                  0x10000119   Thumb Code     2  startup_stm32mp15xx.o(.text)
    DMA1_Stream5_IRQHandler                  0x1000011b   Thumb Code     2  startup_stm32mp15xx.o(.text)
    DMA1_Stream6_IRQHandler                  0x1000011d   Thumb Code     2  startup_stm32mp15xx.o(.text)
    ADC1_IRQHandler                          0x1000011f   Thumb Code     2  startup_stm32mp15xx.o(.text)
    FDCAN1_IT0_IRQHandler                    0x10000121   Thumb Code     2  startup_stm32mp15xx.o(.text)
    FDCAN2_IT0_IRQHandler                    0x10000123   Thumb Code     2  startup_stm32mp15xx.o(.text)
    FDCAN1_IT1_IRQHandler                    0x10000125   Thumb Code     2  startup_stm32mp15xx.o(.text)
    FDCAN2_IT1_IRQHandler                    0x10000127   Thumb Code     2  startup_stm32mp15xx.o(.text)
    EXTI5_IRQHandler                         0x10000129   Thumb Code     2  startup_stm32mp15xx.o(.text)
    TIM1_BRK_IRQHandler                      0x1000012b   Thumb Code     2  startup_stm32mp15xx.o(.text)
    TIM1_UP_IRQHandler                       0x1000012d   Thumb Code     2  startup_stm32mp15xx.o(.text)
    TIM1_TRG_COM_IRQHandler                  0x1000012f   Thumb Code     2  startup_stm32mp15xx.o(.text)
    TIM1_CC_IRQHandler                       0x10000131   Thumb Code     2  startup_stm32mp15xx.o(.text)
    TIM2_IRQHandler                          0x10000133   Thumb Code     2  startup_stm32mp15xx.o(.text)
    TIM3_IRQHandler                          0x10000135   Thumb Code     2  startup_stm32mp15xx.o(.text)
    TIM4_IRQHandler                          0x10000137   Thumb Code     2  startup_stm32mp15xx.o(.text)
    I2C1_EV_IRQHandler                       0x10000139   Thumb Code     2  startup_stm32mp15xx.o(.text)
    I2C1_ER_IRQHandler                       0x1000013b   Thumb Code     2  startup_stm32mp15xx.o(.text)
    I2C2_EV_IRQHandler                       0x1000013d   Thumb Code     2  startup_stm32mp15xx.o(.text)
    I2C2_ER_IRQHandler                       0x1000013f   Thumb Code     2  startup_stm32mp15xx.o(.text)
    SPI1_IRQHandler                          0x10000141   Thumb Code     2  startup_stm32mp15xx.o(.text)
    SPI2_IRQHandler                          0x10000143   Thumb Code     2  startup_stm32mp15xx.o(.text)
    USART1_IRQHandler                        0x10000145   Thumb Code     2  startup_stm32mp15xx.o(.text)
    USART2_IRQHandler                        0x10000147   Thumb Code     2  startup_stm32mp15xx.o(.text)
    USART3_IRQHandler                        0x10000149   Thumb Code     2  startup_stm32mp15xx.o(.text)
    EXTI10_IRQHandler                        0x1000014b   Thumb Code     2  startup_stm32mp15xx.o(.text)
    RTC_TIMESTAMP_IRQHandler                 0x1000014d   Thumb Code     2  startup_stm32mp15xx.o(.text)
    EXTI11_IRQHandler                        0x1000014f   Thumb Code     2  startup_stm32mp15xx.o(.text)
    TIM8_BRK_IRQHandler                      0x10000151   Thumb Code     2  startup_stm32mp15xx.o(.text)
    TIM8_UP_IRQHandler                       0x10000153   Thumb Code     2  startup_stm32mp15xx.o(.text)
    TIM8_TRG_COM_IRQHandler                  0x10000155   Thumb Code     2  startup_stm32mp15xx.o(.text)
    TIM8_CC_IRQHandler                       0x10000157   Thumb Code     2  startup_stm32mp15xx.o(.text)
    DMA1_Stream7_IRQHandler                  0x10000159   Thumb Code     2  startup_stm32mp15xx.o(.text)
    FMC_IRQHandler                           0x1000015b   Thumb Code     2  startup_stm32mp15xx.o(.text)
    SDMMC1_IRQHandler                        0x1000015d   Thumb Code     2  startup_stm32mp15xx.o(.text)
    TIM5_IRQHandler                          0x1000015f   Thumb Code     2  startup_stm32mp15xx.o(.text)
    SPI3_IRQHandler                          0x10000161   Thumb Code     2  startup_stm32mp15xx.o(.text)
    UART5_IRQHandler                         0x10000165   Thumb Code     2  startup_stm32mp15xx.o(.text)
    TIM6_IRQHandler                          0x10000167   Thumb Code     2  startup_stm32mp15xx.o(.text)
    TIM7_IRQHandler                          0x10000169   Thumb Code     2  startup_stm32mp15xx.o(.text)
    DMA2_Stream0_IRQHandler                  0x1000016b   Thumb Code     2  startup_stm32mp15xx.o(.text)
    DMA2_Stream1_IRQHandler                  0x1000016d   Thumb Code     2  startup_stm32mp15xx.o(.text)
    DMA2_Stream2_IRQHandler                  0x1000016f   Thumb Code     2  startup_stm32mp15xx.o(.text)
    DMA2_Stream3_IRQHandler                  0x10000171   Thumb Code     2  startup_stm32mp15xx.o(.text)
    DMA2_Stream4_IRQHandler                  0x10000173   Thumb Code     2  startup_stm32mp15xx.o(.text)
    ETH1_IRQHandler                          0x10000175   Thumb Code     2  startup_stm32mp15xx.o(.text)
    ETH1_WKUP_IRQHandler                     0x10000177   Thumb Code     2  startup_stm32mp15xx.o(.text)
    FDCAN_CAL_IRQHandler                     0x10000179   Thumb Code     2  startup_stm32mp15xx.o(.text)
    EXTI6_IRQHandler                         0x1000017b   Thumb Code     2  startup_stm32mp15xx.o(.text)
    EXTI7_IRQHandler                         0x1000017d   Thumb Code     2  startup_stm32mp15xx.o(.text)
    EXTI8_IRQHandler                         0x1000017f   Thumb Code     2  startup_stm32mp15xx.o(.text)
    EXTI9_IRQHandler                         0x10000181   Thumb Code     2  startup_stm32mp15xx.o(.text)
    DMA2_Stream5_IRQHandler                  0x10000183   Thumb Code     2  startup_stm32mp15xx.o(.text)
    DMA2_Stream6_IRQHandler                  0x10000185   Thumb Code     2  startup_stm32mp15xx.o(.text)
    DMA2_Stream7_IRQHandler                  0x10000187   Thumb Code     2  startup_stm32mp15xx.o(.text)
    USART6_IRQHandler                        0x10000189   Thumb Code     2  startup_stm32mp15xx.o(.text)
    I2C3_EV_IRQHandler                       0x1000018b   Thumb Code     2  startup_stm32mp15xx.o(.text)
    I2C3_ER_IRQHandler                       0x1000018d   Thumb Code     2  startup_stm32mp15xx.o(.text)
    USBH_OHCI_IRQHandler                     0x1000018f   Thumb Code     2  startup_stm32mp15xx.o(.text)
    USBH_EHCI_IRQHandler                     0x10000191   Thumb Code     2  startup_stm32mp15xx.o(.text)
    EXTI12_IRQHandler                        0x10000193   Thumb Code     2  startup_stm32mp15xx.o(.text)
    EXTI13_IRQHandler                        0x10000195   Thumb Code     2  startup_stm32mp15xx.o(.text)
    DCMI_IRQHandler                          0x10000197   Thumb Code     2  startup_stm32mp15xx.o(.text)
    CRYP1_IRQHandler                         0x10000199   Thumb Code     2  startup_stm32mp15xx.o(.text)
    HASH1_IRQHandler                         0x1000019b   Thumb Code     2  startup_stm32mp15xx.o(.text)
    FPU_IRQHandler                           0x1000019d   Thumb Code     2  startup_stm32mp15xx.o(.text)
    UART7_IRQHandler                         0x1000019f   Thumb Code     2  startup_stm32mp15xx.o(.text)
    UART8_IRQHandler                         0x100001a1   Thumb Code     2  startup_stm32mp15xx.o(.text)
    SPI4_IRQHandler                          0x100001a3   Thumb Code     2  startup_stm32mp15xx.o(.text)
    SPI5_IRQHandler                          0x100001a5   Thumb Code     2  startup_stm32mp15xx.o(.text)
    SPI6_IRQHandler                          0x100001a7   Thumb Code     2  startup_stm32mp15xx.o(.text)
    SAI1_IRQHandler                          0x100001a9   Thumb Code     2  startup_stm32mp15xx.o(.text)
    LTDC_IRQHandler                          0x100001ab   Thumb Code     2  startup_stm32mp15xx.o(.text)
    LTDC_ER_IRQHandler                       0x100001ad   Thumb Code     2  startup_stm32mp15xx.o(.text)
    ADC2_IRQHandler                          0x100001af   Thumb Code     2  startup_stm32mp15xx.o(.text)
    SAI2_IRQHandler                          0x100001b1   Thumb Code     2  startup_stm32mp15xx.o(.text)
    QUADSPI_IRQHandler                       0x100001b3   Thumb Code     2  startup_stm32mp15xx.o(.text)
    LPTIM1_IRQHandler                        0x100001b5   Thumb Code     2  startup_stm32mp15xx.o(.text)
    CEC_IRQHandler                           0x100001b7   Thumb Code     2  startup_stm32mp15xx.o(.text)
    I2C4_EV_IRQHandler                       0x100001b9   Thumb Code     2  startup_stm32mp15xx.o(.text)
    I2C4_ER_IRQHandler                       0x100001bb   Thumb Code     2  startup_stm32mp15xx.o(.text)
    SPDIF_RX_IRQHandler                      0x100001bd   Thumb Code     2  startup_stm32mp15xx.o(.text)
    OTG_IRQHandler                           0x100001bf   Thumb Code     2  startup_stm32mp15xx.o(.text)
    RESERVED99_IRQHandler                    0x100001c1   Thumb Code     2  startup_stm32mp15xx.o(.text)
    IPCC_RX0_IRQHandler                      0x100001c3   Thumb Code     2  startup_stm32mp15xx.o(.text)
    IPCC_TX0_IRQHandler                      0x100001c5   Thumb Code     2  startup_stm32mp15xx.o(.text)
    DMAMUX1_OVR_IRQHandler                   0x100001c7   Thumb Code     2  startup_stm32mp15xx.o(.text)
    IPCC_RX1_IRQHandler                      0x100001c9   Thumb Code     2  startup_stm32mp15xx.o(.text)
    IPCC_TX1_IRQHandler                      0x100001cb   Thumb Code     2  startup_stm32mp15xx.o(.text)
    CRYP2_IRQHandler                         0x100001cd   Thumb Code     2  startup_stm32mp15xx.o(.text)
    HASH2_IRQHandler                         0x100001cf   Thumb Code     2  startup_stm32mp15xx.o(.text)
    I2C5_EV_IRQHandler                       0x100001d1   Thumb Code     2  startup_stm32mp15xx.o(.text)
    I2C5_ER_IRQHandler                       0x100001d3   Thumb Code     2  startup_stm32mp15xx.o(.text)
    GPU_IRQHandler                           0x100001d5   Thumb Code     2  startup_stm32mp15xx.o(.text)
    DFSDM1_FLT0_IRQHandler                   0x100001d7   Thumb Code     2  startup_stm32mp15xx.o(.text)
    DFSDM1_FLT1_IRQHandler                   0x100001d9   Thumb Code     2  startup_stm32mp15xx.o(.text)
    DFSDM1_FLT2_IRQHandler                   0x100001db   Thumb Code     2  startup_stm32mp15xx.o(.text)
    DFSDM1_FLT3_IRQHandler                   0x100001dd   Thumb Code     2  startup_stm32mp15xx.o(.text)
    SAI3_IRQHandler                          0x100001df   Thumb Code     2  startup_stm32mp15xx.o(.text)
    DFSDM1_FLT4_IRQHandler                   0x100001e1   Thumb Code     2  startup_stm32mp15xx.o(.text)
    TIM15_IRQHandler                         0x100001e3   Thumb Code     2  startup_stm32mp15xx.o(.text)
    TIM16_IRQHandler                         0x100001e5   Thumb Code     2  startup_stm32mp15xx.o(.text)
    TIM17_IRQHandler                         0x100001e7   Thumb Code     2  startup_stm32mp15xx.o(.text)
    TIM12_IRQHandler                         0x100001e9   Thumb Code     2  startup_stm32mp15xx.o(.text)
    MDIOS_IRQHandler                         0x100001eb   Thumb Code     2  startup_stm32mp15xx.o(.text)
    EXTI14_IRQHandler                        0x100001ed   Thumb Code     2  startup_stm32mp15xx.o(.text)
    MDMA_IRQHandler                          0x100001ef   Thumb Code     2  startup_stm32mp15xx.o(.text)
    DSI_IRQHandler                           0x100001f1   Thumb Code     2  startup_stm32mp15xx.o(.text)
    SDMMC2_IRQHandler                        0x100001f3   Thumb Code     2  startup_stm32mp15xx.o(.text)
    HSEM_IT2_IRQHandler                      0x100001f5   Thumb Code     2  startup_stm32mp15xx.o(.text)
    DFSDM1_FLT5_IRQHandler                   0x100001f7   Thumb Code     2  startup_stm32mp15xx.o(.text)
    EXTI15_IRQHandler                        0x100001f9   Thumb Code     2  startup_stm32mp15xx.o(.text)
    nCTIIRQ1_IRQHandler                      0x100001fb   Thumb Code     2  startup_stm32mp15xx.o(.text)
    nCTIIRQ2_IRQHandler                      0x100001fd   Thumb Code     2  startup_stm32mp15xx.o(.text)
    TIM13_IRQHandler                         0x100001ff   Thumb Code     2  startup_stm32mp15xx.o(.text)
    TIM14_IRQHandler                         0x10000201   Thumb Code     2  startup_stm32mp15xx.o(.text)
    DAC_IRQHandler                           0x10000203   Thumb Code     2  startup_stm32mp15xx.o(.text)
    RNG1_IRQHandler                          0x10000205   Thumb Code     2  startup_stm32mp15xx.o(.text)
    RNG2_IRQHandler                          0x10000207   Thumb Code     2  startup_stm32mp15xx.o(.text)
    I2C6_EV_IRQHandler                       0x10000209   Thumb Code     2  startup_stm32mp15xx.o(.text)
    I2C6_ER_IRQHandler                       0x1000020b   Thumb Code     2  startup_stm32mp15xx.o(.text)
    SDMMC3_IRQHandler                        0x1000020d   Thumb Code     2  startup_stm32mp15xx.o(.text)
    LPTIM2_IRQHandler                        0x1000020f   Thumb Code     2  startup_stm32mp15xx.o(.text)
    LPTIM3_IRQHandler                        0x10000211   Thumb Code     2  startup_stm32mp15xx.o(.text)
    LPTIM4_IRQHandler                        0x10000213   Thumb Code     2  startup_stm32mp15xx.o(.text)
    LPTIM5_IRQHandler                        0x10000215   Thumb Code     2  startup_stm32mp15xx.o(.text)
    ETH1_LPI_IRQHandler                      0x10000217   Thumb Code     2  startup_stm32mp15xx.o(.text)
    RESERVED143_IRQHandler                   0x10000219   Thumb Code     2  startup_stm32mp15xx.o(.text)
    MPU_SEV_IRQHandler                       0x1000021b   Thumb Code     2  startup_stm32mp15xx.o(.text)
    RCC_WAKEUP_IRQHandler                    0x1000021d   Thumb Code     2  startup_stm32mp15xx.o(.text)
    SAI4_IRQHandler                          0x1000021f   Thumb Code     2  startup_stm32mp15xx.o(.text)
    DTS_IRQHandler                           0x10000221   Thumb Code     2  startup_stm32mp15xx.o(.text)
    RESERVED148_IRQHandler                   0x10000223   Thumb Code     2  startup_stm32mp15xx.o(.text)
    WAKEUP_PIN_IRQHandler                    0x10000225   Thumb Code     2  startup_stm32mp15xx.o(.text)
    __use_no_semihosting                     0x10000231   Thumb Code     2  use_no_semi_2.o(.text)
    __I$use$semihosting                      0x10000233   Thumb Code     0  use_no_semi.o(.text)
    __use_no_semihosting_swi                 0x10000233   Thumb Code     2  use_no_semi.o(.text)
    exit                                     0x10000235   Thumb Code    18  exit.o(.text)
    BusFault_Handler                         0x10000247   Thumb Code     2  stm32mp1xx_it.o(i.BusFault_Handler)
    DebugMon_Handler                         0x10000249   Thumb Code     2  stm32mp1xx_it.o(i.DebugMon_Handler)
    HAL_DMA_Abort_IT                         0x1000024b   Thumb Code    38  stm32mp1xx_hal_dma.o(i.HAL_DMA_Abort_IT)
    HAL_Delay                                0x10000271   Thumb Code    32  stm32mp1xx_hal.o(i.HAL_Delay)
    HAL_GPIO_Init                            0x10000295   Thumb Code   444  stm32mp1xx_hal_gpio.o(i.HAL_GPIO_Init)
    HAL_GPIO_TogglePin                       0x10000481   Thumb Code    14  stm32mp1xx_hal_gpio.o(i.HAL_GPIO_TogglePin)
    HAL_GPIO_WritePin                        0x1000048f   Thumb Code    10  stm32mp1xx_hal_gpio.o(i.HAL_GPIO_WritePin)
    HAL_GetTick                              0x10000499   Thumb Code     6  stm32mp1xx_hal.o(i.HAL_GetTick)
    HAL_IncTick                              0x100004a5   Thumb Code    12  stm32mp1xx_hal.o(i.HAL_IncTick)
    HAL_Init                                 0x100004b5   Thumb Code    36  stm32mp1xx_hal.o(i.HAL_Init)
    HAL_InitTick                             0x100004dd   Thumb Code    56  stm32mp1xx_hal.o(i.HAL_InitTick)
    HAL_MDMA_Abort_IT                        0x1000051d   Thumb Code    38  stm32mp1xx_hal_mdma.o(i.HAL_MDMA_Abort_IT)
    HAL_MspInit                              0x10000543   Thumb Code     2  stm32mp1xx_hal.o(i.HAL_MspInit)
    HAL_NVIC_SetPriority                     0x10000545   Thumb Code    60  stm32mp1xx_hal_cortex.o(i.HAL_NVIC_SetPriority)
    HAL_NVIC_SetPriorityGrouping             0x10000585   Thumb Code    26  stm32mp1xx_hal_cortex.o(i.HAL_NVIC_SetPriorityGrouping)
    HAL_PWR_EnableBkUpAccess                 0x100005a9   Thumb Code    12  stm32mp1xx_hal_pwr.o(i.HAL_PWR_EnableBkUpAccess)
    HAL_RCC_ClockConfig                      0x100005b9   Thumb Code   302  stm32mp1xx_hal_rcc.o(i.HAL_RCC_ClockConfig)
    HAL_RCC_GetMCUFreq                       0x100006ed   Thumb Code    24  stm32mp1xx_hal_rcc.o(i.HAL_RCC_GetMCUFreq)
    HAL_RCC_GetMCUSSFreq                     0x10000709   Thumb Code    58  stm32mp1xx_hal_rcc.o(i.HAL_RCC_GetMCUSSFreq)
    HAL_RCC_GetPLL3ClockFreq                 0x10000751   Thumb Code   244  stm32mp1xx_hal_rcc.o(i.HAL_RCC_GetPLL3ClockFreq)
    HAL_RCC_GetSystemCoreClockFreq           0x10000865   Thumb Code     4  stm32mp1xx_hal_rcc.o(i.HAL_RCC_GetSystemCoreClockFreq)
    HAL_RCC_HSEConfig                        0x10000869   Thumb Code   128  stm32mp1xx_hal_rcc.o(i.HAL_RCC_HSEConfig)
    HAL_RCC_LSEConfig                        0x100008ed   Thumb Code   154  stm32mp1xx_hal_rcc.o(i.HAL_RCC_LSEConfig)
    HAL_RCC_OscConfig                        0x10000989   Thumb Code   938  stm32mp1xx_hal_rcc.o(i.HAL_RCC_OscConfig)
    HAL_SYSTICK_Config                       0x10000d51   Thumb Code    40  stm32mp1xx_hal_cortex.o(i.HAL_SYSTICK_Config)
    HAL_UARTEx_RxFifoFullCallback            0x10000d79   Thumb Code     2  stm32mp1xx_hal_uart_ex.o(i.HAL_UARTEx_RxFifoFullCallback)
    HAL_UARTEx_TxFifoEmptyCallback           0x10000d7b   Thumb Code     2  stm32mp1xx_hal_uart_ex.o(i.HAL_UARTEx_TxFifoEmptyCallback)
    HAL_UARTEx_WakeupCallback                0x10000d7d   Thumb Code     2  stm32mp1xx_hal_uart_ex.o(i.HAL_UARTEx_WakeupCallback)
    HAL_UART_ErrorCallback                   0x10000d7f   Thumb Code     2  stm32mp1xx_hal_uart.o(i.HAL_UART_ErrorCallback)
    HAL_UART_GetState                        0x10000d81   Thumb Code    10  stm32mp1xx_hal_uart.o(i.HAL_UART_GetState)
    HAL_UART_IRQHandler                      0x10000d8d   Thumb Code   468  stm32mp1xx_hal_uart.o(i.HAL_UART_IRQHandler)
    HAL_UART_Receive_IT                      0x10000f71   Thumb Code   234  stm32mp1xx_hal_uart.o(i.HAL_UART_Receive_IT)
    HAL_UART_RxCpltCallback                  0x1000106d   Thumb Code    76  usart.o(i.HAL_UART_RxCpltCallback)
    HAL_UART_TxCpltCallback                  0x100010c5   Thumb Code     2  stm32mp1xx_hal_uart.o(i.HAL_UART_TxCpltCallback)
    HardFault_Handler                        0x100010c7   Thumb Code     2  stm32mp1xx_it.o(i.HardFault_Handler)
    MemManage_Handler                        0x100010c9   Thumb Code     2  stm32mp1xx_it.o(i.MemManage_Handler)
    NMI_Handler                              0x100010cb   Thumb Code     2  stm32mp1xx_it.o(i.NMI_Handler)
    OLED_ShowBMP                             0x100010cd   Thumb Code   110  oled.o(i.OLED_ShowBMP)
    PendSV_Handler                           0x10001141   Thumb Code     2  stm32mp1xx_it.o(i.PendSV_Handler)
    RCCEx_PLL2_Config                        0x10001145   Thumb Code   468  stm32mp1xx_hal_rcc_ex.o(i.RCCEx_PLL2_Config)
    RCCEx_PLL3_Config                        0x10001325   Thumb Code   384  stm32mp1xx_hal_rcc_ex.o(i.RCCEx_PLL3_Config)
    RCCEx_PLL4_Config                        0x100014b5   Thumb Code   358  stm32mp1xx_hal_rcc_ex.o(i.RCCEx_PLL4_Config)
    RCC_AXISSConfig                          0x1000162d   Thumb Code   176  stm32mp1xx_hal_rcc.o(i.RCC_AXISSConfig)
    RCC_MCUConfig                            0x100016e1   Thumb Code   196  stm32mp1xx_hal_rcc.o(i.RCC_MCUConfig)
    RCC_MPUConfig                            0x100017b1   Thumb Code   132  stm32mp1xx_hal_rcc.o(i.RCC_MPUConfig)
    RCC_PLL1_Config                          0x10001839   Thumb Code   446  stm32mp1xx_hal_rcc.o(i.RCC_PLL1_Config)
    SVC_Handler                              0x10001a05   Thumb Code     2  stm32mp1xx_it.o(i.SVC_Handler)
    SysTick_Handler                          0x10001a07   Thumb Code     4  stm32mp1xx_it.o(i.SysTick_Handler)
    SystemInit                               0x10001a0d   Thumb Code    30  system_stm32mp1xx.o(i.SystemInit)
    UART4_IRQHandler                         0x10001a35   Thumb Code    56  usart.o(i.UART4_IRQHandler)
    UsageFault_Handler                       0x10001cc5   Thumb Code     2  stm32mp1xx_it.o(i.UsageFault_Handler)
    _sys_exit                                0x10001ce7   Thumb Code     2  usart.o(i._sys_exit)
    delay_init                               0x10001ce9   Thumb Code     6  delay.o(i.delay_init)
    delay_ms                                 0x10001cf5   Thumb Code    26  delay.o(i.delay_ms)
    delay_us                                 0x10001d11   Thumb Code    48  delay.o(i.delay_us)
    led_init                                 0x10001d45   Thumb Code    76  led.o(i.led_init)
    main                                     0x10001d9d   Thumb Code   116  main.o(i.main)
    oled_clear                               0x10001e19   Thumb Code    38  oled.o(i.oled_clear)
    oled_draw_point                          0x10001ec1   Thumb Code    54  oled.o(i.oled_draw_point)
    oled_init                                0x10001efd   Thumb Code   396  oled.o(i.oled_init)
    oled_refresh_gram                        0x100020a1   Thumb Code    66  oled.o(i.oled_refresh_gram)
    sys_stm32_clock_init                     0x10002155   Thumb Code   240  sys.o(i.sys_stm32_clock_init)
    _fp_init                                 0x10002245   Thumb Code    10  fpinit.o(x$fpl$fpinit)
    __fplib_config_fpu_vfp                   0x1000224d   Thumb Code     0  fpinit.o(x$fpl$fpinit)
    __fplib_config_pureend_doubles           0x1000224d   Thumb Code     0  fpinit.o(x$fpl$fpinit)
    Region$$Table$$Base                      0x10002250   Number         0  anon$$obj.o(Region$$Table)
    Region$$Table$$Limit                     0x10002270   Number         0  anon$$obj.o(Region$$Table)
    SystemCoreClock                          0x10020000   Data           4  system_stm32mp1xx.o(.data)
    g_rx_buffer                              0x10020008   Data           1  usart.o(.data)
    g_usart_rx_sta                           0x1002000a   Data           2  usart.o(.data)
    uwTickFreq                               0x1002000c   Data           1  stm32mp1xx_hal.o(.data)
    uwTickPrio                               0x10020010   Data           4  stm32mp1xx_hal.o(.data)
    uwTick                                   0x10020014   Data           4  stm32mp1xx_hal.o(.data)
    BMP                                      0x10020018   Data        9600  oled.o(.data)
    g_usart_rx_buf                           0x10022598   Data         200  usart.o(.bss)
    g_uart4_handle                           0x10022660   Data         148  usart.o(.bss)
    __stack_limit                            0x10022af8   Data           0  startup_stm32mp15xx.o(STACK)
    __initial_sp                             0x10022ef8   Data           0  startup_stm32mp15xx.o(STACK)



==============================================================================

Memory Map of the image

  Image Entry point : 0x10000001

  Load Region LR_VECTORS (Base: 0x00000000, Size: 0x000003bc, Max: 0x00000400, ABSOLUTE)

    Execution Region .isr_vector (Exec base: 0x00000000, Load base: 0x00000000, Size: 0x000003bc, Max: 0xffffffff, ABSOLUTE)

    Exec Addr    Load Addr    Size         Type   Attr      Idx    E Section Name        Object

    0x00000000   0x00000000   0x000003bc   Data   RO            4    RESET               startup_stm32mp15xx.o



  Load Region LR_IROM1 (Base: 0x10000000, Size: 0x00004808, Max: 0x00020000, ABSOLUTE, COMPRESSED[0x00002d04])

    Execution Region ER_IROM1 (Exec base: 0x10000000, Load base: 0x10000000, Size: 0x00002270, Max: 0x00020000, ABSOLUTE)

    Exec Addr    Load Addr    Size         Type   Attr      Idx    E Section Name        Object

    0x10000000   0x10000000   0x00000008   Code   RO         4193  * !!!main             c_w.l(__main.o)
    0x10000008   0x10000008   0x00000034   Code   RO         4359    !!!scatter          c_w.l(__scatter.o)
    0x1000003c   0x1000003c   0x0000005a   Code   RO         4357    !!dczerorl2         c_w.l(__dczerorl2.o)
    0x10000096   0x10000096   0x00000002   PAD
    0x10000098   0x10000098   0x0000001c   Code   RO         4361    !!handler_zi        c_w.l(__scatter_zi.o)
    0x100000b4   0x100000b4   0x00000002   Code   RO         4227    .ARM.Collect$$libinit$$00000000  c_w.l(libinit.o)
    0x100000b6   0x100000b6   0x00000004   Code   RO         4235    .ARM.Collect$$libinit$$00000001  c_w.l(libinit2.o)
    0x100000ba   0x100000ba   0x00000000   Code   RO         4238    .ARM.Collect$$libinit$$00000004  c_w.l(libinit2.o)
    0x100000ba   0x100000ba   0x00000000   Code   RO         4241    .ARM.Collect$$libinit$$0000000A  c_w.l(libinit2.o)
    0x100000ba   0x100000ba   0x00000000   Code   RO         4243    .ARM.Collect$$libinit$$0000000C  c_w.l(libinit2.o)
    0x100000ba   0x100000ba   0x00000000   Code   RO         4245    .ARM.Collect$$libinit$$0000000E  c_w.l(libinit2.o)
    0x100000ba   0x100000ba   0x00000000   Code   RO         4248    .ARM.Collect$$libinit$$00000011  c_w.l(libinit2.o)
    0x100000ba   0x100000ba   0x00000000   Code   RO         4250    .ARM.Collect$$libinit$$00000013  c_w.l(libinit2.o)
    0x100000ba   0x100000ba   0x00000000   Code   RO         4252    .ARM.Collect$$libinit$$00000015  c_w.l(libinit2.o)
    0x100000ba   0x100000ba   0x00000000   Code   RO         4254    .ARM.Collect$$libinit$$00000017  c_w.l(libinit2.o)
    0x100000ba   0x100000ba   0x00000000   Code   RO         4256    .ARM.Collect$$libinit$$00000019  c_w.l(libinit2.o)
    0x100000ba   0x100000ba   0x00000000   Code   RO         4258    .ARM.Collect$$libinit$$0000001B  c_w.l(libinit2.o)
    0x100000ba   0x100000ba   0x00000000   Code   RO         4260    .ARM.Collect$$libinit$$0000001D  c_w.l(libinit2.o)
    0x100000ba   0x100000ba   0x00000000   Code   RO         4262    .ARM.Collect$$libinit$$0000001F  c_w.l(libinit2.o)
    0x100000ba   0x100000ba   0x00000000   Code   RO         4264    .ARM.Collect$$libinit$$00000021  c_w.l(libinit2.o)
    0x100000ba   0x100000ba   0x00000000   Code   RO         4266    .ARM.Collect$$libinit$$00000023  c_w.l(libinit2.o)
    0x100000ba   0x100000ba   0x00000000   Code   RO         4268    .ARM.Collect$$libinit$$00000025  c_w.l(libinit2.o)
    0x100000ba   0x100000ba   0x00000000   Code   RO         4272    .ARM.Collect$$libinit$$0000002C  c_w.l(libinit2.o)
    0x100000ba   0x100000ba   0x00000000   Code   RO         4274    .ARM.Collect$$libinit$$0000002E  c_w.l(libinit2.o)
    0x100000ba   0x100000ba   0x00000000   Code   RO         4276    .ARM.Collect$$libinit$$00000030  c_w.l(libinit2.o)
    0x100000ba   0x100000ba   0x00000000   Code   RO         4278    .ARM.Collect$$libinit$$00000032  c_w.l(libinit2.o)
    0x100000ba   0x100000ba   0x00000002   Code   RO         4279    .ARM.Collect$$libinit$$00000033  c_w.l(libinit2.o)
    0x100000bc   0x100000bc   0x00000002   Code   RO         4302    .ARM.Collect$$libshutdown$$00000000  c_w.l(libshutdown.o)
    0x100000be   0x100000be   0x00000000   Code   RO         4312    .ARM.Collect$$libshutdown$$00000002  c_w.l(libshutdown2.o)
    0x100000be   0x100000be   0x00000000   Code   RO         4314    .ARM.Collect$$libshutdown$$00000004  c_w.l(libshutdown2.o)
    0x100000be   0x100000be   0x00000000   Code   RO         4317    .ARM.Collect$$libshutdown$$00000007  c_w.l(libshutdown2.o)
    0x100000be   0x100000be   0x00000000   Code   RO         4320    .ARM.Collect$$libshutdown$$0000000A  c_w.l(libshutdown2.o)
    0x100000be   0x100000be   0x00000000   Code   RO         4322    .ARM.Collect$$libshutdown$$0000000C  c_w.l(libshutdown2.o)
    0x100000be   0x100000be   0x00000000   Code   RO         4325    .ARM.Collect$$libshutdown$$0000000F  c_w.l(libshutdown2.o)
    0x100000be   0x100000be   0x00000002   Code   RO         4326    .ARM.Collect$$libshutdown$$00000010  c_w.l(libshutdown2.o)
    0x100000c0   0x100000c0   0x00000000   Code   RO         4197    .ARM.Collect$$rtentry$$00000000  c_w.l(__rtentry.o)
    0x100000c0   0x100000c0   0x00000000   Code   RO         4199    .ARM.Collect$$rtentry$$00000002  c_w.l(__rtentry2.o)
    0x100000c0   0x100000c0   0x00000004   Code   RO         4213    .ARM.Collect$$rtentry$$00000005  c_w.l(__rtentry5.o)
    0x100000c4   0x100000c4   0x00000000   Code   RO         4201    .ARM.Collect$$rtentry$$00000009  c_w.l(__rtentry2.o)
    0x100000c4   0x100000c4   0x00000004   Code   RO         4202    .ARM.Collect$$rtentry$$0000000A  c_w.l(__rtentry2.o)
    0x100000c8   0x100000c8   0x00000000   Code   RO         4204    .ARM.Collect$$rtentry$$0000000C  c_w.l(__rtentry2.o)
    0x100000c8   0x100000c8   0x00000008   Code   RO         4205    .ARM.Collect$$rtentry$$0000000D  c_w.l(__rtentry2.o)
    0x100000d0   0x100000d0   0x00000004   Code   RO         4214    .ARM.Collect$$rtentry$$00002716  c_w.l(__rtentry5.o)
    0x100000d4   0x100000d4   0x00000002   Code   RO         4233    .ARM.Collect$$rtexit$$00000000  c_w.l(rtexit.o)
    0x100000d6   0x100000d6   0x00000000   Code   RO         4286    .ARM.Collect$$rtexit$$00000002  c_w.l(rtexit2.o)
    0x100000d6   0x100000d6   0x00000004   Code   RO         4287    .ARM.Collect$$rtexit$$00000003  c_w.l(rtexit2.o)
    0x100000da   0x100000da   0x00000006   Code   RO         4288    .ARM.Collect$$rtexit$$00000004  c_w.l(rtexit2.o)
    0x100000e0   0x100000e0   0x00000150   Code   RO            5    .text               startup_stm32mp15xx.o
    0x10000230   0x10000230   0x00000002   Code   RO         4191    .text               c_w.l(use_no_semi_2.o)
    0x10000232   0x10000232   0x00000002   Code   RO         4195    .text               c_w.l(use_no_semi.o)
    0x10000234   0x10000234   0x00000012   Code   RO         4220    .text               c_w.l(exit.o)
    0x10000246   0x10000246   0x00000002   Code   RO          279    i.BusFault_Handler  stm32mp1xx_it.o
    0x10000248   0x10000248   0x00000002   Code   RO          280    i.DebugMon_Handler  stm32mp1xx_it.o
    0x1000024a   0x1000024a   0x00000026   Code   RO          955    i.HAL_DMA_Abort_IT  stm32mp1xx_hal_dma.o
    0x10000270   0x10000270   0x00000024   Code   RO          558    i.HAL_Delay         stm32mp1xx_hal.o
    0x10000294   0x10000294   0x000001ec   Code   RO         1148    i.HAL_GPIO_Init     stm32mp1xx_hal_gpio.o
    0x10000480   0x10000480   0x0000000e   Code   RO         1151    i.HAL_GPIO_TogglePin  stm32mp1xx_hal_gpio.o
    0x1000048e   0x1000048e   0x0000000a   Code   RO         1152    i.HAL_GPIO_WritePin  stm32mp1xx_hal_gpio.o
    0x10000498   0x10000498   0x0000000c   Code   RO          572    i.HAL_GetTick       stm32mp1xx_hal.o
    0x100004a4   0x100004a4   0x00000010   Code   RO          575    i.HAL_IncTick       stm32mp1xx_hal.o
    0x100004b4   0x100004b4   0x00000028   Code   RO          576    i.HAL_Init          stm32mp1xx_hal.o
    0x100004dc   0x100004dc   0x00000040   Code   RO          577    i.HAL_InitTick      stm32mp1xx_hal.o
    0x1000051c   0x1000051c   0x00000026   Code   RO         1221    i.HAL_MDMA_Abort_IT  stm32mp1xx_hal_mdma.o
    0x10000542   0x10000542   0x00000002   Code   RO          579    i.HAL_MspInit       stm32mp1xx_hal.o
    0x10000544   0x10000544   0x00000040   Code   RO          837    i.HAL_NVIC_SetPriority  stm32mp1xx_hal_cortex.o
    0x10000584   0x10000584   0x00000024   Code   RO          838    i.HAL_NVIC_SetPriorityGrouping  stm32mp1xx_hal_cortex.o
    0x100005a8   0x100005a8   0x00000010   Code   RO         1373    i.HAL_PWR_EnableBkUpAccess  stm32mp1xx_hal_pwr.o
    0x100005b8   0x100005b8   0x00000134   Code   RO         1681    i.HAL_RCC_ClockConfig  stm32mp1xx_hal_rcc.o
    0x100006ec   0x100006ec   0x0000001c   Code   RO         1694    i.HAL_RCC_GetMCUFreq  stm32mp1xx_hal_rcc.o
    0x10000708   0x10000708   0x00000048   Code   RO         1695    i.HAL_RCC_GetMCUSSFreq  stm32mp1xx_hal_rcc.o
    0x10000750   0x10000750   0x00000114   Code   RO         1706    i.HAL_RCC_GetPLL3ClockFreq  stm32mp1xx_hal_rcc.o
    0x10000864   0x10000864   0x00000004   Code   RO         1708    i.HAL_RCC_GetSystemCoreClockFreq  stm32mp1xx_hal_rcc.o
    0x10000868   0x10000868   0x00000084   Code   RO         1709    i.HAL_RCC_HSEConfig  stm32mp1xx_hal_rcc.o
    0x100008ec   0x100008ec   0x0000009a   Code   RO         1711    i.HAL_RCC_LSEConfig  stm32mp1xx_hal_rcc.o
    0x10000986   0x10000986   0x00000002   PAD
    0x10000988   0x10000988   0x000003c8   Code   RO         1713    i.HAL_RCC_OscConfig  stm32mp1xx_hal_rcc.o
    0x10000d50   0x10000d50   0x00000028   Code   RO          841    i.HAL_SYSTICK_Config  stm32mp1xx_hal_cortex.o
    0x10000d78   0x10000d78   0x00000002   Code   RO         2460    i.HAL_UARTEx_RxFifoFullCallback  stm32mp1xx_hal_uart_ex.o
    0x10000d7a   0x10000d7a   0x00000002   Code   RO         2464    i.HAL_UARTEx_TxFifoEmptyCallback  stm32mp1xx_hal_uart_ex.o
    0x10000d7c   0x10000d7c   0x00000002   Code   RO         2465    i.HAL_UARTEx_WakeupCallback  stm32mp1xx_hal_uart_ex.o
    0x10000d7e   0x10000d7e   0x00000002   Code   RO         2040    i.HAL_UART_ErrorCallback  stm32mp1xx_hal_uart.o
    0x10000d80   0x10000d80   0x0000000a   Code   RO         2042    i.HAL_UART_GetState  stm32mp1xx_hal_uart.o
    0x10000d8a   0x10000d8a   0x00000002   PAD
    0x10000d8c   0x10000d8c   0x000001e4   Code   RO         2043    i.HAL_UART_IRQHandler  stm32mp1xx_hal_uart.o
    0x10000f70   0x10000f70   0x000000fc   Code   RO         2049    i.HAL_UART_Receive_IT  stm32mp1xx_hal_uart.o
    0x1000106c   0x1000106c   0x00000058   Code   RO          486    i.HAL_UART_RxCpltCallback  usart.o
    0x100010c4   0x100010c4   0x00000002   Code   RO         2056    i.HAL_UART_TxCpltCallback  stm32mp1xx_hal_uart.o
    0x100010c6   0x100010c6   0x00000002   Code   RO          281    i.HardFault_Handler  stm32mp1xx_it.o
    0x100010c8   0x100010c8   0x00000002   Code   RO          282    i.MemManage_Handler  stm32mp1xx_it.o
    0x100010ca   0x100010ca   0x00000002   Code   RO          283    i.NMI_Handler       stm32mp1xx_it.o
    0x100010cc   0x100010cc   0x00000074   Code   RO         4075    i.OLED_ShowBMP      oled.o
    0x10001140   0x10001140   0x00000002   Code   RO          284    i.PendSV_Handler    stm32mp1xx_it.o
    0x10001142   0x10001142   0x00000002   PAD
    0x10001144   0x10001144   0x000001e0   Code   RO         1951    i.RCCEx_PLL2_Config  stm32mp1xx_hal_rcc_ex.o
    0x10001324   0x10001324   0x00000190   Code   RO         1952    i.RCCEx_PLL3_Config  stm32mp1xx_hal_rcc_ex.o
    0x100014b4   0x100014b4   0x00000178   Code   RO         1953    i.RCCEx_PLL4_Config  stm32mp1xx_hal_rcc_ex.o
    0x1000162c   0x1000162c   0x000000b4   Code   RO         1716    i.RCC_AXISSConfig   stm32mp1xx_hal_rcc.o
    0x100016e0   0x100016e0   0x000000d0   Code   RO         1718    i.RCC_MCUConfig     stm32mp1xx_hal_rcc.o
    0x100017b0   0x100017b0   0x00000088   Code   RO         1719    i.RCC_MPUConfig     stm32mp1xx_hal_rcc.o
    0x10001838   0x10001838   0x000001cc   Code   RO         1720    i.RCC_PLL1_Config   stm32mp1xx_hal_rcc.o
    0x10001a04   0x10001a04   0x00000002   Code   RO          285    i.SVC_Handler       stm32mp1xx_it.o
    0x10001a06   0x10001a06   0x00000004   Code   RO          286    i.SysTick_Handler   stm32mp1xx_it.o
    0x10001a0a   0x10001a0a   0x00000002   PAD
    0x10001a0c   0x10001a0c   0x00000028   Code   RO          359    i.SystemInit        system_stm32mp1xx.o
    0x10001a34   0x10001a34   0x00000044   Code   RO          487    i.UART4_IRQHandler  usart.o
    0x10001a78   0x10001a78   0x00000014   Code   RO         2060    i.UART_DMAAbortOnError  stm32mp1xx_hal_uart.o
    0x10001a8c   0x10001a8c   0x00000024   Code   RO         2070    i.UART_EndRxTransfer  stm32mp1xx_hal_uart.o
    0x10001ab0   0x10001ab0   0x00000014   Code   RO         2072    i.UART_MDMAAbortOnError  stm32mp1xx_hal_uart.o
    0x10001ac4   0x10001ac4   0x0000005e   Code   RO         2080    i.UART_RxISR_16BIT  stm32mp1xx_hal_uart.o
    0x10001b22   0x10001b22   0x00000002   PAD
    0x10001b24   0x10001b24   0x000000a0   Code   RO         2081    i.UART_RxISR_16BIT_FIFOEN  stm32mp1xx_hal_uart.o
    0x10001bc4   0x10001bc4   0x0000005e   Code   RO         2082    i.UART_RxISR_8BIT   stm32mp1xx_hal_uart.o
    0x10001c22   0x10001c22   0x00000002   PAD
    0x10001c24   0x10001c24   0x000000a0   Code   RO         2083    i.UART_RxISR_8BIT_FIFOEN  stm32mp1xx_hal_uart.o
    0x10001cc4   0x10001cc4   0x00000002   Code   RO          287    i.UsageFault_Handler  stm32mp1xx_it.o
    0x10001cc6   0x10001cc6   0x00000020   Code   RO          843    i.__NVIC_SetPriority  stm32mp1xx_hal_cortex.o
    0x10001ce6   0x10001ce6   0x00000002   Code   RO          488    i._sys_exit         usart.o
    0x10001ce8   0x10001ce8   0x0000000c   Code   RO          400    i.delay_init        delay.o
    0x10001cf4   0x10001cf4   0x0000001a   Code   RO          401    i.delay_ms          delay.o
    0x10001d0e   0x10001d0e   0x00000002   PAD
    0x10001d10   0x10001d10   0x00000034   Code   RO          403    i.delay_us          delay.o
    0x10001d44   0x10001d44   0x00000058   Code   RO         3983    i.led_init          led.o
    0x10001d9c   0x10001d9c   0x0000007c   Code   RO           14    i.main              main.o
    0x10001e18   0x10001e18   0x0000002c   Code   RO         4076    i.oled_clear        oled.o
    0x10001e44   0x10001e44   0x0000007c   Code   RO         4077    i.oled_data_out     oled.o
    0x10001ec0   0x10001ec0   0x0000003c   Code   RO         4080    i.oled_draw_point   oled.o
    0x10001efc   0x10001efc   0x000001a4   Code   RO         4082    i.oled_init         oled.o
    0x100020a0   0x100020a0   0x00000048   Code   RO         4083    i.oled_refresh_gram  oled.o
    0x100020e8   0x100020e8   0x0000006c   Code   RO         4087    i.oled_wr_byte      oled.o
    0x10002154   0x10002154   0x000000f0   Code   RO          454    i.sys_stm32_clock_init  sys.o
    0x10002244   0x10002244   0x0000000a   Code   RO         4294    x$fpl$fpinit        fz_wm.l(fpinit.o)
    0x1000224e   0x1000224e   0x00000002   PAD
    0x10002250   0x10002250   0x00000020   Data   RO         4355    Region$$Table       anon$$obj.o


    Execution Region RW_IRAM1 (Exec base: 0x10020000, Load base: 0x10002270, Size: 0x00002ef8, Max: 0x00020000, ABSOLUTE, COMPRESSED[0x00000a94])

    Exec Addr    Load Addr    Size         Type   Attr      Idx    E Section Name        Object

    0x10020000   COMPRESSED   0x00000004   Data   RW          360    .data               system_stm32mp1xx.o
    0x10020004   COMPRESSED   0x00000004   Data   RW          404    .data               delay.o
    0x10020008   COMPRESSED   0x00000004   Data   RW          493    .data               usart.o
    0x1002000c   COMPRESSED   0x0000000c   Data   RW          598    .data               stm32mp1xx_hal.o
    0x10020018   COMPRESSED   0x00002580   Data   RW         4090    .data               oled.o
    0x10022598        -       0x0000015c   Zero   RW          492    .bss                usart.o
    0x100226f4        -       0x00000400   Zero   RW         4088    .bss                oled.o
    0x10022af4   COMPRESSED   0x00000004   PAD
    0x10022af8        -       0x00000400   Zero   RW            2    STACK               startup_stm32mp15xx.o


    Execution Region .resource_table (Exec base: 0x10022ef8, Load base: 0x10002d04, Size: 0x00000000, Max: 0xffffffff, ABSOLUTE)

    **** No section assigned to this execution region ****


    Execution Region __OpenAMP_SHMEM__ (Exec base: 0x10040000, Load base: 0x10002d04, Size: 0x00008000, Max: 0x00008000, ABSOLUTE)

    Exec Addr    Load Addr    Size         Type   Attr      Idx    E Section Name        Object

    0x10040000        -       0x00008000   Zero   RW            1    __OpenAMP_SHMEM__.bss  anon$$obj.o


==============================================================================

Image component sizes


      Code (inc. data)   RO Data    RW Data    ZI Data      Debug   Object Name

        90         10          0          4          0       2063   delay.o
        88         12          0          0          0        603   led.o
       124          8          0          0          0    1421687   main.o
       944         76          0       9600       1024       6741   oled.o
       336         10        956          0       1024       7524   startup_stm32mp15xx.o
       170         26          0         12          0      24984   stm32mp1xx_hal.o
       172         14          0          0          0      33422   stm32mp1xx_hal_cortex.o
        38          0          0          0          0       1487   stm32mp1xx_hal_dma.o
       516         48          0          0          0       3557   stm32mp1xx_hal_gpio.o
        38          0          0          0          0       1320   stm32mp1xx_hal_mdma.o
        16          4          0          0          0        579   stm32mp1xx_hal_pwr.o
      2926        124          0          0          0      12120   stm32mp1xx_hal_rcc.o
      1256         46          0          0          0       3744   stm32mp1xx_hal_rcc_ex.o
      1334         54          0          0          0      10511   stm32mp1xx_hal_uart.o
         6          0          0          0          0       2505   stm32mp1xx_hal_uart_ex.o
        20          0          0          0          0       4374   stm32mp1xx_it.o
       240          0          0          0          0       1059   sys.o
        40         10          0          4          0        899   system_stm32mp1xx.o
       158         24          0          4        348       4064   usart.o

    ----------------------------------------------------------------------
      8526        466        988       9624      35168    1543243   Object Totals
         0          0         32          0      32768          0   (incl. Generated)
        14          0          0          0          4          0   (incl. Padding)

    ----------------------------------------------------------------------

      Code (inc. data)   RO Data    RW Data    ZI Data      Debug   Library Member Name

        90          0          0          0          0          0   __dczerorl2.o
         8          0          0          0          0         68   __main.o
         0          0          0          0          0          0   __rtentry.o
        12          0          0          0          0          0   __rtentry2.o
         8          4          0          0          0          0   __rtentry5.o
        52          8          0          0          0          0   __scatter.o
        28          0          0          0          0          0   __scatter_zi.o
        18          0          0          0          0         80   exit.o
         2          0          0          0          0          0   libinit.o
         6          0          0          0          0          0   libinit2.o
         2          0          0          0          0          0   libshutdown.o
         2          0          0          0          0          0   libshutdown2.o
         2          0          0          0          0          0   rtexit.o
        10          0          0          0          0          0   rtexit2.o
         2          0          0          0          0         68   use_no_semi.o
         2          0          0          0          0         68   use_no_semi_2.o
        10          0          0          0          0        116   fpinit.o

    ----------------------------------------------------------------------
       258         12          0          0          0        400   Library Totals
         4          0          0          0          0          0   (incl. Padding)

    ----------------------------------------------------------------------

      Code (inc. data)   RO Data    RW Data    ZI Data      Debug   Library Name

       244         12          0          0          0        284   c_w.l
        10          0          0          0          0        116   fz_wm.l

    ----------------------------------------------------------------------
       258         12          0          0          0        400   Library Totals

    ----------------------------------------------------------------------

==============================================================================


      Code (inc. data)   RO Data    RW Data    ZI Data      Debug   

      8784        478        988       9624      35168    1537143   Grand Totals
      8784        478        988       2708      35168    1537143   ELF Image Totals (compressed)
      8784        478        988       2708          0          0   ROM Totals

==============================================================================

    Total RO  Size (Code + RO Data)                 9772 (   9.54kB)
    Total RW  Size (RW Data + ZI Data)             44792 (  43.74kB)
    Total ROM Size (Code + RO Data + RW Data)      12480 (  12.19kB)

==============================================================================

