Component: ARM Compiler 5.06 update 6 (build 750) Tool: armlink [4d35ed]

==============================================================================

Section Cross References

    startup_stm32mp15xx.o(RESET) refers to startup_stm32mp15xx.o(STACK) for __initial_sp
    startup_stm32mp15xx.o(RESET) refers to startup_stm32mp15xx.o(.text) for Reset_Handler
    startup_stm32mp15xx.o(RESET) refers to stm32mp1xx_it.o(i.NMI_Handler) for NMI_Handler
    startup_stm32mp15xx.o(RESET) refers to stm32mp1xx_it.o(i.HardFault_Handler) for HardFault_Handler
    startup_stm32mp15xx.o(RESET) refers to stm32mp1xx_it.o(i.MemManage_Handler) for MemManage_Handler
    startup_stm32mp15xx.o(RESET) refers to stm32mp1xx_it.o(i.BusFault_Handler) for BusFault_Handler
    startup_stm32mp15xx.o(RESET) refers to stm32mp1xx_it.o(i.UsageFault_Handler) for UsageFault_Handler
    startup_stm32mp15xx.o(RESET) refers to stm32mp1xx_it.o(i.SVC_Handler) for SVC_Handler
    startup_stm32mp15xx.o(RESET) refers to stm32mp1xx_it.o(i.DebugMon_Handler) for DebugMon_Handler
    startup_stm32mp15xx.o(RESET) refers to stm32mp1xx_it.o(i.PendSV_Handler) for PendSV_Handler
    startup_stm32mp15xx.o(RESET) refers to stm32mp1xx_it.o(i.SysTick_Handler) for SysTick_Handler
    startup_stm32mp15xx.o(RESET) refers to usmart_port.o(i.TIM4_IRQHandler) for TIM4_IRQHandler
    startup_stm32mp15xx.o(RESET) refers to adc.o(i.DMA1_Stream7_IRQHandler) for DMA1_Stream7_IRQHandler
    startup_stm32mp15xx.o(RESET) refers to usart.o(i.UART4_IRQHandler) for UART4_IRQHandler
    startup_stm32mp15xx.o(.text) refers to system_stm32mp1xx.o(i.SystemInit) for SystemInit
    startup_stm32mp15xx.o(.text) refers to __main.o(!!!main) for __main
    main.o(i.main) refers to _printf_percent.o(.ARM.Collect$$_printf_percent$$00000000) for _printf_percent
    main.o(i.main) refers to _printf_d.o(.ARM.Collect$$_printf_percent$$00000009) for _printf_d
    main.o(i.main) refers to _printf_f.o(.ARM.Collect$$_printf_percent$$00000003) for _printf_f
    main.o(i.main) refers to _printf_dec.o(.text) for _printf_int_dec
    main.o(i.main) refers to printf1.o(x$fpl$printf1) for _printf_fp_dec
    main.o(i.main) refers to stm32mp1xx_hal.o(i.HAL_Init) for HAL_Init
    main.o(i.main) refers to sys.o(i.sys_stm32_clock_init) for sys_stm32_clock_init
    main.o(i.main) refers to usart.o(i.usart_init) for usart_init
    main.o(i.main) refers to delay.o(i.delay_init) for delay_init
    main.o(i.main) refers to led.o(i.led_init) for led_init
    main.o(i.main) refers to key.o(i.key_init) for key_init
    main.o(i.main) refers to adc.o(i.adc_init) for adc_init
    main.o(i.main) refers to dac.o(i.dac_init) for dac_init
    main.o(i.main) refers to stm32mp1xx_hal_dac.o(i.HAL_DAC_SetValue) for HAL_DAC_SetValue
    main.o(i.main) refers to key.o(i.key_scan) for key_scan
    main.o(i.main) refers to noretval__2printf.o(.text) for __2printf
    main.o(i.main) refers to stm32mp1xx_hal_dac.o(i.HAL_DAC_GetValue) for HAL_DAC_GetValue
    main.o(i.main) refers to f2d.o(x$fpl$f2d) for __aeabi_f2d
    main.o(i.main) refers to adc.o(i.adc_get_result_average) for adc_get_result_average
    main.o(i.main) refers to dflt_clz.o(x$fpl$dfltu) for __aeabi_ui2d
    main.o(i.main) refers to dmul.o(x$fpl$dmul) for __aeabi_dmul
    main.o(i.main) refers to d2f.o(x$fpl$d2f) for __aeabi_d2f
    main.o(i.main) refers to stm32mp1xx_hal_gpio.o(i.HAL_GPIO_TogglePin) for HAL_GPIO_TogglePin
    main.o(i.main) refers to delay.o(i.delay_ms) for delay_ms
    main.o(i.main) refers to dac.o(.bss) for g_dac_handle
    stm32mp1xx_it.o(i.SysTick_Handler) refers to stm32mp1xx_hal.o(i.HAL_IncTick) for HAL_IncTick
    system_stm32mp1xx.o(i.SystemCoreClockUpdate) refers to system_stm32mp1xx.o(.data) for .data
    delay.o(i.delay) refers to delay.o(i.delay_short) for delay_short
    delay.o(i.delay_init) refers to delay.o(.data) for .data
    delay.o(i.delay_ms) refers to delay.o(i.delay_us) for delay_us
    delay.o(i.delay_us) refers to delay.o(.data) for .data
    sys.o(i.sys_stm32_clock_init) refers to stm32mp1xx_hal_pwr.o(i.HAL_PWR_EnableBkUpAccess) for HAL_PWR_EnableBkUpAccess
    sys.o(i.sys_stm32_clock_init) refers to stm32mp1xx_hal_rcc.o(i.HAL_RCC_OscConfig) for HAL_RCC_OscConfig
    sys.o(i.sys_stm32_clock_init) refers to stm32mp1xx_hal_rcc.o(i.HAL_RCC_ClockConfig) for HAL_RCC_ClockConfig
    usart.o(.rev16_text) refers (Special) to use_no_semi_2.o(.text) for __use_no_semihosting
    usart.o(.revsh_text) refers (Special) to use_no_semi_2.o(.text) for __use_no_semihosting
    usart.o(.rrx_text) refers (Special) to use_no_semi_2.o(.text) for __use_no_semihosting
    usart.o(i.HAL_UART_MspInit) refers (Special) to use_no_semi_2.o(.text) for __use_no_semihosting
    usart.o(i.HAL_UART_MspInit) refers to stm32mp1xx_hal_gpio.o(i.HAL_GPIO_Init) for HAL_GPIO_Init
    usart.o(i.HAL_UART_MspInit) refers to stm32mp1xx_hal_rcc_ex.o(i.HAL_RCCEx_PeriphCLKConfig) for HAL_RCCEx_PeriphCLKConfig
[...]
    uc_hextab                                0x1000732a   Data          20  _printf_hex_int.o(.constdata)
    lc_hextab                                0x1000733e   Data          20  _printf_hex_int.o(.constdata)
    .constdata                               0x10007352   Section       17  __printf_flags_ss_wp.o(.constdata)
    maptable                                 0x10007352   Data          17  __printf_flags_ss_wp.o(.constdata)
    .constdata                               0x10007364   Section      148  bigflt0.o(.constdata)
    tenpwrs_x                                0x10007364   Data          60  bigflt0.o(.constdata)
    tenpwrs_i                                0x100073a0   Data          64  bigflt0.o(.constdata)
    .conststring                             0x100073f8   Section       40  usmart.o(.conststring)
    .conststring                             0x10007420   Section      136  usmart_config.o(.conststring)
    locale$$data                             0x100074c8   Section       28  lc_numeric_c.o(locale$$data)
    __lcnum_c_name                           0x100074cc   Data           2  lc_numeric_c.o(locale$$data)
    __lcnum_c_start                          0x100074d4   Data           0  lc_numeric_c.o(locale$$data)
    __lcnum_c_point                          0x100074e0   Data           0  lc_numeric_c.o(locale$$data)
    __lcnum_c_thousands                      0x100074e2   Data           0  lc_numeric_c.o(locale$$data)
    __lcnum_c_grouping                       0x100074e3   Data           0  lc_numeric_c.o(locale$$data)
    __lcnum_c_end                            0x100074e4   Data           0  lc_numeric_c.o(locale$$data)
    .data                                    0x10020000   Section        4  system_stm32mp1xx.o(.data)
    .data                                    0x10020004   Section        4  delay.o(.data)
    g_fac_us                                 0x10020004   Data           4  delay.o(.data)
    .data                                    0x10020008   Section        4  usart.o(.data)
    .data                                    0x1002000c   Section        4  usart.o(.data)
    .data                                    0x10020010   Section       12  stm32mp1xx_hal.o(.data)
    .data                                    0x1002001c   Section        1  key.o(.data)
    key_up                                   0x1002001c   Data           1  key.o(.data)
    .data                                    0x1002001d   Section        1  adc.o(.data)
    .data                                    0x10020020   Section       28  usmart.o(.data)
    .data                                    0x1002003c   Section       32  usmart_config.o(.data)
    .data                                    0x1002005c   Section      244  usmart_config.o(.data)
    .bss                                     0x10020150   Section      348  usart.o(.bss)
    .bss                                     0x100202ac   Section      540  adc.o(.bss)
    .bss                                     0x100204c8   Section       20  dac.o(.bss)
    .bss                                     0x100204dc   Section       64  usmart_port.o(.bss)
    .bss                                     0x1002051c   Section       96  libspace.o(.bss)
    STACK                                    0x10020580   Section     1024  startup_stm32mp15xx.o(STACK)

    Global Symbols

    Symbol Name                              Value     Ov Type        Size  Object(Section)

    BuildAttributes$$THM_ISAv4$E$P$D$K$B$S$7EM$VFPi3$EXTD16$VFPS$VFMA$PE$A:L22UL41UL21$X:L11$S22US41US21$IEEE1$IW$USESV6$~STKCKD$USESV7$~SHL$OTIME$ROPI$IEEEJ$EBA8$UX$STANDARDLIB$REQ8$PRES8$EABIv2 0x00000000   Number         0  anon$$obj.o ABSOLUTE
    __ARM_use_no_argv                        0x00000000   Number         0  main.o ABSOLUTE
    __Vectors                                0x00000000   Data           4  startup_stm32mp15xx.o(RESET)
    _printf_flags                            0x00000000   Number         0  printf_stubs.o ABSOLUTE
    _printf_return_value                     0x00000000   Number         0  printf_stubs.o ABSOLUTE
    _printf_sizespec                         0x00000000   Number         0  printf_stubs.o ABSOLUTE
    _printf_widthprec                        0x00000000   Number         0  printf_stubs.o ABSOLUTE
    Image$$ZI$$Limit                          - Undefined Weak Reference
    __ARM_exceptions_init                     - Undefined Weak Reference
    __alloca_initialize                       - Undefined Weak Reference
    __arm_preinit_                            - Undefined Weak Reference
    __cpp_initialize__aeabi_                  - Undefined Weak Reference
    __cxa_finalize                            - Undefined Weak Reference
    __sigvec_lookup                           - Undefined Weak Reference
    _atexit_init                              - Undefined Weak Reference
    _call_atexit_fns                          - Undefined Weak Reference
    _clock_init                               - Undefined Weak Reference
    _fp_trap_init                             - Undefined Weak Reference
    _fp_trap_shutdown                         - Undefined Weak Reference
    _get_lc_collate                           - Undefined Weak Reference
    _get_lc_ctype                             - Undefined Weak Reference
    _get_lc_monetary                          - Undefined Weak Reference
    _get_lc_time                              - Undefined Weak Reference
    _getenv_init                              - Undefined Weak Reference
    _handle_redirection                       - Undefined Weak Reference
    _init_alloc                               - Undefined Weak Reference
    _init_user_alloc                          - Undefined Weak Reference
    _initio                                   - Undefined Weak Reference
    _mutex_acquire                            - Undefined Weak Reference
    _mutex_release                            - Undefined Weak Reference
    _printf_mbtowc                            - Undefined Weak Reference
    _printf_truncate_signed                   - Undefined Weak Reference
    _printf_truncate_unsigned                 - Undefined Weak Reference
    _rand_init                                - Undefined Weak Reference
    _signal_finish                            - Undefined Weak Reference
    _signal_init                              - Undefined Weak Reference
    _terminate_alloc                          - Undefined Weak Reference
    _terminate_user_alloc                     - Undefined Weak Reference
    _terminateio                              - Undefined Weak Reference
    __Vectors_End                            0x000003bc   Data           0  startup_stm32mp15xx.o(RESET)
    __Vectors_Size                           0x000003bc   Number         0  startup_stm32mp15xx.o ABSOLUTE
    __main                                   0x10000001   Thumb Code     8  __main.o(!!!main)
    __scatterload                            0x10000009   Thumb Code     0  __scatter.o(!!!scatter)
    __scatterload_rt2                        0x10000009   Thumb Code    44  __scatter.o(!!!scatter)
    __scatterload_rt2_thumb_only             0x10000009   Thumb Code     0  __scatter.o(!!!scatter)
    __scatterload_null                       0x10000017   Thumb Code     0  __scatter.o(!!!scatter)
    __decompress                             0x1000003d   Thumb Code    90  __dczerorl2.o(!!dczerorl2)
    __decompress1                            0x1000003d   Thumb Code     0  __dczerorl2.o(!!dczerorl2)
    __scatterload_zeroinit                   0x10000099   Thumb Code    28  __scatter_zi.o(!!handler_zi)
    _printf_f                                0x100000b5   Thumb Code     0  _printf_f.o(.ARM.Collect$$_printf_percent$$00000003)
    _printf_percent                          0x100000b5   Thumb Code     0  _printf_percent.o(.ARM.Collect$$_printf_percent$$00000000)
    _printf_d                                0x100000bb   Thumb Code     0  _printf_d.o(.ARM.Collect$$_printf_percent$$00000009)
    _printf_u                                0x100000c1   Thumb Code     0  _printf_u.o(.ARM.Collect$$_printf_percent$$0000000A)
    _printf_x                                0x100000c7   Thumb Code     0  _printf_x.o(.ARM.Collect$$_printf_percent$$0000000C)
    _printf_c                                0x100000cd   Thumb Code     0  _printf_c.o(.ARM.Collect$$_printf_percent$$00000013)
    _printf_s                                0x100000d3   Thumb Code     0  _printf_s.o(.ARM.Collect$$_printf_percent$$00000014)
    _printf_percent_end                      0x100000d9   Thumb Code     0  _printf_percent_end.o(.ARM.Collect$$_printf_percent$$00000017)
    __rt_lib_init                            0x100000dd   Thumb Code     0  libinit.o(.ARM.Collect$$libinit$$00000000)
    __rt_lib_init_fp_1                       0x100000df   Thumb Code     0  libinit2.o(.ARM.Collect$$libinit$$00000001)
    __rt_lib_init_heap_1                     0x100000e3   Thumb Code     0  libinit2.o(.ARM.Collect$$libinit$$0000000A)
    __rt_lib_init_lc_common                  0x100000e3   Thumb Code     0  libinit2.o(.ARM.Collect$$libinit$$0000000F)
    __rt_lib_init_preinit_1                  0x100000e3   Thumb Code     0  libinit2.o(.ARM.Collect$$libinit$$00000004)
    __rt_lib_init_rand_1                     0x100000e3   Thumb Code     0  libinit2.o(.ARM.Collect$$libinit$$0000000E)
    __rt_lib_init_user_alloc_1               0x100000e3   Thumb Code     0  libinit2.o(.ARM.Collect$$libinit$$0000000C)
    __rt_lib_init_lc_collate_1               0x100000e9   Thumb Code     0  libinit2.o(.ARM.Collect$$libinit$$00000011)
    __rt_lib_init_lc_ctype_1                 0x100000e9   Thumb Code     0  libinit2.o(.ARM.Collect$$libinit$$00000013)
    __rt_lib_init_lc_monetary_1              0x100000e9   Thumb Code     0  libinit2.o(.ARM.Collect$$libinit$$00000015)
    __rt_lib_init_lc_numeric_2               0x100000e9   Thumb Code     0  libinit2.o(.ARM.Collect$$libinit$$00000016)
    __rt_lib_init_alloca_1                   0x100000f3   Thumb Code     0  libinit2.o(.ARM.Collect$$libinit$$0000002E)
    __rt_lib_init_argv_1                     0x100000f3   Thumb Code     0  libinit2.o(.ARM.Collect$$libinit$$0000002C)
    __rt_lib_init_atexit_1                   0x100000f3   Thumb Code     0  libinit2.o(.ARM.Collect$$libinit$$0000001B)
    __rt_lib_init_clock_1                    0x100000f3   Thumb Code     0  libinit2.o(.ARM.Collect$$libinit$$00000021)
    __rt_lib_init_cpp_1                      0x100000f3   Thumb Code     0  libinit2.o(.ARM.Collect$$libinit$$00000032)
    __rt_lib_init_exceptions_1               0x100000f3   Thumb Code     0  libinit2.o(.ARM.Collect$$libinit$$00000030)
    __rt_lib_init_fp_trap_1                  0x100000f3   Thumb Code     0  libinit2.o(.ARM.Collect$$libinit$$0000001F)
    __rt_lib_init_getenv_1                   0x100000f3   Thumb Code     0  libinit2.o(.ARM.Collect$$libinit$$00000023)
    __rt_lib_init_lc_numeric_1               0x100000f3   Thumb Code     0  libinit2.o(.ARM.Collect$$libinit$$00000017)
    __rt_lib_init_lc_time_1                  0x100000f3   Thumb Code     0  libinit2.o(.ARM.Collect$$libinit$$00000019)
    __rt_lib_init_return                     0x100000f3   Thumb Code     0  libinit2.o(.ARM.Collect$$libinit$$00000033)
    __rt_lib_init_signal_1                   0x100000f3   Thumb Code     0  libinit2.o(.ARM.Collect$$libinit$$0000001D)
    __rt_lib_init_stdio_1                    0x100000f3   Thumb Code     0  libinit2.o(.ARM.Collect$$libinit$$00000025)
    __rt_lib_shutdown                        0x100000f5   Thumb Code     0  libshutdown.o(.ARM.Collect$$libshutdown$$00000000)
    __rt_lib_shutdown_cpp_1                  0x100000f7   Thumb Code     0  libshutdown2.o(.ARM.Collect$$libshutdown$$00000002)
    __rt_lib_shutdown_fp_trap_1              0x100000f7   Thumb Code     0  libshutdown2.o(.ARM.Collect$$libshutdown$$00000007)
    __rt_lib_shutdown_heap_1                 0x100000f7   Thumb Code     0  libshutdown2.o(.ARM.Collect$$libshutdown$$0000000F)
    __rt_lib_shutdown_return                 0x100000f7   Thumb Code     0  libshutdown2.o(.ARM.Collect$$libshutdown$$00000010)
    __rt_lib_shutdown_signal_1               0x100000f7   Thumb Code     0  libshutdown2.o(.ARM.Collect$$libshutdown$$0000000A)
    __rt_lib_shutdown_stdio_1                0x100000f7   Thumb Code     0  libshutdown2.o(.ARM.Collect$$libshutdown$$00000004)
    __rt_lib_shutdown_user_alloc_1           0x100000f7   Thumb Code     0  libshutdown2.o(.ARM.Collect$$libshutdown$$0000000C)
    __rt_entry                               0x100000f9   Thumb Code     0  __rtentry.o(.ARM.Collect$$rtentry$$00000000)
    __rt_entry_presh_1                       0x100000f9   Thumb Code     0  __rtentry2.o(.ARM.Collect$$rtentry$$00000002)
    __rt_entry_sh                            0x100000f9   Thumb Code     0  __rtentry5.o(.ARM.Collect$$rtentry$$00000005)
    __rt_entry_li                            0x100000fd   Thumb Code     0  __rtentry2.o(.ARM.Collect$$rtentry$$0000000A)
    __rt_entry_postsh_1                      0x100000fd   Thumb Code     0  __rtentry2.o(.ARM.Collect$$rtentry$$00000009)
    __rt_entry_main                          0x10000101   Thumb Code     0  __rtentry2.o(.ARM.Collect$$rtentry$$0000000D)
    __rt_entry_postli_1                      0x10000101   Thumb Code     0  __rtentry2.o(.ARM.Collect$$rtentry$$0000000C)
    __rt_exit                                0x1000010d   Thumb Code     0  rtexit.o(.ARM.Collect$$rtexit$$00000000)
    __rt_exit_ls                             0x1000010f   Thumb Code     0  rtexit2.o(.ARM.Collect$$rtexit$$00000003)
    __rt_exit_prels_1                        0x1000010f   Thumb Code     0  rtexit2.o(.ARM.Collect$$rtexit$$00000002)
    __rt_exit_exit                           0x10000113   Thumb Code     0  rtexit2.o(.ARM.Collect$$rtexit$$00000004)
    Reset_Handler                            0x10000119   Thumb Code     8  startup_stm32mp15xx.o(.text)
    WWDG1_IRQHandler                         0x10000133   Thumb Code     2  startup_stm32mp15xx.o(.text)
    PVD_AVD_IRQHandler                       0x10000135   Thumb Code     2  startup_stm32mp15xx.o(.text)
    TAMP_IRQHandler                          0x10000137   Thumb Code     2  startup_stm32mp15xx.o(.text)
    RTC_WKUP_ALARM_IRQHandler                0x10000139   Thumb Code     2  startup_stm32mp15xx.o(.text)
    RESERVED4_IRQHandler                     0x1000013b   Thumb Code     2  startup_stm32mp15xx.o(.text)
    RCC_IRQHandler                           0x1000013d   Thumb Code     2  startup_stm32mp15xx.o(.text)
    EXTI0_IRQHandler                         0x1000013f   Thumb Code     2  startup_stm32mp15xx.o(.text)
    EXTI1_IRQHandler                         0x10000141   Thumb Code     2  startup_stm32mp15xx.o(.text)
    EXTI2_IRQHandler                         0x10000143   Thumb Code     2  startup_stm32mp15xx.o(.text)
    EXTI3_IRQHandler                         0x10000145   Thumb Code     2  startup_stm32mp15xx.o(.text)
    EXTI4_IRQHandler                         0x10000147   Thumb Code     2  startup_stm32mp15xx.o(.text)
    DMA1_Stream0_IRQHandler                  0x10000149   Thumb Code     2  startup_stm32mp15xx.o(.text)
    DMA1_Stream1_IRQHandler                  0x1000014b   Thumb Code     2  startup_stm32mp15xx.o(.text)
    DMA1_Stream2_IRQHandler                  0x1000014d   Thumb Code     2  startup_stm32mp15xx.o(.text)
    DMA1_Stream3_IRQHandler                  0x1000014f   Thumb Code     2  startup_stm32mp15xx.o(.text)
    DMA1_Stream4_IRQHandler                  0x10000151   Thumb Code     2  startup_stm32mp15xx.o(.text)
    DMA1_Stream5_IRQHandler                  0x10000153   Thumb Code     2  startup_stm32mp15xx.o(.text)
    DMA1_Stream6_IRQHandler                  0x10000155   Thumb Code     2  startup_stm32mp15xx.o(.text)
    ADC1_IRQHandler                          0x10000157   Thumb Code     2  startup_stm32mp15xx.o(.text)
    FDCAN1_IT0_IRQHandler                    0x10000159   Thumb Code     2  startup_stm32mp15xx.o(.text)
    FDCAN2_IT0_IRQHandler                    0x1000015b   Thumb Code     2  startup_stm32mp15xx.o(.text)
    FDCAN1_IT1_IRQHandler                    0x1000015d   Thumb Code     2  startup_stm32mp15xx.o(.text)
    FDCAN2_IT1_IRQHandler                    0x1000015f   Thumb Code     2  startup_stm32mp15xx.o(.text)
    EXTI5_IRQHandler                         0x10000161   Thumb Code     2  startup_stm32mp15xx.o(.text)
    TIM1_BRK_IRQHandler                      0x10000163   Thumb Code     2  startup_stm32mp15xx.o(.text)
    TIM1_UP_IRQHandler                       0x10000165   Thumb Code     2  startup_stm32mp15xx.o(.text)
    TIM1_TRG_COM_IRQHandler                  0x10000167   Thumb Code     2  startup_stm32mp15xx.o(.text)
    TIM1_CC_IRQHandler                       0x10000169   Thumb Code     2  startup_stm32mp15xx.o(.text)
    TIM2_IRQHandler                          0x1000016b   Thumb Code     2  startup_stm32mp15xx.o(.text)
    TIM3_IRQHandler                          0x1000016d   Thumb Code     2  startup_stm32mp15xx.o(.text)
    I2C1_EV_IRQHandler                       0x10000171   Thumb Code     2  startup_stm32mp15xx.o(.text)
    I2C1_ER_IRQHandler                       0x10000173   Thumb Code     2  startup_stm32mp15xx.o(.text)
    I2C2_EV_IRQHandler                       0x10000175   Thumb Code     2  startup_stm32mp15xx.o(.text)
    I2C2_ER_IRQHandler                       0x10000177   Thumb Code     2  startup_stm32mp15xx.o(.text)
    SPI1_IRQHandler                          0x10000179   Thumb Code     2  startup_stm32mp15xx.o(.text)
    SPI2_IRQHandler                          0x1000017b   Thumb Code     2  startup_stm32mp15xx.o(.text)
    USART1_IRQHandler                        0x1000017d   Thumb Code     2  startup_stm32mp15xx.o(.text)
    USART2_IRQHandler                        0x1000017f   Thumb Code     2  startup_stm32mp15xx.o(.text)
    USART3_IRQHandler                        0x10000181   Thumb Code     2  startup_stm32mp15xx.o(.text)
    EXTI10_IRQHandler                        0x10000183   Thumb Code     2  startup_stm32mp15xx.o(.text)
    RTC_TIMESTAMP_IRQHandler                 0x10000185   Thumb Code     2  startup_stm32mp15xx.o(.text)
    EXTI11_IRQHandler                        0x10000187   Thumb Code     2  startup_stm32mp15xx.o(.text)
    TIM8_BRK_IRQHandler                      0x10000189   Thumb Code     2  startup_stm32mp15xx.o(.text)
    TIM8_UP_IRQHandler                       0x1000018b   Thumb Code     2  startup_stm32mp15xx.o(.text)
    TIM8_TRG_COM_IRQHandler                  0x1000018d   Thumb Code     2  startup_stm32mp15xx.o(.text)
    TIM8_CC_IRQHandler                       0x1000018f   Thumb Code     2  startup_stm32mp15xx.o(.text)
    FMC_IRQHandler                           0x10000193   Thumb Code     2  startup_stm32mp15xx.o(.text)
    SDMMC1_IRQHandler                        0x10000195   Thumb Code     2  startup_stm32mp15xx.o(.text)
    TIM5_IRQHandler                          0x10000197   Thumb Code     2  startup_stm32mp15xx.o(.text)
    SPI3_IRQHandler                          0x10000199   Thumb Code     2  startup_stm32mp15xx.o(.text)
    UART5_IRQHandler                         0x1000019d   Thumb Code     2  startup_stm32mp15xx.o(.text)
    TIM6_IRQHandler                          0x1000019f   Thumb Code     2  startup_stm32mp15xx.o(.text)
    TIM7_IRQHandler                          0x100001a1   Thumb Code     2  startup_stm32mp15xx.o(.text)
    DMA2_Stream0_IRQHandler                  0x100001a3   Thumb Code     2  startup_stm32mp15xx.o(.text)
    DMA2_Stream1_IRQHandler                  0x100001a5   Thumb Code     2  startup_stm32mp15xx.o(.text)
    DMA2_Stream2_IRQHandler                  0x100001a7   Thumb Code     2  startup_stm32mp15xx.o(.text)
    DMA2_Stream3_IRQHandler                  0x100001a9   Thumb Code     2  startup_stm32mp15xx.o(.text)
    DMA2_Stream4_IRQHandler                  0x100001ab   Thumb Code     2  startup_stm32mp15xx.o(.text)
    ETH1_IRQHandler                          0x100001ad   Thumb Code     2  startup_stm32mp15xx.o(.text)
    ETH1_WKUP_IRQHandler                     0x100001af   Thumb Code     2  startup_stm32mp15xx.o(.text)
    FDCAN_CAL_IRQHandler                     0x100001b1   Thumb Code     2  startup_stm32mp15xx.o(.text)
    EXTI6_IRQHandler                         0x100001b3   Thumb Code     2  startup_stm32mp15xx.o(.text)
    EXTI7_IRQHandler                         0x100001b5   Thumb Code     2  startup_stm32mp15xx.o(.text)
    EXTI8_IRQHandler                         0x100001b7   Thumb Code     2  startup_stm32mp15xx.o(.text)
    EXTI9_IRQHandler                         0x100001b9   Thumb Code     2  startup_stm32mp15xx.o(.text)
    DMA2_Stream5_IRQHandler                  0x100001bb   Thumb Code     2  startup_stm32mp15xx.o(.text)
    DMA2_Stream6_IRQHandler                  0x100001bd   Thumb Code     2  startup_stm32mp15xx.o(.text)
    DMA2_Stream7_IRQHandler                  0x100001bf   Thumb Code     2  startup_stm32mp15xx.o(.text)
    USART6_IRQHandler                        0x100001c1   Thumb Code     2  startup_stm32mp15xx.o(.text)
    I2C3_EV_IRQHandler                       0x100001c3   Thumb Code     2  startup_stm32mp15xx.o(.text)
    I2C3_ER_IRQHandler                       0x100001c5   Thumb Code     2  startup_stm32mp15xx.o(.text)
    USBH_OHCI_IRQHandler                     0x100001c7   Thumb Code     2  startup_stm32mp15xx.o(.text)
    USBH_EHCI_IRQHandler                     0x100001c9   Thumb Code     2  startup_stm32mp15xx.o(.text)
    EXTI12_IRQHandler                        0x100001cb   Thumb Code     2  startup_stm32mp15xx.o(.text)
    EXTI13_IRQHandler                        0x100001cd   Thumb Code     2  startup_stm32mp15xx.o(.text)
    DCMI_IRQHandler                          0x100001cf   Thumb Code     2  startup_stm32mp15xx.o(.text)
    CRYP1_IRQHandler                         0x100001d1   Thumb Code     2  startup_stm32mp15xx.o(.text)
    HASH1_IRQHandler                         0x100001d3   Thumb Code     2  startup_stm32mp15xx.o(.text)
    FPU_IRQHandler                           0x100001d5   Thumb Code     2  startup_stm32mp15xx.o(.text)
    UART7_IRQHandler                         0x100001d7   Thumb Code     2  startup_stm32mp15xx.o(.text)
    UART8_IRQHandler                         0x100001d9   Thumb Code     2  startup_stm32mp15xx.o(.text)
    SPI4_IRQHandler                          0x100001db   Thumb Code     2  startup_stm32mp15xx.o(.text)
    SPI5_IRQHandler                          0x100001dd   Thumb Code     2  startup_stm32mp15xx.o(.text)
    SPI6_IRQHandler                          0x100001df   Thumb Code     2  startup_stm32mp15xx.o(.text)
    SAI1_IRQHandler                          0x100001e1   Thumb Code     2  startup_stm32mp15xx.o(.text)
    LTDC_IRQHandler                          0x100001e3   Thumb Code     2  startup_stm32mp15xx.o(.text)
    LTDC_ER_IRQHandler                       0x100001e5   Thumb Code     2  startup_stm32mp15xx.o(.text)
    ADC2_IRQHandler                          0x100001e7   Thumb Code     2  startup_stm32mp15xx.o(.text)
    SAI2_IRQHandler                          0x100001e9   Thumb Code     2  startup_stm32mp15xx.o(.text)
    QUADSPI_IRQHandler                       0x100001eb   Thumb Code     2  startup_stm32mp15xx.o(.text)
    LPTIM1_IRQHandler                        0x100001ed   Thumb Code     2  startup_stm32mp15xx.o(.text)
    CEC_IRQHandler                           0x100001ef   Thumb Code     2  startup_stm32mp15xx.o(.text)
    I2C4_EV_IRQHandler                       0x100001f1   Thumb Code     2  startup_stm32mp15xx.o(.text)
    I2C4_ER_IRQHandler                       0x100001f3   Thumb Code     2  startup_stm32mp15xx.o(.text)
    SPDIF_RX_IRQHandler                      0x100001f5   Thumb Code     2  startup_stm32mp15xx.o(.text)
    OTG_IRQHandler                           0x100001f7   Thumb Code     2  startup_stm32mp15xx.o(.text)
    RESERVED99_IRQHandler                    0x100001f9   Thumb Code     2  startup_stm32mp15xx.o(.text)
    IPCC_RX0_IRQHandler                      0x100001fb   Thumb Code     2  startup_stm32mp15xx.o(.text)
    IPCC_TX0_IRQHandler                      0x100001fd   Thumb Code     2  startup_stm32mp15xx.o(.text)
    DMAMUX1_OVR_IRQHandler                   0x100001ff   Thumb Code     2  startup_stm32mp15xx.o(.text)
    IPCC_RX1_IRQHandler                      0x10000201   Thumb Code     2  startup_stm32mp15xx.o(.text)
    IPCC_TX1_IRQHandler                      0x10000203   Thumb Code     2  startup_stm32mp15xx.o(.text)
    CRYP2_IRQHandler                         0x10000205   Thumb Code     2  startup_stm32mp15xx.o(.text)
    HASH2_IRQHandler                         0x10000207   Thumb Code     2  startup_stm32mp15xx.o(.text)
    I2C5_EV_IRQHandler                       0x10000209   Thumb Code     2  startup_stm32mp15xx.o(.text)
    I2C5_ER_IRQHandler                       0x1000020b   Thumb Code     2  startup_stm32mp15xx.o(.text)
    GPU_IRQHandler                           0x1000020d   Thumb Code     2  startup_stm32mp15xx.o(.text)
    DFSDM1_FLT0_IRQHandler                   0x1000020f   Thumb Code     2  startup_stm32mp15xx.o(.text)
    DFSDM1_FLT1_IRQHandler                   0x10000211   Thumb Code     2  startup_stm32mp15xx.o(.text)
    DFSDM1_FLT2_IRQHandler                   0x10000213   Thumb Code     2  startup_stm32mp15xx.o(.text)
    DFSDM1_FLT3_IRQHandler                   0x10000215   Thumb Code     2  startup_stm32mp15xx.o(.text)
    SAI3_IRQHandler                          0x10000217   Thumb Code     2  startup_stm32mp15xx.o(.text)
    DFSDM1_FLT4_IRQHandler                   0x10000219   Thumb Code     2  startup_stm32mp15xx.o(.text)
    TIM15_IRQHandler                         0x1000021b   Thumb Code     2  startup_stm32mp15xx.o(.text)
    TIM16_IRQHandler                         0x1000021d   Thumb Code     2  startup_stm32mp15xx.o(.text)
    TIM17_IRQHandler                         0x1000021f   Thumb Code     2  startup_stm32mp15xx.o(.text)
    TIM12_IRQHandler                         0x10000221   Thumb Code     2  startup_stm32mp15xx.o(.text)
    MDIOS_IRQHandler                         0x10000223   Thumb Code     2  startup_stm32mp15xx.o(.text)
    EXTI14_IRQHandler                        0x10000225   Thumb Code     2  startup_stm32mp15xx.o(.text)
    MDMA_IRQHandler                          0x10000227   Thumb Code     2  startup_stm32mp15xx.o(.text)
    DSI_IRQHandler                           0x10000229   Thumb Code     2  startup_stm32mp15xx.o(.text)
    SDMMC2_IRQHandler                        0x1000022b   Thumb Code     2  startup_stm32mp15xx.o(.text)
    HSEM_IT2_IRQHandler                      0x1000022d   Thumb Code     2  startup_stm32mp15xx.o(.text)
    DFSDM1_FLT5_IRQHandler                   0x1000022f   Thumb Code     2  startup_stm32mp15xx.o(.text)
    EXTI15_IRQHandler                        0x10000231   Thumb Code     2  startup_stm32mp15xx.o(.text)
    nCTIIRQ1_IRQHandler                      0x10000233   Thumb Code     2  startup_stm32mp15xx.o(.text)
    nCTIIRQ2_IRQHandler                      0x10000235   Thumb Code     2  startup_stm32mp15xx.o(.text)
    TIM13_IRQHandler                         0x10000237   Thumb Code     2  startup_stm32mp15xx.o(.text)
    TIM14_IRQHandler                         0x10000239   Thumb Code     2  startup_stm32mp15xx.o(.text)
    DAC_IRQHandler                           0x1000023b   Thumb Code     2  startup_stm32mp15xx.o(.text)
    RNG1_IRQHandler                          0x1000023d   Thumb Code     2  startup_stm32mp15xx.o(.text)
    RNG2_IRQHandler                          0x1000023f   Thumb Code     2  startup_stm32mp15xx.o(.text)
    I2C6_EV_IRQHandler                       0x10000241   Thumb Code     2  startup_stm32mp15xx.o(.text)
    I2C6_ER_IRQHandler                       0x10000243   Thumb Code     2  startup_stm32mp15xx.o(.text)
    SDMMC3_IRQHandler                        0x10000245   Thumb Code     2  startup_stm32mp15xx.o(.text)
    LPTIM2_IRQHandler                        0x10000247   Thumb Code     2  startup_stm32mp15xx.o(.text)
    LPTIM3_IRQHandler                        0x10000249   Thumb Code     2  startup_stm32mp15xx.o(.text)
    LPTIM4_IRQHandler                        0x1000024b   Thumb Code     2  startup_stm32mp15xx.o(.text)
    LPTIM5_IRQHandler                        0x1000024d   Thumb Code     2  startup_stm32mp15xx.o(.text)
    ETH1_LPI_IRQHandler                      0x1000024f   Thumb Code     2  startup_stm32mp15xx.o(.text)
    RESERVED143_IRQHandler                   0x10000251   Thumb Code     2  startup_stm32mp15xx.o(.text)
    MPU_SEV_IRQHandler                       0x10000253   Thumb Code     2  startup_stm32mp15xx.o(.text)
    RCC_WAKEUP_IRQHandler                    0x10000255   Thumb Code     2  startup_stm32mp15xx.o(.text)
    SAI4_IRQHandler                          0x10000257   Thumb Code     2  startup_stm32mp15xx.o(.text)
    DTS_IRQHandler                           0x10000259   Thumb Code     2  startup_stm32mp15xx.o(.text)
    RESERVED148_IRQHandler                   0x1000025b   Thumb Code     2  startup_stm32mp15xx.o(.text)
    WAKEUP_PIN_IRQHandler                    0x1000025d   Thumb Code     2  startup_stm32mp15xx.o(.text)
    __use_no_semihosting                     0x10000269   Thumb Code     2  use_no_semi_2.o(.text)
    __2printf                                0x1000026d   Thumb Code    20  noretval__2printf.o(.text)
    _printf_pre_padding                      0x10000285   Thumb Code    44  _printf_pad.o(.text)
    _printf_post_padding                     0x100002b1   Thumb Code    34  _printf_pad.o(.text)
    _printf_str                              0x100002d3   Thumb Code    82  _printf_str.o(.text)
    _printf_int_dec                          0x10000325   Thumb Code   104  _printf_dec.o(.text)
    _printf_int_hex                          0x1000039d   Thumb Code    84  _printf_hex_int.o(.text)
    _printf_longlong_hex                     0x1000039d   Thumb Code     0  _printf_hex_int.o(.text)
    __printf                                 0x100003f5   Thumb Code   388  __printf_flags_ss_wp.o(.text)
    __I$use$semihosting                      0x1000057d   Thumb Code     0  use_no_semi.o(.text)
    __use_no_semihosting_swi                 0x1000057d   Thumb Code     2  use_no_semi.o(.text)
    _printf_int_common                       0x1000057f   Thumb Code   178  _printf_intcommon.o(.text)
    __lib_sel_fp_printf                      0x10000631   Thumb Code     2  _printf_fp_dec.o(.text)
    _printf_fp_dec_real                      0x100007e3   Thumb Code   620  _printf_fp_dec.o(.text)
    _printf_cs_common                        0x10000a4f   Thumb Code    20  _printf_char.o(.text)
    _printf_char                             0x10000a63   Thumb Code    16  _printf_char.o(.text)
    _printf_string                           0x10000a73   Thumb Code     8  _printf_char.o(.text)
    _printf_char_file                        0x10000a7d   Thumb Code    32  _printf_char_file.o(.text)
    __rt_locale                              0x10000aa1   Thumb Code     8  rt_locale_intlibspace.o(.text)
    _ll_udiv10                               0x10000aa9   Thumb Code   138  lludiv10.o(.text)
    _printf_char_common                      0x10000b3f   Thumb Code    32  _printf_char_common.o(.text)
    _printf_fp_infnan                        0x10000b65   Thumb Code   112  _printf_fp_infnan.o(.text)
    _btod_etento                             0x10000be5   Thumb Code   224  bigflt0.o(.text)
    ferror                                   0x10000cc9   Thumb Code     8  ferror.o(.text)
    exit                                     0x10000cd1   Thumb Code    18  exit.o(.text)
    strcmp                                   0x10000ce5   Thumb Code   128  strcmpv7m.o(.text)
    _btod_d2e                                0x10000d65   Thumb Code    62  btod.o(CL$$btod_d2e)
    _d2e_denorm_low                          0x10000da3   Thumb Code    70  btod.o(CL$$btod_d2e_denorm_low)
    _d2e_norm_op1                            0x10000de9   Thumb Code    96  btod.o(CL$$btod_d2e_norm_op1)
    __btod_div_common                        0x10000e49   Thumb Code   696  btod.o(CL$$btod_div_common)
    _e2e                                     0x10001181   Thumb Code   220  btod.o(CL$$btod_e2e)
    _btod_ediv                               0x1000125d   Thumb Code    42  btod.o(CL$$btod_ediv)
    _btod_emul                               0x10001287   Thumb Code    42  btod.o(CL$$btod_emul)
    __btod_mult_common                       0x100012b1   Thumb Code   580  btod.o(CL$$btod_mult_common)
    ADC_ConfigureBoostMode                   0x100014f5   Thumb Code   146  stm32mp1xx_hal_adc.o(i.ADC_ConfigureBoostMode)
    ADC_Disable                              0x10001595   Thumb Code    98  stm32mp1xx_hal_adc.o(i.ADC_Disable)
    ADC_Enable                               0x100015fd   Thumb Code   130  stm32mp1xx_hal_adc.o(i.ADC_Enable)
    BusFault_Handler                         0x10001691   Thumb Code     2  stm32mp1xx_it.o(i.BusFault_Handler)
    DMA1_Stream7_IRQHandler                  0x10001695   Thumb Code    90  adc.o(i.DMA1_Stream7_IRQHandler)
    DebugMon_Handler                         0x10001701   Thumb Code     2  stm32mp1xx_it.o(i.DebugMon_Handler)
    HAL_ADCEx_Calibration_Start              0x10001705   Thumb Code   146  stm32mp1xx_hal_adc_ex.o(i.HAL_ADCEx_Calibration_Start)
    HAL_ADC_ConfigChannel                    0x100017a1   Thumb Code   844  stm32mp1xx_hal_adc.o(i.HAL_ADC_ConfigChannel)
    HAL_ADC_GetValue                         0x10001b1d   Thumb Code     6  stm32mp1xx_hal_adc.o(i.HAL_ADC_GetValue)
    HAL_ADC_Init                             0x10001b25   Thumb Code   412  stm32mp1xx_hal_adc.o(i.HAL_ADC_Init)
    HAL_ADC_MspInit                          0x10001ced   Thumb Code     2  stm32mp1xx_hal_adc.o(i.HAL_ADC_MspInit)
    HAL_ADC_PollForConversion                0x10001cf1   Thumb Code   234  stm32mp1xx_hal_adc.o(i.HAL_ADC_PollForConversion)
    HAL_ADC_Start                            0x10001de9   Thumb Code   228  stm32mp1xx_hal_adc.o(i.HAL_ADC_Start)
    HAL_DAC_ConfigChannel                    0x10001edd   Thumb Code   296  stm32mp1xx_hal_dac.o(i.HAL_DAC_ConfigChannel)
    HAL_DAC_GetValue                         0x1000200d   Thumb Code    12  stm32mp1xx_hal_dac.o(i.HAL_DAC_GetValue)
    HAL_DAC_Init                             0x10002019   Thumb Code    40  stm32mp1xx_hal_dac.o(i.HAL_DAC_Init)
    HAL_DAC_MspInit                          0x10002041   Thumb Code    44  dac.o(i.HAL_DAC_MspInit)
    HAL_DAC_SetValue                         0x10002075   Thumb Code    26  stm32mp1xx_hal_dac.o(i.HAL_DAC_SetValue)
    HAL_DAC_Start                            0x1000208f   Thumb Code    84  stm32mp1xx_hal_dac.o(i.HAL_DAC_Start)
    HAL_DMA_Abort_IT                         0x100020e3   Thumb Code    38  stm32mp1xx_hal_dma.o(i.HAL_DMA_Abort_IT)
    HAL_Delay                                0x10002109   Thumb Code    32  stm32mp1xx_hal.o(i.HAL_Delay)
    HAL_GPIO_Init                            0x1000212d   Thumb Code   444  stm32mp1xx_hal_gpio.o(i.HAL_GPIO_Init)
    HAL_GPIO_ReadPin                         0x10002319   Thumb Code    10  stm32mp1xx_hal_gpio.o(i.HAL_GPIO_ReadPin)
    HAL_GPIO_TogglePin                       0x10002323   Thumb Code    14  stm32mp1xx_hal_gpio.o(i.HAL_GPIO_TogglePin)
    HAL_GPIO_WritePin                        0x10002331   Thumb Code    10  stm32mp1xx_hal_gpio.o(i.HAL_GPIO_WritePin)
    HAL_GetTick                              0x1000233d   Thumb Code     6  stm32mp1xx_hal.o(i.HAL_GetTick)
    HAL_IncTick                              0x10002349   Thumb Code    12  stm32mp1xx_hal.o(i.HAL_IncTick)
    HAL_Init                                 0x10002359   Thumb Code    36  stm32mp1xx_hal.o(i.HAL_Init)
    HAL_InitTick                             0x10002381   Thumb Code    56  stm32mp1xx_hal.o(i.HAL_InitTick)
    HAL_MDMA_Abort_IT                        0x100023c1   Thumb Code    38  stm32mp1xx_hal_mdma.o(i.HAL_MDMA_Abort_IT)
    HAL_MspInit                              0x100023e7   Thumb Code     2  stm32mp1xx_hal.o(i.HAL_MspInit)
    HAL_NVIC_EnableIRQ                       0x100023e9   Thumb Code    26  stm32mp1xx_hal_cortex.o(i.HAL_NVIC_EnableIRQ)
    HAL_NVIC_SetPriority                     0x10002405   Thumb Code    60  stm32mp1xx_hal_cortex.o(i.HAL_NVIC_SetPriority)
    HAL_NVIC_SetPriorityGrouping             0x10002445   Thumb Code    26  stm32mp1xx_hal_cortex.o(i.HAL_NVIC_SetPriorityGrouping)
    HAL_PWR_EnableBkUpAccess                 0x10002469   Thumb Code    12  stm32mp1xx_hal_pwr.o(i.HAL_PWR_EnableBkUpAccess)
    HAL_RCCEx_GetPeriphCLKFreq               0x10002479   Thumb Code  1664  stm32mp1xx_hal_rcc_ex.o(i.HAL_RCCEx_GetPeriphCLKFreq)
    HAL_RCCEx_PeriphCLKConfig                0x10002b11   Thumb Code  2776  stm32mp1xx_hal_rcc_ex.o(i.HAL_RCCEx_PeriphCLKConfig)
    HAL_RCC_ClockConfig                      0x100035f5   Thumb Code   302  stm32mp1xx_hal_rcc.o(i.HAL_RCC_ClockConfig)
    HAL_RCC_GetACLKFreq                      0x10003729   Thumb Code    30  stm32mp1xx_hal_rcc.o(i.HAL_RCC_GetACLKFreq)
    HAL_RCC_GetAXISSFreq                     0x10003749   Thumb Code    60  stm32mp1xx_hal_rcc.o(i.HAL_RCC_GetAXISSFreq)
    HAL_RCC_GetHCLK2Freq                     0x10003791   Thumb Code     4  stm32mp1xx_hal_rcc.o(i.HAL_RCC_GetHCLK2Freq)
    HAL_RCC_GetHCLK6Freq                     0x10003795   Thumb Code     4  stm32mp1xx_hal_rcc.o(i.HAL_RCC_GetHCLK6Freq)
    HAL_RCC_GetMCUFreq                       0x10003799   Thumb Code    24  stm32mp1xx_hal_rcc.o(i.HAL_RCC_GetMCUFreq)
    HAL_RCC_GetMCUSSFreq                     0x100037b5   Thumb Code    58  stm32mp1xx_hal_rcc.o(i.HAL_RCC_GetMCUSSFreq)
    HAL_RCC_GetMLHCLKFreq                    0x100037fd   Thumb Code     4  stm32mp1xx_hal_rcc.o(i.HAL_RCC_GetMLHCLKFreq)
    HAL_RCC_GetPCLK1Freq                     0x10003801   Thumb Code    24  stm32mp1xx_hal_rcc.o(i.HAL_RCC_GetPCLK1Freq)
    HAL_RCC_GetPCLK2Freq                     0x1000381d   Thumb Code    24  stm32mp1xx_hal_rcc.o(i.HAL_RCC_GetPCLK2Freq)
    HAL_RCC_GetPCLK3Freq                     0x10003839   Thumb Code    24  stm32mp1xx_hal_rcc.o(i.HAL_RCC_GetPCLK3Freq)
    HAL_RCC_GetPCLK5Freq                     0x10003855   Thumb Code    26  stm32mp1xx_hal_rcc.o(i.HAL_RCC_GetPCLK5Freq)
    HAL_RCC_GetPLL2ClockFreq                 0x10003871   Thumb Code   224  stm32mp1xx_hal_rcc.o(i.HAL_RCC_GetPLL2ClockFreq)
    HAL_RCC_GetPLL3ClockFreq                 0x10003965   Thumb Code   244  stm32mp1xx_hal_rcc.o(i.HAL_RCC_GetPLL3ClockFreq)
    HAL_RCC_GetPLL4ClockFreq                 0x10003a79   Thumb Code   238  stm32mp1xx_hal_rcc.o(i.HAL_RCC_GetPLL4ClockFreq)
    HAL_RCC_GetSystemCoreClockFreq           0x10003b89   Thumb Code     4  stm32mp1xx_hal_rcc.o(i.HAL_RCC_GetSystemCoreClockFreq)
    HAL_RCC_HSEConfig                        0x10003b8d   Thumb Code   128  stm32mp1xx_hal_rcc.o(i.HAL_RCC_HSEConfig)
    HAL_RCC_LSEConfig                        0x10003c11   Thumb Code   154  stm32mp1xx_hal_rcc.o(i.HAL_RCC_LSEConfig)
    HAL_RCC_OscConfig                        0x10003cad   Thumb Code   938  stm32mp1xx_hal_rcc.o(i.HAL_RCC_OscConfig)
    HAL_SYSTICK_Config                       0x10004075   Thumb Code    40  stm32mp1xx_hal_cortex.o(i.HAL_SYSTICK_Config)
    HAL_TIM_Base_Init                        0x1000409d   Thumb Code    54  stm32mp1xx_hal_tim.o(i.HAL_TIM_Base_Init)
    HAL_TIM_Base_MspInit                     0x100040d3   Thumb Code     2  stm32mp1xx_hal_tim.o(i.HAL_TIM_Base_MspInit)
    HAL_TIM_Base_Start_IT                    0x100040d5   Thumb Code    40  stm32mp1xx_hal_tim.o(i.HAL_TIM_Base_Start_IT)
    HAL_UARTEx_RxFifoFullCallback            0x10004101   Thumb Code     2  stm32mp1xx_hal_uart_ex.o(i.HAL_UARTEx_RxFifoFullCallback)
    HAL_UARTEx_TxFifoEmptyCallback           0x10004103   Thumb Code     2  stm32mp1xx_hal_uart_ex.o(i.HAL_UARTEx_TxFifoEmptyCallback)
    HAL_UARTEx_WakeupCallback                0x10004105   Thumb Code     2  stm32mp1xx_hal_uart_ex.o(i.HAL_UARTEx_WakeupCallback)
    HAL_UART_ErrorCallback                   0x10004107   Thumb Code     2  stm32mp1xx_hal_uart.o(i.HAL_UART_ErrorCallback)
    HAL_UART_GetState                        0x10004109   Thumb Code    10  stm32mp1xx_hal_uart.o(i.HAL_UART_GetState)
    HAL_UART_IRQHandler                      0x10004115   Thumb Code   468  stm32mp1xx_hal_uart.o(i.HAL_UART_IRQHandler)
    HAL_UART_Init                            0x100042f9   Thumb Code   106  stm32mp1xx_hal_uart.o(i.HAL_UART_Init)
    HAL_UART_MspInit                         0x10004365   Thumb Code   100  usart.o(i.HAL_UART_MspInit)
    HAL_UART_Receive_IT                      0x100043d9   Thumb Code   234  stm32mp1xx_hal_uart.o(i.HAL_UART_Receive_IT)
    HAL_UART_RxCpltCallback                  0x100044d5   Thumb Code    76  usart.o(i.HAL_UART_RxCpltCallback)
    HAL_UART_TxCpltCallback                  0x1000452d   Thumb Code     2  stm32mp1xx_hal_uart.o(i.HAL_UART_TxCpltCallback)
    HardFault_Handler                        0x1000452f   Thumb Code     2  stm32mp1xx_it.o(i.HardFault_Handler)
    MemManage_Handler                        0x1000459d   Thumb Code     2  stm32mp1xx_it.o(i.MemManage_Handler)
    NMI_Handler                              0x1000459f   Thumb Code     2  stm32mp1xx_it.o(i.NMI_Handler)
    PendSV_Handler                           0x100045a1   Thumb Code     2  stm32mp1xx_it.o(i.PendSV_Handler)
    RCCEx_PLL2_Config                        0x100045a5   Thumb Code   468  stm32mp1xx_hal_rcc_ex.o(i.RCCEx_PLL2_Config)
    RCCEx_PLL3_Config                        0x10004785   Thumb Code   384  stm32mp1xx_hal_rcc_ex.o(i.RCCEx_PLL3_Config)
    RCCEx_PLL4_Config                        0x10004915   Thumb Code   358  stm32mp1xx_hal_rcc_ex.o(i.RCCEx_PLL4_Config)
    RCC_AXISSConfig                          0x10004a8d   Thumb Code   176  stm32mp1xx_hal_rcc.o(i.RCC_AXISSConfig)
    RCC_GetCKPERFreq                         0x10004b41   Thumb Code    36  stm32mp1xx_hal_rcc.o(i.RCC_GetCKPERFreq)
    RCC_MCUConfig                            0x10004b71   Thumb Code   196  stm32mp1xx_hal_rcc.o(i.RCC_MCUConfig)
    RCC_MPUConfig                            0x10004c41   Thumb Code   132  stm32mp1xx_hal_rcc.o(i.RCC_MPUConfig)
    RCC_PLL1_Config                          0x10004cc9   Thumb Code   446  stm32mp1xx_hal_rcc.o(i.RCC_PLL1_Config)
    SVC_Handler                              0x10004e95   Thumb Code     2  stm32mp1xx_it.o(i.SVC_Handler)
    SysTick_Handler                          0x10004e97   Thumb Code     4  stm32mp1xx_it.o(i.SysTick_Handler)
    SystemInit                               0x10004e9d   Thumb Code    30  system_stm32mp1xx.o(i.SystemInit)
    TIM4_IRQHandler                          0x10004ec5   Thumb Code    44  usmart_port.o(i.TIM4_IRQHandler)
    TIM_Base_SetConfig                       0x10004ef9   Thumb Code   162  stm32mp1xx_hal_tim.o(i.TIM_Base_SetConfig)
    UART4_IRQHandler                         0x10004fb9   Thumb Code    56  usart.o(i.UART4_IRQHandler)
    UART_AdvFeatureConfig                    0x10004ffd   Thumb Code   200  stm32mp1xx_hal_uart.o(i.UART_AdvFeatureConfig)
    UART_CheckIdleState                      0x100050c5   Thumb Code    94  stm32mp1xx_hal_uart.o(i.UART_CheckIdleState)
    UART_SetConfig                           0x10005371   Thumb Code  1470  stm32mp1xx_hal_uart.o(i.UART_SetConfig)
    UART_WaitOnFlagUntilTimeout              0x1000592f   Thumb Code   160  stm32mp1xx_hal_uart.o(i.UART_WaitOnFlagUntilTimeout)
    UsageFault_Handler                       0x100059cf   Thumb Code     2  stm32mp1xx_it.o(i.UsageFault_Handler)
    __ARM_fpclassify                         0x100059d1   Thumb Code    48  fpclassify.o(i.__ARM_fpclassify)
    _is_digit                                0x10005a21   Thumb Code    14  __printf_wp.o(i._is_digit)
    _sys_exit                                0x10005a2f   Thumb Code     2  usart.o(i._sys_exit)
    adc_get_result                           0x10005a31   Thumb Code    60  adc.o(i.adc_get_result)
    adc_get_result_average                   0x10005a71   Thumb Code    44  adc.o(i.adc_get_result_average)
    adc_gpio_init                            0x10005a9d   Thumb Code    34  adc.o(i.adc_gpio_init)
    adc_init                                 0x10005ac9   Thumb Code    96  adc.o(i.adc_init)
    dac_init                                 0x10005b35   Thumb Code    54  dac.o(i.dac_init)
    delay                                    0x10005b75   Thumb Code    24  delay.o(i.delay)
    delay_init                               0x10005b8d   Thumb Code     6  delay.o(i.delay_init)
    delay_ms                                 0x10005b99   Thumb Code    26  delay.o(i.delay_ms)
    delay_short                              0x10005bb3   Thumb Code    12  delay.o(i.delay_short)
    delay_us                                 0x10005bc1   Thumb Code    48  delay.o(i.delay_us)
    fputc                                    0x10005bf5   Thumb Code    14  usart.o(i.fputc)
    key_init                                 0x10005c09   Thumb Code    70  key.o(i.key_init)
    key_scan                                 0x10005c61   Thumb Code   156  key.o(i.key_scan)
    led_init                                 0x10005d0d   Thumb Code    76  led.o(i.led_init)
    main                                     0x10005d65   Thumb Code   278  main.o(i.main)
    read_addr                                0x10005f05   Thumb Code     4  usmart.o(i.read_addr)
    sys_stm32_clock_init                     0x10005f09   Thumb Code   240  sys.o(i.sys_stm32_clock_init)
    timer4_init                              0x10005ff9   Thumb Code    56  usmart_port.o(i.timer4_init)
    usart_init                               0x1000603d   Thumb Code    44  usart.o(i.usart_init)
    usmart_cmd_rec                           0x10006075   Thumb Code   144  usmart.o(i.usmart_cmd_rec)
    usmart_exe                               0x10006109   Thumb Code   510  usmart.o(i.usmart_exe)
    usmart_get_aparm                         0x10006369   Thumb Code   164  usmart_str.o(i.usmart_get_aparm)
    usmart_get_cmdname                       0x1000640d   Thumb Code    46  usmart_str.o(i.usmart_get_cmdname)
    usmart_get_fname                         0x1000643d   Thumb Code   352  usmart_str.o(i.usmart_get_fname)
    usmart_get_fparam                        0x100065a5   Thumb Code   202  usmart_str.o(i.usmart_get_fparam)
    usmart_get_input_string                  0x10006675   Thumb Code    24  usmart_port.o(i.usmart_get_input_string)
    usmart_get_parmpos                       0x10006695   Thumb Code    30  usmart_str.o(i.usmart_get_parmpos)
    usmart_init                              0x100066b9   Thumb Code    36  usmart.o(i.usmart_init)
    usmart_pow                               0x100066e1   Thumb Code    16  usmart_str.o(i.usmart_pow)
    usmart_scan                              0x100066f1   Thumb Code    82  usmart.o(i.usmart_scan)
    usmart_search_nextc                      0x10006781   Thumb Code    16  usmart_str.o(i.usmart_search_nextc)
    usmart_str2num                           0x10006791   Thumb Code   214  usmart_str.o(i.usmart_str2num)
    usmart_strcmp                            0x10006867   Thumb Code    24  usmart_str.o(i.usmart_strcmp)
    usmart_strcopy                           0x1000687f   Thumb Code    18  usmart_str.o(i.usmart_strcopy)
    usmart_strlen                            0x10006891   Thumb Code    18  usmart_str.o(i.usmart_strlen)
    usmart_sys_cmd_exe                       0x100068a5   Thumb Code  1458  usmart.o(i.usmart_sys_cmd_exe)
    usmart_timx_get_time                     0x10006f25   Thumb Code    38  usmart_port.o(i.usmart_timx_get_time)
    usmart_timx_reset_time                   0x10006f55   Thumb Code    32  usmart_port.o(i.usmart_timx_reset_time)
    write_addr                               0x10006f7d   Thumb Code     4  usmart.o(i.write_addr)
    _get_lc_numeric                          0x10006f81   Thumb Code    44  lc_numeric_c.o(locale$$code)
    __aeabi_d2f                              0x10006fad   Thumb Code     0  d2f.o(x$fpl$d2f)
    _d2f                                     0x10006fad   Thumb Code    98  d2f.o(x$fpl$d2f)
    __aeabi_ui2d                             0x1000700f   Thumb Code     0  dflt_clz.o(x$fpl$dfltu)
    _dfltu                                   0x1000700f   Thumb Code    38  dflt_clz.o(x$fpl$dfltu)
    __aeabi_dmul                             0x10007035   Thumb Code     0  dmul.o(x$fpl$dmul)
    _dmul                                    0x10007035   Thumb Code   332  dmul.o(x$fpl$dmul)
    __fpl_dnaninf                            0x10007189   Thumb Code   156  dnaninf.o(x$fpl$dnaninf)
    __fpl_dretinf                            0x10007225   Thumb Code    12  dretinf.o(x$fpl$dretinf)
    __aeabi_f2d                              0x10007231   Thumb Code     0  f2d.o(x$fpl$f2d)
    _f2d                                     0x10007231   Thumb Code    86  f2d.o(x$fpl$f2d)
    __fpl_fnaninf                            0x10007287   Thumb Code   140  fnaninf.o(x$fpl$fnaninf)
    _fp_init                                 0x10007313   Thumb Code    10  fpinit.o(x$fpl$fpinit)
    __fplib_config_fpu_vfp                   0x1000731b   Thumb Code     0  fpinit.o(x$fpl$fpinit)
    __fplib_config_pureend_doubles           0x1000731b   Thumb Code     0  fpinit.o(x$fpl$fpinit)
    __fpl_fretinf                            0x1000731d   Thumb Code    10  fretinf.o(x$fpl$fretinf)
    _printf_fp_dec                           0x10007327   Thumb Code     4  printf1.o(x$fpl$printf1)
    __I$use$fp                               0x1000732a   Number         0  usenofp.o(x$fpl$usenofp)
    Region$$Table$$Base                      0x100074a8   Number         0  anon$$obj.o(Region$$Table)
    Region$$Table$$Limit                     0x100074c8   Number         0  anon$$obj.o(Region$$Table)
    SystemCoreClock                          0x10020000   Data           4  system_stm32mp1xx.o(.data)
    g_rx_buffer                              0x10020008   Data           1  usart.o(.data)
    g_usart_rx_sta                           0x1002000a   Data           2  usart.o(.data)
    __stdout                                 0x1002000c   Data           4  usart.o(.data)
    uwTickFreq                               0x10020010   Data           1  stm32mp1xx_hal.o(.data)
    uwTickPrio                               0x10020014   Data           4  stm32mp1xx_hal.o(.data)
    uwTick                                   0x10020018   Data           4  stm32mp1xx_hal.o(.data)
    g_adc_dma_sta                            0x1002001d   Data           1  adc.o(.data)
    sys_cmd_tab                              0x10020020   Data          28  usmart.o(.data)
    usmart_nametab                           0x1002003c   Data          32  usmart_config.o(.data)
    usmart_dev                               0x1002005c   Data         244  usmart_config.o(.data)
    g_usart_rx_buf                           0x10020150   Data         200  usart.o(.bss)
    g_uart4_handle                           0x10020218   Data         148  usart.o(.bss)
    g_adc_handle                             0x100202ac   Data         100  adc.o(.bss)
    g_adc_dma_handle                         0x10020310   Data         100  adc.o(.bss)
    g_dma_adc_handle                         0x10020374   Data         120  adc.o(.bss)
    g_adc_nch_dma_handle                     0x100203ec   Data         100  adc.o(.bss)
    g_dma_nch_adc_handle                     0x10020450   Data         120  adc.o(.bss)
    g_dac_handle                             0x100204c8   Data          20  dac.o(.bss)
    g_timx_usmart_handle                     0x100204dc   Data          64  usmart_port.o(.bss)
    __libspace_start                         0x1002051c   Data          96  libspace.o(.bss)
    __temporary_stack_top$libspace           0x1002057c   Data           0  libspace.o(.bss)
    __stack_limit                            0x10020580   Data           0  startup_stm32mp15xx.o(STACK)
    __initial_sp                             0x10020980   Data           0  startup_stm32mp15xx.o(STACK)



==============================================================================

Memory Map of the image

  Image Entry point : 0x10000001

  Load Region LR_VECTORS (Base: 0x00000000, Size: 0x000003bc, Max: 0x00000400, ABSOLUTE)

    Execution Region .isr_vector (Exec base: 0x00000000, Load base: 0x00000000, Size: 0x000003bc, Max: 0xffffffff, ABSOLUTE)

    Exec Addr    Load Addr    Size         Type   Attr      Idx    E Section Name        Object

    0x00000000   0x00000000   0x000003bc   Data   RO            4    RESET               startup_stm32mp15xx.o



  Load Region LR_IROM1 (Base: 0x10000000, Size: 0x00007634, Max: 0x00020000, ABSOLUTE, COMPRESSED[0x00007538])

    Execution Region ER_IROM1 (Exec base: 0x10000000, Load base: 0x10000000, Size: 0x000074e4, Max: 0x00020000, ABSOLUTE)

    Exec Addr    Load Addr    Size         Type   Attr      Idx    E Section Name        Object

    0x10000000   0x10000000   0x00000008   Code   RO         5561  * !!!main             c_w.l(__main.o)
    0x10000008   0x10000008   0x00000034   Code   RO         5810    !!!scatter          c_w.l(__scatter.o)
    0x1000003c   0x1000003c   0x0000005a   Code   RO         5808    !!dczerorl2         c_w.l(__dczerorl2.o)
    0x10000096   0x10000096   0x00000002   PAD
    0x10000098   0x10000098   0x0000001c   Code   RO         5812    !!handler_zi        c_w.l(__scatter_zi.o)
    0x100000b4   0x100000b4   0x00000000   Code   RO         5560    .ARM.Collect$$_printf_percent$$00000000  c_w.l(_printf_percent.o)
    0x100000b4   0x100000b4   0x00000006   Code   RO         5559    .ARM.Collect$$_printf_percent$$00000003  c_w.l(_printf_f.o)
    0x100000ba   0x100000ba   0x00000006   Code   RO         5557    .ARM.Collect$$_printf_percent$$00000009  c_w.l(_printf_d.o)
    0x100000c0   0x100000c0   0x00000006   Code   RO         5558    .ARM.Collect$$_printf_percent$$0000000A  c_w.l(_printf_u.o)
    0x100000c6   0x100000c6   0x00000006   Code   RO         5556    .ARM.Collect$$_printf_percent$$0000000C  c_w.l(_printf_x.o)
    0x100000cc   0x100000cc   0x00000006   Code   RO         5554    .ARM.Collect$$_printf_percent$$00000013  c_w.l(_printf_c.o)
    0x100000d2   0x100000d2   0x00000006   Code   RO         5555    .ARM.Collect$$_printf_percent$$00000014  c_w.l(_printf_s.o)
    0x100000d8   0x100000d8   0x00000004   Code   RO         5588    .ARM.Collect$$_printf_percent$$00000017  c_w.l(_printf_percent_end.o)
    0x100000dc   0x100000dc   0x00000002   Code   RO         5681    .ARM.Collect$$libinit$$00000000  c_w.l(libinit.o)
    0x100000de   0x100000de   0x00000004   Code   RO         5682    .ARM.Collect$$libinit$$00000001  c_w.l(libinit2.o)
    0x100000e2   0x100000e2   0x00000000   Code   RO         5685    .ARM.Collect$$libinit$$00000004  c_w.l(libinit2.o)
    0x100000e2   0x100000e2   0x00000000   Code   RO         5688    .ARM.Collect$$libinit$$0000000A  c_w.l(libinit2.o)
    0x100000e2   0x100000e2   0x00000000   Code   RO         5690    .ARM.Collect$$libinit$$0000000C  c_w.l(libinit2.o)
    0x100000e2   0x100000e2   0x00000000   Code   RO         5692    .ARM.Collect$$libinit$$0000000E  c_w.l(libinit2.o)
    0x100000e2   0x100000e2   0x00000006   Code   RO         5693    .ARM.Collect$$libinit$$0000000F  c_w.l(libinit2.o)
    0x100000e8   0x100000e8   0x00000000   Code   RO         5695    .ARM.Collect$$libinit$$00000011  c_w.l(libinit2.o)
    0x100000e8   0x100000e8   0x00000000   Code   RO         5697    .ARM.Collect$$libinit$$00000013  c_w.l(libinit2.o)
    0x100000e8   0x100000e8   0x00000000   Code   RO         5699    .ARM.Collect$$libinit$$00000015  c_w.l(libinit2.o)
    0x100000e8   0x100000e8   0x0000000a   Code   RO         5700    .ARM.Collect$$libinit$$00000016  c_w.l(libinit2.o)
    0x100000f2   0x100000f2   0x00000000   Code   RO         5701    .ARM.Collect$$libinit$$00000017  c_w.l(libinit2.o)
    0x100000f2   0x100000f2   0x00000000   Code   RO         5703    .ARM.Collect$$libinit$$00000019  c_w.l(libinit2.o)
    0x100000f2   0x100000f2   0x00000000   Code   RO         5705    .ARM.Collect$$libinit$$0000001B  c_w.l(libinit2.o)
    0x100000f2   0x100000f2   0x00000000   Code   RO         5707    .ARM.Collect$$libinit$$0000001D  c_w.l(libinit2.o)
    0x100000f2   0x100000f2   0x00000000   Code   RO         5709    .ARM.Collect$$libinit$$0000001F  c_w.l(libinit2.o)
    0x100000f2   0x100000f2   0x00000000   Code   RO         5711    .ARM.Collect$$libinit$$00000021  c_w.l(libinit2.o)
    0x100000f2   0x100000f2   0x00000000   Code   RO         5713    .ARM.Collect$$libinit$$00000023  c_w.l(libinit2.o)
    0x100000f2   0x100000f2   0x00000000   Code   RO         5715    .ARM.Collect$$libinit$$00000025  c_w.l(libinit2.o)
    0x100000f2   0x100000f2   0x00000000   Code   RO         5719    .ARM.Collect$$libinit$$0000002C  c_w.l(libinit2.o)
    0x100000f2   0x100000f2   0x00000000   Code   RO         5721    .ARM.Collect$$libinit$$0000002E  c_w.l(libinit2.o)
    0x100000f2   0x100000f2   0x00000000   Code   RO         5723    .ARM.Collect$$libinit$$00000030  c_w.l(libinit2.o)
    0x100000f2   0x100000f2   0x00000000   Code   RO         5725    .ARM.Collect$$libinit$$00000032  c_w.l(libinit2.o)
    0x100000f2   0x100000f2   0x00000002   Code   RO         5726    .ARM.Collect$$libinit$$00000033  c_w.l(libinit2.o)
    0x100000f4   0x100000f4   0x00000002   Code   RO         5761    .ARM.Collect$$libshutdown$$00000000  c_w.l(libshutdown.o)
    0x100000f6   0x100000f6   0x00000000   Code   RO         5769    .ARM.Collect$$libshutdown$$00000002  c_w.l(libshutdown2.o)
    0x100000f6   0x100000f6   0x00000000   Code   RO         5771    .ARM.Collect$$libshutdown$$00000004  c_w.l(libshutdown2.o)
    0x100000f6   0x100000f6   0x00000000   Code   RO         5774    .ARM.Collect$$libshutdown$$00000007  c_w.l(libshutdown2.o)
    0x100000f6   0x100000f6   0x00000000   Code   RO         5777    .ARM.Collect$$libshutdown$$0000000A  c_w.l(libshutdown2.o)
    0x100000f6   0x100000f6   0x00000000   Code   RO         5779    .ARM.Collect$$libshutdown$$0000000C  c_w.l(libshutdown2.o)
    0x100000f6   0x100000f6   0x00000000   Code   RO         5782    .ARM.Collect$$libshutdown$$0000000F  c_w.l(libshutdown2.o)
    0x100000f6   0x100000f6   0x00000002   Code   RO         5783    .ARM.Collect$$libshutdown$$00000010  c_w.l(libshutdown2.o)
    0x100000f8   0x100000f8   0x00000000   Code   RO         5579    .ARM.Collect$$rtentry$$00000000  c_w.l(__rtentry.o)
    0x100000f8   0x100000f8   0x00000000   Code   RO         5599    .ARM.Collect$$rtentry$$00000002  c_w.l(__rtentry2.o)
    0x100000f8   0x100000f8   0x00000004   Code   RO         5613    .ARM.Collect$$rtentry$$00000005  c_w.l(__rtentry5.o)
    0x100000fc   0x100000fc   0x00000000   Code   RO         5601    .ARM.Collect$$rtentry$$00000009  c_w.l(__rtentry2.o)
    0x100000fc   0x100000fc   0x00000004   Code   RO         5602    .ARM.Collect$$rtentry$$0000000A  c_w.l(__rtentry2.o)
    0x10000100   0x10000100   0x00000000   Code   RO         5604    .ARM.Collect$$rtentry$$0000000C  c_w.l(__rtentry2.o)
    0x10000100   0x10000100   0x00000008   Code   RO         5605    .ARM.Collect$$rtentry$$0000000D  c_w.l(__rtentry2.o)
    0x10000108   0x10000108   0x00000004   Code   RO         5614    .ARM.Collect$$rtentry$$00002716  c_w.l(__rtentry5.o)
    0x1000010c   0x1000010c   0x00000002   Code   RO         5729    .ARM.Collect$$rtexit$$00000000  c_w.l(rtexit.o)
    0x1000010e   0x1000010e   0x00000000   Code   RO         5741    .ARM.Collect$$rtexit$$00000002  c_w.l(rtexit2.o)
    0x1000010e   0x1000010e   0x00000004   Code   RO         5742    .ARM.Collect$$rtexit$$00000003  c_w.l(rtexit2.o)
    0x10000112   0x10000112   0x00000006   Code   RO         5743    .ARM.Collect$$rtexit$$00000004  c_w.l(rtexit2.o)
    0x10000118   0x10000118   0x00000150   Code   RO            5    .text               startup_stm32mp15xx.o
    0x10000268   0x10000268   0x00000002   Code   RO         5499    .text               c_w.l(use_no_semi_2.o)
    0x1000026a   0x1000026a   0x00000002   PAD
    0x1000026c   0x1000026c   0x00000018   Code   RO         5503    .text               c_w.l(noretval__2printf.o)
    0x10000284   0x10000284   0x0000004e   Code   RO         5507    .text               c_w.l(_printf_pad.o)
    0x100002d2   0x100002d2   0x00000052   Code   RO         5509    .text               c_w.l(_printf_str.o)
    0x10000324   0x10000324   0x00000078   Code   RO         5511    .text               c_w.l(_printf_dec.o)
    0x1000039c   0x1000039c   0x00000058   Code   RO         5516    .text               c_w.l(_printf_hex_int.o)
    0x100003f4   0x100003f4   0x00000188   Code   RO         5551    .text               c_w.l(__printf_flags_ss_wp.o)
    0x1000057c   0x1000057c   0x00000002   Code   RO         5577    .text               c_w.l(use_no_semi.o)
    0x1000057e   0x1000057e   0x000000b2   Code   RO         5580    .text               c_w.l(_printf_intcommon.o)
    0x10000630   0x10000630   0x0000041e   Code   RO         5582    .text               c_w.l(_printf_fp_dec.o)
    0x10000a4e   0x10000a4e   0x0000002c   Code   RO         5584    .text               c_w.l(_printf_char.o)
    0x10000a7a   0x10000a7a   0x00000002   PAD
    0x10000a7c   0x10000a7c   0x00000024   Code   RO         5586    .text               c_w.l(_printf_char_file.o)
    0x10000aa0   0x10000aa0   0x00000008   Code   RO         5621    .text               c_w.l(rt_locale_intlibspace.o)
    0x10000aa8   0x10000aa8   0x0000008a   Code   RO         5623    .text               c_w.l(lludiv10.o)
    0x10000b32   0x10000b32   0x00000002   PAD
    0x10000b34   0x10000b34   0x00000030   Code   RO         5625    .text               c_w.l(_printf_char_common.o)
    0x10000b64   0x10000b64   0x00000080   Code   RO         5627    .text               c_w.l(_printf_fp_infnan.o)
    0x10000be4   0x10000be4   0x000000e4   Code   RO         5629    .text               c_w.l(bigflt0.o)
    0x10000cc8   0x10000cc8   0x00000008   Code   RO         5654    .text               c_w.l(ferror.o)
    0x10000cd0   0x10000cd0   0x00000012   Code   RO         5672    .text               c_w.l(exit.o)
    0x10000ce2   0x10000ce2   0x00000002   PAD
    0x10000ce4   0x10000ce4   0x00000080   Code   RO         5674    .text               c_w.l(strcmpv7m.o)
    0x10000d64   0x10000d64   0x0000003e   Code   RO         5632    CL$$btod_d2e        c_w.l(btod.o)
    0x10000da2   0x10000da2   0x00000046   Code   RO         5634    CL$$btod_d2e_denorm_low  c_w.l(btod.o)
    0x10000de8   0x10000de8   0x00000060   Code   RO         5633    CL$$btod_d2e_norm_op1  c_w.l(btod.o)
    0x10000e48   0x10000e48   0x00000338   Code   RO         5642    CL$$btod_div_common  c_w.l(btod.o)
    0x10001180   0x10001180   0x000000dc   Code   RO         5639    CL$$btod_e2e        c_w.l(btod.o)
    0x1000125c   0x1000125c   0x0000002a   Code   RO         5636    CL$$btod_ediv       c_w.l(btod.o)
    0x10001286   0x10001286   0x0000002a   Code   RO         5635    CL$$btod_emul       c_w.l(btod.o)
    0x100012b0   0x100012b0   0x00000244   Code   RO         5641    CL$$btod_mult_common  c_w.l(btod.o)
    0x100014f4   0x100014f4   0x000000a0   Code   RO         4260    i.ADC_ConfigureBoostMode  stm32mp1xx_hal_adc.o
    0x10001594   0x10001594   0x00000068   Code   RO         4265    i.ADC_Disable       stm32mp1xx_hal_adc.o
    0x100015fc   0x100015fc   0x00000094   Code   RO         4266    i.ADC_Enable        stm32mp1xx_hal_adc.o
    0x10001690   0x10001690   0x00000002   Code   RO          271    i.BusFault_Handler  stm32mp1xx_it.o
    0x10001692   0x10001692   0x00000002   PAD
    0x10001694   0x10001694   0x0000006c   Code   RO         5126    i.DMA1_Stream7_IRQHandler  adc.o
    0x10001700   0x10001700   0x00000002   Code   RO          272    i.DebugMon_Handler  stm32mp1xx_it.o
    0x10001702   0x10001702   0x00000002   PAD
    0x10001704   0x10001704   0x0000009c   Code   RO         4496    i.HAL_ADCEx_Calibration_Start  stm32mp1xx_hal_adc_ex.o
    0x100017a0   0x100017a0   0x0000037c   Code   RO         4268    i.HAL_ADC_ConfigChannel  stm32mp1xx_hal_adc.o
    0x10001b1c   0x10001b1c   0x00000006   Code   RO         4275    i.HAL_ADC_GetValue  stm32mp1xx_hal_adc.o
    0x10001b22   0x10001b22   0x00000002   PAD
    0x10001b24   0x10001b24   0x000001c8   Code   RO         4277    i.HAL_ADC_Init      stm32mp1xx_hal_adc.o
    0x10001cec   0x10001cec   0x00000002   Code   RO         4280    i.HAL_ADC_MspInit   stm32mp1xx_hal_adc.o
    0x10001cee   0x10001cee   0x00000002   PAD
    0x10001cf0   0x10001cf0   0x000000f8   Code   RO         4281    i.HAL_ADC_PollForConversion  stm32mp1xx_hal_adc.o
    0x10001de8   0x10001de8   0x000000f4   Code   RO         4283    i.HAL_ADC_Start     stm32mp1xx_hal_adc.o
    0x10001edc   0x10001edc   0x00000130   Code   RO         4731    i.HAL_DAC_ConfigChannel  stm32mp1xx_hal_dac.o
    0x1000200c   0x1000200c   0x0000000c   Code   RO         4739    i.HAL_DAC_GetValue  stm32mp1xx_hal_dac.o
    0x10002018   0x10002018   0x00000028   Code   RO         4741    i.HAL_DAC_Init      stm32mp1xx_hal_dac.o
    0x10002040   0x10002040   0x00000034   Code   RO         5210    i.HAL_DAC_MspInit   dac.o
    0x10002074   0x10002074   0x0000001a   Code   RO         4744    i.HAL_DAC_SetValue  stm32mp1xx_hal_dac.o
    0x1000208e   0x1000208e   0x00000054   Code   RO         4745    i.HAL_DAC_Start     stm32mp1xx_hal_dac.o
    0x100020e2   0x100020e2   0x00000026   Code   RO         1138    i.HAL_DMA_Abort_IT  stm32mp1xx_hal_dma.o
    0x10002108   0x10002108   0x00000024   Code   RO          741    i.HAL_Delay         stm32mp1xx_hal.o
    0x1000212c   0x1000212c   0x000001ec   Code   RO         1331    i.HAL_GPIO_Init     stm32mp1xx_hal_gpio.o
    0x10002318   0x10002318   0x0000000a   Code   RO         1333    i.HAL_GPIO_ReadPin  stm32mp1xx_hal_gpio.o
    0x10002322   0x10002322   0x0000000e   Code   RO         1334    i.HAL_GPIO_TogglePin  stm32mp1xx_hal_gpio.o
    0x10002330   0x10002330   0x0000000a   Code   RO         1335    i.HAL_GPIO_WritePin  stm32mp1xx_hal_gpio.o
    0x1000233a   0x1000233a   0x00000002   PAD
    0x1000233c   0x1000233c   0x0000000c   Code   RO          755    i.HAL_GetTick       stm32mp1xx_hal.o
    0x10002348   0x10002348   0x00000010   Code   RO          758    i.HAL_IncTick       stm32mp1xx_hal.o
    0x10002358   0x10002358   0x00000028   Code   RO          759    i.HAL_Init          stm32mp1xx_hal.o
    0x10002380   0x10002380   0x00000040   Code   RO          760    i.HAL_InitTick      stm32mp1xx_hal.o
    0x100023c0   0x100023c0   0x00000026   Code   RO         1404    i.HAL_MDMA_Abort_IT  stm32mp1xx_hal_mdma.o
    0x100023e6   0x100023e6   0x00000002   Code   RO          762    i.HAL_MspInit       stm32mp1xx_hal.o
    0x100023e8   0x100023e8   0x0000001a   Code   RO         1014    i.HAL_NVIC_EnableIRQ  stm32mp1xx_hal_cortex.o
    0x10002402   0x10002402   0x00000002   PAD
    0x10002404   0x10002404   0x00000040   Code   RO         1020    i.HAL_NVIC_SetPriority  stm32mp1xx_hal_cortex.o
    0x10002444   0x10002444   0x00000024   Code   RO         1021    i.HAL_NVIC_SetPriorityGrouping  stm32mp1xx_hal_cortex.o
    0x10002468   0x10002468   0x00000010   Code   RO         1556    i.HAL_PWR_EnableBkUpAccess  stm32mp1xx_hal_pwr.o
    0x10002478   0x10002478   0x00000698   Code   RO         2132    i.HAL_RCCEx_GetPeriphCLKFreq  stm32mp1xx_hal_rcc_ex.o
    0x10002b10   0x10002b10   0x00000ae4   Code   RO         2133    i.HAL_RCCEx_PeriphCLKConfig  stm32mp1xx_hal_rcc_ex.o
    0x100035f4   0x100035f4   0x00000134   Code   RO         1864    i.HAL_RCC_ClockConfig  stm32mp1xx_hal_rcc.o
    0x10003728   0x10003728   0x0000001e   Code   RO         1867    i.HAL_RCC_GetACLKFreq  stm32mp1xx_hal_rcc.o
    0x10003746   0x10003746   0x00000002   PAD
    0x10003748   0x10003748   0x00000048   Code   RO         1868    i.HAL_RCC_GetAXISSFreq  stm32mp1xx_hal_rcc.o
    0x10003790   0x10003790   0x00000004   Code   RO         1872    i.HAL_RCC_GetHCLK2Freq  stm32mp1xx_hal_rcc.o
    0x10003794   0x10003794   0x00000004   Code   RO         1876    i.HAL_RCC_GetHCLK6Freq  stm32mp1xx_hal_rcc.o
    0x10003798   0x10003798   0x0000001c   Code   RO         1877    i.HAL_RCC_GetMCUFreq  stm32mp1xx_hal_rcc.o
    0x100037b4   0x100037b4   0x00000048   Code   RO         1878    i.HAL_RCC_GetMCUSSFreq  stm32mp1xx_hal_rcc.o
    0x100037fc   0x100037fc   0x00000004   Code   RO         1879    i.HAL_RCC_GetMLHCLKFreq  stm32mp1xx_hal_rcc.o
    0x10003800   0x10003800   0x0000001c   Code   RO         1882    i.HAL_RCC_GetPCLK1Freq  stm32mp1xx_hal_rcc.o
    0x1000381c   0x1000381c   0x0000001c   Code   RO         1883    i.HAL_RCC_GetPCLK2Freq  stm32mp1xx_hal_rcc.o
    0x10003838   0x10003838   0x0000001c   Code   RO         1884    i.HAL_RCC_GetPCLK3Freq  stm32mp1xx_hal_rcc.o
    0x10003854   0x10003854   0x0000001a   Code   RO         1886    i.HAL_RCC_GetPCLK5Freq  stm32mp1xx_hal_rcc.o
    0x1000386e   0x1000386e   0x00000002   PAD
    0x10003870   0x10003870   0x000000f4   Code   RO         1888    i.HAL_RCC_GetPLL2ClockFreq  stm32mp1xx_hal_rcc.o
    0x10003964   0x10003964   0x00000114   Code   RO         1889    i.HAL_RCC_GetPLL3ClockFreq  stm32mp1xx_hal_rcc.o
    0x10003a78   0x10003a78   0x00000110   Code   RO         1890    i.HAL_RCC_GetPLL4ClockFreq  stm32mp1xx_hal_rcc.o
    0x10003b88   0x10003b88   0x00000004   Code   RO         1891    i.HAL_RCC_GetSystemCoreClockFreq  stm32mp1xx_hal_rcc.o
    0x10003b8c   0x10003b8c   0x00000084   Code   RO         1892    i.HAL_RCC_HSEConfig  stm32mp1xx_hal_rcc.o
    0x10003c10   0x10003c10   0x0000009a   Code   RO         1894    i.HAL_RCC_LSEConfig  stm32mp1xx_hal_rcc.o
    0x10003caa   0x10003caa   0x00000002   PAD
    0x10003cac   0x10003cac   0x000003c8   Code   RO         1896    i.HAL_RCC_OscConfig  stm32mp1xx_hal_rcc.o
    0x10004074   0x10004074   0x00000028   Code   RO         1024    i.HAL_SYSTICK_Config  stm32mp1xx_hal_cortex.o
    0x1000409c   0x1000409c   0x00000036   Code   RO         3186    i.HAL_TIM_Base_Init  stm32mp1xx_hal_tim.o
    0x100040d2   0x100040d2   0x00000002   Code   RO         3188    i.HAL_TIM_Base_MspInit  stm32mp1xx_hal_tim.o
    0x100040d4   0x100040d4   0x0000002c   Code   RO         3191    i.HAL_TIM_Base_Start_IT  stm32mp1xx_hal_tim.o
    0x10004100   0x10004100   0x00000002   Code   RO         2643    i.HAL_UARTEx_RxFifoFullCallback  stm32mp1xx_hal_uart_ex.o
    0x10004102   0x10004102   0x00000002   Code   RO         2647    i.HAL_UARTEx_TxFifoEmptyCallback  stm32mp1xx_hal_uart_ex.o
    0x10004104   0x10004104   0x00000002   Code   RO         2648    i.HAL_UARTEx_WakeupCallback  stm32mp1xx_hal_uart_ex.o
    0x10004106   0x10004106   0x00000002   Code   RO         2223    i.HAL_UART_ErrorCallback  stm32mp1xx_hal_uart.o
    0x10004108   0x10004108   0x0000000a   Code   RO         2225    i.HAL_UART_GetState  stm32mp1xx_hal_uart.o
    0x10004112   0x10004112   0x00000002   PAD
    0x10004114   0x10004114   0x000001e4   Code   RO         2226    i.HAL_UART_IRQHandler  stm32mp1xx_hal_uart.o
    0x100042f8   0x100042f8   0x0000006a   Code   RO         2227    i.HAL_UART_Init     stm32mp1xx_hal_uart.o
    0x10004362   0x10004362   0x00000002   PAD
    0x10004364   0x10004364   0x00000074   Code   RO          668    i.HAL_UART_MspInit  usart.o
    0x100043d8   0x100043d8   0x000000fc   Code   RO         2232    i.HAL_UART_Receive_IT  stm32mp1xx_hal_uart.o
    0x100044d4   0x100044d4   0x00000058   Code   RO          669    i.HAL_UART_RxCpltCallback  usart.o
    0x1000452c   0x1000452c   0x00000002   Code   RO         2239    i.HAL_UART_TxCpltCallback  stm32mp1xx_hal_uart.o
    0x1000452e   0x1000452e   0x00000002   Code   RO          273    i.HardFault_Handler  stm32mp1xx_it.o
    0x10004530   0x10004530   0x00000008   Code   RO         4289    i.LL_ADC_INJ_IsConversionOngoing  stm32mp1xx_hal_adc.o
    0x10004538   0x10004538   0x00000008   Code   RO         4290    i.LL_ADC_IsEnabled  stm32mp1xx_hal_adc.o
    0x10004540   0x10004540   0x00000008   Code   RO         4291    i.LL_ADC_REG_IsConversionOngoing  stm32mp1xx_hal_adc.o
    0x10004548   0x10004548   0x00000010   Code   RO         4292    i.LL_ADC_REG_IsTriggerSourceSWStart  stm32mp1xx_hal_adc.o
    0x10004558   0x10004558   0x0000001e   Code   RO         4294    i.LL_ADC_SetChannelSamplingTime  stm32mp1xx_hal_adc.o
    0x10004576   0x10004576   0x00000002   PAD
    0x10004578   0x10004578   0x00000024   Code   RO         4295    i.LL_ADC_SetCommonPathInternalCh  stm32mp1xx_hal_adc.o
    0x1000459c   0x1000459c   0x00000002   Code   RO          274    i.MemManage_Handler  stm32mp1xx_it.o
    0x1000459e   0x1000459e   0x00000002   Code   RO          275    i.NMI_Handler       stm32mp1xx_it.o
    0x100045a0   0x100045a0   0x00000002   Code   RO          276    i.PendSV_Handler    stm32mp1xx_it.o
    0x100045a2   0x100045a2   0x00000002   PAD
    0x100045a4   0x100045a4   0x000001e0   Code   RO         2134    i.RCCEx_PLL2_Config  stm32mp1xx_hal_rcc_ex.o
    0x10004784   0x10004784   0x00000190   Code   RO         2135    i.RCCEx_PLL3_Config  stm32mp1xx_hal_rcc_ex.o
    0x10004914   0x10004914   0x00000178   Code   RO         2136    i.RCCEx_PLL4_Config  stm32mp1xx_hal_rcc_ex.o
    0x10004a8c   0x10004a8c   0x000000b4   Code   RO         1899    i.RCC_AXISSConfig   stm32mp1xx_hal_rcc.o
    0x10004b40   0x10004b40   0x00000030   Code   RO         1900    i.RCC_GetCKPERFreq  stm32mp1xx_hal_rcc.o
    0x10004b70   0x10004b70   0x000000d0   Code   RO         1901    i.RCC_MCUConfig     stm32mp1xx_hal_rcc.o
    0x10004c40   0x10004c40   0x00000088   Code   RO         1902    i.RCC_MPUConfig     stm32mp1xx_hal_rcc.o
    0x10004cc8   0x10004cc8   0x000001cc   Code   RO         1903    i.RCC_PLL1_Config   stm32mp1xx_hal_rcc.o
    0x10004e94   0x10004e94   0x00000002   Code   RO          277    i.SVC_Handler       stm32mp1xx_it.o
    0x10004e96   0x10004e96   0x00000004   Code   RO          278    i.SysTick_Handler   stm32mp1xx_it.o
    0x10004e9a   0x10004e9a   0x00000002   PAD
    0x10004e9c   0x10004e9c   0x00000028   Code   RO          536    i.SystemInit        system_stm32mp1xx.o
    0x10004ec4   0x10004ec4   0x00000034   Code   RO         5362    i.TIM4_IRQHandler   usmart_port.o
    0x10004ef8   0x10004ef8   0x000000c0   Code   RO         3274    i.TIM_Base_SetConfig  stm32mp1xx_hal_tim.o
    0x10004fb8   0x10004fb8   0x00000044   Code   RO          670    i.UART4_IRQHandler  usart.o
    0x10004ffc   0x10004ffc   0x000000c8   Code   RO         2241    i.UART_AdvFeatureConfig  stm32mp1xx_hal_uart.o
    0x100050c4   0x100050c4   0x0000005e   Code   RO         2242    i.UART_CheckIdleState  stm32mp1xx_hal_uart.o
    0x10005122   0x10005122   0x00000014   Code   RO         2243    i.UART_DMAAbortOnError  stm32mp1xx_hal_uart.o
    0x10005136   0x10005136   0x00000002   PAD
    0x10005138   0x10005138   0x00000024   Code   RO         2253    i.UART_EndRxTransfer  stm32mp1xx_hal_uart.o
    0x1000515c   0x1000515c   0x00000014   Code   RO         2255    i.UART_MDMAAbortOnError  stm32mp1xx_hal_uart.o
    0x10005170   0x10005170   0x0000005e   Code   RO         2263    i.UART_RxISR_16BIT  stm32mp1xx_hal_uart.o
    0x100051ce   0x100051ce   0x00000002   PAD
    0x100051d0   0x100051d0   0x000000a0   Code   RO         2264    i.UART_RxISR_16BIT_FIFOEN  stm32mp1xx_hal_uart.o
    0x10005270   0x10005270   0x0000005e   Code   RO         2265    i.UART_RxISR_8BIT   stm32mp1xx_hal_uart.o
    0x100052ce   0x100052ce   0x00000002   PAD
    0x100052d0   0x100052d0   0x000000a0   Code   RO         2266    i.UART_RxISR_8BIT_FIFOEN  stm32mp1xx_hal_uart.o
    0x10005370   0x10005370   0x000005be   Code   RO         2267    i.UART_SetConfig    stm32mp1xx_hal_uart.o
    0x1000592e   0x1000592e   0x000000a0   Code   RO         2272    i.UART_WaitOnFlagUntilTimeout  stm32mp1xx_hal_uart.o
    0x100059ce   0x100059ce   0x00000002   Code   RO          279    i.UsageFault_Handler  stm32mp1xx_it.o
    0x100059d0   0x100059d0   0x00000030   Code   RO         5663    i.__ARM_fpclassify  m_wm.l(fpclassify.o)
    0x10005a00   0x10005a00   0x00000020   Code   RO         1026    i.__NVIC_SetPriority  stm32mp1xx_hal_cortex.o
    0x10005a20   0x10005a20   0x0000000e   Code   RO         5544    i._is_digit         c_w.l(__printf_wp.o)
    0x10005a2e   0x10005a2e   0x00000002   Code   RO          671    i._sys_exit         usart.o
    0x10005a30   0x10005a30   0x00000040   Code   RO         5129    i.adc_get_result    adc.o
    0x10005a70   0x10005a70   0x0000002c   Code   RO         5130    i.adc_get_result_average  adc.o
    0x10005a9c   0x10005a9c   0x0000002c   Code   RO         5131    i.adc_gpio_init     adc.o
    0x10005ac8   0x10005ac8   0x0000006c   Code   RO         5132    i.adc_init          adc.o
    0x10005b34   0x10005b34   0x00000040   Code   RO         5211    i.dac_init          dac.o
    0x10005b74   0x10005b74   0x00000018   Code   RO          576    i.delay             delay.o
    0x10005b8c   0x10005b8c   0x0000000c   Code   RO          577    i.delay_init        delay.o
    0x10005b98   0x10005b98   0x0000001a   Code   RO          578    i.delay_ms          delay.o
    0x10005bb2   0x10005bb2   0x0000000c   Code   RO          579    i.delay_short       delay.o
    0x10005bbe   0x10005bbe   0x00000002   PAD
    0x10005bc0   0x10005bc0   0x00000034   Code   RO          580    i.delay_us          delay.o
    0x10005bf4   0x10005bf4   0x00000014   Code   RO          673    i.fputc             usart.o
    0x10005c08   0x10005c08   0x00000058   Code   RO         5088    i.key_init          key.o
    0x10005c60   0x10005c60   0x000000ac   Code   RO         5089    i.key_scan          key.o
    0x10005d0c   0x10005d0c   0x00000058   Code   RO         4979    i.led_init          led.o
    0x10005d64   0x10005d64   0x000001a0   Code   RO           14    i.main              main.o
    0x10005f04   0x10005f04   0x00000004   Code   RO         5250    i.read_addr         usmart.o
    0x10005f08   0x10005f08   0x000000f0   Code   RO          637    i.sys_stm32_clock_init  sys.o
    0x10005ff8   0x10005ff8   0x00000044   Code   RO         5363    i.timer4_init       usmart_port.o
    0x1000603c   0x1000603c   0x00000038   Code   RO          674    i.usart_init        usart.o
    0x10006074   0x10006074   0x00000094   Code   RO         5251    i.usmart_cmd_rec    usmart.o
    0x10006108   0x10006108   0x00000260   Code   RO         5252    i.usmart_exe        usmart.o
    0x10006368   0x10006368   0x000000a4   Code   RO         5417    i.usmart_get_aparm  usmart_str.o
    0x1000640c   0x1000640c   0x0000002e   Code   RO         5418    i.usmart_get_cmdname  usmart_str.o
    0x1000643a   0x1000643a   0x00000002   PAD
    0x1000643c   0x1000643c   0x00000168   Code   RO         5419    i.usmart_get_fname  usmart_str.o
    0x100065a4   0x100065a4   0x000000d0   Code   RO         5420    i.usmart_get_fparam  usmart_str.o
    0x10006674   0x10006674   0x00000020   Code   RO         5364    i.usmart_get_input_string  usmart_port.o
    0x10006694   0x10006694   0x00000024   Code   RO         5421    i.usmart_get_parmpos  usmart_str.o
    0x100066b8   0x100066b8   0x00000028   Code   RO         5253    i.usmart_init       usmart.o
    0x100066e0   0x100066e0   0x00000010   Code   RO         5422    i.usmart_pow        usmart_str.o
    0x100066f0   0x100066f0   0x00000090   Code   RO         5254    i.usmart_scan       usmart.o
    0x10006780   0x10006780   0x00000010   Code   RO         5423    i.usmart_search_nextc  usmart_str.o
    0x10006790   0x10006790   0x000000d6   Code   RO         5424    i.usmart_str2num    usmart_str.o
    0x10006866   0x10006866   0x00000018   Code   RO         5425    i.usmart_strcmp     usmart_str.o
    0x1000687e   0x1000687e   0x00000012   Code   RO         5426    i.usmart_strcopy    usmart_str.o
    0x10006890   0x10006890   0x00000012   Code   RO         5427    i.usmart_strlen     usmart_str.o
    0x100068a2   0x100068a2   0x00000002   PAD
    0x100068a4   0x100068a4   0x00000680   Code   RO         5255    i.usmart_sys_cmd_exe  usmart.o
    0x10006f24   0x10006f24   0x00000030   Code   RO         5365    i.usmart_timx_get_time  usmart_port.o
    0x10006f54   0x10006f54   0x00000028   Code   RO         5366    i.usmart_timx_reset_time  usmart_port.o
    0x10006f7c   0x10006f7c   0x00000004   Code   RO         5256    i.write_addr        usmart.o
    0x10006f80   0x10006f80   0x0000002c   Code   RO         5659    locale$$code        c_w.l(lc_numeric_c.o)
    0x10006fac   0x10006fac   0x00000062   Code   RO         5563    x$fpl$d2f           fz_wm.l(d2f.o)
    0x1000700e   0x1000700e   0x00000026   Code   RO         5565    x$fpl$dfltu         fz_wm.l(dflt_clz.o)
    0x10007034   0x10007034   0x00000154   Code   RO         5571    x$fpl$dmul          fz_wm.l(dmul.o)
    0x10007188   0x10007188   0x0000009c   Code   RO         5589    x$fpl$dnaninf       fz_wm.l(dnaninf.o)
    0x10007224   0x10007224   0x0000000c   Code   RO         5591    x$fpl$dretinf       fz_wm.l(dretinf.o)
    0x10007230   0x10007230   0x00000056   Code   RO         5573    x$fpl$f2d           fz_wm.l(f2d.o)
    0x10007286   0x10007286   0x0000008c   Code   RO         5593    x$fpl$fnaninf       fz_wm.l(fnaninf.o)
    0x10007312   0x10007312   0x0000000a   Code   RO         5737    x$fpl$fpinit        fz_wm.l(fpinit.o)
    0x1000731c   0x1000731c   0x0000000a   Code   RO         5595    x$fpl$fretinf       fz_wm.l(fretinf.o)
    0x10007326   0x10007326   0x00000004   Code   RO         5575    x$fpl$printf1       fz_wm.l(printf1.o)
    0x1000732a   0x1000732a   0x00000000   Code   RO         5597    x$fpl$usenofp       fz_wm.l(usenofp.o)
    0x1000732a   0x1000732a   0x00000028   Data   RO         5517    .constdata          c_w.l(_printf_hex_int.o)
    0x10007352   0x10007352   0x00000011   Data   RO         5552    .constdata          c_w.l(__printf_flags_ss_wp.o)
    0x10007363   0x10007363   0x00000001   PAD
    0x10007364   0x10007364   0x00000094   Data   RO         5630    .constdata          c_w.l(bigflt0.o)
    0x100073f8   0x100073f8   0x00000028   Data   RO         5257    .conststring        usmart.o
    0x10007420   0x10007420   0x00000088   Data   RO         5332    .conststring        usmart_config.o
    0x100074a8   0x100074a8   0x00000020   Data   RO         5806    Region$$Table       anon$$obj.o
    0x100074c8   0x100074c8   0x0000001c   Data   RO         5658    locale$$data        c_w.l(lc_numeric_c.o)


    Execution Region RW_IRAM1 (Exec base: 0x10020000, Load base: 0x100074e4, Size: 0x00000980, Max: 0x00020000, ABSOLUTE, COMPRESSED[0x00000054])

    Exec Addr    Load Addr    Size         Type   Attr      Idx    E Section Name        Object

    0x10020000   COMPRESSED   0x00000004   Data   RW          537    .data               system_stm32mp1xx.o
    0x10020004   COMPRESSED   0x00000004   Data   RW          581    .data               delay.o
    0x10020008   COMPRESSED   0x00000004   Data   RW          676    .data               usart.o
    0x1002000c   COMPRESSED   0x00000004   Data   RW          677    .data               usart.o
    0x10020010   COMPRESSED   0x0000000c   Data   RW          781    .data               stm32mp1xx_hal.o
    0x1002001c   COMPRESSED   0x00000001   Data   RW         5090    .data               key.o
    0x1002001d   COMPRESSED   0x00000001   Data   RW         5136    .data               adc.o
    0x1002001e   COMPRESSED   0x00000002   PAD
    0x10020020   COMPRESSED   0x0000001c   Data   RW         5258    .data               usmart.o
    0x1002003c   COMPRESSED   0x00000020   Data   RW         5333    .data               usmart_config.o
    0x1002005c   COMPRESSED   0x000000f4   Data   RW         5334    .data               usmart_config.o
    0x10020150        -       0x0000015c   Zero   RW          675    .bss                usart.o
    0x100202ac        -       0x0000021c   Zero   RW         5135    .bss                adc.o
    0x100204c8        -       0x00000014   Zero   RW         5212    .bss                dac.o
    0x100204dc        -       0x00000040   Zero   RW         5367    .bss                usmart_port.o
    0x1002051c        -       0x00000060   Zero   RW         5666    .bss                c_w.l(libspace.o)
    0x1002057c   COMPRESSED   0x00000004   PAD
    0x10020580        -       0x00000400   Zero   RW            2    STACK               startup_stm32mp15xx.o


    Execution Region .resource_table (Exec base: 0x10020980, Load base: 0x10007538, Size: 0x00000000, Max: 0xffffffff, ABSOLUTE)

    **** No section assigned to this execution region ****


    Execution Region __OpenAMP_SHMEM__ (Exec base: 0x10040000, Load base: 0x10007538, Size: 0x00008000, Max: 0x00008000, ABSOLUTE)

    Exec Addr    Load Addr    Size         Type   Attr      Idx    E Section Name        Object

    0x10040000        -       0x00008000   Zero   RW            1    __OpenAMP_SHMEM__.bss  anon$$obj.o


==============================================================================

Image component sizes


      Code (inc. data)   RO Data    RW Data    ZI Data      Debug   Object Name

       368         44          0          1        540       4292   adc.o
       116         18          0          0         20       1972   dac.o
       126         10          0          4          0       3757   delay.o
       260         34          0          1          0       1358   key.o
        88         12          0          0          0        615   led.o
       416        138          0          0          0    1408007   main.o
       336         10        956          0       1024       7532   startup_stm32mp15xx.o
       170         26          0         12          0      25080   stm32mp1xx_hal.o
      2366        176          0          0          0      74104   stm32mp1xx_hal_adc.o
       156         10          0          0          0      60470   stm32mp1xx_hal_adc_ex.o
       198         14          0          0          0      34215   stm32mp1xx_hal_cortex.o
       466          8          0          0          0       5001   stm32mp1xx_hal_dac.o
        38          0          0          0          0       1511   stm32mp1xx_hal_dma.o
       526         48          0          0          0       4304   stm32mp1xx_hal_gpio.o
        38          0          0          0          0       1340   stm32mp1xx_hal_mdma.o
        16          4          0          0          0        587   stm32mp1xx_hal_pwr.o
      3714        214          0          0          0      20886   stm32mp1xx_hal_rcc.o
      5732        230          0          0          0       9621   stm32mp1xx_hal_rcc_ex.o
       292         34          0          0          0       4522   stm32mp1xx_hal_tim.o
      3364        152          0          0          0      16220   stm32mp1xx_hal_uart.o
         6          0          0          0          0       2553   stm32mp1xx_hal_uart_ex.o
        20          0          0          0          0     270226   stm32mp1xx_it.o
       240          0          0          0          0       1071   sys.o
        40         10          0          4          0        919   system_stm32mp1xx.o
       350         58          0          8        348       6056   usart.o
      2612       1308         40         28          0       6542   usmart.o
         0          0        136        276          0       1732   usmart_config.o
       240         46          0          0         64       3829   usmart_port.o
      1120         20          0          0          0      10451   usmart_str.o

    ----------------------------------------------------------------------
     23454       2624       1164        336      34764    1988773   Object Totals
         0          0         32          0      32768          0   (incl. Generated)
        40          0          0          2          0          0   (incl. Padding)

    ----------------------------------------------------------------------

      Code (inc. data)   RO Data    RW Data    ZI Data      Debug   Library Member Name

        90          0          0          0          0          0   __dczerorl2.o
         8          0          0          0          0         68   __main.o
       392          4         17          0          0         92   __printf_flags_ss_wp.o
        14          0          0          0          0         68   __printf_wp.o
         0          0          0          0          0          0   __rtentry.o
        12          0          0          0          0          0   __rtentry2.o
         8          4          0          0          0          0   __rtentry5.o
        52          8          0          0          0          0   __scatter.o
        28          0          0          0          0          0   __scatter_zi.o
         6          0          0          0          0          0   _printf_c.o
        44          0          0          0          0        108   _printf_char.o
        48          6          0          0          0         96   _printf_char_common.o
        36          4          0          0          0         80   _printf_char_file.o
         6          0          0          0          0          0   _printf_d.o
       120         16          0          0          0         92   _printf_dec.o
         6          0          0          0          0          0   _printf_f.o
      1054          0          0          0          0        216   _printf_fp_dec.o
       128         16          0          0          0         84   _printf_fp_infnan.o
        88          4         40          0          0         88   _printf_hex_int.o
       178          0          0          0          0         88   _printf_intcommon.o
        78          0          0          0          0        108   _printf_pad.o
         0          0          0          0          0          0   _printf_percent.o
         4          0          0          0          0          0   _printf_percent_end.o
         6          0          0          0          0          0   _printf_s.o
        82          0          0          0          0         80   _printf_str.o
         6          0          0          0          0          0   _printf_u.o
         6          0          0          0          0          0   _printf_x.o
       228          4        148          0          0         96   bigflt0.o
      1936        128          0          0          0        672   btod.o
        18          0          0          0          0         80   exit.o
         8          0          0          0          0         68   ferror.o
        44         10         28          0          0         76   lc_numeric_c.o
         2          0          0          0          0          0   libinit.o
        22          0          0          0          0          0   libinit2.o
         2          0          0          0          0          0   libshutdown.o
         2          0          0          0          0          0   libshutdown2.o
         0          0          0          0         96          0   libspace.o
       138          0          0          0          0         80   lludiv10.o
        24          4          0          0          0         84   noretval__2printf.o
         8          4          0          0          0         68   rt_locale_intlibspace.o
         2          0          0          0          0          0   rtexit.o
        10          0          0          0          0          0   rtexit2.o
       128          0          0          0          0         68   strcmpv7m.o
         2          0          0          0          0         68   use_no_semi.o
         2          0          0          0          0         68   use_no_semi_2.o
        98          4          0          0          0        140   d2f.o
        38          0          0          0          0        116   dflt_clz.o
       340         12          0          0          0        152   dmul.o
       156          4          0          0          0        140   dnaninf.o
        12          0          0          0          0        116   dretinf.o
        86          4          0          0          0        132   f2d.o
       140          4          0          0          0        132   fnaninf.o
        10          0          0          0          0        116   fpinit.o
        10          0          0          0          0        116   fretinf.o
         4          0          0          0          0        116   printf1.o
         0          0          0          0          0          0   usenofp.o
        48          0          0          0          0        124   fpclassify.o

    ----------------------------------------------------------------------
      6028        240        234          0        100       4096   Library Totals
        10          0          1          0          4          0   (incl. Padding)

    ----------------------------------------------------------------------

      Code (inc. data)   RO Data    RW Data    ZI Data      Debug   Library Name

      5076        212        233          0         96       2696   c_w.l
       894         28          0          0          0       1276   fz_wm.l
        48          0          0          0          0        124   m_wm.l

    ----------------------------------------------------------------------
      6028        240        234          0        100       4096   Library Totals

    ----------------------------------------------------------------------

==============================================================================


      Code (inc. data)   RO Data    RW Data    ZI Data      Debug   

     29482       2864       1398        336      34864    1976465   Grand Totals
     29482       2864       1398         84      34864    1976465   ELF Image Totals (compressed)
     29482       2864       1398         84          0          0   ROM Totals

==============================================================================

    Total RO  Size (Code + RO Data)                30880 (  30.16kB)
    Total RW  Size (RW Data + ZI Data)             35200 (  34.38kB)
    Total ROM Size (Code + RO Data + RW Data)      30964 (  30.24kB)

==============================================================================

