<html>
<body>
<pre>
<h1>礦ision Build Log</h1>
<h2>Tool Versions:</h2>
IDE-Version: μVision V5.31.0.0
Copyright (C) 2020 ARM Ltd and ARM Germany GmbH. All rights reserved.
License Information: 8 8, 8, LIC=VGXG8-36IAV-30CNC-7JCEC-40UQG-EGN7Y
 
Tool Versions:
Toolchain:       MDK-ARM Plus  Version: 5.31.0.0
Toolchain Path:  D:\MDK5\ARM\ARMCC\Bin
C Compiler:      Armcc.exe V5.06 update 6 (build 750)
Assembler:       Armasm.exe V5.06 update 6 (build 750)
Linker/Locator:  ArmLink.exe V5.06 update 6 (build 750)
Library Manager: ArmAr.exe V5.06 update 6 (build 750)
Hex Converter:   FromElf.exe V5.06 update 6 (build 750)
CPU DLL:         SARMCM3.DLL V5.31.0.0
Dialog DLL:      DCM.DLL V1.17.3.0
Target DLL:      STLink\ST-LINKIII-KEIL_SWO.dll V3.0.7.0
Dialog DLL:      TCM.DLL V1.46.0.0
 
<h2>Project:</h2>
E:\1-MP157-M4 HAL库V1.1\实验17-1 低功耗实验-PVD电压监控\Projects\MDK-ARM\atk_mp1_m4.uvprojx
Project File Date:  01/05/2021

<h2>Output:</h2>
*** Using Compiler 'V5.06 update 6 (build 750)', folder: 'D:\MDK5\ARM\ARMCC\Bin'
Build target 'PVD'
assembling startup_stm32mp15xx.s...
compiling system_stm32mp1xx.c...
compiling stm32mp1xx_it.c...
compiling delay.c...
compiling usart.c...
compiling sys.c...
..\..\Drivers\SYSTEM\sys\sys.c(274): warning:  #1-D: last line of file ends without a newline
   
..\..\Drivers\SYSTEM\sys\sys.c: 1 warning, 0 errors
compiling main.c...
compiling stm32mp1xx_hal.c...
compiling stm32mp1xx_hal_dma.c...
compiling stm32mp1xx_hal_mdma.c...
compiling stm32mp1xx_hal_cortex.c...
compiling stm32mp1xx_hal_gpio.c...
compiling stm32mp1xx_hal_dma_ex.c...
compiling stm32mp1xx_hal_pwr.c...
compiling stm32mp1xx_hal_uart_ex.c...
compiling stm32mp1xx_hal_uart.c...
compiling stm32mp1xx_hal_pwr_ex.c...
compiling stm32mp1xx_hal_rcc_ex.c...
compiling stm32mp1xx_hal_rcc.c...
compiling stm32mp1xx_hal_usart_ex.c...
compiling stm32mp1xx_hal_wwdg.c...
compiling stm32mp1xx_hal_usart.c...
compiling stm32mp1xx_hal_rng.c...
compiling stm32mp1xx_hal_tim_ex.c...
compiling stm32mp1xx_hal_tim.c...
compiling led.c...
compiling beep.c...
compiling key.c...
compiling pwr.c...
compiling rng.c...
compiling oled.c...
compiling usmart.c...
compiling usmart_str.c...
compiling usmart_port.c...
compiling usmart_config.c...
linking...
Program Size: Code=19406 RO-data=1222 RW-data=332 ZI-data=34204  
"..\..\Output\atk_mp1_m4.axf" - 0 Error(s), 1 Warning(s).

<h2>Software Packages used:</h2>

Package Vendor: Keil
                http://www.keil.com/pack/Keil.STM32MP1xx_DFP.1.3.0.pack
                Keil.STM32MP1xx_DFP.1.3.0
                STMicroelectronics STM32MP1 Series Device Support

<h2>Collection of Component include folders:</h2>
  D:\MDK5\pack\Keil\STM32MP1xx_DFP\1.3.0\Drivers\CMSIS\Device\ST\STM32MP1xx\Include

<h2>Collection of Component Files used:</h2>
Build Time Elapsed:  00:04:54
</pre>
</body>
</html>
