<!doctype html public "-//w3c//dtd html 4.0 transitional//en">
<html><head>
<title>Static Call Graph - [..\..\Output\atk_mp1_m4.axf]</title></head>
<body><HR>
<H1>Static Call Graph for image ..\..\Output\atk_mp1_m4.axf</H1><HR>
<BR><P>#&#060CALLGRAPH&#062# ARM Linker, 5060750: Last Updated: Fri Feb 19 19:08:59 2021
<BR><P>
<H3>Maximum Stack Usage =        812 bytes + Unknown(Cycles, Untraceable Function Pointers)</H3><H3>
Call chain for Maximum Stack Depth:</H3>
__rt_entry_main &rArr; main &rArr; usart_init &rArr; HAL_UART_Init &rArr; HAL_UART_MspInit &rArr; HAL_RCCEx_PeriphCLKConfig &rArr; HAL_RCC_OscConfig &rArr; HAL_RCC_GetMCUFreq &rArr; HAL_RCC_GetMCUSSFreq &rArr; HAL_RCC_GetPLL3ClockFreq
<P>
<H3>
Mutually Recursive functions
</H3> <LI><a href="#[d]">WWDG1_IRQHandler</a>&nbsp;&nbsp;&nbsp;&rArr;&nbsp;&nbsp;&nbsp;<a href="#[d]">WWDG1_IRQHandler</a><BR>
 <LI><a href="#[e]">PVD_AVD_IRQHandler</a>&nbsp;&nbsp;&nbsp;&rArr;&nbsp;&nbsp;&nbsp;<a href="#[e]">PVD_AVD_IRQHandler</a><BR>
 <LI><a href="#[f]">TAMP_IRQHandler</a>&nbsp;&nbsp;&nbsp;&rArr;&nbsp;&nbsp;&nbsp;<a href="#[f]">TAMP_IRQHandler</a><BR>
 <LI><a href="#[10]">RTC_WKUP_ALARM_IRQHandler</a>&nbsp;&nbsp;&nbsp;&rArr;&nbsp;&nbsp;&nbsp;<a href="#[10]">RTC_WKUP_ALARM_IRQHandler</a><BR>
 <LI><a href="#[11]">RESERVED4_IRQHandler</a>&nbsp;&nbsp;&nbsp;&rArr;&nbsp;&nbsp;&nbsp;<a href="#[11]">RESERVED4_IRQHandler</a><BR>
 <LI><a href="#[12]">RCC_IRQHandler</a>&nbsp;&nbsp;&nbsp;&rArr;&nbsp;&nbsp;&nbsp;<a href="#[12]">RCC_IRQHandler</a><BR>
 <LI><a href="#[13]">EXTI0_IRQHandler</a>&nbsp;&nbsp;&nbsp;&rArr;&nbsp;&nbsp;&nbsp;<a href="#[13]">EXTI0_IRQHandler</a><BR>
 <LI><a href="#[14]">EXTI1_IRQHandler</a>&nbsp;&nbsp;&nbsp;&rArr;&nbsp;&nbsp;&nbsp;<a href="#[14]">EXTI1_IRQHandler</a><BR>
 <LI><a href="#[15]">EXTI2_IRQHandler</a>&nbsp;&nbsp;&nbsp;&rArr;&nbsp;&nbsp;&nbsp;<a href="#[15]">EXTI2_IRQHandler</a><BR>
 <LI><a href="#[16]">EXTI3_IRQHandler</a>&nbsp;&nbsp;&nbsp;&rArr;&nbsp;&nbsp;&nbsp;<a href="#[16]">EXTI3_IRQHandler</a><BR>
 <LI><a href="#[17]">EXTI4_IRQHandler</a>&nbsp;&nbsp;&nbsp;&rArr;&nbsp;&nbsp;&nbsp;<a href="#[17]">EXTI4_IRQHandler</a><BR>
 <LI><a href="#[18]">DMA1_Stream0_IRQHandler</a>&nbsp;&nbsp;&nbsp;&rArr;&nbsp;&nbsp;&nbsp;<a href="#[18]">DMA1_Stream0_IRQHandler</a><BR>
 <LI><a href="#[19]">DMA1_Stream1_IRQHandler</a>&nbsp;&nbsp;&nbsp;&rArr;&nbsp;&nbsp;&nbsp;<a href="#[19]">DMA1_Stream1_IRQHandler</a><BR>
 <LI><a href="#[1a]">DMA1_Stream2_IRQHandler</a>&nbsp;&nbsp;&nbsp;&rArr;&nbsp;&nbsp;&nbsp;<a href="#[1a]">DMA1_Stream2_IRQHandler</a><BR>
 <LI><a href="#[1b]">DMA1_Stream3_IRQHandler</a>&nbsp;&nbsp;&nbsp;&rArr;&nbsp;&nbsp;&nbsp;<a href="#[1b]">DMA1_Stream3_IRQHandler</a><BR>
 <LI><a href="#[1c]">DMA1_Stream4_IRQHandler</a>&nbsp;&nbsp;&nbsp;&rArr;&nbsp;&nbsp;&nbsp;<a href="#[1c]">DMA1_Stream4_IRQHandler</a><BR>
 <LI><a href="#[1d]">DMA1_Stream5_IRQHandler</a>&nbsp;&nbsp;&nbsp;&rArr;&nbsp;&nbsp;&nbsp;<a href="#[1d]">DMA1_Stream5_IRQHandler</a><BR>
 <LI><a href="#[1e]">DMA1_Stream6_IRQHandler</a>&nbsp;&nbsp;&nbsp;&rArr;&nbsp;&nbsp;&nbsp;<a href="#[1e]">DMA1_Stream6_IRQHandler</a><BR>
 <LI><a href="#[1f]">ADC1_IRQHandler</a>&nbsp;&nbsp;&nbsp;&rArr;&nbsp;&nbsp;&nbsp;<a href="#[1f]">ADC1_IRQHandler</a><BR>
 <LI><a href="#[20]">FDCAN1_IT0_IRQHandler</a>&nbsp;&nbsp;&nbsp;&rArr;&nbsp;&nbsp;&nbsp;<a href="#[20]">FDCAN1_IT0_IRQHandler</a><BR>
 <LI><a href="#[21]">FDCAN2_IT0_IRQHandler</a>&nbsp;&nbsp;&nbsp;&rArr;&nbsp;&nbsp;&nbsp;<a href="#[21]">FDCAN2_IT0_IRQHandler</a><BR>
 <LI><a href="#[22]">FDCAN1_IT1_IRQHandler</a>&nbsp;&nbsp;&nbsp;&rArr;&nbsp;&nbsp;&nbsp;<a href="#[22]">FDCAN1_IT1_IRQHandler</a><BR>
 <LI><a href="#[23]">FDCAN2_IT1_IRQHandler</a>&nbsp;&nbsp;&nbsp;&rArr;&nbsp;&nbsp;&nbsp;<a href="#[23]">FDCAN2_IT1_IRQHandler</a><BR>
 <LI><a href="#[24]">EXTI5_IRQHandler</a>&nbsp;&nbsp;&nbsp;&rArr;&nbsp;&nbsp;&nbsp;<a href="#[24]">EXTI5_IRQHandler</a><BR>
 <LI><a href="#[25]">TIM1_BRK_IRQHandler</a>&nbsp;&nbsp;&nbsp;&rArr;&nbsp;&nbsp;&nbsp;<a href="#[25]">TIM1_BRK_IRQHandler</a><BR>
 <LI><a href="#[26]">TIM1_UP_IRQHandler</a>&nbsp;&nbsp;&nbsp;&rArr;&nbsp;&nbsp;&nbsp;<a href="#[26]">TIM1_UP_IRQHandler</a><BR>
 <LI><a href="#[27]">TIM1_TRG_COM_IRQHandler</a>&nbsp;&nbsp;&nbsp;&rArr;&nbsp;&nbsp;&nbsp;<a href="#[27]">TIM1_TRG_COM_IRQHandler</a><BR>
 <LI><a href="#[28]">TIM1_CC_IRQHandler</a>&nbsp;&nbsp;&nbsp;&rArr;&nbsp;&nbsp;&nbsp;<a href="#[28]">TIM1_CC_IRQHandler</a><BR>
 <LI><a href="#[2b]">TIM4_IRQHandler</a>&nbsp;&nbsp;&nbsp;&rArr;&nbsp;&nbsp;&nbsp;<a href="#[2b]">TIM4_IRQHandler</a><BR>
 <LI><a href="#[2c]">I2C1_EV_IRQHandler</a>&nbsp;&nbsp;&nbsp;&rArr;&nbsp;&nbsp;&nbsp;<a href="#[2c]">I2C1_EV_IRQHandler</a><BR>
 <LI><a href="#[2d]">I2C1_ER_IRQHandler</a>&nbsp;&nbsp;&nbsp;&rArr;&nbsp;&nbsp;&nbsp;<a href="#[2d]">I2C1_ER_IRQHandler</a><BR>
 <LI><a href="#[2e]">I2C2_EV_IRQHandler</a>&nbsp;&nbsp;&nbsp;&rArr;&nbsp;&nbsp;&nbsp;<a href="#[2e]">I2C2_EV_IRQHandler</a><BR>
 <LI><a href="#[2f]">I2C2_ER_IRQHandler</a>&nbsp;&nbsp;&nbsp;&rArr;&nbsp;&nbsp;&nbsp;<a href="#[2f]">I2C2_ER_IRQHandler</a><BR>
 <LI><a href="#[30]">SPI1_IRQHandler</a>&nbsp;&nbsp;&nbsp;&rArr;&nbsp;&nbsp;&nbsp;<a href="#[30]">SPI1_IRQHandler</a><BR>
 <LI><a href="#[31]">SPI2_IRQHandler</a>&nbsp;&nbsp;&nbsp;&rArr;&nbsp;&nbsp;&nbsp;<a href="#[31]">SPI2_IRQHandler</a><BR>
 <LI><a href="#[32]">USART1_IRQHandler</a>&nbsp;&nbsp;&nbsp;&rArr;&nbsp;&nbsp;&nbsp;<a href="#[32]">USART1_IRQHandler</a><BR>
 <LI><a href="#[33]">USART2_IRQHandler</a>&nbsp;&nbsp;&nbsp;&rArr;&nbsp;&nbsp;&nbsp;<a href="#[33]">USART2_IRQHandler</a><BR>
 <LI><a href="#[34]">USART3_IRQHandler</a>&nbsp;&nbsp;&nbsp;&rArr;&nbsp;&nbsp;&nbsp;<a href="#[34]">USART3_IRQHandler</a><BR>
 <LI><a href="#[35]">EXTI10_IRQHandler</a>&nbsp;&nbsp;&nbsp;&rArr;&nbsp;&nbsp;&nbsp;<a href="#[35]">EXTI10_IRQHandler</a><BR>
 <LI><a href="#[36]">RTC_TIMESTAMP_IRQHandler</a>&nbsp;&nbsp;&nbsp;&rArr;&nbsp;&nbsp;&nbsp;<a href="#[36]">RTC_TIMESTAMP_IRQHandler</a><BR>
 <LI><a href="#[37]">EXTI11_IRQHandler</a>&nbsp;&nbsp;&nbsp;&rArr;&nbsp;&nbsp;&nbsp;<a href="#[37]">EXTI11_IRQHandler</a><BR>
 <LI><a href="#[38]">TIM8_BRK_IRQHandler</a>&nbsp;&nbsp;&nbsp;&rArr;&nbsp;&nbsp;&nbsp;<a href="#[38]">TIM8_BRK_IRQHandler</a><BR>
 <LI><a href="#[3a]">TIM8_TRG_COM_IRQHandler</a>&nbsp;&nbsp;&nbsp;&rArr;&nbsp;&nbsp;&nbsp;<a href="#[3a]">TIM8_TRG_COM_IRQHandler</a><BR>
 <LI><a href="#[3c]">DMA1_Stream7_IRQHandler</a>&nbsp;&nbsp;&nbsp;&rArr;&nbsp;&nbsp;&nbsp;<a href="#[3c]">DMA1_Stream7_IRQHandler</a><BR>
 <LI><a href="#[3d]">FMC_IRQHandler</a>&nbsp;&nbsp;&nbsp;&rArr;&nbsp;&nbsp;&nbsp;<a href="#[3d]">FMC_IRQHandler</a><BR>
 <LI><a href="#[3e]">SDMMC1_IRQHandler</a>&nbsp;&nbsp;&nbsp;&rArr;&nbsp;&nbsp;&nbsp;<a href="#[3e]">SDMMC1_IRQHandler</a><BR>
 <LI><a href="#[40]">SPI3_IRQHandler</a>&nbsp;&nbsp;&nbsp;&rArr;&nbsp;&nbsp;&nbsp;<a href="#[40]">SPI3_IRQHandler</a><BR>
 <LI><a href="#[42]">UART5_IRQHandler</a>&nbsp;&nbsp;&nbsp;&rArr;&nbsp;&nbsp;&nbsp;<a href="#[42]">UART5_IRQHandler</a><BR>
 <LI><a href="#[43]">TIM6_IRQHandler</a>&nbsp;&nbsp;&nbsp;&rArr;&nbsp;&nbsp;&nbsp;<a href="#[43]">TIM6_IRQHandler</a><BR>
 <LI><a href="#[44]">TIM7_IRQHandler</a>&nbsp;&nbsp;&nbsp;&rArr;&nbsp;&nbsp;&nbsp;<a href="#[44]">TIM7_IRQHandler</a><BR>
 <LI><a href="#[45]">DMA2_Stream0_IRQHandler</a>&nbsp;&nbsp;&nbsp;&rArr;&nbsp;&nbsp;&nbsp;<a href="#[45]">DMA2_Stream0_IRQHandler</a><BR>
 <LI><a href="#[46]">DMA2_Stream1_IRQHandler</a>&nbsp;&nbsp;&nbsp;&rArr;&nbsp;&nbsp;&nbsp;<a href="#[46]">DMA2_Stream1_IRQHandler</a><BR>
 <LI><a href="#[47]">DMA2_Stream2_IRQHandler</a>&nbsp;&nbsp;&nbsp;&rArr;&nbsp;&nbsp;&nbsp;<a href="#[47]">DMA2_Stream2_IRQHandler</a><BR>
 <LI><a href="#[48]">DMA2_Stream3_IRQHandler</a>&nbsp;&nbsp;&nbsp;&rArr;&nbsp;&nbsp;&nbsp;<a href="#[48]">DMA2_Stream3_IRQHandler</a><BR>
 <LI><a href="#[49]">DMA2_Stream4_IRQHandler</a>&nbsp;&nbsp;&nbsp;&rArr;&nbsp;&nbsp;&nbsp;<a href="#[49]">DMA2_Stream4_IRQHandler</a><BR>
 <LI><a href="#[4a]">ETH1_IRQHandler</a>&nbsp;&nbsp;&nbsp;&rArr;&nbsp;&nbsp;&nbsp;<a href="#[4a]">ETH1_IRQHandler</a><BR>
 <LI><a href="#[4b]">ETH1_WKUP_IRQHandler</a>&nbsp;&nbsp;&nbsp;&rArr;&nbsp;&nbsp;&nbsp;<a href="#[4b]">ETH1_WKUP_IRQHandler</a><BR>
 <LI><a href="#[4c]">FDCAN_CAL_IRQHandler</a>&nbsp;&nbsp;&nbsp;&rArr;&nbsp;&nbsp;&nbsp;<a href="#[4c]">FDCAN_CAL_IRQHandler</a><BR>
 <LI><a href="#[4d]">EXTI6_IRQHandler</a>&nbsp;&nbsp;&nbsp;&rArr;&nbsp;&nbsp;&nbsp;<a href="#[4d]">EXTI6_IRQHandler</a><BR>
 <LI><a href="#[4e]">EXTI7_IRQHandler</a>&nbsp;&nbsp;&nbsp;&rArr;&nbsp;&nbsp;&nbsp;<a href="#[4e]">EXTI7_IRQHandler</a><BR>
 <LI><a href="#[4f]">EXTI8_IRQHandler</a>&nbsp;&nbsp;&nbsp;&rArr;&nbsp;&nbsp;&nbsp;<a href="#[4f]">EXTI8_IRQHandler</a><BR>
 <LI><a href="#[50]">EXTI9_IRQHandler</a>&nbsp;&nbsp;&nbsp;&rArr;&nbsp;&nbsp;&nbsp;<a href="#[50]">EXTI9_IRQHandler</a><BR>
 <LI><a href="#[51]">DMA2_Stream5_IRQHandler</a>&nbsp;&nbsp;&nbsp;&rArr;&nbsp;&nbsp;&nbsp;<a href="#[51]">DMA2_Stream5_IRQHandler</a><BR>
 <LI><a href="#[52]">DMA2_Stream6_IRQHandler</a>&nbsp;&nbsp;&nbsp;&rArr;&nbsp;&nbsp;&nbsp;<a href="#[52]">DMA2_Stream6_IRQHandler</a><BR>
 <LI><a href="#[53]">DMA2_Stream7_IRQHandler</a>&nbsp;&nbsp;&nbsp;&rArr;&nbsp;&nbsp;&nbsp;<a href="#[53]">DMA2_Stream7_IRQHandler</a><BR>
 <LI><a href="#[54]">USART6_IRQHandler</a>&nbsp;&nbsp;&nbsp;&rArr;&nbsp;&nbsp;&nbsp;<a href="#[54]">USART6_IRQHandler</a><BR>
 <LI><a href="#[55]">I2C3_EV_IRQHandler</a>&nbsp;&nbsp;&nbsp;&rArr;&nbsp;&nbsp;&nbsp;<a href="#[55]">I2C3_EV_IRQHandler</a><BR>
 <LI><a href="#[56]">I2C3_ER_IRQHandler</a>&nbsp;&nbsp;&nbsp;&rArr;&nbsp;&nbsp;&nbsp;<a href="#[56]">I2C3_ER_IRQHandler</a><BR>
 <LI><a href="#[57]">USBH_OHCI_IRQHandler</a>&nbsp;&nbsp;&nbsp;&rArr;&nbsp;&nbsp;&nbsp;<a href="#[57]">USBH_OHCI_IRQHandler</a><BR>
 <LI><a href="#[58]">USBH_EHCI_IRQHandler</a>&nbsp;&nbsp;&nbsp;&rArr;&nbsp;&nbsp;&nbsp;<a href="#[58]">USBH_EHCI_IRQHandler</a><BR>
 <LI><a href="#[59]">EXTI12_IRQHandler</a>&nbsp;&nbsp;&nbsp;&rArr;&nbsp;&nbsp;&nbsp;<a href="#[59]">EXTI12_IRQHandler</a><BR>
 <LI><a href="#[5a]">EXTI13_IRQHandler</a>&nbsp;&nbsp;&nbsp;&rArr;&nbsp;&nbsp;&nbsp;<a href="#[5a]">EXTI13_IRQHandler</a><BR>
 <LI><a href="#[5b]">DCMI_IRQHandler</a>&nbsp;&nbsp;&nbsp;&rArr;&nbsp;&nbsp;&nbsp;<a href="#[5b]">DCMI_IRQHandler</a><BR>
 <LI><a href="#[5c]">CRYP1_IRQHandler</a>&nbsp;&nbsp;&nbsp;&rArr;&nbsp;&nbsp;&nbsp;<a href="#[5c]">CRYP1_IRQHandler</a><BR>
 <LI><a href="#[5d]">HASH1_IRQHandler</a>&nbsp;&nbsp;&nbsp;&rArr;&nbsp;&nbsp;&nbsp;<a href="#[5d]">HASH1_IRQHandler</a><BR>
 <LI><a href="#[5e]">FPU_IRQHandler</a>&nbsp;&nbsp;&nbsp;&rArr;&nbsp;&nbsp;&nbsp;<a href="#[5e]">FPU_IRQHandler</a><BR>
 <LI><a href="#[5f]">UART7_IRQHandler</a>&nbsp;&nbsp;&nbsp;&rArr;&nbsp;&nbsp;&nbsp;<a href="#[5f]">UART7_IRQHandler</a><BR>
 <LI><a href="#[60]">UART8_IRQHandler</a>&nbsp;&nbsp;&nbsp;&rArr;&nbsp;&nbsp;&nbsp;<a href="#[60]">UART8_IRQHandler</a><BR>
 <LI><a href="#[61]">SPI4_IRQHandler</a>&nbsp;&nbsp;&nbsp;&rArr;&nbsp;&nbsp;&nbsp;<a href="#[61]">SPI4_IRQHandler</a><BR>
 <LI><a href="#[62]">SPI5_IRQHandler</a>&nbsp;&nbsp;&nbsp;&rArr;&nbsp;&nbsp;&nbsp;<a href="#[62]">SPI5_IRQHandler</a><BR>
 <LI><a href="#[63]">SPI6_IRQHandler</a>&nbsp;&nbsp;&nbsp;&rArr;&nbsp;&nbsp;&nbsp;<a href="#[63]">SPI6_IRQHandler</a><BR>
 <LI><a href="#[64]">SAI1_IRQHandler</a>&nbsp;&nbsp;&nbsp;&rArr;&nbsp;&nbsp;&nbsp;<a href="#[64]">SAI1_IRQHandler</a><BR>
 <LI><a href="#[65]">LTDC_IRQHandler</a>&nbsp;&nbsp;&nbsp;&rArr;&nbsp;&nbsp;&nbsp;<a href="#[65]">LTDC_IRQHandler</a><BR>
 <LI><a href="#[66]">LTDC_ER_IRQHandler</a>&nbsp;&nbsp;&nbsp;&rArr;&nbsp;&nbsp;&nbsp;<a href="#[66]">LTDC_ER_IRQHandler</a><BR>
 <LI><a href="#[67]">ADC2_IRQHandler</a>&nbsp;&nbsp;&nbsp;&rArr;&nbsp;&nbsp;&nbsp;<a href="#[67]">ADC2_IRQHandler</a><BR>
 <LI><a href="#[68]">SAI2_IRQHandler</a>&nbsp;&nbsp;&nbsp;&rArr;&nbsp;&nbsp;&nbsp;<a href="#[68]">SAI2_IRQHandler</a><BR>
 <LI><a href="#[69]">QUADSPI_IRQHandler</a>&nbsp;&nbsp;&nbsp;&rArr;&nbsp;&nbsp;&nbsp;<a href="#[69]">QUADSPI_IRQHandler</a><BR>
 <LI><a href="#[6a]">LPTIM1_IRQHandler</a>&nbsp;&nbsp;&nbsp;&rArr;&nbsp;&nbsp;&nbsp;<a href="#[6a]">LPTIM1_IRQHandler</a><BR>
 <LI><a href="#[6b]">CEC_IRQHandler</a>&nbsp;&nbsp;&nbsp;&rArr;&nbsp;&nbsp;&nbsp;<a href="#[6b]">CEC_IRQHandler</a><BR>
 <LI><a href="#[6c]">I2C4_EV_IRQHandler</a>&nbsp;&nbsp;&nbsp;&rArr;&nbsp;&nbsp;&nbsp;<a href="#[6c]">I2C4_EV_IRQHandler</a><BR>
 <LI><a href="#[6d]">I2C4_ER_IRQHandler</a>&nbsp;&nbsp;&nbsp;&rArr;&nbsp;&nbsp;&nbsp;<a href="#[6d]">I2C4_ER_IRQHandler</a><BR>
 <LI><a href="#[6e]">SPDIF_RX_IRQHandler</a>&nbsp;&nbsp;&nbsp;&rArr;&nbsp;&nbsp;&nbsp;<a href="#[6e]">SPDIF_RX_IRQHandler</a><BR>
 <LI><a href="#[6f]">OTG_IRQHandler</a>&nbsp;&nbsp;&nbsp;&rArr;&nbsp;&nbsp;&nbsp;<a href="#[6f]">OTG_IRQHandler</a><BR>
 <LI><a href="#[70]">RESERVED99_IRQHandler</a>&nbsp;&nbsp;&nbsp;&rArr;&nbsp;&nbsp;&nbsp;<a href="#[70]">RESERVED99_IRQHandler</a><BR>
 <LI><a href="#[71]">IPCC_RX0_IRQHandler</a>&nbsp;&nbsp;&nbsp;&rArr;&nbsp;&nbsp;&nbsp;<a href="#[71]">IPCC_RX0_IRQHandler</a><BR>
 <LI><a href="#[72]">IPCC_TX0_IRQHandler</a>&nbsp;&nbsp;&nbsp;&rArr;&nbsp;&nbsp;&nbsp;<a href="#[72]">IPCC_TX0_IRQHandler</a><BR>
 <LI><a href="#[73]">DMAMUX1_OVR_IRQHandler</a>&nbsp;&nbsp;&nbsp;&rArr;&nbsp;&nbsp;&nbsp;<a href="#[73]">DMAMUX1_OVR_IRQHandler</a><BR>
 <LI><a href="#[74]">IPCC_RX1_IRQHandler</a>&nbsp;&nbsp;&nbsp;&rArr;&nbsp;&nbsp;&nbsp;<a href="#[74]">IPCC_RX1_IRQHandler</a><BR>
 <LI><a href="#[75]">IPCC_TX1_IRQHandler</a>&nbsp;&nbsp;&nbsp;&rArr;&nbsp;&nbsp;&nbsp;<a href="#[75]">IPCC_TX1_IRQHandler</a><BR>
 <LI><a href="#[76]">CRYP2_IRQHandler</a>&nbsp;&nbsp;&nbsp;&rArr;&nbsp;&nbsp;&nbsp;<a href="#[76]">CRYP2_IRQHandler</a><BR>
 <LI><a href="#[77]">HASH2_IRQHandler</a>&nbsp;&nbsp;&nbsp;&rArr;&nbsp;&nbsp;&nbsp;<a href="#[77]">HASH2_IRQHandler</a><BR>
 <LI><a href="#[78]">I2C5_EV_IRQHandler</a>&nbsp;&nbsp;&nbsp;&rArr;&nbsp;&nbsp;&nbsp;<a href="#[78]">I2C5_EV_IRQHandler</a><BR>
 <LI><a href="#[79]">I2C5_ER_IRQHandler</a>&nbsp;&nbsp;&nbsp;&rArr;&nbsp;&nbsp;&nbsp;<a href="#[79]">I2C5_ER_IRQHandler</a><BR>
 <LI><a href="#[7a]">GPU_IRQHandler</a>&nbsp;&nbsp;&nbsp;&rArr;&nbsp;&nbsp;&nbsp;<a href="#[7a]">GPU_IRQHandler</a><BR>
 <LI><a href="#[7b]">DFSDM1_FLT0_IRQHandler</a>&nbsp;&nbsp;&nbsp;&rArr;&nbsp;&nbsp;&nbsp;<a href="#[7b]">DFSDM1_FLT0_IRQHandler</a><BR>
 <LI><a href="#[7c]">DFSDM1_FLT1_IRQHandler</a>&nbsp;&nbsp;&nbsp;&rArr;&nbsp;&nbsp;&nbsp;<a href="#[7c]">DFSDM1_FLT1_IRQHandler</a><BR>
 <LI><a href="#[7d]">DFSDM1_FLT2_IRQHandler</a>&nbsp;&nbsp;&nbsp;&rArr;&nbsp;&nbsp;&nbsp;<a href="#[7d]">DFSDM1_FLT2_IRQHandler</a><BR>
 <LI><a href="#[7e]">DFSDM1_FLT3_IRQHandler</a>&nbsp;&nbsp;&nbsp;&rArr;&nbsp;&nbsp;&nbsp;<a href="#[7e]">DFSDM1_FLT3_IRQHandler</a><BR>
 <LI><a href="#[7f]">SAI3_IRQHandler</a>&nbsp;&nbsp;&nbsp;&rArr;&nbsp;&nbsp;&nbsp;<a href="#[7f]">SAI3_IRQHandler</a><BR>
 <LI><a href="#[80]">DFSDM1_FLT4_IRQHandler</a>&nbsp;&nbsp;&nbsp;&rArr;&nbsp;&nbsp;&nbsp;<a href="#[80]">DFSDM1_FLT4_IRQHandler</a><BR>
 <LI><a href="#[81]">TIM15_IRQHandler</a>&nbsp;&nbsp;&nbsp;&rArr;&nbsp;&nbsp;&nbsp;<a href="#[81]">TIM15_IRQHandler</a><BR>
 <LI><a href="#[82]">TIM16_IRQHandler</a>&nbsp;&nbsp;&nbsp;&rArr;&nbsp;&nbsp;&nbsp;<a href="#[82]">TIM16_IRQHandler</a><BR>
 <LI><a href="#[83]">TIM17_IRQHandler</a>&nbsp;&nbsp;&nbsp;&rArr;&nbsp;&nbsp;&nbsp;<a href="#[83]">TIM17_IRQHandler</a><BR>
 <LI><a href="#[84]">TIM12_IRQHandler</a>&nbsp;&nbsp;&nbsp;&rArr;&nbsp;&nbsp;&nbsp;<a href="#[84]">TIM12_IRQHandler</a><BR>
 <LI><a href="#[85]">MDIOS_IRQHandler</a>&nbsp;&nbsp;&nbsp;&rArr;&nbsp;&nbsp;&nbsp;<a href="#[85]">MDIOS_IRQHandler</a><BR>
 <LI><a href="#[86]">EXTI14_IRQHandler</a>&nbsp;&nbsp;&nbsp;&rArr;&nbsp;&nbsp;&nbsp;<a href="#[86]">EXTI14_IRQHandler</a><BR>
 <LI><a href="#[87]">MDMA_IRQHandler</a>&nbsp;&nbsp;&nbsp;&rArr;&nbsp;&nbsp;&nbsp;<a href="#[87]">MDMA_IRQHandler</a><BR>
 <LI><a href="#[88]">DSI_IRQHandler</a>&nbsp;&nbsp;&nbsp;&rArr;&nbsp;&nbsp;&nbsp;<a href="#[88]">DSI_IRQHandler</a><BR>
 <LI><a href="#[89]">SDMMC2_IRQHandler</a>&nbsp;&nbsp;&nbsp;&rArr;&nbsp;&nbsp;&nbsp;<a href="#[89]">SDMMC2_IRQHandler</a><BR>
 <LI><a href="#[8a]">HSEM_IT2_IRQHandler</a>&nbsp;&nbsp;&nbsp;&rArr;&nbsp;&nbsp;&nbsp;<a href="#[8a]">HSEM_IT2_IRQHandler</a><BR>
 <LI><a href="#[8b]">DFSDM1_FLT5_IRQHandler</a>&nbsp;&nbsp;&nbsp;&rArr;&nbsp;&nbsp;&nbsp;<a href="#[8b]">DFSDM1_FLT5_IRQHandler</a><BR>
 <LI><a href="#[8c]">EXTI15_IRQHandler</a>&nbsp;&nbsp;&nbsp;&rArr;&nbsp;&nbsp;&nbsp;<a href="#[8c]">EXTI15_IRQHandler</a><BR>
 <LI><a href="#[8d]">nCTIIRQ1_IRQHandler</a>&nbsp;&nbsp;&nbsp;&rArr;&nbsp;&nbsp;&nbsp;<a href="#[8d]">nCTIIRQ1_IRQHandler</a><BR>
 <LI><a href="#[8e]">nCTIIRQ2_IRQHandler</a>&nbsp;&nbsp;&nbsp;&rArr;&nbsp;&nbsp;&nbsp;<a href="#[8e]">nCTIIRQ2_IRQHandler</a><BR>
 <LI><a href="#[8f]">TIM13_IRQHandler</a>&nbsp;&nbsp;&nbsp;&rArr;&nbsp;&nbsp;&nbsp;<a href="#[8f]">TIM13_IRQHandler</a><BR>
 <LI><a href="#[90]">TIM14_IRQHandler</a>&nbsp;&nbsp;&nbsp;&rArr;&nbsp;&nbsp;&nbsp;<a href="#[90]">TIM14_IRQHandler</a><BR>
 <LI><a href="#[91]">DAC_IRQHandler</a>&nbsp;&nbsp;&nbsp;&rArr;&nbsp;&nbsp;&nbsp;<a href="#[91]">DAC_IRQHandler</a><BR>
 <LI><a href="#[92]">RNG1_IRQHandler</a>&nbsp;&nbsp;&nbsp;&rArr;&nbsp;&nbsp;&nbsp;<a href="#[92]">RNG1_IRQHandler</a><BR>
 <LI><a href="#[93]">RNG2_IRQHandler</a>&nbsp;&nbsp;&nbsp;&rArr;&nbsp;&nbsp;&nbsp;<a href="#[93]">RNG2_IRQHandler</a><BR>
 <LI><a href="#[94]">I2C6_EV_IRQHandler</a>&nbsp;&nbsp;&nbsp;&rArr;&nbsp;&nbsp;&nbsp;<a href="#[94]">I2C6_EV_IRQHandler</a><BR>
 <LI><a href="#[95]">I2C6_ER_IRQHandler</a>&nbsp;&nbsp;&nbsp;&rArr;&nbsp;&nbsp;&nbsp;<a href="#[95]">I2C6_ER_IRQHandler</a><BR>
 <LI><a href="#[96]">SDMMC3_IRQHandler</a>&nbsp;&nbsp;&nbsp;&rArr;&nbsp;&nbsp;&nbsp;<a href="#[96]">SDMMC3_IRQHandler</a><BR>
 <LI><a href="#[97]">LPTIM2_IRQHandler</a>&nbsp;&nbsp;&nbsp;&rArr;&nbsp;&nbsp;&nbsp;<a href="#[97]">LPTIM2_IRQHandler</a><BR>
 <LI><a href="#[98]">LPTIM3_IRQHandler</a>&nbsp;&nbsp;&nbsp;&rArr;&nbsp;&nbsp;&nbsp;<a href="#[98]">LPTIM3_IRQHandler</a><BR>
 <LI><a href="#[99]">LPTIM4_IRQHandler</a>&nbsp;&nbsp;&nbsp;&rArr;&nbsp;&nbsp;&nbsp;<a href="#[99]">LPTIM4_IRQHandler</a><BR>
 <LI><a href="#[9a]">LPTIM5_IRQHandler</a>&nbsp;&nbsp;&nbsp;&rArr;&nbsp;&nbsp;&nbsp;<a href="#[9a]">LPTIM5_IRQHandler</a><BR>
 <LI><a href="#[9b]">ETH1_LPI_IRQHandler</a>&nbsp;&nbsp;&nbsp;&rArr;&nbsp;&nbsp;&nbsp;<a href="#[9b]">ETH1_LPI_IRQHandler</a><BR>
 <LI><a href="#[9c]">RESERVED143_IRQHandler</a>&nbsp;&nbsp;&nbsp;&rArr;&nbsp;&nbsp;&nbsp;<a href="#[9c]">RESERVED143_IRQHandler</a><BR>
 <LI><a href="#[9d]">MPU_SEV_IRQHandler</a>&nbsp;&nbsp;&nbsp;&rArr;&nbsp;&nbsp;&nbsp;<a href="#[9d]">MPU_SEV_IRQHandler</a><BR>
 <LI><a href="#[9e]">RCC_WAKEUP_IRQHandler</a>&nbsp;&nbsp;&nbsp;&rArr;&nbsp;&nbsp;&nbsp;<a href="#[9e]">RCC_WAKEUP_IRQHandler</a><BR>
 <LI><a href="#[9f]">SAI4_IRQHandler</a>&nbsp;&nbsp;&nbsp;&rArr;&nbsp;&nbsp;&nbsp;<a href="#[9f]">SAI4_IRQHandler</a><BR>
 <LI><a href="#[a0]">DTS_IRQHandler</a>&nbsp;&nbsp;&nbsp;&rArr;&nbsp;&nbsp;&nbsp;<a href="#[a0]">DTS_IRQHandler</a><BR>
 <LI><a href="#[a1]">RESERVED148_IRQHandler</a>&nbsp;&nbsp;&nbsp;&rArr;&nbsp;&nbsp;&nbsp;<a href="#[a1]">RESERVED148_IRQHandler</a><BR>
 <LI><a href="#[a2]">WAKEUP_PIN_IRQHandler</a>&nbsp;&nbsp;&nbsp;&rArr;&nbsp;&nbsp;&nbsp;<a href="#[a2]">WAKEUP_PIN_IRQHandler</a><BR>
 <LI><a href="#[7]">BusFault_Handler</a>&nbsp;&nbsp;&nbsp;&rArr;&nbsp;&nbsp;&nbsp;<a href="#[7]">BusFault_Handler</a><BR>
 <LI><a href="#[5]">HardFault_Handler</a>&nbsp;&nbsp;&nbsp;&rArr;&nbsp;&nbsp;&nbsp;<a href="#[5]">HardFault_Handler</a><BR>
 <LI><a href="#[6]">MemManage_Handler</a>&nbsp;&nbsp;&nbsp;&rArr;&nbsp;&nbsp;&nbsp;<a href="#[6]">MemManage_Handler</a><BR>
 <LI><a href="#[8]">UsageFault_Handler</a>&nbsp;&nbsp;&nbsp;&rArr;&nbsp;&nbsp;&nbsp;<a href="#[8]">UsageFault_Handler</a><BR>
</UL>
<P>
<H3>
Function Pointers
</H3><UL>
 <LI><a href="#[1f]">ADC1_IRQHandler</a> from startup_stm32mp15xx.o(.text) referenced from startup_stm32mp15xx.o(RESET)
 <LI><a href="#[67]">ADC2_IRQHandler</a> from startup_stm32mp15xx.o(.text) referenced from startup_stm32mp15xx.o(RESET)
 <LI><a href="#[7]">BusFault_Handler</a> from stm32mp1xx_it.o(i.BusFault_Handler) referenced from startup_stm32mp15xx.o(RESET)
 <LI><a href="#[6b]">CEC_IRQHandler</a> from startup_stm32mp15xx.o(.text) referenced from startup_stm32mp15xx.o(RESET)
 <LI><a href="#[5c]">CRYP1_IRQHandler</a> from startup_stm32mp15xx.o(.text) referenced from startup_stm32mp15xx.o(RESET)
 <LI><a href="#[76]">CRYP2_IRQHandler</a> from startup_stm32mp15xx.o(.text) referenced from startup_stm32mp15xx.o(RESET)
 <LI><a href="#[91]">DAC_IRQHandler</a> from startup_stm32mp15xx.o(.text) referenced from startup_stm32mp15xx.o(RESET)
 <LI><a href="#[5b]">DCMI_IRQHandler</a> from startup_stm32mp15xx.o(.text) referenced from startup_stm32mp15xx.o(RESET)
 <LI><a href="#[7b]">DFSDM1_FLT0_IRQHandler</a> from startup_stm32mp15xx.o(.text) referenced from startup_stm32mp15xx.o(RESET)
 <LI><a href="#[7c]">DFSDM1_FLT1_IRQHandler</a> from startup_stm32mp15xx.o(.text) referenced from startup_stm32mp15xx.o(RESET)
 <LI><a href="#[7d]">DFSDM1_FLT2_IRQHandler</a> from startup_stm32mp15xx.o(.text) referenced from startup_stm32mp15xx.o(RESET)
 <LI><a href="#[7e]">DFSDM1_FLT3_IRQHandler</a> from startup_stm32mp15xx.o(.text) referenced from startup_stm32mp15xx.o(RESET)
 <LI><a href="#[80]">DFSDM1_FLT4_IRQHandler</a> from startup_stm32mp15xx.o(.text) referenced from startup_stm32mp15xx.o(RESET)
 <LI><a href="#[8b]">DFSDM1_FLT5_IRQHandler</a> from startup_stm32mp15xx.o(.text) referenced from startup_stm32mp15xx.o(RESET)
 <LI><a href="#[18]">DMA1_Stream0_IRQHandler</a> from startup_stm32mp15xx.o(.text) referenced from startup_stm32mp15xx.o(RESET)
 <LI><a href="#[19]">DMA1_Stream1_IRQHandler</a> from startup_stm32mp15xx.o(.text) referenced from startup_stm32mp15xx.o(RESET)
 <LI><a href="#[1a]">DMA1_Stream2_IRQHandler</a> from startup_stm32mp15xx.o(.text) referenced from startup_stm32mp15xx.o(RESET)
 <LI><a href="#[1b]">DMA1_Stream3_IRQHandler</a> from startup_stm32mp15xx.o(.text) referenced from startup_stm32mp15xx.o(RESET)
 <LI><a href="#[1c]">DMA1_Stream4_IRQHandler</a> from startup_stm32mp15xx.o(.text) referenced from startup_stm32mp15xx.o(RESET)
 <LI><a href="#[1d]">DMA1_Stream5_IRQHandler</a> from startup_stm32mp15xx.o(.text) referenced from startup_stm32mp15xx.o(RESET)
 <LI><a href="#[1e]">DMA1_Stream6_IRQHandler</a> from startup_stm32mp15xx.o(.text) referenced from startup_stm32mp15xx.o(RESET)
 <LI><a href="#[3c]">DMA1_Stream7_IRQHandler</a> from startup_stm32mp15xx.o(.text) referenced from startup_stm32mp15xx.o(RESET)
 <LI><a href="#[45]">DMA2_Stream0_IRQHandler</a> from startup_stm32mp15xx.o(.text) referenced from startup_stm32mp15xx.o(RESET)
 <LI><a href="#[46]">DMA2_Stream1_IRQHandler</a> from startup_stm32mp15xx.o(.text) referenced from startup_stm32mp15xx.o(RESET)
 <LI><a href="#[47]">DMA2_Stream2_IRQHandler</a> from startup_stm32mp15xx.o(.text) referenced from startup_stm32mp15xx.o(RESET)
 <LI><a href="#[48]">DMA2_Stream3_IRQHandler</a> from startup_stm32mp15xx.o(.text) referenced from startup_stm32mp15xx.o(RESET)
 <LI><a href="#[49]">DMA2_Stream4_IRQHandler</a> from startup_stm32mp15xx.o(.text) referenced from startup_stm32mp15xx.o(RESET)
 <LI><a href="#[51]">DMA2_Stream5_IRQHandler</a> from startup_stm32mp15xx.o(.text) referenced from startup_stm32mp15xx.o(RESET)
 <LI><a href="#[52]">DMA2_Stream6_IRQHandler</a> from startup_stm32mp15xx.o(.text) referenced from startup_stm32mp15xx.o(RESET)
 <LI><a href="#[53]">DMA2_Stream7_IRQHandler</a> from startup_stm32mp15xx.o(.text) referenced from startup_stm32mp15xx.o(RESET)
 <LI><a href="#[73]">DMAMUX1_OVR_IRQHandler</a> from startup_stm32mp15xx.o(.text) referenced from startup_stm32mp15xx.o(RESET)
 <LI><a href="#[88]">DSI_IRQHandler</a> from startup_stm32mp15xx.o(.text) referenced from startup_stm32mp15xx.o(RESET)
 <LI><a href="#[a0]">DTS_IRQHandler</a> from startup_stm32mp15xx.o(.text) referenced from startup_stm32mp15xx.o(RESET)
 <LI><a href="#[a]">DebugMon_Handler</a> from stm32mp1xx_it.o(i.DebugMon_Handler) referenced from startup_stm32mp15xx.o(RESET)
 <LI><a href="#[4a]">ETH1_IRQHandler</a> from startup_stm32mp15xx.o(.text) referenced from startup_stm32mp15xx.o(RESET)
 <LI><a href="#[9b]">ETH1_LPI_IRQHandler</a> from startup_stm32mp15xx.o(.text) referenced from startup_stm32mp15xx.o(RESET)
 <LI><a href="#[4b]">ETH1_WKUP_IRQHandler</a> from startup_stm32mp15xx.o(.text) referenced from startup_stm32mp15xx.o(RESET)
 <LI><a href="#[13]">EXTI0_IRQHandler</a> from startup_stm32mp15xx.o(.text) referenced from startup_stm32mp15xx.o(RESET)
 <LI><a href="#[35]">EXTI10_IRQHandler</a> from startup_stm32mp15xx.o(.text) referenced from startup_stm32mp15xx.o(RESET)
 <LI><a href="#[37]">EXTI11_IRQHandler</a> from startup_stm32mp15xx.o(.text) referenced from startup_stm32mp15xx.o(RESET)
 <LI><a href="#[59]">EXTI12_IRQHandler</a> from startup_stm32mp15xx.o(.text) referenced from startup_stm32mp15xx.o(RESET)
 <LI><a href="#[5a]">EXTI13_IRQHandler</a> from startup_stm32mp15xx.o(.text) referenced from startup_stm32mp15xx.o(RESET)
 <LI><a href="#[86]">EXTI14_IRQHandler</a> from startup_stm32mp15xx.o(.text) referenced from startup_stm32mp15xx.o(RESET)
 <LI><a href="#[8c]">EXTI15_IRQHandler</a> from startup_stm32mp15xx.o(.text) referenced from startup_stm32mp15xx.o(RESET)
 <LI><a href="#[14]">EXTI1_IRQHandler</a> from startup_stm32mp15xx.o(.text) referenced from startup_stm32mp15xx.o(RESET)
 <LI><a href="#[15]">EXTI2_IRQHandler</a> from startup_stm32mp15xx.o(.text) referenced from startup_stm32mp15xx.o(RESET)
 <LI><a href="#[16]">EXTI3_IRQHandler</a> from startup_stm32mp15xx.o(.text) referenced from startup_stm32mp15xx.o(RESET)
 <LI><a href="#[17]">EXTI4_IRQHandler</a> from startup_stm32mp15xx.o(.text) referenced from startup_stm32mp15xx.o(RESET)
 <LI><a href="#[24]">EXTI5_IRQHandler</a> from startup_stm32mp15xx.o(.text) referenced from startup_stm32mp15xx.o(RESET)
 <LI><a href="#[4d]">EXTI6_IRQHandler</a> from startup_stm32mp15xx.o(.text) referenced from startup_stm32mp15xx.o(RESET)
 <LI><a href="#[4e]">EXTI7_IRQHandler</a> from startup_stm32mp15xx.o(.text) referenced from startup_stm32mp15xx.o(RESET)
 <LI><a href="#[4f]">EXTI8_IRQHandler</a> from startup_stm32mp15xx.o(.text) referenced from startup_stm32mp15xx.o(RESET)
 <LI><a href="#[50]">EXTI9_IRQHandler</a> from startup_stm32mp15xx.o(.text) referenced from startup_stm32mp15xx.o(RESET)
 <LI><a href="#[20]">FDCAN1_IT0_IRQHandler</a> from startup_stm32mp15xx.o(.text) referenced from startup_stm32mp15xx.o(RESET)
 <LI><a href="#[22]">FDCAN1_IT1_IRQHandler</a> from startup_stm32mp15xx.o(.text) referenced from startup_stm32mp15xx.o(RESET)
 <LI><a href="#[21]">FDCAN2_IT0_IRQHandler</a> from startup_stm32mp15xx.o(.text) referenced from startup_stm32mp15xx.o(RESET)
 <LI><a href="#[23]">FDCAN2_IT1_IRQHandler</a> from startup_stm32mp15xx.o(.text) referenced from startup_stm32mp15xx.o(RESET)
 <LI><a href="#[4c]">FDCAN_CAL_IRQHandler</a> from startup_stm32mp15xx.o(.text) referenced from startup_stm32mp15xx.o(RESET)
 <LI><a href="#[3d]">FMC_IRQHandler</a> from startup_stm32mp15xx.o(.text) referenced from startup_stm32mp15xx.o(RESET)
 <LI><a href="#[5e]">FPU_IRQHandler</a> from startup_stm32mp15xx.o(.text) referenced from startup_stm32mp15xx.o(RESET)
 <LI><a href="#[7a]">GPU_IRQHandler</a> from startup_stm32mp15xx.o(.text) referenced from startup_stm32mp15xx.o(RESET)
 <LI><a href="#[5d]">HASH1_IRQHandler</a> from startup_stm32mp15xx.o(.text) referenced from startup_stm32mp15xx.o(RESET)
 <LI><a href="#[77]">HASH2_IRQHandler</a> from startup_stm32mp15xx.o(.text) referenced from startup_stm32mp15xx.o(RESET)
 <LI><a href="#[8a]">HSEM_IT2_IRQHandler</a> from startup_stm32mp15xx.o(.text) referenced from startup_stm32mp15xx.o(RESET)
 <LI><a href="#[5]">HardFault_Handler</a> from stm32mp1xx_it.o(i.HardFault_Handler) referenced from startup_stm32mp15xx.o(RESET)
 <LI><a href="#[2d]">I2C1_ER_IRQHandler</a> from startup_stm32mp15xx.o(.text) referenced from startup_stm32mp15xx.o(RESET)
 <LI><a href="#[2c]">I2C1_EV_IRQHandler</a> from startup_stm32mp15xx.o(.text) referenced from startup_stm32mp15xx.o(RESET)
 <LI><a href="#[2f]">I2C2_ER_IRQHandler</a> from startup_stm32mp15xx.o(.text) referenced from startup_stm32mp15xx.o(RESET)
 <LI><a href="#[2e]">I2C2_EV_IRQHandler</a> from startup_stm32mp15xx.o(.text) referenced from startup_stm32mp15xx.o(RESET)
 <LI><a href="#[56]">I2C3_ER_IRQHandler</a> from startup_stm32mp15xx.o(.text) referenced from startup_stm32mp15xx.o(RESET)
 <LI><a href="#[55]">I2C3_EV_IRQHandler</a> from startup_stm32mp15xx.o(.text) referenced from startup_stm32mp15xx.o(RESET)
 <LI><a href="#[6d]">I2C4_ER_IRQHandler</a> from startup_stm32mp15xx.o(.text) referenced from startup_stm32mp15xx.o(RESET)
 <LI><a href="#[6c]">I2C4_EV_IRQHandler</a> from startup_stm32mp15xx.o(.text) referenced from startup_stm32mp15xx.o(RESET)
 <LI><a href="#[79]">I2C5_ER_IRQHandler</a> from startup_stm32mp15xx.o(.text) referenced from startup_stm32mp15xx.o(RESET)
 <LI><a href="#[78]">I2C5_EV_IRQHandler</a> from startup_stm32mp15xx.o(.text) referenced from startup_stm32mp15xx.o(RESET)
 <LI><a href="#[95]">I2C6_ER_IRQHandler</a> from startup_stm32mp15xx.o(.text) referenced from startup_stm32mp15xx.o(RESET)
 <LI><a href="#[94]">I2C6_EV_IRQHandler</a> from startup_stm32mp15xx.o(.text) referenced from startup_stm32mp15xx.o(RESET)
 <LI><a href="#[71]">IPCC_RX0_IRQHandler</a> from startup_stm32mp15xx.o(.text) referenced from startup_stm32mp15xx.o(RESET)
 <LI><a href="#[74]">IPCC_RX1_IRQHandler</a> from startup_stm32mp15xx.o(.text) referenced from startup_stm32mp15xx.o(RESET)
 <LI><a href="#[72]">IPCC_TX0_IRQHandler</a> from startup_stm32mp15xx.o(.text) referenced from startup_stm32mp15xx.o(RESET)
 <LI><a href="#[75]">IPCC_TX1_IRQHandler</a> from startup_stm32mp15xx.o(.text) referenced from startup_stm32mp15xx.o(RESET)
 <LI><a href="#[6a]">LPTIM1_IRQHandler</a> from startup_stm32mp15xx.o(.text) referenced from startup_stm32mp15xx.o(RESET)
 <LI><a href="#[97]">LPTIM2_IRQHandler</a> from startup_stm32mp15xx.o(.text) referenced from startup_stm32mp15xx.o(RESET)
 <LI><a href="#[98]">LPTIM3_IRQHandler</a> from startup_stm32mp15xx.o(.text) referenced from startup_stm32mp15xx.o(RESET)
 <LI><a href="#[99]">LPTIM4_IRQHandler</a> from startup_stm32mp15xx.o(.text) referenced from startup_stm32mp15xx.o(RESET)
 <LI><a href="#[9a]">LPTIM5_IRQHandler</a> from startup_stm32mp15xx.o(.text) referenced from startup_stm32mp15xx.o(RESET)
 <LI><a href="#[66]">LTDC_ER_IRQHandler</a> from startup_stm32mp15xx.o(.text) referenced from startup_stm32mp15xx.o(RESET)
 <LI><a href="#[65]">LTDC_IRQHandler</a> from startup_stm32mp15xx.o(.text) referenced from startup_stm32mp15xx.o(RESET)
 <LI><a href="#[85]">MDIOS_IRQHandler</a> from startup_stm32mp15xx.o(.text) referenced from startup_stm32mp15xx.o(RESET)
 <LI><a href="#[87]">MDMA_IRQHandler</a> from startup_stm32mp15xx.o(.text) referenced from startup_stm32mp15xx.o(RESET)
 <LI><a href="#[9d]">MPU_SEV_IRQHandler</a> from startup_stm32mp15xx.o(.text) referenced from startup_stm32mp15xx.o(RESET)
 <LI><a href="#[6]">MemManage_Handler</a> from stm32mp1xx_it.o(i.MemManage_Handler) referenced from startup_stm32mp15xx.o(RESET)
 <LI><a href="#[4]">NMI_Handler</a> from stm32mp1xx_it.o(i.NMI_Handler) referenced from startup_stm32mp15xx.o(RESET)
 <LI><a href="#[6f]">OTG_IRQHandler</a> from startup_stm32mp15xx.o(.text) referenced from startup_stm32mp15xx.o(RESET)
 <LI><a href="#[e]">PVD_AVD_IRQHandler</a> from startup_stm32mp15xx.o(.text) referenced from startup_stm32mp15xx.o(RESET)
 <LI><a href="#[b]">PendSV_Handler</a> from stm32mp1xx_it.o(i.PendSV_Handler) referenced from startup_stm32mp15xx.o(RESET)
 <LI><a href="#[69]">QUADSPI_IRQHandler</a> from startup_stm32mp15xx.o(.text) referenced from startup_stm32mp15xx.o(RESET)
 <LI><a href="#[12]">RCC_IRQHandler</a> from startup_stm32mp15xx.o(.text) referenced from startup_stm32mp15xx.o(RESET)
 <LI><a href="#[9e]">RCC_WAKEUP_IRQHandler</a> from startup_stm32mp15xx.o(.text) referenced from startup_stm32mp15xx.o(RESET)
 <LI><a href="#[9c]">RESERVED143_IRQHandler</a> from startup_stm32mp15xx.o(.text) referenced from startup_stm32mp15xx.o(RESET)
 <LI><a href="#[a1]">RESERVED148_IRQHandler</a> from startup_stm32mp15xx.o(.text) referenced from startup_stm32mp15xx.o(RESET)
 <LI><a href="#[11]">RESERVED4_IRQHandler</a> from startup_stm32mp15xx.o(.text) referenced from startup_stm32mp15xx.o(RESET)
 <LI><a href="#[70]">RESERVED99_IRQHandler</a> from startup_stm32mp15xx.o(.text) referenced from startup_stm32mp15xx.o(RESET)
 <LI><a href="#[92]">RNG1_IRQHandler</a> from startup_stm32mp15xx.o(.text) referenced from startup_stm32mp15xx.o(RESET)
 <LI><a href="#[93]">RNG2_IRQHandler</a> from startup_stm32mp15xx.o(.text) referenced from startup_stm32mp15xx.o(RESET)
 <LI><a href="#[36]">RTC_TIMESTAMP_IRQHandler</a> from startup_stm32mp15xx.o(.text) referenced from startup_stm32mp15xx.o(RESET)
 <LI><a href="#[10]">RTC_WKUP_ALARM_IRQHandler</a> from startup_stm32mp15xx.o(.text) referenced from startup_stm32mp15xx.o(RESET)
 <LI><a href="#[3]">Reset_Handler</a> from startup_stm32mp15xx.o(.text) referenced from startup_stm32mp15xx.o(RESET)
 <LI><a href="#[64]">SAI1_IRQHandler</a> from startup_stm32mp15xx.o(.text) referenced from startup_stm32mp15xx.o(RESET)
 <LI><a href="#[68]">SAI2_IRQHandler</a> from startup_stm32mp15xx.o(.text) referenced from startup_stm32mp15xx.o(RESET)
 <LI><a href="#[7f]">SAI3_IRQHandler</a> from startup_stm32mp15xx.o(.text) referenced from startup_stm32mp15xx.o(RESET)
 <LI><a href="#[9f]">SAI4_IRQHandler</a> from startup_stm32mp15xx.o(.text) referenced from startup_stm32mp15xx.o(RESET)
 <LI><a href="#[3e]">SDMMC1_IRQHandler</a> from startup_stm32mp15xx.o(.text) referenced from startup_stm32mp15xx.o(RESET)
 <LI><a href="#[89]">SDMMC2_IRQHandler</a> from startup_stm32mp15xx.o(.text) referenced from startup_stm32mp15xx.o(RESET)
 <LI><a href="#[96]">SDMMC3_IRQHandler</a> from startup_stm32mp15xx.o(.text) referenced from startup_stm32mp15xx.o(RESET)
 <LI><a href="#[6e]">SPDIF_RX_IRQHandler</a> from startup_stm32mp15xx.o(.text) referenced from startup_stm32mp15xx.o(RESET)
 <LI><a href="#[30]">SPI1_IRQHandler</a> from startup_stm32mp15xx.o(.text) referenced from startup_stm32mp15xx.o(RESET)
 <LI><a href="#[31]">SPI2_IRQHandler</a> from startup_stm32mp15xx.o(.text) referenced from startup_stm32mp15xx.o(RESET)
 <LI><a href="#[40]">SPI3_IRQHandler</a> from startup_stm32mp15xx.o(.text) referenced from startup_stm32mp15xx.o(RESET)
 <LI><a href="#[61]">SPI4_IRQHandler</a> from startup_stm32mp15xx.o(.text) referenced from startup_stm32mp15xx.o(RESET)
 <LI><a href="#[62]">SPI5_IRQHandler</a> from startup_stm32mp15xx.o(.text) referenced from startup_stm32mp15xx.o(RESET)
 <LI><a href="#[63]">SPI6_IRQHandler</a> from startup_stm32mp15xx.o(.text) referenced from startup_stm32mp15xx.o(RESET)
 <LI><a href="#[9]">SVC_Handler</a> from stm32mp1xx_it.o(i.SVC_Handler) referenced from startup_stm32mp15xx.o(RESET)
 <LI><a href="#[c]">SysTick_Handler</a> from stm32mp1xx_it.o(i.SysTick_Handler) referenced from startup_stm32mp15xx.o(RESET)
 <LI><a href="#[a3]">SystemInit</a> from system_stm32mp1xx.o(i.SystemInit) referenced from startup_stm32mp15xx.o(.text)
 <LI><a href="#[f]">TAMP_IRQHandler</a> from startup_stm32mp15xx.o(.text) referenced from startup_stm32mp15xx.o(RESET)
 <LI><a href="#[84]">TIM12_IRQHandler</a> from startup_stm32mp15xx.o(.text) referenced from startup_stm32mp15xx.o(RESET)
 <LI><a href="#[8f]">TIM13_IRQHandler</a> from startup_stm32mp15xx.o(.text) referenced from startup_stm32mp15xx.o(RESET)
 <LI><a href="#[90]">TIM14_IRQHandler</a> from startup_stm32mp15xx.o(.text) referenced from startup_stm32mp15xx.o(RESET)
 <LI><a href="#[81]">TIM15_IRQHandler</a> from startup_stm32mp15xx.o(.text) referenced from startup_stm32mp15xx.o(RESET)
 <LI><a href="#[82]">TIM16_IRQHandler</a> from startup_stm32mp15xx.o(.text) referenced from startup_stm32mp15xx.o(RESET)
 <LI><a href="#[83]">TIM17_IRQHandler</a> from startup_stm32mp15xx.o(.text) referenced from startup_stm32mp15xx.o(RESET)
 <LI><a href="#[25]">TIM1_BRK_IRQHandler</a> from startup_stm32mp15xx.o(.text) referenced from startup_stm32mp15xx.o(RESET)
 <LI><a href="#[28]">TIM1_CC_IRQHandler</a> from startup_stm32mp15xx.o(.text) referenced from startup_stm32mp15xx.o(RESET)
 <LI><a href="#[27]">TIM1_TRG_COM_IRQHandler</a> from startup_stm32mp15xx.o(.text) referenced from startup_stm32mp15xx.o(RESET)
 <LI><a href="#[26]">TIM1_UP_IRQHandler</a> from startup_stm32mp15xx.o(.text) referenced from startup_stm32mp15xx.o(RESET)
 <LI><a href="#[29]">TIM2_IRQHandler</a> from gtim.o(i.TIM2_IRQHandler) referenced from startup_stm32mp15xx.o(RESET)
 <LI><a href="#[2a]">TIM3_IRQHandler</a> from gtim.o(i.TIM3_IRQHandler) referenced from startup_stm32mp15xx.o(RESET)
 <LI><a href="#[2b]">TIM4_IRQHandler</a> from startup_stm32mp15xx.o(.text) referenced from startup_stm32mp15xx.o(RESET)
 <LI><a href="#[3f]">TIM5_IRQHandler</a> from gtim.o(i.TIM5_IRQHandler) referenced from startup_stm32mp15xx.o(RESET)
 <LI><a href="#[43]">TIM6_IRQHandler</a> from startup_stm32mp15xx.o(.text) referenced from startup_stm32mp15xx.o(RESET)
 <LI><a href="#[44]">TIM7_IRQHandler</a> from startup_stm32mp15xx.o(.text) referenced from startup_stm32mp15xx.o(RESET)
 <LI><a href="#[38]">TIM8_BRK_IRQHandler</a> from startup_stm32mp15xx.o(.text) referenced from startup_stm32mp15xx.o(RESET)
 <LI><a href="#[3b]">TIM8_CC_IRQHandler</a> from atim.o(i.TIM8_CC_IRQHandler) referenced from startup_stm32mp15xx.o(RESET)
 <LI><a href="#[3a]">TIM8_TRG_COM_IRQHandler</a> from startup_stm32mp15xx.o(.text) referenced from startup_stm32mp15xx.o(RESET)
 <LI><a href="#[39]">TIM8_UP_IRQHandler</a> from atim.o(i.TIM8_UP_IRQHandler) referenced from startup_stm32mp15xx.o(RESET)
 <LI><a href="#[41]">UART4_IRQHandler</a> from usart.o(i.UART4_IRQHandler) referenced from startup_stm32mp15xx.o(RESET)
 <LI><a href="#[42]">UART5_IRQHandler</a> from startup_stm32mp15xx.o(.text) referenced from startup_stm32mp15xx.o(RESET)
 <LI><a href="#[5f]">UART7_IRQHandler</a> from startup_stm32mp15xx.o(.text) referenced from startup_stm32mp15xx.o(RESET)
 <LI><a href="#[60]">UART8_IRQHandler</a> from startup_stm32mp15xx.o(.text) referenced from startup_stm32mp15xx.o(RESET)
 <LI><a href="#[a7]">UART_DMAAbortOnError</a> from stm32mp1xx_hal_uart.o(i.UART_DMAAbortOnError) referenced from stm32mp1xx_hal_uart.o(i.HAL_UART_IRQHandler)
 <LI><a href="#[a8]">UART_MDMAAbortOnError</a> from stm32mp1xx_hal_uart.o(i.UART_MDMAAbortOnError) referenced from stm32mp1xx_hal_uart.o(i.HAL_UART_IRQHandler)
 <LI><a href="#[ac]">UART_RxISR_16BIT</a> from stm32mp1xx_hal_uart.o(i.UART_RxISR_16BIT) referenced from stm32mp1xx_hal_uart.o(i.HAL_UART_Receive_IT)
 <LI><a href="#[ac]">UART_RxISR_16BIT</a> from stm32mp1xx_hal_uart.o(i.UART_RxISR_16BIT) referenced from stm32mp1xx_hal_uart.o(i.UART_RxISR_16BIT_FIFOEN)
 <LI><a href="#[aa]">UART_RxISR_16BIT_FIFOEN</a> from stm32mp1xx_hal_uart.o(i.UART_RxISR_16BIT_FIFOEN) referenced from stm32mp1xx_hal_uart.o(i.HAL_UART_Receive_IT)
 <LI><a href="#[ab]">UART_RxISR_8BIT</a> from stm32mp1xx_hal_uart.o(i.UART_RxISR_8BIT) referenced from stm32mp1xx_hal_uart.o(i.HAL_UART_Receive_IT)
 <LI><a href="#[ab]">UART_RxISR_8BIT</a> from stm32mp1xx_hal_uart.o(i.UART_RxISR_8BIT) referenced from stm32mp1xx_hal_uart.o(i.UART_RxISR_8BIT_FIFOEN)
 <LI><a href="#[a9]">UART_RxISR_8BIT_FIFOEN</a> from stm32mp1xx_hal_uart.o(i.UART_RxISR_8BIT_FIFOEN) referenced from stm32mp1xx_hal_uart.o(i.HAL_UART_Receive_IT)
 <LI><a href="#[32]">USART1_IRQHandler</a> from startup_stm32mp15xx.o(.text) referenced from startup_stm32mp15xx.o(RESET)
 <LI><a href="#[33]">USART2_IRQHandler</a> from startup_stm32mp15xx.o(.text) referenced from startup_stm32mp15xx.o(RESET)
 <LI><a href="#[34]">USART3_IRQHandler</a> from startup_stm32mp15xx.o(.text) referenced from startup_stm32mp15xx.o(RESET)
 <LI><a href="#[54]">USART6_IRQHandler</a> from startup_stm32mp15xx.o(.text) referenced from startup_stm32mp15xx.o(RESET)
 <LI><a href="#[58]">USBH_EHCI_IRQHandler</a> from startup_stm32mp15xx.o(.text) referenced from startup_stm32mp15xx.o(RESET)
 <LI><a href="#[57]">USBH_OHCI_IRQHandler</a> from startup_stm32mp15xx.o(.text) referenced from startup_stm32mp15xx.o(RESET)
 <LI><a href="#[8]">UsageFault_Handler</a> from stm32mp1xx_it.o(i.UsageFault_Handler) referenced from startup_stm32mp15xx.o(RESET)
 <LI><a href="#[a2]">WAKEUP_PIN_IRQHandler</a> from startup_stm32mp15xx.o(.text) referenced from startup_stm32mp15xx.o(RESET)
 <LI><a href="#[d]">WWDG1_IRQHandler</a> from startup_stm32mp15xx.o(.text) referenced from startup_stm32mp15xx.o(RESET)
 <LI><a href="#[ad]">__main</a> from __main.o(!!!main) referenced from startup_stm32mp15xx.o(.text)
 <LI><a href="#[a6]">_printf_input_char</a> from _printf_char_common.o(.text) referenced from _printf_char_common.o(.text)
 <LI><a href="#[a5]">fputc</a> from usart.o(i.fputc) referenced from _printf_char_file.o(.text)
 <LI><a href="#[8d]">nCTIIRQ1_IRQHandler</a> from startup_stm32mp15xx.o(.text) referenced from startup_stm32mp15xx.o(RESET)
 <LI><a href="#[8e]">nCTIIRQ2_IRQHandler</a> from startup_stm32mp15xx.o(.text) referenced from startup_stm32mp15xx.o(RESET)
</UL>
<P>
<H3>
Global Symbols
</H3>
<P><STRONG><a name="[ad]"></a>__main</STRONG> (Thumb, 8 bytes, Stack size 0 bytes, __main.o(!!!main))
<BR><BR>[Calls]<UL><LI><a href="#[af]">&gt;&gt;</a>&nbsp;&nbsp;&nbsp;__rt_entry
<LI><a href="#[ae]">&gt;&gt;</a>&nbsp;&nbsp;&nbsp;__scatterload
</UL>

<P><STRONG><a name="[ae]"></a>__scatterload</STRONG> (Thumb, 0 bytes, Stack size unknown bytes, __scatter.o(!!!scatter))
<BR><BR>[Called By]<UL><LI><a href="#[ad]">&gt;&gt;</a>&nbsp;&nbsp;&nbsp;__main
</UL>

<P><STRONG><a name="[b0]"></a>__scatterload_rt2</STRONG> (Thumb, 44 bytes, Stack size unknown bytes, __scatter.o(!!!scatter), UNUSED)
<BR><BR>[Calls]<UL><LI><a href="#[af]">&gt;&gt;</a>&nbsp;&nbsp;&nbsp;__rt_entry
</UL>

<P><STRONG><a name="[154]"></a>__scatterload_rt2_thumb_only</STRONG> (Thumb, 0 bytes, Stack size unknown bytes, __scatter.o(!!!scatter), UNUSED)

<P><STRONG><a name="[155]"></a>__scatterload_null</STRONG> (Thumb, 0 bytes, Stack size unknown bytes, __scatter.o(!!!scatter), UNUSED)

<P><STRONG><a name="[b1]"></a>__scatterload_copy</STRONG> (Thumb, 26 bytes, Stack size unknown bytes, __scatter_copy.o(!!handler_copy), UNUSED)
<BR><BR>[Calls]<UL><LI><a href="#[b1]">&gt;&gt;</a>&nbsp;&nbsp;&nbsp;__scatterload_copy
</UL>
<BR>[Called By]<UL><LI><a href="#[b1]">&gt;&gt;</a>&nbsp;&nbsp;&nbsp;__scatterload_copy
</UL>

<P><STRONG><a name="[156]"></a>__scatterload_zeroinit</STRONG> (Thumb, 28 bytes, Stack size unknown bytes, __scatter_zi.o(!!handler_zi), UNUSED)

<P><STRONG><a name="[b2]"></a>_printf_f</STRONG> (Thumb, 0 bytes, Stack size unknown bytes, _printf_f.o(.ARM.Collect$$_printf_percent$$00000003))
<BR><BR>[Stack]<UL><LI>Max Depth = 324 + Unknown Stack Size
<LI>Call Chain = _printf_f &rArr; _printf_fp_dec &rArr; _printf_fp_dec_real &rArr; _fp_digits &rArr; _btod_etento &rArr; _btod_emul &rArr; _e2e
</UL>
<BR>[Calls]<UL><LI><a href="#[b3]">&gt;&gt;</a>&nbsp;&nbsp;&nbsp;_printf_fp_dec
</UL>

<P><STRONG><a name="[ca]"></a>_printf_percent</STRONG> (Thumb, 0 bytes, Stack size unknown bytes, _printf_percent.o(.ARM.Collect$$_printf_percent$$00000000))
<BR><BR>[Called By]<UL><LI><a href="#[c8]">&gt;&gt;</a>&nbsp;&nbsp;&nbsp;__printf
</UL>

<P><STRONG><a name="[b4]"></a>_printf_d</STRONG> (Thumb, 0 bytes, Stack size unknown bytes, _printf_d.o(.ARM.Collect$$_printf_percent$$00000009))
<BR><BR>[Stack]<UL><LI>Max Depth = 56 + Unknown Stack Size
<LI>Call Chain = _printf_d &rArr; _printf_int_dec &rArr; _printf_int_common
</UL>
<BR>[Calls]<UL><LI><a href="#[b5]">&gt;&gt;</a>&nbsp;&nbsp;&nbsp;_printf_int_dec
</UL>

<P><STRONG><a name="[157]"></a>_printf_percent_end</STRONG> (Thumb, 0 bytes, Stack size unknown bytes, _printf_percent_end.o(.ARM.Collect$$_printf_percent$$00000017))

<P><STRONG><a name="[bd]"></a>__rt_lib_init</STRONG> (Thumb, 0 bytes, Stack size unknown bytes, libinit.o(.ARM.Collect$$libinit$$00000000))
<BR><BR>[Called By]<UL><LI><a href="#[bc]">&gt;&gt;</a>&nbsp;&nbsp;&nbsp;__rt_entry_li
</UL>

<P><STRONG><a name="[b6]"></a>__rt_lib_init_fp_1</STRONG> (Thumb, 0 bytes, Stack size unknown bytes, libinit2.o(.ARM.Collect$$libinit$$00000001))
<BR><BR>[Calls]<UL><LI><a href="#[b7]">&gt;&gt;</a>&nbsp;&nbsp;&nbsp;_fp_init
</UL>

<P><STRONG><a name="[158]"></a>__rt_lib_init_heap_1</STRONG> (Thumb, 0 bytes, Stack size unknown bytes, libinit2.o(.ARM.Collect$$libinit$$0000000A))

<P><STRONG><a name="[b8]"></a>__rt_lib_init_lc_common</STRONG> (Thumb, 0 bytes, Stack size unknown bytes, libinit2.o(.ARM.Collect$$libinit$$0000000F))
<BR><BR>[Calls]<UL><LI><a href="#[b9]">&gt;&gt;</a>&nbsp;&nbsp;&nbsp;__rt_locale
</UL>

<P><STRONG><a name="[159]"></a>__rt_lib_init_preinit_1</STRONG> (Thumb, 0 bytes, Stack size unknown bytes, libinit2.o(.ARM.Collect$$libinit$$00000004))

<P><STRONG><a name="[15a]"></a>__rt_lib_init_rand_1</STRONG> (Thumb, 0 bytes, Stack size unknown bytes, libinit2.o(.ARM.Collect$$libinit$$0000000E))

<P><STRONG><a name="[15b]"></a>__rt_lib_init_user_alloc_1</STRONG> (Thumb, 0 bytes, Stack size unknown bytes, libinit2.o(.ARM.Collect$$libinit$$0000000C))

<P><STRONG><a name="[15c]"></a>__rt_lib_init_lc_collate_1</STRONG> (Thumb, 0 bytes, Stack size unknown bytes, libinit2.o(.ARM.Collect$$libinit$$00000011))

<P><STRONG><a name="[15d]"></a>__rt_lib_init_lc_ctype_1</STRONG> (Thumb, 0 bytes, Stack size unknown bytes, libinit2.o(.ARM.Collect$$libinit$$00000013))

<P><STRONG><a name="[15e]"></a>__rt_lib_init_lc_monetary_1</STRONG> (Thumb, 0 bytes, Stack size unknown bytes, libinit2.o(.ARM.Collect$$libinit$$00000015))

<P><STRONG><a name="[ba]"></a>__rt_lib_init_lc_numeric_2</STRONG> (Thumb, 0 bytes, Stack size unknown bytes, libinit2.o(.ARM.Collect$$libinit$$00000016))
<BR><BR>[Stack]<UL><LI>Max Depth = 8 + Unknown Stack Size
<LI>Call Chain = __rt_lib_init_lc_numeric_2 &rArr; _get_lc_numeric
</UL>
<BR>[Calls]<UL><LI><a href="#[bb]">&gt;&gt;</a>&nbsp;&nbsp;&nbsp;_get_lc_numeric
</UL>

<P><STRONG><a name="[15f]"></a>__rt_lib_init_alloca_1</STRONG> (Thumb, 0 bytes, Stack size unknown bytes, libinit2.o(.ARM.Collect$$libinit$$0000002E))

<P><STRONG><a name="[160]"></a>__rt_lib_init_argv_1</STRONG> (Thumb, 0 bytes, Stack size unknown bytes, libinit2.o(.ARM.Collect$$libinit$$0000002C))

<P><STRONG><a name="[161]"></a>__rt_lib_init_atexit_1</STRONG> (Thumb, 0 bytes, Stack size unknown bytes, libinit2.o(.ARM.Collect$$libinit$$0000001B))

<P><STRONG><a name="[162]"></a>__rt_lib_init_clock_1</STRONG> (Thumb, 0 bytes, Stack size unknown bytes, libinit2.o(.ARM.Collect$$libinit$$00000021))

<P><STRONG><a name="[163]"></a>__rt_lib_init_cpp_1</STRONG> (Thumb, 0 bytes, Stack size unknown bytes, libinit2.o(.ARM.Collect$$libinit$$00000032))

<P><STRONG><a name="[164]"></a>__rt_lib_init_exceptions_1</STRONG> (Thumb, 0 bytes, Stack size unknown bytes, libinit2.o(.ARM.Collect$$libinit$$00000030))

<P><STRONG><a name="[165]"></a>__rt_lib_init_fp_trap_1</STRONG> (Thumb, 0 bytes, Stack size unknown bytes, libinit2.o(.ARM.Collect$$libinit$$0000001F))

<P><STRONG><a name="[166]"></a>__rt_lib_init_getenv_1</STRONG> (Thumb, 0 bytes, Stack size unknown bytes, libinit2.o(.ARM.Collect$$libinit$$00000023))

<P><STRONG><a name="[167]"></a>__rt_lib_init_lc_numeric_1</STRONG> (Thumb, 0 bytes, Stack size unknown bytes, libinit2.o(.ARM.Collect$$libinit$$00000017))

<P><STRONG><a name="[168]"></a>__rt_lib_init_lc_time_1</STRONG> (Thumb, 0 bytes, Stack size unknown bytes, libinit2.o(.ARM.Collect$$libinit$$00000019))

<P><STRONG><a name="[169]"></a>__rt_lib_init_return</STRONG> (Thumb, 0 bytes, Stack size unknown bytes, libinit2.o(.ARM.Collect$$libinit$$00000033))

<P><STRONG><a name="[16a]"></a>__rt_lib_init_signal_1</STRONG> (Thumb, 0 bytes, Stack size unknown bytes, libinit2.o(.ARM.Collect$$libinit$$0000001D))

<P><STRONG><a name="[16b]"></a>__rt_lib_init_stdio_1</STRONG> (Thumb, 0 bytes, Stack size unknown bytes, libinit2.o(.ARM.Collect$$libinit$$00000025))

<P><STRONG><a name="[c2]"></a>__rt_lib_shutdown</STRONG> (Thumb, 0 bytes, Stack size unknown bytes, libshutdown.o(.ARM.Collect$$libshutdown$$00000000))
<BR><BR>[Called By]<UL><LI><a href="#[c1]">&gt;&gt;</a>&nbsp;&nbsp;&nbsp;__rt_exit_ls
</UL>

<P><STRONG><a name="[16c]"></a>__rt_lib_shutdown_cpp_1</STRONG> (Thumb, 0 bytes, Stack size unknown bytes, libshutdown2.o(.ARM.Collect$$libshutdown$$00000002))

<P><STRONG><a name="[16d]"></a>__rt_lib_shutdown_fp_trap_1</STRONG> (Thumb, 0 bytes, Stack size unknown bytes, libshutdown2.o(.ARM.Collect$$libshutdown$$00000007))

<P><STRONG><a name="[16e]"></a>__rt_lib_shutdown_heap_1</STRONG> (Thumb, 0 bytes, Stack size unknown bytes, libshutdown2.o(.ARM.Collect$$libshutdown$$0000000F))

<P><STRONG><a name="[16f]"></a>__rt_lib_shutdown_return</STRONG> (Thumb, 0 bytes, Stack size unknown bytes, libshutdown2.o(.ARM.Collect$$libshutdown$$00000010))

<P><STRONG><a name="[170]"></a>__rt_lib_shutdown_signal_1</STRONG> (Thumb, 0 bytes, Stack size unknown bytes, libshutdown2.o(.ARM.Collect$$libshutdown$$0000000A))

<P><STRONG><a name="[171]"></a>__rt_lib_shutdown_stdio_1</STRONG> (Thumb, 0 bytes, Stack size unknown bytes, libshutdown2.o(.ARM.Collect$$libshutdown$$00000004))

<P><STRONG><a name="[172]"></a>__rt_lib_shutdown_user_alloc_1</STRONG> (Thumb, 0 bytes, Stack size unknown bytes, libshutdown2.o(.ARM.Collect$$libshutdown$$0000000C))

<P><STRONG><a name="[af]"></a>__rt_entry</STRONG> (Thumb, 0 bytes, Stack size unknown bytes, __rtentry.o(.ARM.Collect$$rtentry$$00000000))
<BR><BR>[Called By]<UL><LI><a href="#[ad]">&gt;&gt;</a>&nbsp;&nbsp;&nbsp;__main
<LI><a href="#[b0]">&gt;&gt;</a>&nbsp;&nbsp;&nbsp;__scatterload_rt2
</UL>

<P><STRONG><a name="[173]"></a>__rt_entry_presh_1</STRONG> (Thumb, 0 bytes, Stack size unknown bytes, __rtentry2.o(.ARM.Collect$$rtentry$$00000002))

<P><STRONG><a name="[174]"></a>__rt_entry_sh</STRONG> (Thumb, 0 bytes, Stack size unknown bytes, __rtentry5.o(.ARM.Collect$$rtentry$$00000005))

<P><STRONG><a name="[bc]"></a>__rt_entry_li</STRONG> (Thumb, 0 bytes, Stack size unknown bytes, __rtentry2.o(.ARM.Collect$$rtentry$$0000000A))
<BR><BR>[Calls]<UL><LI><a href="#[bd]">&gt;&gt;</a>&nbsp;&nbsp;&nbsp;__rt_lib_init
</UL>

<P><STRONG><a name="[175]"></a>__rt_entry_postsh_1</STRONG> (Thumb, 0 bytes, Stack size unknown bytes, __rtentry2.o(.ARM.Collect$$rtentry$$00000009))

<P><STRONG><a name="[be]"></a>__rt_entry_main</STRONG> (Thumb, 0 bytes, Stack size unknown bytes, __rtentry2.o(.ARM.Collect$$rtentry$$0000000D))
<BR><BR>[Stack]<UL><LI>Max Depth = 812 + Unknown Stack Size
<LI>Call Chain = __rt_entry_main &rArr; main &rArr; usart_init &rArr; HAL_UART_Init &rArr; HAL_UART_MspInit &rArr; HAL_RCCEx_PeriphCLKConfig &rArr; HAL_RCC_OscConfig &rArr; HAL_RCC_GetMCUFreq &rArr; HAL_RCC_GetMCUSSFreq &rArr; HAL_RCC_GetPLL3ClockFreq
</UL>
<BR>[Calls]<UL><LI><a href="#[bf]">&gt;&gt;</a>&nbsp;&nbsp;&nbsp;main
<LI><a href="#[c0]">&gt;&gt;</a>&nbsp;&nbsp;&nbsp;exit
</UL>

<P><STRONG><a name="[176]"></a>__rt_entry_postli_1</STRONG> (Thumb, 0 bytes, Stack size unknown bytes, __rtentry2.o(.ARM.Collect$$rtentry$$0000000C))

<P><STRONG><a name="[d6]"></a>__rt_exit</STRONG> (Thumb, 0 bytes, Stack size unknown bytes, rtexit.o(.ARM.Collect$$rtexit$$00000000))
<BR><BR>[Called By]<UL><LI><a href="#[c0]">&gt;&gt;</a>&nbsp;&nbsp;&nbsp;exit
</UL>

<P><STRONG><a name="[c1]"></a>__rt_exit_ls</STRONG> (Thumb, 0 bytes, Stack size unknown bytes, rtexit2.o(.ARM.Collect$$rtexit$$00000003))
<BR><BR>[Calls]<UL><LI><a href="#[c2]">&gt;&gt;</a>&nbsp;&nbsp;&nbsp;__rt_lib_shutdown
</UL>

<P><STRONG><a name="[177]"></a>__rt_exit_prels_1</STRONG> (Thumb, 0 bytes, Stack size unknown bytes, rtexit2.o(.ARM.Collect$$rtexit$$00000002))

<P><STRONG><a name="[c3]"></a>__rt_exit_exit</STRONG> (Thumb, 0 bytes, Stack size unknown bytes, rtexit2.o(.ARM.Collect$$rtexit$$00000004))
<BR><BR>[Calls]<UL><LI><a href="#[c4]">&gt;&gt;</a>&nbsp;&nbsp;&nbsp;_sys_exit
</UL>

<P><STRONG><a name="[178]"></a>WFI_SET</STRONG> (Thumb, 2 bytes, Stack size 0 bytes, sys.o(.emb_text), UNUSED)

<P><STRONG><a name="[13b]"></a>INTX_DISABLE</STRONG> (Thumb, 4 bytes, Stack size 0 bytes, sys.o(.emb_text))
<BR><BR>[Called By]<UL><LI><a href="#[13a]">&gt;&gt;</a>&nbsp;&nbsp;&nbsp;atim_timx_pwmin_chy_restart
</UL>

<P><STRONG><a name="[13c]"></a>INTX_ENABLE</STRONG> (Thumb, 4 bytes, Stack size 0 bytes, sys.o(.emb_text))
<BR><BR>[Called By]<UL><LI><a href="#[13a]">&gt;&gt;</a>&nbsp;&nbsp;&nbsp;atim_timx_pwmin_chy_restart
</UL>

<P><STRONG><a name="[179]"></a>MSR_MSP</STRONG> (Thumb, 6 bytes, Stack size 0 bytes, sys.o(.emb_text), UNUSED)

<P><STRONG><a name="[3]"></a>Reset_Handler</STRONG> (Thumb, 8 bytes, Stack size 0 bytes, startup_stm32mp15xx.o(.text))
<BR>[Address Reference Count : 1]<UL><LI> startup_stm32mp15xx.o(RESET)
</UL>
<P><STRONG><a name="[d]"></a>WWDG1_IRQHandler</STRONG> (Thumb, 2 bytes, Stack size 0 bytes, startup_stm32mp15xx.o(.text))
<BR><BR>[Calls]<UL><LI><a href="#[d]">&gt;&gt;</a>&nbsp;&nbsp;&nbsp;WWDG1_IRQHandler
</UL>
<BR>[Called By]<UL><LI><a href="#[d]">&gt;&gt;</a>&nbsp;&nbsp;&nbsp;WWDG1_IRQHandler
</UL>
<BR>[Address Reference Count : 1]<UL><LI> startup_stm32mp15xx.o(RESET)
</UL>
<P><STRONG><a name="[e]"></a>PVD_AVD_IRQHandler</STRONG> (Thumb, 2 bytes, Stack size 0 bytes, startup_stm32mp15xx.o(.text))
<BR><BR>[Calls]<UL><LI><a href="#[e]">&gt;&gt;</a>&nbsp;&nbsp;&nbsp;PVD_AVD_IRQHandler
</UL>
<BR>[Called By]<UL><LI><a href="#[e]">&gt;&gt;</a>&nbsp;&nbsp;&nbsp;PVD_AVD_IRQHandler
</UL>
<BR>[Address Reference Count : 1]<UL><LI> startup_stm32mp15xx.o(RESET)
</UL>
<P><STRONG><a name="[f]"></a>TAMP_IRQHandler</STRONG> (Thumb, 2 bytes, Stack size 0 bytes, startup_stm32mp15xx.o(.text))
<BR><BR>[Calls]<UL><LI><a href="#[f]">&gt;&gt;</a>&nbsp;&nbsp;&nbsp;TAMP_IRQHandler
</UL>
<BR>[Called By]<UL><LI><a href="#[f]">&gt;&gt;</a>&nbsp;&nbsp;&nbsp;TAMP_IRQHandler
</UL>
<BR>[Address Reference Count : 1]<UL><LI> startup_stm32mp15xx.o(RESET)
</UL>
<P><STRONG><a name="[10]"></a>RTC_WKUP_ALARM_IRQHandler</STRONG> (Thumb, 2 bytes, Stack size 0 bytes, startup_stm32mp15xx.o(.text))
<BR><BR>[Calls]<UL><LI><a href="#[10]">&gt;&gt;</a>&nbsp;&nbsp;&nbsp;RTC_WKUP_ALARM_IRQHandler
</UL>
<BR>[Called By]<UL><LI><a href="#[10]">&gt;&gt;</a>&nbsp;&nbsp;&nbsp;RTC_WKUP_ALARM_IRQHandler
</UL>
<BR>[Address Reference Count : 1]<UL><LI> startup_stm32mp15xx.o(RESET)
</UL>
<P><STRONG><a name="[11]"></a>RESERVED4_IRQHandler</STRONG> (Thumb, 2 bytes, Stack size 0 bytes, startup_stm32mp15xx.o(.text))
<BR><BR>[Calls]<UL><LI><a href="#[11]">&gt;&gt;</a>&nbsp;&nbsp;&nbsp;RESERVED4_IRQHandler
</UL>
<BR>[Called By]<UL><LI><a href="#[11]">&gt;&gt;</a>&nbsp;&nbsp;&nbsp;RESERVED4_IRQHandler
</UL>
<BR>[Address Reference Count : 1]<UL><LI> startup_stm32mp15xx.o(RESET)
</UL>
<P><STRONG><a name="[12]"></a>RCC_IRQHandler</STRONG> (Thumb, 2 bytes, Stack size 0 bytes, startup_stm32mp15xx.o(.text))
<BR><BR>[Calls]<UL><LI><a href="#[12]">&gt;&gt;</a>&nbsp;&nbsp;&nbsp;RCC_IRQHandler
</UL>
<BR>[Called By]<UL><LI><a href="#[12]">&gt;&gt;</a>&nbsp;&nbsp;&nbsp;RCC_IRQHandler
</UL>
<BR>[Address Reference Count : 1]<UL><LI> startup_stm32mp15xx.o(RESET)
</UL>
<P><STRONG><a name="[13]"></a>EXTI0_IRQHandler</STRONG> (Thumb, 2 bytes, Stack size 0 bytes, startup_stm32mp15xx.o(.text))
<BR><BR>[Calls]<UL><LI><a href="#[13]">&gt;&gt;</a>&nbsp;&nbsp;&nbsp;EXTI0_IRQHandler
</UL>
<BR>[Called By]<UL><LI><a href="#[13]">&gt;&gt;</a>&nbsp;&nbsp;&nbsp;EXTI0_IRQHandler
</UL>
<BR>[Address Reference Count : 1]<UL><LI> startup_stm32mp15xx.o(RESET)
</UL>
<P><STRONG><a name="[14]"></a>EXTI1_IRQHandler</STRONG> (Thumb, 2 bytes, Stack size 0 bytes, startup_stm32mp15xx.o(.text))
<BR><BR>[Calls]<UL><LI><a href="#[14]">&gt;&gt;</a>&nbsp;&nbsp;&nbsp;EXTI1_IRQHandler
</UL>
<BR>[Called By]<UL><LI><a href="#[14]">&gt;&gt;</a>&nbsp;&nbsp;&nbsp;EXTI1_IRQHandler
</UL>
<BR>[Address Reference Count : 1]<UL><LI> startup_stm32mp15xx.o(RESET)
</UL>
<P><STRONG><a name="[15]"></a>EXTI2_IRQHandler</STRONG> (Thumb, 2 bytes, Stack size 0 bytes, startup_stm32mp15xx.o(.text))
<BR><BR>[Calls]<UL><LI><a href="#[15]">&gt;&gt;</a>&nbsp;&nbsp;&nbsp;EXTI2_IRQHandler
</UL>
<BR>[Called By]<UL><LI><a href="#[15]">&gt;&gt;</a>&nbsp;&nbsp;&nbsp;EXTI2_IRQHandler
</UL>
<BR>[Address Reference Count : 1]<UL><LI> startup_stm32mp15xx.o(RESET)
</UL>
<P><STRONG><a name="[16]"></a>EXTI3_IRQHandler</STRONG> (Thumb, 2 bytes, Stack size 0 bytes, startup_stm32mp15xx.o(.text))
<BR><BR>[Calls]<UL><LI><a href="#[16]">&gt;&gt;</a>&nbsp;&nbsp;&nbsp;EXTI3_IRQHandler
</UL>
<BR>[Called By]<UL><LI><a href="#[16]">&gt;&gt;</a>&nbsp;&nbsp;&nbsp;EXTI3_IRQHandler
</UL>
<BR>[Address Reference Count : 1]<UL><LI> startup_stm32mp15xx.o(RESET)
</UL>
<P><STRONG><a name="[17]"></a>EXTI4_IRQHandler</STRONG> (Thumb, 2 bytes, Stack size 0 bytes, startup_stm32mp15xx.o(.text))
<BR><BR>[Calls]<UL><LI><a href="#[17]">&gt;&gt;</a>&nbsp;&nbsp;&nbsp;EXTI4_IRQHandler
</UL>
<BR>[Called By]<UL><LI><a href="#[17]">&gt;&gt;</a>&nbsp;&nbsp;&nbsp;EXTI4_IRQHandler
</UL>
<BR>[Address Reference Count : 1]<UL><LI> startup_stm32mp15xx.o(RESET)
</UL>
<P><STRONG><a name="[18]"></a>DMA1_Stream0_IRQHandler</STRONG> (Thumb, 2 bytes, Stack size 0 bytes, startup_stm32mp15xx.o(.text))
<BR><BR>[Calls]<UL><LI><a href="#[18]">&gt;&gt;</a>&nbsp;&nbsp;&nbsp;DMA1_Stream0_IRQHandler
</UL>
<BR>[Called By]<UL><LI><a href="#[18]">&gt;&gt;</a>&nbsp;&nbsp;&nbsp;DMA1_Stream0_IRQHandler
</UL>
<BR>[Address Reference Count : 1]<UL><LI> startup_stm32mp15xx.o(RESET)
</UL>
<P><STRONG><a name="[19]"></a>DMA1_Stream1_IRQHandler</STRONG> (Thumb, 2 bytes, Stack size 0 bytes, startup_stm32mp15xx.o(.text))
<BR><BR>[Calls]<UL><LI><a href="#[19]">&gt;&gt;</a>&nbsp;&nbsp;&nbsp;DMA1_Stream1_IRQHandler
</UL>
<BR>[Called By]<UL><LI><a href="#[19]">&gt;&gt;</a>&nbsp;&nbsp;&nbsp;DMA1_Stream1_IRQHandler
</UL>
<BR>[Address Reference Count : 1]<UL><LI> startup_stm32mp15xx.o(RESET)
</UL>
<P><STRONG><a name="[1a]"></a>DMA1_Stream2_IRQHandler</STRONG> (Thumb, 2 bytes, Stack size 0 bytes, startup_stm32mp15xx.o(.text))
<BR><BR>[Calls]<UL><LI><a href="#[1a]">&gt;&gt;</a>&nbsp;&nbsp;&nbsp;DMA1_Stream2_IRQHandler
</UL>
<BR>[Called By]<UL><LI><a href="#[1a]">&gt;&gt;</a>&nbsp;&nbsp;&nbsp;DMA1_Stream2_IRQHandler
</UL>
<BR>[Address Reference Count : 1]<UL><LI> startup_stm32mp15xx.o(RESET)
</UL>
<P><STRONG><a name="[1b]"></a>DMA1_Stream3_IRQHandler</STRONG> (Thumb, 2 bytes, Stack size 0 bytes, startup_stm32mp15xx.o(.text))
<BR><BR>[Calls]<UL><LI><a href="#[1b]">&gt;&gt;</a>&nbsp;&nbsp;&nbsp;DMA1_Stream3_IRQHandler
</UL>
<BR>[Called By]<UL><LI><a href="#[1b]">&gt;&gt;</a>&nbsp;&nbsp;&nbsp;DMA1_Stream3_IRQHandler
</UL>
<BR>[Address Reference Count : 1]<UL><LI> startup_stm32mp15xx.o(RESET)
</UL>
<P><STRONG><a name="[1c]"></a>DMA1_Stream4_IRQHandler</STRONG> (Thumb, 2 bytes, Stack size 0 bytes, startup_stm32mp15xx.o(.text))
<BR><BR>[Calls]<UL><LI><a href="#[1c]">&gt;&gt;</a>&nbsp;&nbsp;&nbsp;DMA1_Stream4_IRQHandler
</UL>
<BR>[Called By]<UL><LI><a href="#[1c]">&gt;&gt;</a>&nbsp;&nbsp;&nbsp;DMA1_Stream4_IRQHandler
</UL>
<BR>[Address Reference Count : 1]<UL><LI> startup_stm32mp15xx.o(RESET)
</UL>
<P><STRONG><a name="[1d]"></a>DMA1_Stream5_IRQHandler</STRONG> (Thumb, 2 bytes, Stack size 0 bytes, startup_stm32mp15xx.o(.text))
<BR><BR>[Calls]<UL><LI><a href="#[1d]">&gt;&gt;</a>&nbsp;&nbsp;&nbsp;DMA1_Stream5_IRQHandler
</UL>
<BR>[Called By]<UL><LI><a href="#[1d]">&gt;&gt;</a>&nbsp;&nbsp;&nbsp;DMA1_Stream5_IRQHandler
</UL>
<BR>[Address Reference Count : 1]<UL><LI> startup_stm32mp15xx.o(RESET)
</UL>
<P><STRONG><a name="[1e]"></a>DMA1_Stream6_IRQHandler</STRONG> (Thumb, 2 bytes, Stack size 0 bytes, startup_stm32mp15xx.o(.text))
<BR><BR>[Calls]<UL><LI><a href="#[1e]">&gt;&gt;</a>&nbsp;&nbsp;&nbsp;DMA1_Stream6_IRQHandler
</UL>
<BR>[Called By]<UL><LI><a href="#[1e]">&gt;&gt;</a>&nbsp;&nbsp;&nbsp;DMA1_Stream6_IRQHandler
</UL>
<BR>[Address Reference Count : 1]<UL><LI> startup_stm32mp15xx.o(RESET)
</UL>
<P><STRONG><a name="[1f]"></a>ADC1_IRQHandler</STRONG> (Thumb, 2 bytes, Stack size 0 bytes, startup_stm32mp15xx.o(.text))
<BR><BR>[Calls]<UL><LI><a href="#[1f]">&gt;&gt;</a>&nbsp;&nbsp;&nbsp;ADC1_IRQHandler
</UL>
<BR>[Called By]<UL><LI><a href="#[1f]">&gt;&gt;</a>&nbsp;&nbsp;&nbsp;ADC1_IRQHandler
</UL>
<BR>[Address Reference Count : 1]<UL><LI> startup_stm32mp15xx.o(RESET)
</UL>
<P><STRONG><a name="[20]"></a>FDCAN1_IT0_IRQHandler</STRONG> (Thumb, 2 bytes, Stack size 0 bytes, startup_stm32mp15xx.o(.text))
<BR><BR>[Calls]<UL><LI><a href="#[20]">&gt;&gt;</a>&nbsp;&nbsp;&nbsp;FDCAN1_IT0_IRQHandler
</UL>
<BR>[Called By]<UL><LI><a href="#[20]">&gt;&gt;</a>&nbsp;&nbsp;&nbsp;FDCAN1_IT0_IRQHandler
</UL>
<BR>[Address Reference Count : 1]<UL><LI> startup_stm32mp15xx.o(RESET)
</UL>
<P><STRONG><a name="[21]"></a>FDCAN2_IT0_IRQHandler</STRONG> (Thumb, 2 bytes, Stack size 0 bytes, startup_stm32mp15xx.o(.text))
<BR><BR>[Calls]<UL><LI><a href="#[21]">&gt;&gt;</a>&nbsp;&nbsp;&nbsp;FDCAN2_IT0_IRQHandler
</UL>
<BR>[Called By]<UL><LI><a href="#[21]">&gt;&gt;</a>&nbsp;&nbsp;&nbsp;FDCAN2_IT0_IRQHandler
</UL>
<BR>[Address Reference Count : 1]<UL><LI> startup_stm32mp15xx.o(RESET)
</UL>
<P><STRONG><a name="[22]"></a>FDCAN1_IT1_IRQHandler</STRONG> (Thumb, 2 bytes, Stack size 0 bytes, startup_stm32mp15xx.o(.text))
<BR><BR>[Calls]<UL><LI><a href="#[22]">&gt;&gt;</a>&nbsp;&nbsp;&nbsp;FDCAN1_IT1_IRQHandler
</UL>
<BR>[Called By]<UL><LI><a href="#[22]">&gt;&gt;</a>&nbsp;&nbsp;&nbsp;FDCAN1_IT1_IRQHandler
</UL>
<BR>[Address Reference Count : 1]<UL><LI> startup_stm32mp15xx.o(RESET)
</UL>
<P><STRONG><a name="[23]"></a>FDCAN2_IT1_IRQHandler</STRONG> (Thumb, 2 bytes, Stack size 0 bytes, startup_stm32mp15xx.o(.text))
<BR><BR>[Calls]<UL><LI><a href="#[23]">&gt;&gt;</a>&nbsp;&nbsp;&nbsp;FDCAN2_IT1_IRQHandler
</UL>
<BR>[Called By]<UL><LI><a href="#[23]">&gt;&gt;</a>&nbsp;&nbsp;&nbsp;FDCAN2_IT1_IRQHandler
</UL>
<BR>[Address Reference Count : 1]<UL><LI> startup_stm32mp15xx.o(RESET)
</UL>
<P><STRONG><a name="[24]"></a>EXTI5_IRQHandler</STRONG> (Thumb, 2 bytes, Stack size 0 bytes, startup_stm32mp15xx.o(.text))
<BR><BR>[Calls]<UL><LI><a href="#[24]">&gt;&gt;</a>&nbsp;&nbsp;&nbsp;EXTI5_IRQHandler
</UL>
<BR>[Called By]<UL><LI><a href="#[24]">&gt;&gt;</a>&nbsp;&nbsp;&nbsp;EXTI5_IRQHandler
</UL>
<BR>[Address Reference Count : 1]<UL><LI> startup_stm32mp15xx.o(RESET)
</UL>
<P><STRONG><a name="[25]"></a>TIM1_BRK_IRQHandler</STRONG> (Thumb, 2 bytes, Stack size 0 bytes, startup_stm32mp15xx.o(.text))
<BR><BR>[Calls]<UL><LI><a href="#[25]">&gt;&gt;</a>&nbsp;&nbsp;&nbsp;TIM1_BRK_IRQHandler
</UL>
<BR>[Called By]<UL><LI><a href="#[25]">&gt;&gt;</a>&nbsp;&nbsp;&nbsp;TIM1_BRK_IRQHandler
</UL>
<BR>[Address Reference Count : 1]<UL><LI> startup_stm32mp15xx.o(RESET)
</UL>
<P><STRONG><a name="[26]"></a>TIM1_UP_IRQHandler</STRONG> (Thumb, 2 bytes, Stack size 0 bytes, startup_stm32mp15xx.o(.text))
<BR><BR>[Calls]<UL><LI><a href="#[26]">&gt;&gt;</a>&nbsp;&nbsp;&nbsp;TIM1_UP_IRQHandler
</UL>
<BR>[Called By]<UL><LI><a href="#[26]">&gt;&gt;</a>&nbsp;&nbsp;&nbsp;TIM1_UP_IRQHandler
</UL>
<BR>[Address Reference Count : 1]<UL><LI> startup_stm32mp15xx.o(RESET)
</UL>
<P><STRONG><a name="[27]"></a>TIM1_TRG_COM_IRQHandler</STRONG> (Thumb, 2 bytes, Stack size 0 bytes, startup_stm32mp15xx.o(.text))
<BR><BR>[Calls]<UL><LI><a href="#[27]">&gt;&gt;</a>&nbsp;&nbsp;&nbsp;TIM1_TRG_COM_IRQHandler
</UL>
<BR>[Called By]<UL><LI><a href="#[27]">&gt;&gt;</a>&nbsp;&nbsp;&nbsp;TIM1_TRG_COM_IRQHandler
</UL>
<BR>[Address Reference Count : 1]<UL><LI> startup_stm32mp15xx.o(RESET)
</UL>
<P><STRONG><a name="[28]"></a>TIM1_CC_IRQHandler</STRONG> (Thumb, 2 bytes, Stack size 0 bytes, startup_stm32mp15xx.o(.text))
<BR><BR>[Calls]<UL><LI><a href="#[28]">&gt;&gt;</a>&nbsp;&nbsp;&nbsp;TIM1_CC_IRQHandler
</UL>
<BR>[Called By]<UL><LI><a href="#[28]">&gt;&gt;</a>&nbsp;&nbsp;&nbsp;TIM1_CC_IRQHandler
</UL>
<BR>[Address Reference Count : 1]<UL><LI> startup_stm32mp15xx.o(RESET)
</UL>
<P><STRONG><a name="[2b]"></a>TIM4_IRQHandler</STRONG> (Thumb, 2 bytes, Stack size 0 bytes, startup_stm32mp15xx.o(.text))
<BR><BR>[Calls]<UL><LI><a href="#[2b]">&gt;&gt;</a>&nbsp;&nbsp;&nbsp;TIM4_IRQHandler
</UL>
<BR>[Called By]<UL><LI><a href="#[2b]">&gt;&gt;</a>&nbsp;&nbsp;&nbsp;TIM4_IRQHandler
</UL>
<BR>[Address Reference Count : 1]<UL><LI> startup_stm32mp15xx.o(RESET)
</UL>
<P><STRONG><a name="[2c]"></a>I2C1_EV_IRQHandler</STRONG> (Thumb, 2 bytes, Stack size 0 bytes, startup_stm32mp15xx.o(.text))
<BR><BR>[Calls]<UL><LI><a href="#[2c]">&gt;&gt;</a>&nbsp;&nbsp;&nbsp;I2C1_EV_IRQHandler
</UL>
<BR>[Called By]<UL><LI><a href="#[2c]">&gt;&gt;</a>&nbsp;&nbsp;&nbsp;I2C1_EV_IRQHandler
</UL>
<BR>[Address Reference Count : 1]<UL><LI> startup_stm32mp15xx.o(RESET)
</UL>
<P><STRONG><a name="[2d]"></a>I2C1_ER_IRQHandler</STRONG> (Thumb, 2 bytes, Stack size 0 bytes, startup_stm32mp15xx.o(.text))
<BR><BR>[Calls]<UL><LI><a href="#[2d]">&gt;&gt;</a>&nbsp;&nbsp;&nbsp;I2C1_ER_IRQHandler
</UL>
<BR>[Called By]<UL><LI><a href="#[2d]">&gt;&gt;</a>&nbsp;&nbsp;&nbsp;I2C1_ER_IRQHandler
</UL>
<BR>[Address Reference Count : 1]<UL><LI> startup_stm32mp15xx.o(RESET)
</UL>
<P><STRONG><a name="[2e]"></a>I2C2_EV_IRQHandler</STRONG> (Thumb, 2 bytes, Stack size 0 bytes, startup_stm32mp15xx.o(.text))
<BR><BR>[Calls]<UL><LI><a href="#[2e]">&gt;&gt;</a>&nbsp;&nbsp;&nbsp;I2C2_EV_IRQHandler
</UL>
<BR>[Called By]<UL><LI><a href="#[2e]">&gt;&gt;</a>&nbsp;&nbsp;&nbsp;I2C2_EV_IRQHandler
</UL>
<BR>[Address Reference Count : 1]<UL><LI> startup_stm32mp15xx.o(RESET)
</UL>
<P><STRONG><a name="[2f]"></a>I2C2_ER_IRQHandler</STRONG> (Thumb, 2 bytes, Stack size 0 bytes, startup_stm32mp15xx.o(.text))
<BR><BR>[Calls]<UL><LI><a href="#[2f]">&gt;&gt;</a>&nbsp;&nbsp;&nbsp;I2C2_ER_IRQHandler
</UL>
<BR>[Called By]<UL><LI><a href="#[2f]">&gt;&gt;</a>&nbsp;&nbsp;&nbsp;I2C2_ER_IRQHandler
</UL>
<BR>[Address Reference Count : 1]<UL><LI> startup_stm32mp15xx.o(RESET)
</UL>
<P><STRONG><a name="[30]"></a>SPI1_IRQHandler</STRONG> (Thumb, 2 bytes, Stack size 0 bytes, startup_stm32mp15xx.o(.text))
<BR><BR>[Calls]<UL><LI><a href="#[30]">&gt;&gt;</a>&nbsp;&nbsp;&nbsp;SPI1_IRQHandler
</UL>
<BR>[Called By]<UL><LI><a href="#[30]">&gt;&gt;</a>&nbsp;&nbsp;&nbsp;SPI1_IRQHandler
</UL>
<BR>[Address Reference Count : 1]<UL><LI> startup_stm32mp15xx.o(RESET)
</UL>
<P><STRONG><a name="[31]"></a>SPI2_IRQHandler</STRONG> (Thumb, 2 bytes, Stack size 0 bytes, startup_stm32mp15xx.o(.text))
<BR><BR>[Calls]<UL><LI><a href="#[31]">&gt;&gt;</a>&nbsp;&nbsp;&nbsp;SPI2_IRQHandler
</UL>
<BR>[Called By]<UL><LI><a href="#[31]">&gt;&gt;</a>&nbsp;&nbsp;&nbsp;SPI2_IRQHandler
</UL>
<BR>[Address Reference Count : 1]<UL><LI> startup_stm32mp15xx.o(RESET)
</UL>
<P><STRONG><a name="[32]"></a>USART1_IRQHandler</STRONG> (Thumb, 2 bytes, Stack size 0 bytes, startup_stm32mp15xx.o(.text))
<BR><BR>[Calls]<UL><LI><a href="#[32]">&gt;&gt;</a>&nbsp;&nbsp;&nbsp;USART1_IRQHandler
</UL>
<BR>[Called By]<UL><LI><a href="#[32]">&gt;&gt;</a>&nbsp;&nbsp;&nbsp;USART1_IRQHandler
</UL>
<BR>[Address Reference Count : 1]<UL><LI> startup_stm32mp15xx.o(RESET)
</UL>
<P><STRONG><a name="[33]"></a>USART2_IRQHandler</STRONG> (Thumb, 2 bytes, Stack size 0 bytes, startup_stm32mp15xx.o(.text))
<BR><BR>[Calls]<UL><LI><a href="#[33]">&gt;&gt;</a>&nbsp;&nbsp;&nbsp;USART2_IRQHandler
</UL>
<BR>[Called By]<UL><LI><a href="#[33]">&gt;&gt;</a>&nbsp;&nbsp;&nbsp;USART2_IRQHandler
</UL>
<BR>[Address Reference Count : 1]<UL><LI> startup_stm32mp15xx.o(RESET)
</UL>
<P><STRONG><a name="[34]"></a>USART3_IRQHandler</STRONG> (Thumb, 2 bytes, Stack size 0 bytes, startup_stm32mp15xx.o(.text))
<BR><BR>[Calls]<UL><LI><a href="#[34]">&gt;&gt;</a>&nbsp;&nbsp;&nbsp;USART3_IRQHandler
</UL>
<BR>[Called By]<UL><LI><a href="#[34]">&gt;&gt;</a>&nbsp;&nbsp;&nbsp;USART3_IRQHandler
</UL>
<BR>[Address Reference Count : 1]<UL><LI> startup_stm32mp15xx.o(RESET)
</UL>
<P><STRONG><a name="[35]"></a>EXTI10_IRQHandler</STRONG> (Thumb, 2 bytes, Stack size 0 bytes, startup_stm32mp15xx.o(.text))
<BR><BR>[Calls]<UL><LI><a href="#[35]">&gt;&gt;</a>&nbsp;&nbsp;&nbsp;EXTI10_IRQHandler
</UL>
<BR>[Called By]<UL><LI><a href="#[35]">&gt;&gt;</a>&nbsp;&nbsp;&nbsp;EXTI10_IRQHandler
</UL>
<BR>[Address Reference Count : 1]<UL><LI> startup_stm32mp15xx.o(RESET)
</UL>
<P><STRONG><a name="[36]"></a>RTC_TIMESTAMP_IRQHandler</STRONG> (Thumb, 2 bytes, Stack size 0 bytes, startup_stm32mp15xx.o(.text))
<BR><BR>[Calls]<UL><LI><a href="#[36]">&gt;&gt;</a>&nbsp;&nbsp;&nbsp;RTC_TIMESTAMP_IRQHandler
</UL>
<BR>[Called By]<UL><LI><a href="#[36]">&gt;&gt;</a>&nbsp;&nbsp;&nbsp;RTC_TIMESTAMP_IRQHandler
</UL>
<BR>[Address Reference Count : 1]<UL><LI> startup_stm32mp15xx.o(RESET)
</UL>
<P><STRONG><a name="[37]"></a>EXTI11_IRQHandler</STRONG> (Thumb, 2 bytes, Stack size 0 bytes, startup_stm32mp15xx.o(.text))
<BR><BR>[Calls]<UL><LI><a href="#[37]">&gt;&gt;</a>&nbsp;&nbsp;&nbsp;EXTI11_IRQHandler
</UL>
<BR>[Called By]<UL><LI><a href="#[37]">&gt;&gt;</a>&nbsp;&nbsp;&nbsp;EXTI11_IRQHandler
</UL>
<BR>[Address Reference Count : 1]<UL><LI> startup_stm32mp15xx.o(RESET)
</UL>
<P><STRONG><a name="[38]"></a>TIM8_BRK_IRQHandler</STRONG> (Thumb, 2 bytes, Stack size 0 bytes, startup_stm32mp15xx.o(.text))
<BR><BR>[Calls]<UL><LI><a href="#[38]">&gt;&gt;</a>&nbsp;&nbsp;&nbsp;TIM8_BRK_IRQHandler
</UL>
<BR>[Called By]<UL><LI><a href="#[38]">&gt;&gt;</a>&nbsp;&nbsp;&nbsp;TIM8_BRK_IRQHandler
</UL>
<BR>[Address Reference Count : 1]<UL><LI> startup_stm32mp15xx.o(RESET)
</UL>
<P><STRONG><a name="[3a]"></a>TIM8_TRG_COM_IRQHandler</STRONG> (Thumb, 2 bytes, Stack size 0 bytes, startup_stm32mp15xx.o(.text))
<BR><BR>[Calls]<UL><LI><a href="#[3a]">&gt;&gt;</a>&nbsp;&nbsp;&nbsp;TIM8_TRG_COM_IRQHandler
</UL>
<BR>[Called By]<UL><LI><a href="#[3a]">&gt;&gt;</a>&nbsp;&nbsp;&nbsp;TIM8_TRG_COM_IRQHandler
</UL>
<BR>[Address Reference Count : 1]<UL><LI> startup_stm32mp15xx.o(RESET)
</UL>
<P><STRONG><a name="[3c]"></a>DMA1_Stream7_IRQHandler</STRONG> (Thumb, 2 bytes, Stack size 0 bytes, startup_stm32mp15xx.o(.text))
<BR><BR>[Calls]<UL><LI><a href="#[3c]">&gt;&gt;</a>&nbsp;&nbsp;&nbsp;DMA1_Stream7_IRQHandler
</UL>
<BR>[Called By]<UL><LI><a href="#[3c]">&gt;&gt;</a>&nbsp;&nbsp;&nbsp;DMA1_Stream7_IRQHandler
</UL>
<BR>[Address Reference Count : 1]<UL><LI> startup_stm32mp15xx.o(RESET)
</UL>
<P><STRONG><a name="[3d]"></a>FMC_IRQHandler</STRONG> (Thumb, 2 bytes, Stack size 0 bytes, startup_stm32mp15xx.o(.text))
<BR><BR>[Calls]<UL><LI><a href="#[3d]">&gt;&gt;</a>&nbsp;&nbsp;&nbsp;FMC_IRQHandler
</UL>
<BR>[Called By]<UL><LI><a href="#[3d]">&gt;&gt;</a>&nbsp;&nbsp;&nbsp;FMC_IRQHandler
</UL>
<BR>[Address Reference Count : 1]<UL><LI> startup_stm32mp15xx.o(RESET)
</UL>
<P><STRONG><a name="[3e]"></a>SDMMC1_IRQHandler</STRONG> (Thumb, 2 bytes, Stack size 0 bytes, startup_stm32mp15xx.o(.text))
<BR><BR>[Calls]<UL><LI><a href="#[3e]">&gt;&gt;</a>&nbsp;&nbsp;&nbsp;SDMMC1_IRQHandler
</UL>
<BR>[Called By]<UL><LI><a href="#[3e]">&gt;&gt;</a>&nbsp;&nbsp;&nbsp;SDMMC1_IRQHandler
</UL>
<BR>[Address Reference Count : 1]<UL><LI> startup_stm32mp15xx.o(RESET)
</UL>
<P><STRONG><a name="[40]"></a>SPI3_IRQHandler</STRONG> (Thumb, 2 bytes, Stack size 0 bytes, startup_stm32mp15xx.o(.text))
<BR><BR>[Calls]<UL><LI><a href="#[40]">&gt;&gt;</a>&nbsp;&nbsp;&nbsp;SPI3_IRQHandler
</UL>
<BR>[Called By]<UL><LI><a href="#[40]">&gt;&gt;</a>&nbsp;&nbsp;&nbsp;SPI3_IRQHandler
</UL>
<BR>[Address Reference Count : 1]<UL><LI> startup_stm32mp15xx.o(RESET)
</UL>
<P><STRONG><a name="[42]"></a>UART5_IRQHandler</STRONG> (Thumb, 2 bytes, Stack size 0 bytes, startup_stm32mp15xx.o(.text))
<BR><BR>[Calls]<UL><LI><a href="#[42]">&gt;&gt;</a>&nbsp;&nbsp;&nbsp;UART5_IRQHandler
</UL>
<BR>[Called By]<UL><LI><a href="#[42]">&gt;&gt;</a>&nbsp;&nbsp;&nbsp;UART5_IRQHandler
</UL>
<BR>[Address Reference Count : 1]<UL><LI> startup_stm32mp15xx.o(RESET)
</UL>
<P><STRONG><a name="[43]"></a>TIM6_IRQHandler</STRONG> (Thumb, 2 bytes, Stack size 0 bytes, startup_stm32mp15xx.o(.text))
<BR><BR>[Calls]<UL><LI><a href="#[43]">&gt;&gt;</a>&nbsp;&nbsp;&nbsp;TIM6_IRQHandler
</UL>
<BR>[Called By]<UL><LI><a href="#[43]">&gt;&gt;</a>&nbsp;&nbsp;&nbsp;TIM6_IRQHandler
</UL>
<BR>[Address Reference Count : 1]<UL><LI> startup_stm32mp15xx.o(RESET)
</UL>
<P><STRONG><a name="[44]"></a>TIM7_IRQHandler</STRONG> (Thumb, 2 bytes, Stack size 0 bytes, startup_stm32mp15xx.o(.text))
<BR><BR>[Calls]<UL><LI><a href="#[44]">&gt;&gt;</a>&nbsp;&nbsp;&nbsp;TIM7_IRQHandler
</UL>
<BR>[Called By]<UL><LI><a href="#[44]">&gt;&gt;</a>&nbsp;&nbsp;&nbsp;TIM7_IRQHandler
</UL>
<BR>[Address Reference Count : 1]<UL><LI> startup_stm32mp15xx.o(RESET)
</UL>
<P><STRONG><a name="[45]"></a>DMA2_Stream0_IRQHandler</STRONG> (Thumb, 2 bytes, Stack size 0 bytes, startup_stm32mp15xx.o(.text))
<BR><BR>[Calls]<UL><LI><a href="#[45]">&gt;&gt;</a>&nbsp;&nbsp;&nbsp;DMA2_Stream0_IRQHandler
</UL>
<BR>[Called By]<UL><LI><a href="#[45]">&gt;&gt;</a>&nbsp;&nbsp;&nbsp;DMA2_Stream0_IRQHandler
</UL>
<BR>[Address Reference Count : 1]<UL><LI> startup_stm32mp15xx.o(RESET)
</UL>
<P><STRONG><a name="[46]"></a>DMA2_Stream1_IRQHandler</STRONG> (Thumb, 2 bytes, Stack size 0 bytes, startup_stm32mp15xx.o(.text))
<BR><BR>[Calls]<UL><LI><a href="#[46]">&gt;&gt;</a>&nbsp;&nbsp;&nbsp;DMA2_Stream1_IRQHandler
</UL>
<BR>[Called By]<UL><LI><a href="#[46]">&gt;&gt;</a>&nbsp;&nbsp;&nbsp;DMA2_Stream1_IRQHandler
</UL>
<BR>[Address Reference Count : 1]<UL><LI> startup_stm32mp15xx.o(RESET)
</UL>
<P><STRONG><a name="[47]"></a>DMA2_Stream2_IRQHandler</STRONG> (Thumb, 2 bytes, Stack size 0 bytes, startup_stm32mp15xx.o(.text))
<BR><BR>[Calls]<UL><LI><a href="#[47]">&gt;&gt;</a>&nbsp;&nbsp;&nbsp;DMA2_Stream2_IRQHandler
</UL>
<BR>[Called By]<UL><LI><a href="#[47]">&gt;&gt;</a>&nbsp;&nbsp;&nbsp;DMA2_Stream2_IRQHandler
</UL>
<BR>[Address Reference Count : 1]<UL><LI> startup_stm32mp15xx.o(RESET)
</UL>
<P><STRONG><a name="[48]"></a>DMA2_Stream3_IRQHandler</STRONG> (Thumb, 2 bytes, Stack size 0 bytes, startup_stm32mp15xx.o(.text))
<BR><BR>[Calls]<UL><LI><a href="#[48]">&gt;&gt;</a>&nbsp;&nbsp;&nbsp;DMA2_Stream3_IRQHandler
</UL>
<BR>[Called By]<UL><LI><a href="#[48]">&gt;&gt;</a>&nbsp;&nbsp;&nbsp;DMA2_Stream3_IRQHandler
</UL>
<BR>[Address Reference Count : 1]<UL><LI> startup_stm32mp15xx.o(RESET)
</UL>
<P><STRONG><a name="[49]"></a>DMA2_Stream4_IRQHandler</STRONG> (Thumb, 2 bytes, Stack size 0 bytes, startup_stm32mp15xx.o(.text))
<BR><BR>[Calls]<UL><LI><a href="#[49]">&gt;&gt;</a>&nbsp;&nbsp;&nbsp;DMA2_Stream4_IRQHandler
</UL>
<BR>[Called By]<UL><LI><a href="#[49]">&gt;&gt;</a>&nbsp;&nbsp;&nbsp;DMA2_Stream4_IRQHandler
</UL>
<BR>[Address Reference Count : 1]<UL><LI> startup_stm32mp15xx.o(RESET)
</UL>
<P><STRONG><a name="[4a]"></a>ETH1_IRQHandler</STRONG> (Thumb, 2 bytes, Stack size 0 bytes, startup_stm32mp15xx.o(.text))
<BR><BR>[Calls]<UL><LI><a href="#[4a]">&gt;&gt;</a>&nbsp;&nbsp;&nbsp;ETH1_IRQHandler
</UL>
<BR>[Called By]<UL><LI><a href="#[4a]">&gt;&gt;</a>&nbsp;&nbsp;&nbsp;ETH1_IRQHandler
</UL>
<BR>[Address Reference Count : 1]<UL><LI> startup_stm32mp15xx.o(RESET)
</UL>
<P><STRONG><a name="[4b]"></a>ETH1_WKUP_IRQHandler</STRONG> (Thumb, 2 bytes, Stack size 0 bytes, startup_stm32mp15xx.o(.text))
<BR><BR>[Calls]<UL><LI><a href="#[4b]">&gt;&gt;</a>&nbsp;&nbsp;&nbsp;ETH1_WKUP_IRQHandler
</UL>
<BR>[Called By]<UL><LI><a href="#[4b]">&gt;&gt;</a>&nbsp;&nbsp;&nbsp;ETH1_WKUP_IRQHandler
</UL>
<BR>[Address Reference Count : 1]<UL><LI> startup_stm32mp15xx.o(RESET)
</UL>
<P><STRONG><a name="[4c]"></a>FDCAN_CAL_IRQHandler</STRONG> (Thumb, 2 bytes, Stack size 0 bytes, startup_stm32mp15xx.o(.text))
<BR><BR>[Calls]<UL><LI><a href="#[4c]">&gt;&gt;</a>&nbsp;&nbsp;&nbsp;FDCAN_CAL_IRQHandler
</UL>
<BR>[Called By]<UL><LI><a href="#[4c]">&gt;&gt;</a>&nbsp;&nbsp;&nbsp;FDCAN_CAL_IRQHandler
</UL>
<BR>[Address Reference Count : 1]<UL><LI> startup_stm32mp15xx.o(RESET)
</UL>
<P><STRONG><a name="[4d]"></a>EXTI6_IRQHandler</STRONG> (Thumb, 2 bytes, Stack size 0 bytes, startup_stm32mp15xx.o(.text))
<BR><BR>[Calls]<UL><LI><a href="#[4d]">&gt;&gt;</a>&nbsp;&nbsp;&nbsp;EXTI6_IRQHandler
</UL>
<BR>[Called By]<UL><LI><a href="#[4d]">&gt;&gt;</a>&nbsp;&nbsp;&nbsp;EXTI6_IRQHandler
</UL>
<BR>[Address Reference Count : 1]<UL><LI> startup_stm32mp15xx.o(RESET)
</UL>
<P><STRONG><a name="[4e]"></a>EXTI7_IRQHandler</STRONG> (Thumb, 2 bytes, Stack size 0 bytes, startup_stm32mp15xx.o(.text))
<BR><BR>[Calls]<UL><LI><a href="#[4e]">&gt;&gt;</a>&nbsp;&nbsp;&nbsp;EXTI7_IRQHandler
</UL>
<BR>[Called By]<UL><LI><a href="#[4e]">&gt;&gt;</a>&nbsp;&nbsp;&nbsp;EXTI7_IRQHandler
</UL>
<BR>[Address Reference Count : 1]<UL><LI> startup_stm32mp15xx.o(RESET)
</UL>
<P><STRONG><a name="[4f]"></a>EXTI8_IRQHandler</STRONG> (Thumb, 2 bytes, Stack size 0 bytes, startup_stm32mp15xx.o(.text))
<BR><BR>[Calls]<UL><LI><a href="#[4f]">&gt;&gt;</a>&nbsp;&nbsp;&nbsp;EXTI8_IRQHandler
</UL>
<BR>[Called By]<UL><LI><a href="#[4f]">&gt;&gt;</a>&nbsp;&nbsp;&nbsp;EXTI8_IRQHandler
</UL>
<BR>[Address Reference Count : 1]<UL><LI> startup_stm32mp15xx.o(RESET)
</UL>
<P><STRONG><a name="[50]"></a>EXTI9_IRQHandler</STRONG> (Thumb, 2 bytes, Stack size 0 bytes, startup_stm32mp15xx.o(.text))
<BR><BR>[Calls]<UL><LI><a href="#[50]">&gt;&gt;</a>&nbsp;&nbsp;&nbsp;EXTI9_IRQHandler
</UL>
<BR>[Called By]<UL><LI><a href="#[50]">&gt;&gt;</a>&nbsp;&nbsp;&nbsp;EXTI9_IRQHandler
</UL>
<BR>[Address Reference Count : 1]<UL><LI> startup_stm32mp15xx.o(RESET)
</UL>
<P><STRONG><a name="[51]"></a>DMA2_Stream5_IRQHandler</STRONG> (Thumb, 2 bytes, Stack size 0 bytes, startup_stm32mp15xx.o(.text))
<BR><BR>[Calls]<UL><LI><a href="#[51]">&gt;&gt;</a>&nbsp;&nbsp;&nbsp;DMA2_Stream5_IRQHandler
</UL>
<BR>[Called By]<UL><LI><a href="#[51]">&gt;&gt;</a>&nbsp;&nbsp;&nbsp;DMA2_Stream5_IRQHandler
</UL>
<BR>[Address Reference Count : 1]<UL><LI> startup_stm32mp15xx.o(RESET)
</UL>
<P><STRONG><a name="[52]"></a>DMA2_Stream6_IRQHandler</STRONG> (Thumb, 2 bytes, Stack size 0 bytes, startup_stm32mp15xx.o(.text))
<BR><BR>[Calls]<UL><LI><a href="#[52]">&gt;&gt;</a>&nbsp;&nbsp;&nbsp;DMA2_Stream6_IRQHandler
</UL>
<BR>[Called By]<UL><LI><a href="#[52]">&gt;&gt;</a>&nbsp;&nbsp;&nbsp;DMA2_Stream6_IRQHandler
</UL>
<BR>[Address Reference Count : 1]<UL><LI> startup_stm32mp15xx.o(RESET)
</UL>
<P><STRONG><a name="[53]"></a>DMA2_Stream7_IRQHandler</STRONG> (Thumb, 2 bytes, Stack size 0 bytes, startup_stm32mp15xx.o(.text))
<BR><BR>[Calls]<UL><LI><a href="#[53]">&gt;&gt;</a>&nbsp;&nbsp;&nbsp;DMA2_Stream7_IRQHandler
</UL>
<BR>[Called By]<UL><LI><a href="#[53]">&gt;&gt;</a>&nbsp;&nbsp;&nbsp;DMA2_Stream7_IRQHandler
</UL>
<BR>[Address Reference Count : 1]<UL><LI> startup_stm32mp15xx.o(RESET)
</UL>
<P><STRONG><a name="[54]"></a>USART6_IRQHandler</STRONG> (Thumb, 2 bytes, Stack size 0 bytes, startup_stm32mp15xx.o(.text))
<BR><BR>[Calls]<UL><LI><a href="#[54]">&gt;&gt;</a>&nbsp;&nbsp;&nbsp;USART6_IRQHandler
</UL>
<BR>[Called By]<UL><LI><a href="#[54]">&gt;&gt;</a>&nbsp;&nbsp;&nbsp;USART6_IRQHandler
</UL>
<BR>[Address Reference Count : 1]<UL><LI> startup_stm32mp15xx.o(RESET)
</UL>
<P><STRONG><a name="[55]"></a>I2C3_EV_IRQHandler</STRONG> (Thumb, 2 bytes, Stack size 0 bytes, startup_stm32mp15xx.o(.text))
<BR><BR>[Calls]<UL><LI><a href="#[55]">&gt;&gt;</a>&nbsp;&nbsp;&nbsp;I2C3_EV_IRQHandler
</UL>
<BR>[Called By]<UL><LI><a href="#[55]">&gt;&gt;</a>&nbsp;&nbsp;&nbsp;I2C3_EV_IRQHandler
</UL>
<BR>[Address Reference Count : 1]<UL><LI> startup_stm32mp15xx.o(RESET)
</UL>
<P><STRONG><a name="[56]"></a>I2C3_ER_IRQHandler</STRONG> (Thumb, 2 bytes, Stack size 0 bytes, startup_stm32mp15xx.o(.text))
<BR><BR>[Calls]<UL><LI><a href="#[56]">&gt;&gt;</a>&nbsp;&nbsp;&nbsp;I2C3_ER_IRQHandler
</UL>
<BR>[Called By]<UL><LI><a href="#[56]">&gt;&gt;</a>&nbsp;&nbsp;&nbsp;I2C3_ER_IRQHandler
</UL>
<BR>[Address Reference Count : 1]<UL><LI> startup_stm32mp15xx.o(RESET)
</UL>
<P><STRONG><a name="[57]"></a>USBH_OHCI_IRQHandler</STRONG> (Thumb, 2 bytes, Stack size 0 bytes, startup_stm32mp15xx.o(.text))
<BR><BR>[Calls]<UL><LI><a href="#[57]">&gt;&gt;</a>&nbsp;&nbsp;&nbsp;USBH_OHCI_IRQHandler
</UL>
<BR>[Called By]<UL><LI><a href="#[57]">&gt;&gt;</a>&nbsp;&nbsp;&nbsp;USBH_OHCI_IRQHandler
</UL>
<BR>[Address Reference Count : 1]<UL><LI> startup_stm32mp15xx.o(RESET)
</UL>
<P><STRONG><a name="[58]"></a>USBH_EHCI_IRQHandler</STRONG> (Thumb, 2 bytes, Stack size 0 bytes, startup_stm32mp15xx.o(.text))
[...]
</UL>
<BR>[Calls]<UL><LI><a href="#[12e]">&gt;&gt;</a>&nbsp;&nbsp;&nbsp;HAL_GPIO_Init
<LI><a href="#[137]">&gt;&gt;</a>&nbsp;&nbsp;&nbsp;__aeabi_memclr4
</UL>
<BR>[Called By]<UL><LI><a href="#[138]">&gt;&gt;</a>&nbsp;&nbsp;&nbsp;atim_timx_pwmin_chy_init
</UL>

<P><STRONG><a name="[138]"></a>atim_timx_pwmin_chy_init</STRONG> (Thumb, 224 bytes, Stack size 80 bytes, atim.o(i.atim_timx_pwmin_chy_init))
<BR><BR>[Stack]<UL><LI>Max Depth = 140<LI>Call Chain = atim_timx_pwmin_chy_init &rArr; atim_timx_pwmin_chy_gpio_init &rArr; HAL_GPIO_Init
</UL>
<BR>[Calls]<UL><LI><a href="#[e2]">&gt;&gt;</a>&nbsp;&nbsp;&nbsp;HAL_NVIC_SetPriority
<LI><a href="#[12f]">&gt;&gt;</a>&nbsp;&nbsp;&nbsp;HAL_NVIC_EnableIRQ
<LI><a href="#[137]">&gt;&gt;</a>&nbsp;&nbsp;&nbsp;__aeabi_memclr4
<LI><a href="#[136]">&gt;&gt;</a>&nbsp;&nbsp;&nbsp;atim_timx_pwmin_chy_gpio_init
<LI><a href="#[139]">&gt;&gt;</a>&nbsp;&nbsp;&nbsp;HAL_TIMEx_MasterConfigSynchronization
<LI><a href="#[11e]">&gt;&gt;</a>&nbsp;&nbsp;&nbsp;HAL_TIM_SlaveConfigSynchro
<LI><a href="#[109]">&gt;&gt;</a>&nbsp;&nbsp;&nbsp;HAL_TIM_IC_Start_IT
<LI><a href="#[107]">&gt;&gt;</a>&nbsp;&nbsp;&nbsp;HAL_TIM_IC_Init
<LI><a href="#[104]">&gt;&gt;</a>&nbsp;&nbsp;&nbsp;HAL_TIM_IC_ConfigChannel
<LI><a href="#[fd]">&gt;&gt;</a>&nbsp;&nbsp;&nbsp;HAL_TIM_ConfigClockSource
<LI><a href="#[fa]">&gt;&gt;</a>&nbsp;&nbsp;&nbsp;HAL_TIM_Base_Init
</UL>
<BR>[Called By]<UL><LI><a href="#[bf]">&gt;&gt;</a>&nbsp;&nbsp;&nbsp;main
</UL>

<P><STRONG><a name="[13a]"></a>atim_timx_pwmin_chy_restart</STRONG> (Thumb, 24 bytes, Stack size 8 bytes, atim.o(i.atim_timx_pwmin_chy_restart))
<BR><BR>[Stack]<UL><LI>Max Depth = 8<LI>Call Chain = atim_timx_pwmin_chy_restart
</UL>
<BR>[Calls]<UL><LI><a href="#[13c]">&gt;&gt;</a>&nbsp;&nbsp;&nbsp;INTX_ENABLE
<LI><a href="#[13b]">&gt;&gt;</a>&nbsp;&nbsp;&nbsp;INTX_DISABLE
</UL>
<BR>[Called By]<UL><LI><a href="#[bf]">&gt;&gt;</a>&nbsp;&nbsp;&nbsp;main
</UL>

<P><STRONG><a name="[145]"></a>delay_init</STRONG> (Thumb, 6 bytes, Stack size 0 bytes, delay.o(i.delay_init))
<BR><BR>[Called By]<UL><LI><a href="#[bf]">&gt;&gt;</a>&nbsp;&nbsp;&nbsp;main
</UL>

<P><STRONG><a name="[13d]"></a>delay_ms</STRONG> (Thumb, 26 bytes, Stack size 16 bytes, delay.o(i.delay_ms))
<BR><BR>[Stack]<UL><LI>Max Depth = 32<LI>Call Chain = delay_ms &rArr; delay_us
</UL>
<BR>[Calls]<UL><LI><a href="#[13e]">&gt;&gt;</a>&nbsp;&nbsp;&nbsp;delay_us
</UL>
<BR>[Called By]<UL><LI><a href="#[bf]">&gt;&gt;</a>&nbsp;&nbsp;&nbsp;main
</UL>

<P><STRONG><a name="[13e]"></a>delay_us</STRONG> (Thumb, 48 bytes, Stack size 16 bytes, delay.o(i.delay_us))
<BR><BR>[Stack]<UL><LI>Max Depth = 16<LI>Call Chain = delay_us
</UL>
<BR>[Called By]<UL><LI><a href="#[13d]">&gt;&gt;</a>&nbsp;&nbsp;&nbsp;delay_ms
</UL>

<P><STRONG><a name="[a5]"></a>fputc</STRONG> (Thumb, 14 bytes, Stack size 0 bytes, usart.o(i.fputc))
<BR>[Address Reference Count : 1]<UL><LI> _printf_char_file.o(.text)
</UL>
<P><STRONG><a name="[13f]"></a>gtim_timx_comp_pwm_gpio_init</STRONG> (Thumb, 40 bytes, Stack size 24 bytes, gtim.o(i.gtim_timx_comp_pwm_gpio_init))
<BR><BR>[Stack]<UL><LI>Max Depth = 60<LI>Call Chain = gtim_timx_comp_pwm_gpio_init &rArr; HAL_GPIO_Init
</UL>
<BR>[Calls]<UL><LI><a href="#[12e]">&gt;&gt;</a>&nbsp;&nbsp;&nbsp;HAL_GPIO_Init
</UL>
<BR>[Called By]<UL><LI><a href="#[140]">&gt;&gt;</a>&nbsp;&nbsp;&nbsp;gtim_timx_pwm_chy_init
</UL>

<P><STRONG><a name="[140]"></a>gtim_timx_pwm_chy_init</STRONG> (Thumb, 74 bytes, Stack size 16 bytes, gtim.o(i.gtim_timx_pwm_chy_init))
<BR><BR>[Stack]<UL><LI>Max Depth = 76<LI>Call Chain = gtim_timx_pwm_chy_init &rArr; gtim_timx_comp_pwm_gpio_init &rArr; HAL_GPIO_Init
</UL>
<BR>[Calls]<UL><LI><a href="#[13f]">&gt;&gt;</a>&nbsp;&nbsp;&nbsp;gtim_timx_comp_pwm_gpio_init
<LI><a href="#[11c]">&gt;&gt;</a>&nbsp;&nbsp;&nbsp;HAL_TIM_PWM_Start
<LI><a href="#[11a]">&gt;&gt;</a>&nbsp;&nbsp;&nbsp;HAL_TIM_PWM_Init
<LI><a href="#[113]">&gt;&gt;</a>&nbsp;&nbsp;&nbsp;HAL_TIM_PWM_ConfigChannel
</UL>
<BR>[Called By]<UL><LI><a href="#[bf]">&gt;&gt;</a>&nbsp;&nbsp;&nbsp;main
</UL>

<P><STRONG><a name="[141]"></a>led_init</STRONG> (Thumb, 76 bytes, Stack size 32 bytes, led.o(i.led_init))
<BR><BR>[Stack]<UL><LI>Max Depth = 68<LI>Call Chain = led_init &rArr; HAL_GPIO_Init
</UL>
<BR>[Calls]<UL><LI><a href="#[142]">&gt;&gt;</a>&nbsp;&nbsp;&nbsp;HAL_GPIO_WritePin
<LI><a href="#[12e]">&gt;&gt;</a>&nbsp;&nbsp;&nbsp;HAL_GPIO_Init
</UL>
<BR>[Called By]<UL><LI><a href="#[bf]">&gt;&gt;</a>&nbsp;&nbsp;&nbsp;main
</UL>

<P><STRONG><a name="[bf]"></a>main</STRONG> (Thumb, 280 bytes, Stack size 32 bytes, main.o(i.main))
<BR><BR>[Stack]<UL><LI>Max Depth = 812 + Unknown Stack Size
<LI>Call Chain = main &rArr; usart_init &rArr; HAL_UART_Init &rArr; HAL_UART_MspInit &rArr; HAL_RCCEx_PeriphCLKConfig &rArr; HAL_RCC_OscConfig &rArr; HAL_RCC_GetMCUFreq &rArr; HAL_RCC_GetMCUSSFreq &rArr; HAL_RCC_GetPLL3ClockFreq
</UL>
<BR>[Calls]<UL><LI><a href="#[144]">&gt;&gt;</a>&nbsp;&nbsp;&nbsp;usart_init
<LI><a href="#[143]">&gt;&gt;</a>&nbsp;&nbsp;&nbsp;sys_stm32_clock_init
<LI><a href="#[141]">&gt;&gt;</a>&nbsp;&nbsp;&nbsp;led_init
<LI><a href="#[140]">&gt;&gt;</a>&nbsp;&nbsp;&nbsp;gtim_timx_pwm_chy_init
<LI><a href="#[13d]">&gt;&gt;</a>&nbsp;&nbsp;&nbsp;delay_ms
<LI><a href="#[145]">&gt;&gt;</a>&nbsp;&nbsp;&nbsp;delay_init
<LI><a href="#[13a]">&gt;&gt;</a>&nbsp;&nbsp;&nbsp;atim_timx_pwmin_chy_restart
<LI><a href="#[138]">&gt;&gt;</a>&nbsp;&nbsp;&nbsp;atim_timx_pwmin_chy_init
<LI><a href="#[dc]">&gt;&gt;</a>&nbsp;&nbsp;&nbsp;HAL_Init
<LI><a href="#[11d]">&gt;&gt;</a>&nbsp;&nbsp;&nbsp;HAL_GPIO_TogglePin
<LI><a href="#[149]">&gt;&gt;</a>&nbsp;&nbsp;&nbsp;__aeabi_dmul
<LI><a href="#[146]">&gt;&gt;</a>&nbsp;&nbsp;&nbsp;__aeabi_ui2d
<LI><a href="#[148]">&gt;&gt;</a>&nbsp;&nbsp;&nbsp;__aeabi_ddiv
<LI><a href="#[147]">&gt;&gt;</a>&nbsp;&nbsp;&nbsp;__aeabi_dadd
<LI><a href="#[c5]">&gt;&gt;</a>&nbsp;&nbsp;&nbsp;__2printf
</UL>
<BR>[Called By]<UL><LI><a href="#[be]">&gt;&gt;</a>&nbsp;&nbsp;&nbsp;__rt_entry_main
</UL>

<P><STRONG><a name="[143]"></a>sys_stm32_clock_init</STRONG> (Thumb, 240 bytes, Stack size 360 bytes, sys.o(i.sys_stm32_clock_init))
<BR><BR>[Stack]<UL><LI>Max Depth = 444<LI>Call Chain = sys_stm32_clock_init &rArr; HAL_RCC_ClockConfig &rArr; RCC_MCUConfig &rArr; HAL_RCC_GetMCUFreq &rArr; HAL_RCC_GetMCUSSFreq &rArr; HAL_RCC_GetPLL3ClockFreq
</UL>
<BR>[Calls]<UL><LI><a href="#[e8]">&gt;&gt;</a>&nbsp;&nbsp;&nbsp;HAL_RCC_OscConfig
<LI><a href="#[e9]">&gt;&gt;</a>&nbsp;&nbsp;&nbsp;HAL_RCC_ClockConfig
<LI><a href="#[14a]">&gt;&gt;</a>&nbsp;&nbsp;&nbsp;HAL_PWR_EnableBkUpAccess
</UL>
<BR>[Called By]<UL><LI><a href="#[bf]">&gt;&gt;</a>&nbsp;&nbsp;&nbsp;main
</UL>

<P><STRONG><a name="[144]"></a>usart_init</STRONG> (Thumb, 44 bytes, Stack size 8 bytes, usart.o(i.usart_init))
<BR><BR>[Stack]<UL><LI>Max Depth = 780<LI>Call Chain = usart_init &rArr; HAL_UART_Init &rArr; HAL_UART_MspInit &rArr; HAL_RCCEx_PeriphCLKConfig &rArr; HAL_RCC_OscConfig &rArr; HAL_RCC_GetMCUFreq &rArr; HAL_RCC_GetMCUSSFreq &rArr; HAL_RCC_GetPLL3ClockFreq
</UL>
<BR>[Calls]<UL><LI><a href="#[132]">&gt;&gt;</a>&nbsp;&nbsp;&nbsp;HAL_UART_Receive_IT
<LI><a href="#[129]">&gt;&gt;</a>&nbsp;&nbsp;&nbsp;HAL_UART_Init
</UL>
<BR>[Called By]<UL><LI><a href="#[bf]">&gt;&gt;</a>&nbsp;&nbsp;&nbsp;main
</UL>

<P><STRONG><a name="[bb]"></a>_get_lc_numeric</STRONG> (Thumb, 44 bytes, Stack size 8 bytes, lc_numeric_c.o(locale$$code))
<BR><BR>[Stack]<UL><LI>Max Depth = 8<LI>Call Chain = _get_lc_numeric
</UL>
<BR>[Calls]<UL><LI><a href="#[14b]">&gt;&gt;</a>&nbsp;&nbsp;&nbsp;strcmp
</UL>
<BR>[Called By]<UL><LI><a href="#[ba]">&gt;&gt;</a>&nbsp;&nbsp;&nbsp;__rt_lib_init_lc_numeric_2
</UL>

<P><STRONG><a name="[147]"></a>__aeabi_dadd</STRONG> (Thumb, 0 bytes, Stack size 16 bytes, daddsub_clz.o(x$fpl$dadd))
<BR><BR>[Stack]<UL><LI>Max Depth = 16<LI>Call Chain = __aeabi_dadd
</UL>
<BR>[Called By]<UL><LI><a href="#[bf]">&gt;&gt;</a>&nbsp;&nbsp;&nbsp;main
</UL>

<P><STRONG><a name="[14c]"></a>_dadd</STRONG> (Thumb, 332 bytes, Stack size 16 bytes, daddsub_clz.o(x$fpl$dadd), UNUSED)
<BR><BR>[Calls]<UL><LI><a href="#[14e]">&gt;&gt;</a>&nbsp;&nbsp;&nbsp;__fpl_dretinf
<LI><a href="#[14f]">&gt;&gt;</a>&nbsp;&nbsp;&nbsp;__fpl_dnaninf
<LI><a href="#[14d]">&gt;&gt;</a>&nbsp;&nbsp;&nbsp;_dsub1
</UL>

<P><STRONG><a name="[148]"></a>__aeabi_ddiv</STRONG> (Thumb, 0 bytes, Stack size 32 bytes, ddiv.o(x$fpl$ddiv))
<BR><BR>[Stack]<UL><LI>Max Depth = 32<LI>Call Chain = __aeabi_ddiv
</UL>
<BR>[Called By]<UL><LI><a href="#[bf]">&gt;&gt;</a>&nbsp;&nbsp;&nbsp;main
</UL>

<P><STRONG><a name="[150]"></a>_ddiv</STRONG> (Thumb, 552 bytes, Stack size 32 bytes, ddiv.o(x$fpl$ddiv), UNUSED)
<BR><BR>[Calls]<UL><LI><a href="#[14e]">&gt;&gt;</a>&nbsp;&nbsp;&nbsp;__fpl_dretinf
<LI><a href="#[14f]">&gt;&gt;</a>&nbsp;&nbsp;&nbsp;__fpl_dnaninf
</UL>

<P><STRONG><a name="[146]"></a>__aeabi_ui2d</STRONG> (Thumb, 0 bytes, Stack size 0 bytes, dflt_clz.o(x$fpl$dfltu))
<BR><BR>[Called By]<UL><LI><a href="#[bf]">&gt;&gt;</a>&nbsp;&nbsp;&nbsp;main
</UL>

<P><STRONG><a name="[181]"></a>_dfltu</STRONG> (Thumb, 38 bytes, Stack size 0 bytes, dflt_clz.o(x$fpl$dfltu), UNUSED)

<P><STRONG><a name="[149]"></a>__aeabi_dmul</STRONG> (Thumb, 0 bytes, Stack size 32 bytes, dmul.o(x$fpl$dmul))
<BR><BR>[Stack]<UL><LI>Max Depth = 32<LI>Call Chain = __aeabi_dmul
</UL>
<BR>[Called By]<UL><LI><a href="#[bf]">&gt;&gt;</a>&nbsp;&nbsp;&nbsp;main
</UL>

<P><STRONG><a name="[151]"></a>_dmul</STRONG> (Thumb, 332 bytes, Stack size 32 bytes, dmul.o(x$fpl$dmul), UNUSED)
<BR><BR>[Calls]<UL><LI><a href="#[14e]">&gt;&gt;</a>&nbsp;&nbsp;&nbsp;__fpl_dretinf
<LI><a href="#[14f]">&gt;&gt;</a>&nbsp;&nbsp;&nbsp;__fpl_dnaninf
</UL>

<P><STRONG><a name="[14f]"></a>__fpl_dnaninf</STRONG> (Thumb, 156 bytes, Stack size 16 bytes, dnaninf.o(x$fpl$dnaninf), UNUSED)
<BR><BR>[Called By]<UL><LI><a href="#[151]">&gt;&gt;</a>&nbsp;&nbsp;&nbsp;_dmul
<LI><a href="#[150]">&gt;&gt;</a>&nbsp;&nbsp;&nbsp;_ddiv
<LI><a href="#[152]">&gt;&gt;</a>&nbsp;&nbsp;&nbsp;_dsub
<LI><a href="#[14c]">&gt;&gt;</a>&nbsp;&nbsp;&nbsp;_dadd
</UL>

<P><STRONG><a name="[14e]"></a>__fpl_dretinf</STRONG> (Thumb, 12 bytes, Stack size 0 bytes, dretinf.o(x$fpl$dretinf), UNUSED)
<BR><BR>[Called By]<UL><LI><a href="#[151]">&gt;&gt;</a>&nbsp;&nbsp;&nbsp;_dmul
<LI><a href="#[150]">&gt;&gt;</a>&nbsp;&nbsp;&nbsp;_ddiv
<LI><a href="#[14c]">&gt;&gt;</a>&nbsp;&nbsp;&nbsp;_dadd
</UL>

<P><STRONG><a name="[182]"></a>__aeabi_dsub</STRONG> (Thumb, 0 bytes, Stack size 32 bytes, daddsub_clz.o(x$fpl$dsub), UNUSED)

<P><STRONG><a name="[152]"></a>_dsub</STRONG> (Thumb, 464 bytes, Stack size 32 bytes, daddsub_clz.o(x$fpl$dsub), UNUSED)
<BR><BR>[Calls]<UL><LI><a href="#[14f]">&gt;&gt;</a>&nbsp;&nbsp;&nbsp;__fpl_dnaninf
<LI><a href="#[153]">&gt;&gt;</a>&nbsp;&nbsp;&nbsp;_dadd1
</UL>

<P><STRONG><a name="[b7]"></a>_fp_init</STRONG> (Thumb, 10 bytes, Stack size 0 bytes, fpinit.o(x$fpl$fpinit))
<BR><BR>[Called By]<UL><LI><a href="#[b6]">&gt;&gt;</a>&nbsp;&nbsp;&nbsp;__rt_lib_init_fp_1
</UL>

<P><STRONG><a name="[183]"></a>__fplib_config_fpu_vfp</STRONG> (Thumb, 0 bytes, Stack size unknown bytes, fpinit.o(x$fpl$fpinit), UNUSED)

<P><STRONG><a name="[184]"></a>__fplib_config_pureend_doubles</STRONG> (Thumb, 0 bytes, Stack size unknown bytes, fpinit.o(x$fpl$fpinit), UNUSED)

<P><STRONG><a name="[b3]"></a>_printf_fp_dec</STRONG> (Thumb, 4 bytes, Stack size 0 bytes, printf1.o(x$fpl$printf1))
<BR><BR>[Stack]<UL><LI>Max Depth = 324<LI>Call Chain = _printf_fp_dec &rArr; _printf_fp_dec_real &rArr; _fp_digits &rArr; _btod_etento &rArr; _btod_emul &rArr; _e2e
</UL>
<BR>[Calls]<UL><LI><a href="#[d1]">&gt;&gt;</a>&nbsp;&nbsp;&nbsp;_printf_fp_dec_real
</UL>
<BR>[Called By]<UL><LI><a href="#[b2]">&gt;&gt;</a>&nbsp;&nbsp;&nbsp;_printf_f
</UL>
<P>
<H3>
Local Symbols
</H3>
<P><STRONG><a name="[e3]"></a>__NVIC_SetPriority</STRONG> (Thumb, 32 bytes, Stack size 0 bytes, stm32mp1xx_hal_cortex.o(i.__NVIC_SetPriority))
<BR><BR>[Called By]<UL><LI><a href="#[e1]">&gt;&gt;</a>&nbsp;&nbsp;&nbsp;HAL_SYSTICK_Config
<LI><a href="#[e2]">&gt;&gt;</a>&nbsp;&nbsp;&nbsp;HAL_NVIC_SetPriority
</UL>

<P><STRONG><a name="[a7]"></a>UART_DMAAbortOnError</STRONG> (Thumb, 20 bytes, Stack size 8 bytes, stm32mp1xx_hal_uart.o(i.UART_DMAAbortOnError))
<BR><BR>[Stack]<UL><LI>Max Depth = 8<LI>Call Chain = UART_DMAAbortOnError
</UL>
<BR>[Calls]<UL><LI><a href="#[124]">&gt;&gt;</a>&nbsp;&nbsp;&nbsp;HAL_UART_ErrorCallback
</UL>
<BR>[Address Reference Count : 1]<UL><LI> stm32mp1xx_hal_uart.o(i.HAL_UART_IRQHandler)
</UL>
<P><STRONG><a name="[121]"></a>UART_EndRxTransfer</STRONG> (Thumb, 32 bytes, Stack size 0 bytes, stm32mp1xx_hal_uart.o(i.UART_EndRxTransfer))
<BR><BR>[Called By]<UL><LI><a href="#[120]">&gt;&gt;</a>&nbsp;&nbsp;&nbsp;HAL_UART_IRQHandler
</UL>

<P><STRONG><a name="[a8]"></a>UART_MDMAAbortOnError</STRONG> (Thumb, 20 bytes, Stack size 8 bytes, stm32mp1xx_hal_uart.o(i.UART_MDMAAbortOnError))
<BR><BR>[Stack]<UL><LI>Max Depth = 8<LI>Call Chain = UART_MDMAAbortOnError
</UL>
<BR>[Calls]<UL><LI><a href="#[124]">&gt;&gt;</a>&nbsp;&nbsp;&nbsp;HAL_UART_ErrorCallback
</UL>
<BR>[Address Reference Count : 1]<UL><LI> stm32mp1xx_hal_uart.o(i.HAL_UART_IRQHandler)
</UL>
<P><STRONG><a name="[ac]"></a>UART_RxISR_16BIT</STRONG> (Thumb, 94 bytes, Stack size 8 bytes, stm32mp1xx_hal_uart.o(i.UART_RxISR_16BIT))
<BR><BR>[Stack]<UL><LI>Max Depth = 20<LI>Call Chain = UART_RxISR_16BIT &rArr; HAL_UART_RxCpltCallback
</UL>
<BR>[Calls]<UL><LI><a href="#[134]">&gt;&gt;</a>&nbsp;&nbsp;&nbsp;HAL_UART_RxCpltCallback
</UL>
<BR>[Address Reference Count : 2]<UL><LI> stm32mp1xx_hal_uart.o(i.HAL_UART_Receive_IT)
<LI> stm32mp1xx_hal_uart.o(i.UART_RxISR_16BIT_FIFOEN)
</UL>
<P><STRONG><a name="[aa]"></a>UART_RxISR_16BIT_FIFOEN</STRONG> (Thumb, 152 bytes, Stack size 16 bytes, stm32mp1xx_hal_uart.o(i.UART_RxISR_16BIT_FIFOEN))
<BR><BR>[Stack]<UL><LI>Max Depth = 28<LI>Call Chain = UART_RxISR_16BIT_FIFOEN &rArr; HAL_UART_RxCpltCallback
</UL>
<BR>[Calls]<UL><LI><a href="#[134]">&gt;&gt;</a>&nbsp;&nbsp;&nbsp;HAL_UART_RxCpltCallback
</UL>
<BR>[Address Reference Count : 1]<UL><LI> stm32mp1xx_hal_uart.o(i.HAL_UART_Receive_IT)
</UL>
<P><STRONG><a name="[ab]"></a>UART_RxISR_8BIT</STRONG> (Thumb, 94 bytes, Stack size 8 bytes, stm32mp1xx_hal_uart.o(i.UART_RxISR_8BIT))
<BR><BR>[Stack]<UL><LI>Max Depth = 20<LI>Call Chain = UART_RxISR_8BIT &rArr; HAL_UART_RxCpltCallback
</UL>
<BR>[Calls]<UL><LI><a href="#[134]">&gt;&gt;</a>&nbsp;&nbsp;&nbsp;HAL_UART_RxCpltCallback
</UL>
<BR>[Address Reference Count : 2]<UL><LI> stm32mp1xx_hal_uart.o(i.HAL_UART_Receive_IT)
<LI> stm32mp1xx_hal_uart.o(i.UART_RxISR_8BIT_FIFOEN)
</UL>
<P><STRONG><a name="[a9]"></a>UART_RxISR_8BIT_FIFOEN</STRONG> (Thumb, 152 bytes, Stack size 16 bytes, stm32mp1xx_hal_uart.o(i.UART_RxISR_8BIT_FIFOEN))
<BR><BR>[Stack]<UL><LI>Max Depth = 28<LI>Call Chain = UART_RxISR_8BIT_FIFOEN &rArr; HAL_UART_RxCpltCallback
</UL>
<BR>[Calls]<UL><LI><a href="#[134]">&gt;&gt;</a>&nbsp;&nbsp;&nbsp;HAL_UART_RxCpltCallback
</UL>
<BR>[Address Reference Count : 1]<UL><LI> stm32mp1xx_hal_uart.o(i.HAL_UART_Receive_IT)
</UL>
<P><STRONG><a name="[101]"></a>TIM_ITRx_SetConfig</STRONG> (Thumb, 16 bytes, Stack size 0 bytes, stm32mp1xx_hal_tim.o(i.TIM_ITRx_SetConfig))
<BR><BR>[Called By]<UL><LI><a href="#[fd]">&gt;&gt;</a>&nbsp;&nbsp;&nbsp;HAL_TIM_ConfigClockSource
</UL>

<P><STRONG><a name="[114]"></a>TIM_OC1_SetConfig</STRONG> (Thumb, 132 bytes, Stack size 28 bytes, stm32mp1xx_hal_tim.o(i.TIM_OC1_SetConfig))
<BR><BR>[Stack]<UL><LI>Max Depth = 28<LI>Call Chain = TIM_OC1_SetConfig
</UL>
<BR>[Called By]<UL><LI><a href="#[113]">&gt;&gt;</a>&nbsp;&nbsp;&nbsp;HAL_TIM_PWM_ConfigChannel
</UL>

<P><STRONG><a name="[116]"></a>TIM_OC3_SetConfig</STRONG> (Thumb, 120 bytes, Stack size 20 bytes, stm32mp1xx_hal_tim.o(i.TIM_OC3_SetConfig))
<BR><BR>[Stack]<UL><LI>Max Depth = 20<LI>Call Chain = TIM_OC3_SetConfig
</UL>
<BR>[Called By]<UL><LI><a href="#[113]">&gt;&gt;</a>&nbsp;&nbsp;&nbsp;HAL_TIM_PWM_ConfigChannel
</UL>

<P><STRONG><a name="[117]"></a>TIM_OC4_SetConfig</STRONG> (Thumb, 92 bytes, Stack size 12 bytes, stm32mp1xx_hal_tim.o(i.TIM_OC4_SetConfig))
<BR><BR>[Stack]<UL><LI>Max Depth = 12<LI>Call Chain = TIM_OC4_SetConfig
</UL>
<BR>[Called By]<UL><LI><a href="#[113]">&gt;&gt;</a>&nbsp;&nbsp;&nbsp;HAL_TIM_PWM_ConfigChannel
</UL>

<P><STRONG><a name="[118]"></a>TIM_OC5_SetConfig</STRONG> (Thumb, 86 bytes, Stack size 12 bytes, stm32mp1xx_hal_tim.o(i.TIM_OC5_SetConfig))
<BR><BR>[Stack]<UL><LI>Max Depth = 12<LI>Call Chain = TIM_OC5_SetConfig
</UL>
<BR>[Called By]<UL><LI><a href="#[113]">&gt;&gt;</a>&nbsp;&nbsp;&nbsp;HAL_TIM_PWM_ConfigChannel
</UL>

<P><STRONG><a name="[119]"></a>TIM_OC6_SetConfig</STRONG> (Thumb, 88 bytes, Stack size 12 bytes, stm32mp1xx_hal_tim.o(i.TIM_OC6_SetConfig))
<BR><BR>[Stack]<UL><LI>Max Depth = 12<LI>Call Chain = TIM_OC6_SetConfig
</UL>
<BR>[Called By]<UL><LI><a href="#[113]">&gt;&gt;</a>&nbsp;&nbsp;&nbsp;HAL_TIM_PWM_ConfigChannel
</UL>

<P><STRONG><a name="[11f]"></a>TIM_SlaveTimer_SetConfig</STRONG> (Thumb, 134 bytes, Stack size 8 bytes, stm32mp1xx_hal_tim.o(i.TIM_SlaveTimer_SetConfig))
<BR><BR>[Stack]<UL><LI>Max Depth = 16<LI>Call Chain = TIM_SlaveTimer_SetConfig &rArr; TIM_ETR_SetConfig
</UL>
<BR>[Calls]<UL><LI><a href="#[fe]">&gt;&gt;</a>&nbsp;&nbsp;&nbsp;TIM_ETR_SetConfig
<LI><a href="#[100]">&gt;&gt;</a>&nbsp;&nbsp;&nbsp;TIM_TI2_ConfigInputStage
<LI><a href="#[ff]">&gt;&gt;</a>&nbsp;&nbsp;&nbsp;TIM_TI1_ConfigInputStage
</UL>
<BR>[Called By]<UL><LI><a href="#[11e]">&gt;&gt;</a>&nbsp;&nbsp;&nbsp;HAL_TIM_SlaveConfigSynchro
</UL>

<P><STRONG><a name="[ff]"></a>TIM_TI1_ConfigInputStage</STRONG> (Thumb, 34 bytes, Stack size 8 bytes, stm32mp1xx_hal_tim.o(i.TIM_TI1_ConfigInputStage))
<BR><BR>[Stack]<UL><LI>Max Depth = 8<LI>Call Chain = TIM_TI1_ConfigInputStage
</UL>
<BR>[Called By]<UL><LI><a href="#[fd]">&gt;&gt;</a>&nbsp;&nbsp;&nbsp;HAL_TIM_ConfigClockSource
<LI><a href="#[11f]">&gt;&gt;</a>&nbsp;&nbsp;&nbsp;TIM_SlaveTimer_SetConfig
</UL>

<P><STRONG><a name="[100]"></a>TIM_TI2_ConfigInputStage</STRONG> (Thumb, 36 bytes, Stack size 8 bytes, stm32mp1xx_hal_tim.o(i.TIM_TI2_ConfigInputStage))
<BR><BR>[Stack]<UL><LI>Max Depth = 8<LI>Call Chain = TIM_TI2_ConfigInputStage
</UL>
<BR>[Called By]<UL><LI><a href="#[fd]">&gt;&gt;</a>&nbsp;&nbsp;&nbsp;HAL_TIM_ConfigClockSource
<LI><a href="#[11f]">&gt;&gt;</a>&nbsp;&nbsp;&nbsp;TIM_SlaveTimer_SetConfig
</UL>

<P><STRONG><a name="[106]"></a>TIM_TI2_SetConfig</STRONG> (Thumb, 54 bytes, Stack size 12 bytes, stm32mp1xx_hal_tim.o(i.TIM_TI2_SetConfig))
<BR><BR>[Stack]<UL><LI>Max Depth = 12<LI>Call Chain = TIM_TI2_SetConfig
</UL>
<BR>[Called By]<UL><LI><a href="#[104]">&gt;&gt;</a>&nbsp;&nbsp;&nbsp;HAL_TIM_IC_ConfigChannel
</UL>

<P><STRONG><a name="[153]"></a>_dadd1</STRONG> (Thumb, 0 bytes, Stack size unknown bytes, daddsub_clz.o(x$fpl$dadd), UNUSED)
<BR><BR>[Called By]<UL><LI><a href="#[152]">&gt;&gt;</a>&nbsp;&nbsp;&nbsp;_dsub
</UL>

<P><STRONG><a name="[14d]"></a>_dsub1</STRONG> (Thumb, 0 bytes, Stack size unknown bytes, daddsub_clz.o(x$fpl$dsub), UNUSED)
<BR><BR>[Called By]<UL><LI><a href="#[14c]">&gt;&gt;</a>&nbsp;&nbsp;&nbsp;_dadd
</UL>

<P><STRONG><a name="[cb]"></a>_fp_digits</STRONG> (Thumb, 432 bytes, Stack size 96 bytes, _printf_fp_dec.o(.text))
<BR><BR>[Stack]<UL><LI>Max Depth = 220<LI>Call Chain = _fp_digits &rArr; _btod_etento &rArr; _btod_emul &rArr; _e2e
</UL>
<BR>[Calls]<UL><LI><a href="#[cf]">&gt;&gt;</a>&nbsp;&nbsp;&nbsp;_btod_emul
<LI><a href="#[ce]">&gt;&gt;</a>&nbsp;&nbsp;&nbsp;_btod_ediv
<LI><a href="#[cd]">&gt;&gt;</a>&nbsp;&nbsp;&nbsp;_btod_d2e
<LI><a href="#[cc]">&gt;&gt;</a>&nbsp;&nbsp;&nbsp;_btod_etento
<LI><a href="#[d0]">&gt;&gt;</a>&nbsp;&nbsp;&nbsp;_ll_udiv10
</UL>
<BR>[Called By]<UL><LI><a href="#[d1]">&gt;&gt;</a>&nbsp;&nbsp;&nbsp;_printf_fp_dec_real
</UL>

<P><STRONG><a name="[a6]"></a>_printf_input_char</STRONG> (Thumb, 10 bytes, Stack size 0 bytes, _printf_char_common.o(.text))
<BR>[Address Reference Count : 1]<UL><LI> _printf_char_common.o(.text)
</UL><P>
<H3>
Undefined Global Symbols
</H3><HR></body></html>
