Component: ARM Compiler 5.06 update 6 (build 750) Tool: armlink [4d35ed]

==============================================================================

Section Cross References

    startup_stm32mp15xx.o(RESET) refers to startup_stm32mp15xx.o(STACK) for __initial_sp
    startup_stm32mp15xx.o(RESET) refers to startup_stm32mp15xx.o(.text) for Reset_Handler
    startup_stm32mp15xx.o(RESET) refers to stm32mp1xx_it.o(i.NMI_Handler) for NMI_Handler
    startup_stm32mp15xx.o(RESET) refers to stm32mp1xx_it.o(i.HardFault_Handler) for HardFault_Handler
    startup_stm32mp15xx.o(RESET) refers to stm32mp1xx_it.o(i.MemManage_Handler) for MemManage_Handler
    startup_stm32mp15xx.o(RESET) refers to stm32mp1xx_it.o(i.BusFault_Handler) for BusFault_Handler
    startup_stm32mp15xx.o(RESET) refers to stm32mp1xx_it.o(i.UsageFault_Handler) for UsageFault_Handler
    startup_stm32mp15xx.o(RESET) refers to stm32mp1xx_it.o(i.SVC_Handler) for SVC_Handler
    startup_stm32mp15xx.o(RESET) refers to stm32mp1xx_it.o(i.DebugMon_Handler) for DebugMon_Handler
    startup_stm32mp15xx.o(RESET) refers to stm32mp1xx_it.o(i.PendSV_Handler) for PendSV_Handler
    startup_stm32mp15xx.o(RESET) refers to stm32mp1xx_it.o(i.SysTick_Handler) for SysTick_Handler
    startup_stm32mp15xx.o(RESET) refers to gtim.o(i.TIM2_IRQHandler) for TIM2_IRQHandler
    startup_stm32mp15xx.o(RESET) refers to gtim.o(i.TIM3_IRQHandler) for TIM3_IRQHandler
    startup_stm32mp15xx.o(RESET) refers to atim.o(i.TIM8_UP_IRQHandler) for TIM8_UP_IRQHandler
    startup_stm32mp15xx.o(RESET) refers to atim.o(i.TIM8_CC_IRQHandler) for TIM8_CC_IRQHandler
    startup_stm32mp15xx.o(RESET) refers to gtim.o(i.TIM5_IRQHandler) for TIM5_IRQHandler
    startup_stm32mp15xx.o(RESET) refers to usart.o(i.UART4_IRQHandler) for UART4_IRQHandler
    startup_stm32mp15xx.o(.text) refers to system_stm32mp1xx.o(i.SystemInit) for SystemInit
    startup_stm32mp15xx.o(.text) refers to __main.o(!!!main) for __main
    main.o(i.main) refers to _printf_percent.o(.ARM.Collect$$_printf_percent$$00000000) for _printf_percent
    main.o(i.main) refers to _printf_d.o(.ARM.Collect$$_printf_percent$$00000009) for _printf_d
    main.o(i.main) refers to _printf_dec.o(.text) for _printf_int_dec
    main.o(i.main) refers to _printf_f.o(.ARM.Collect$$_printf_percent$$00000003) for _printf_f
    main.o(i.main) refers to printf1.o(x$fpl$printf1) for _printf_fp_dec
    main.o(i.main) refers to stm32mp1xx_hal.o(i.HAL_Init) for HAL_Init
    main.o(i.main) refers to sys.o(i.sys_stm32_clock_init) for sys_stm32_clock_init
    main.o(i.main) refers to usart.o(i.usart_init) for usart_init
    main.o(i.main) refers to delay.o(i.delay_init) for delay_init
    main.o(i.main) refers to led.o(i.led_init) for led_init
    main.o(i.main) refers to gtim.o(i.gtim_timx_pwm_chy_init) for gtim_timx_pwm_chy_init
    main.o(i.main) refers to atim.o(i.atim_timx_pwmin_chy_init) for atim_timx_pwmin_chy_init
    main.o(i.main) refers to delay.o(i.delay_ms) for delay_ms
    main.o(i.main) refers to noretval__2printf.o(.text) for __2printf
    main.o(i.main) refers to dflt_clz.o(x$fpl$dfltu) for __aeabi_ui2d
    main.o(i.main) refers to daddsub_clz.o(x$fpl$dadd) for __aeabi_dadd
    main.o(i.main) refers to ddiv.o(x$fpl$ddiv) for __aeabi_ddiv
    main.o(i.main) refers to dmul.o(x$fpl$dmul) for __aeabi_dmul
    main.o(i.main) refers to atim.o(i.atim_timx_pwmin_chy_restart) for atim_timx_pwmin_chy_restart
    main.o(i.main) refers to stm32mp1xx_hal_gpio.o(i.HAL_GPIO_TogglePin) for HAL_GPIO_TogglePin
    main.o(i.main) refers to atim.o(.data) for g_timxchy_pwmin_sta
    main.o(i.main) refers to atim.o(.data) for g_timxchy_pwmin_psc
    stm32mp1xx_it.o(i.SysTick_Handler) refers to stm32mp1xx_hal.o(i.HAL_IncTick) for HAL_IncTick
    system_stm32mp1xx.o(i.SystemCoreClockUpdate) refers to system_stm32mp1xx.o(.data) for .data
    delay.o(i.delay) refers to delay.o(i.delay_short) for delay_short
    delay.o(i.delay_init) refers to delay.o(.data) for .data
    delay.o(i.delay_ms) refers to delay.o(i.delay_us) for delay_us
    delay.o(i.delay_us) refers to delay.o(.data) for .data
    sys.o(i.sys_stm32_clock_init) refers to stm32mp1xx_hal_pwr.o(i.HAL_PWR_EnableBkUpAccess) for HAL_PWR_EnableBkUpAccess
    sys.o(i.sys_stm32_clock_init) refers to stm32mp1xx_hal_rcc.o(i.HAL_RCC_OscConfig) for HAL_RCC_OscConfig
    sys.o(i.sys_stm32_clock_init) refers to stm32mp1xx_hal_rcc.o(i.HAL_RCC_ClockConfig) for HAL_RCC_ClockConfig
    usart.o(.rev16_text) refers (Special) to use_no_semi_2.o(.text) for __use_no_semihosting
    usart.o(.revsh_text) refers (Special) to use_no_semi_2.o(.text) for __use_no_semihosting
    usart.o(.rrx_text) refers (Special) to use_no_semi_2.o(.text) for __use_no_semihosting
    usart.o(i.HAL_UART_MspInit) refers (Special) to use_no_semi_2.o(.text) for __use_no_semihosting
    usart.o(i.HAL_UART_MspInit) refers to stm32mp1xx_hal_gpio.o(i.HAL_GPIO_Init) for HAL_GPIO_Init
[...]
    TIM_OC1_SetConfig                        0x10004221   Thumb Code   132  stm32mp1xx_hal_tim.o(i.TIM_OC1_SetConfig)
    i.TIM_OC2_SetConfig                      0x100042b8   Section        0  stm32mp1xx_hal_tim.o(i.TIM_OC2_SetConfig)
    i.TIM_OC3_SetConfig                      0x10004348   Section        0  stm32mp1xx_hal_tim.o(i.TIM_OC3_SetConfig)
    TIM_OC3_SetConfig                        0x10004349   Thumb Code   120  stm32mp1xx_hal_tim.o(i.TIM_OC3_SetConfig)
    i.TIM_OC4_SetConfig                      0x100043d4   Section        0  stm32mp1xx_hal_tim.o(i.TIM_OC4_SetConfig)
    TIM_OC4_SetConfig                        0x100043d5   Thumb Code    92  stm32mp1xx_hal_tim.o(i.TIM_OC4_SetConfig)
    i.TIM_OC5_SetConfig                      0x10004444   Section        0  stm32mp1xx_hal_tim.o(i.TIM_OC5_SetConfig)
    TIM_OC5_SetConfig                        0x10004445   Thumb Code    86  stm32mp1xx_hal_tim.o(i.TIM_OC5_SetConfig)
    i.TIM_OC6_SetConfig                      0x100044b0   Section        0  stm32mp1xx_hal_tim.o(i.TIM_OC6_SetConfig)
    TIM_OC6_SetConfig                        0x100044b1   Thumb Code    88  stm32mp1xx_hal_tim.o(i.TIM_OC6_SetConfig)
    i.TIM_SlaveTimer_SetConfig               0x1000451c   Section        0  stm32mp1xx_hal_tim.o(i.TIM_SlaveTimer_SetConfig)
    TIM_SlaveTimer_SetConfig                 0x1000451d   Thumb Code   134  stm32mp1xx_hal_tim.o(i.TIM_SlaveTimer_SetConfig)
    i.TIM_TI1_ConfigInputStage               0x100045ac   Section        0  stm32mp1xx_hal_tim.o(i.TIM_TI1_ConfigInputStage)
    TIM_TI1_ConfigInputStage                 0x100045ad   Thumb Code    34  stm32mp1xx_hal_tim.o(i.TIM_TI1_ConfigInputStage)
    i.TIM_TI1_SetConfig                      0x100045d0   Section        0  stm32mp1xx_hal_tim.o(i.TIM_TI1_SetConfig)
    i.TIM_TI2_ConfigInputStage               0x1000464c   Section        0  stm32mp1xx_hal_tim.o(i.TIM_TI2_ConfigInputStage)
    TIM_TI2_ConfigInputStage                 0x1000464d   Thumb Code    36  stm32mp1xx_hal_tim.o(i.TIM_TI2_ConfigInputStage)
    i.TIM_TI2_SetConfig                      0x10004670   Section        0  stm32mp1xx_hal_tim.o(i.TIM_TI2_SetConfig)
    TIM_TI2_SetConfig                        0x10004671   Thumb Code    54  stm32mp1xx_hal_tim.o(i.TIM_TI2_SetConfig)
    i.UART4_IRQHandler                       0x100046a8   Section        0  usart.o(i.UART4_IRQHandler)
    i.UART_AdvFeatureConfig                  0x100046ec   Section        0  stm32mp1xx_hal_uart.o(i.UART_AdvFeatureConfig)
    i.UART_CheckIdleState                    0x100047b4   Section        0  stm32mp1xx_hal_uart.o(i.UART_CheckIdleState)
    i.UART_DMAAbortOnError                   0x10004812   Section        0  stm32mp1xx_hal_uart.o(i.UART_DMAAbortOnError)
    UART_DMAAbortOnError                     0x10004813   Thumb Code    20  stm32mp1xx_hal_uart.o(i.UART_DMAAbortOnError)
    i.UART_EndRxTransfer                     0x10004828   Section        0  stm32mp1xx_hal_uart.o(i.UART_EndRxTransfer)
    UART_EndRxTransfer                       0x10004829   Thumb Code    32  stm32mp1xx_hal_uart.o(i.UART_EndRxTransfer)
    i.UART_MDMAAbortOnError                  0x1000484c   Section        0  stm32mp1xx_hal_uart.o(i.UART_MDMAAbortOnError)
    UART_MDMAAbortOnError                    0x1000484d   Thumb Code    20  stm32mp1xx_hal_uart.o(i.UART_MDMAAbortOnError)
    i.UART_RxISR_16BIT                       0x10004860   Section        0  stm32mp1xx_hal_uart.o(i.UART_RxISR_16BIT)
    UART_RxISR_16BIT                         0x10004861   Thumb Code    94  stm32mp1xx_hal_uart.o(i.UART_RxISR_16BIT)
    i.UART_RxISR_16BIT_FIFOEN                0x100048c0   Section        0  stm32mp1xx_hal_uart.o(i.UART_RxISR_16BIT_FIFOEN)
    UART_RxISR_16BIT_FIFOEN                  0x100048c1   Thumb Code   152  stm32mp1xx_hal_uart.o(i.UART_RxISR_16BIT_FIFOEN)
    i.UART_RxISR_8BIT                        0x10004960   Section        0  stm32mp1xx_hal_uart.o(i.UART_RxISR_8BIT)
    UART_RxISR_8BIT                          0x10004961   Thumb Code    94  stm32mp1xx_hal_uart.o(i.UART_RxISR_8BIT)
    i.UART_RxISR_8BIT_FIFOEN                 0x100049c0   Section        0  stm32mp1xx_hal_uart.o(i.UART_RxISR_8BIT_FIFOEN)
    UART_RxISR_8BIT_FIFOEN                   0x100049c1   Thumb Code   152  stm32mp1xx_hal_uart.o(i.UART_RxISR_8BIT_FIFOEN)
    i.UART_SetConfig                         0x10004a60   Section        0  stm32mp1xx_hal_uart.o(i.UART_SetConfig)
    i.UART_WaitOnFlagUntilTimeout            0x1000501e   Section        0  stm32mp1xx_hal_uart.o(i.UART_WaitOnFlagUntilTimeout)
    i.UsageFault_Handler                     0x100050be   Section        0  stm32mp1xx_it.o(i.UsageFault_Handler)
    i.__ARM_fpclassify                       0x100050c0   Section        0  fpclassify.o(i.__ARM_fpclassify)
    i.__NVIC_SetPriority                     0x100050f0   Section        0  stm32mp1xx_hal_cortex.o(i.__NVIC_SetPriority)
    __NVIC_SetPriority                       0x100050f1   Thumb Code    32  stm32mp1xx_hal_cortex.o(i.__NVIC_SetPriority)
    i._is_digit                              0x10005110   Section        0  __printf_wp.o(i._is_digit)
    i._sys_exit                              0x1000511e   Section        0  usart.o(i._sys_exit)
    i.atim_timx_pwmin_chy_gpio_init          0x10005120   Section        0  atim.o(i.atim_timx_pwmin_chy_gpio_init)
    i.atim_timx_pwmin_chy_init               0x10005158   Section        0  atim.o(i.atim_timx_pwmin_chy_init)
    i.atim_timx_pwmin_chy_restart            0x10005244   Section        0  atim.o(i.atim_timx_pwmin_chy_restart)
    i.delay_init                             0x10005260   Section        0  delay.o(i.delay_init)
    i.delay_ms                               0x1000526c   Section        0  delay.o(i.delay_ms)
    i.delay_us                               0x10005288   Section        0  delay.o(i.delay_us)
    i.fputc                                  0x100052bc   Section        0  usart.o(i.fputc)
    i.gtim_timx_comp_pwm_gpio_init           0x100052d0   Section        0  gtim.o(i.gtim_timx_comp_pwm_gpio_init)
    i.gtim_timx_pwm_chy_init                 0x10005300   Section        0  gtim.o(i.gtim_timx_pwm_chy_init)
    i.led_init                               0x10005358   Section        0  led.o(i.led_init)
    i.main                                   0x100053b0   Section        0  main.o(i.main)
    i.sys_stm32_clock_init                   0x10005578   Section        0  sys.o(i.sys_stm32_clock_init)
    i.usart_init                             0x10005668   Section        0  usart.o(i.usart_init)
    locale$$code                             0x100056a0   Section       44  lc_numeric_c.o(locale$$code)
    x$fpl$dadd                               0x100056cc   Section      336  daddsub_clz.o(x$fpl$dadd)
    $v0                                      0x100056cc   Number         0  daddsub_clz.o(x$fpl$dadd)
    _dadd1                                   0x100056dd   Thumb Code     0  daddsub_clz.o(x$fpl$dadd)
    x$fpl$ddiv                               0x1000581c   Section      688  ddiv.o(x$fpl$ddiv)
    $v0                                      0x1000581c   Number         0  ddiv.o(x$fpl$ddiv)
    ddiv_entry                               0x10005823   Thumb Code     0  ddiv.o(x$fpl$ddiv)
    x$fpl$dfltu                              0x10005acc   Section       38  dflt_clz.o(x$fpl$dfltu)
    $v0                                      0x10005acc   Number         0  dflt_clz.o(x$fpl$dfltu)
    x$fpl$dmul                               0x10005af4   Section      340  dmul.o(x$fpl$dmul)
    $v0                                      0x10005af4   Number         0  dmul.o(x$fpl$dmul)
    x$fpl$dnaninf                            0x10005c48   Section      156  dnaninf.o(x$fpl$dnaninf)
    $v0                                      0x10005c48   Number         0  dnaninf.o(x$fpl$dnaninf)
    x$fpl$dretinf                            0x10005ce4   Section       12  dretinf.o(x$fpl$dretinf)
    $v0                                      0x10005ce4   Number         0  dretinf.o(x$fpl$dretinf)
    x$fpl$dsub                               0x10005cf0   Section      468  daddsub_clz.o(x$fpl$dsub)
    $v0                                      0x10005cf0   Number         0  daddsub_clz.o(x$fpl$dsub)
    _dsub1                                   0x10005d01   Thumb Code     0  daddsub_clz.o(x$fpl$dsub)
    x$fpl$fpinit                             0x10005ec4   Section       10  fpinit.o(x$fpl$fpinit)
    $v0                                      0x10005ec4   Number         0  fpinit.o(x$fpl$fpinit)
    x$fpl$printf1                            0x10005ece   Section        4  printf1.o(x$fpl$printf1)
    $v0                                      0x10005ece   Number         0  printf1.o(x$fpl$printf1)
    x$fpl$usenofp                            0x10005ed2   Section        0  usenofp.o(x$fpl$usenofp)
    .constdata                               0x10005ed4   Section      148  bigflt0.o(.constdata)
    tenpwrs_x                                0x10005ed4   Data          60  bigflt0.o(.constdata)
    tenpwrs_i                                0x10005f10   Data          64  bigflt0.o(.constdata)
    locale$$data                             0x10005f88   Section       28  lc_numeric_c.o(locale$$data)
    __lcnum_c_name                           0x10005f8c   Data           2  lc_numeric_c.o(locale$$data)
    __lcnum_c_start                          0x10005f94   Data           0  lc_numeric_c.o(locale$$data)
    __lcnum_c_point                          0x10005fa0   Data           0  lc_numeric_c.o(locale$$data)
    __lcnum_c_thousands                      0x10005fa2   Data           0  lc_numeric_c.o(locale$$data)
    __lcnum_c_grouping                       0x10005fa3   Data           0  lc_numeric_c.o(locale$$data)
    __lcnum_c_end                            0x10005fa4   Data           0  lc_numeric_c.o(locale$$data)
    .data                                    0x10020000   Section        4  system_stm32mp1xx.o(.data)
    .data                                    0x10020004   Section        4  delay.o(.data)
    g_fac_us                                 0x10020004   Data           4  delay.o(.data)
    .data                                    0x10020008   Section        4  usart.o(.data)
    .data                                    0x1002000c   Section        4  usart.o(.data)
    .data                                    0x10020010   Section       12  stm32mp1xx_hal.o(.data)
    .data                                    0x1002001c   Section       12  atim.o(.data)
    .data                                    0x10020028   Section        2  atim.o(.data)
    .data                                    0x1002002c   Section        8  gtim.o(.data)
    .bss                                     0x10020034   Section      348  usart.o(.bss)
    .bss                                     0x10020190   Section       64  atim.o(.bss)
    .bss                                     0x100201d0   Section      300  gtim.o(.bss)
    .bss                                     0x100202fc   Section       96  libspace.o(.bss)
    STACK                                    0x10020360   Section     1024  startup_stm32mp15xx.o(STACK)

    Global Symbols

    Symbol Name                              Value     Ov Type        Size  Object(Section)

    BuildAttributes$$THM_ISAv4$E$P$D$K$B$S$7EM$VFPi3$EXTD16$VFPS$VFMA$PE$A:L22UL41UL21$X:L11$S22US41US21$IEEE1$IW$USESV6$~STKCKD$USESV7$~SHL$OTIME$ROPI$IEEEJ$EBA8$UX$STANDARDLIB$REQ8$PRES8$EABIv2 0x00000000   Number         0  anon$$obj.o ABSOLUTE
    __ARM_use_no_argv                        0x00000000   Number         0  main.o ABSOLUTE
    __Vectors                                0x00000000   Data           4  startup_stm32mp15xx.o(RESET)
    _printf_flags                            0x00000000   Number         0  printf_stubs.o ABSOLUTE
    _printf_return_value                     0x00000000   Number         0  printf_stubs.o ABSOLUTE
    _printf_sizespec                         0x00000000   Number         0  printf_stubs.o ABSOLUTE
    _printf_widthprec                        0x00000000   Number         0  printf_stubs.o ABSOLUTE
    Image$$ZI$$Limit                          - Undefined Weak Reference
    __ARM_exceptions_init                     - Undefined Weak Reference
    __alloca_initialize                       - Undefined Weak Reference
    __arm_preinit_                            - Undefined Weak Reference
    __cpp_initialize__aeabi_                  - Undefined Weak Reference
    __cxa_finalize                            - Undefined Weak Reference
    __sigvec_lookup                           - Undefined Weak Reference
    _atexit_init                              - Undefined Weak Reference
    _call_atexit_fns                          - Undefined Weak Reference
    _clock_init                               - Undefined Weak Reference
    _fp_trap_init                             - Undefined Weak Reference
    _fp_trap_shutdown                         - Undefined Weak Reference
    _get_lc_collate                           - Undefined Weak Reference
    _get_lc_ctype                             - Undefined Weak Reference
    _get_lc_monetary                          - Undefined Weak Reference
    _get_lc_time                              - Undefined Weak Reference
    _getenv_init                              - Undefined Weak Reference
    _handle_redirection                       - Undefined Weak Reference
    _init_alloc                               - Undefined Weak Reference
    _init_user_alloc                          - Undefined Weak Reference
    _initio                                   - Undefined Weak Reference
    _mutex_acquire                            - Undefined Weak Reference
    _mutex_release                            - Undefined Weak Reference
    _printf_post_padding                      - Undefined Weak Reference
    _printf_pre_padding                       - Undefined Weak Reference
    _printf_truncate_signed                   - Undefined Weak Reference
    _printf_truncate_unsigned                 - Undefined Weak Reference
    _rand_init                                - Undefined Weak Reference
    _signal_finish                            - Undefined Weak Reference
    _signal_init                              - Undefined Weak Reference
    _terminate_alloc                          - Undefined Weak Reference
    _terminate_user_alloc                     - Undefined Weak Reference
    _terminateio                              - Undefined Weak Reference
    __Vectors_End                            0x000003bc   Data           0  startup_stm32mp15xx.o(RESET)
    __Vectors_Size                           0x000003bc   Number         0  startup_stm32mp15xx.o ABSOLUTE
    __main                                   0x10000001   Thumb Code     8  __main.o(!!!main)
    __scatterload                            0x10000009   Thumb Code     0  __scatter.o(!!!scatter)
    __scatterload_rt2                        0x10000009   Thumb Code    44  __scatter.o(!!!scatter)
    __scatterload_rt2_thumb_only             0x10000009   Thumb Code     0  __scatter.o(!!!scatter)
    __scatterload_null                       0x10000017   Thumb Code     0  __scatter.o(!!!scatter)
    __scatterload_copy                       0x1000003d   Thumb Code    26  __scatter_copy.o(!!handler_copy)
    __scatterload_zeroinit                   0x10000059   Thumb Code    28  __scatter_zi.o(!!handler_zi)
    _printf_f                                0x10000075   Thumb Code     0  _printf_f.o(.ARM.Collect$$_printf_percent$$00000003)
    _printf_percent                          0x10000075   Thumb Code     0  _printf_percent.o(.ARM.Collect$$_printf_percent$$00000000)
    _printf_d                                0x1000007b   Thumb Code     0  _printf_d.o(.ARM.Collect$$_printf_percent$$00000009)
    _printf_percent_end                      0x10000081   Thumb Code     0  _printf_percent_end.o(.ARM.Collect$$_printf_percent$$00000017)
    __rt_lib_init                            0x10000085   Thumb Code     0  libinit.o(.ARM.Collect$$libinit$$00000000)
    __rt_lib_init_fp_1                       0x10000087   Thumb Code     0  libinit2.o(.ARM.Collect$$libinit$$00000001)
    __rt_lib_init_heap_1                     0x1000008b   Thumb Code     0  libinit2.o(.ARM.Collect$$libinit$$0000000A)
    __rt_lib_init_lc_common                  0x1000008b   Thumb Code     0  libinit2.o(.ARM.Collect$$libinit$$0000000F)
    __rt_lib_init_preinit_1                  0x1000008b   Thumb Code     0  libinit2.o(.ARM.Collect$$libinit$$00000004)
    __rt_lib_init_rand_1                     0x1000008b   Thumb Code     0  libinit2.o(.ARM.Collect$$libinit$$0000000E)
    __rt_lib_init_user_alloc_1               0x1000008b   Thumb Code     0  libinit2.o(.ARM.Collect$$libinit$$0000000C)
    __rt_lib_init_lc_collate_1               0x10000091   Thumb Code     0  libinit2.o(.ARM.Collect$$libinit$$00000011)
    __rt_lib_init_lc_ctype_1                 0x10000091   Thumb Code     0  libinit2.o(.ARM.Collect$$libinit$$00000013)
    __rt_lib_init_lc_monetary_1              0x10000091   Thumb Code     0  libinit2.o(.ARM.Collect$$libinit$$00000015)
    __rt_lib_init_lc_numeric_2               0x10000091   Thumb Code     0  libinit2.o(.ARM.Collect$$libinit$$00000016)
    __rt_lib_init_alloca_1                   0x1000009b   Thumb Code     0  libinit2.o(.ARM.Collect$$libinit$$0000002E)
    __rt_lib_init_argv_1                     0x1000009b   Thumb Code     0  libinit2.o(.ARM.Collect$$libinit$$0000002C)
    __rt_lib_init_atexit_1                   0x1000009b   Thumb Code     0  libinit2.o(.ARM.Collect$$libinit$$0000001B)
    __rt_lib_init_clock_1                    0x1000009b   Thumb Code     0  libinit2.o(.ARM.Collect$$libinit$$00000021)
    __rt_lib_init_cpp_1                      0x1000009b   Thumb Code     0  libinit2.o(.ARM.Collect$$libinit$$00000032)
    __rt_lib_init_exceptions_1               0x1000009b   Thumb Code     0  libinit2.o(.ARM.Collect$$libinit$$00000030)
    __rt_lib_init_fp_trap_1                  0x1000009b   Thumb Code     0  libinit2.o(.ARM.Collect$$libinit$$0000001F)
    __rt_lib_init_getenv_1                   0x1000009b   Thumb Code     0  libinit2.o(.ARM.Collect$$libinit$$00000023)
    __rt_lib_init_lc_numeric_1               0x1000009b   Thumb Code     0  libinit2.o(.ARM.Collect$$libinit$$00000017)
    __rt_lib_init_lc_time_1                  0x1000009b   Thumb Code     0  libinit2.o(.ARM.Collect$$libinit$$00000019)
    __rt_lib_init_return                     0x1000009b   Thumb Code     0  libinit2.o(.ARM.Collect$$libinit$$00000033)
    __rt_lib_init_signal_1                   0x1000009b   Thumb Code     0  libinit2.o(.ARM.Collect$$libinit$$0000001D)
    __rt_lib_init_stdio_1                    0x1000009b   Thumb Code     0  libinit2.o(.ARM.Collect$$libinit$$00000025)
    __rt_lib_shutdown                        0x1000009d   Thumb Code     0  libshutdown.o(.ARM.Collect$$libshutdown$$00000000)
    __rt_lib_shutdown_cpp_1                  0x1000009f   Thumb Code     0  libshutdown2.o(.ARM.Collect$$libshutdown$$00000002)
    __rt_lib_shutdown_fp_trap_1              0x1000009f   Thumb Code     0  libshutdown2.o(.ARM.Collect$$libshutdown$$00000007)
    __rt_lib_shutdown_heap_1                 0x1000009f   Thumb Code     0  libshutdown2.o(.ARM.Collect$$libshutdown$$0000000F)
    __rt_lib_shutdown_return                 0x1000009f   Thumb Code     0  libshutdown2.o(.ARM.Collect$$libshutdown$$00000010)
    __rt_lib_shutdown_signal_1               0x1000009f   Thumb Code     0  libshutdown2.o(.ARM.Collect$$libshutdown$$0000000A)
    __rt_lib_shutdown_stdio_1                0x1000009f   Thumb Code     0  libshutdown2.o(.ARM.Collect$$libshutdown$$00000004)
    __rt_lib_shutdown_user_alloc_1           0x1000009f   Thumb Code     0  libshutdown2.o(.ARM.Collect$$libshutdown$$0000000C)
    __rt_entry                               0x100000a1   Thumb Code     0  __rtentry.o(.ARM.Collect$$rtentry$$00000000)
    __rt_entry_presh_1                       0x100000a1   Thumb Code     0  __rtentry2.o(.ARM.Collect$$rtentry$$00000002)
    __rt_entry_sh                            0x100000a1   Thumb Code     0  __rtentry5.o(.ARM.Collect$$rtentry$$00000005)
    __rt_entry_li                            0x100000a5   Thumb Code     0  __rtentry2.o(.ARM.Collect$$rtentry$$0000000A)
    __rt_entry_postsh_1                      0x100000a5   Thumb Code     0  __rtentry2.o(.ARM.Collect$$rtentry$$00000009)
    __rt_entry_main                          0x100000a9   Thumb Code     0  __rtentry2.o(.ARM.Collect$$rtentry$$0000000D)
    __rt_entry_postli_1                      0x100000a9   Thumb Code     0  __rtentry2.o(.ARM.Collect$$rtentry$$0000000C)
    __rt_exit                                0x100000b5   Thumb Code     0  rtexit.o(.ARM.Collect$$rtexit$$00000000)
    __rt_exit_ls                             0x100000b7   Thumb Code     0  rtexit2.o(.ARM.Collect$$rtexit$$00000003)
    __rt_exit_prels_1                        0x100000b7   Thumb Code     0  rtexit2.o(.ARM.Collect$$rtexit$$00000002)
    __rt_exit_exit                           0x100000bb   Thumb Code     0  rtexit2.o(.ARM.Collect$$rtexit$$00000004)
    WFI_SET                                  0x100000c1   Thumb Code     2  sys.o(.emb_text)
    INTX_DISABLE                             0x100000c3   Thumb Code     4  sys.o(.emb_text)
    INTX_ENABLE                              0x100000c7   Thumb Code     4  sys.o(.emb_text)
    MSR_MSP                                  0x100000cb   Thumb Code     6  sys.o(.emb_text)
    Reset_Handler                            0x100000d1   Thumb Code     8  startup_stm32mp15xx.o(.text)
    WWDG1_IRQHandler                         0x100000eb   Thumb Code     2  startup_stm32mp15xx.o(.text)
    PVD_AVD_IRQHandler                       0x100000ed   Thumb Code     2  startup_stm32mp15xx.o(.text)
    TAMP_IRQHandler                          0x100000ef   Thumb Code     2  startup_stm32mp15xx.o(.text)
    RTC_WKUP_ALARM_IRQHandler                0x100000f1   Thumb Code     2  startup_stm32mp15xx.o(.text)
    RESERVED4_IRQHandler                     0x100000f3   Thumb Code     2  startup_stm32mp15xx.o(.text)
    RCC_IRQHandler                           0x100000f5   Thumb Code     2  startup_stm32mp15xx.o(.text)
    EXTI0_IRQHandler                         0x100000f7   Thumb Code     2  startup_stm32mp15xx.o(.text)
    EXTI1_IRQHandler                         0x100000f9   Thumb Code     2  startup_stm32mp15xx.o(.text)
    EXTI2_IRQHandler                         0x100000fb   Thumb Code     2  startup_stm32mp15xx.o(.text)
    EXTI3_IRQHandler                         0x100000fd   Thumb Code     2  startup_stm32mp15xx.o(.text)
    EXTI4_IRQHandler                         0x100000ff   Thumb Code     2  startup_stm32mp15xx.o(.text)
    DMA1_Stream0_IRQHandler                  0x10000101   Thumb Code     2  startup_stm32mp15xx.o(.text)
    DMA1_Stream1_IRQHandler                  0x10000103   Thumb Code     2  startup_stm32mp15xx.o(.text)
    DMA1_Stream2_IRQHandler                  0x10000105   Thumb Code     2  startup_stm32mp15xx.o(.text)
    DMA1_Stream3_IRQHandler                  0x10000107   Thumb Code     2  startup_stm32mp15xx.o(.text)
    DMA1_Stream4_IRQHandler                  0x10000109   Thumb Code     2  startup_stm32mp15xx.o(.text)
    DMA1_Stream5_IRQHandler                  0x1000010b   Thumb Code     2  startup_stm32mp15xx.o(.text)
    DMA1_Stream6_IRQHandler                  0x1000010d   Thumb Code     2  startup_stm32mp15xx.o(.text)
    ADC1_IRQHandler                          0x1000010f   Thumb Code     2  startup_stm32mp15xx.o(.text)
    FDCAN1_IT0_IRQHandler                    0x10000111   Thumb Code     2  startup_stm32mp15xx.o(.text)
    FDCAN2_IT0_IRQHandler                    0x10000113   Thumb Code     2  startup_stm32mp15xx.o(.text)
    FDCAN1_IT1_IRQHandler                    0x10000115   Thumb Code     2  startup_stm32mp15xx.o(.text)
    FDCAN2_IT1_IRQHandler                    0x10000117   Thumb Code     2  startup_stm32mp15xx.o(.text)
    EXTI5_IRQHandler                         0x10000119   Thumb Code     2  startup_stm32mp15xx.o(.text)
    TIM1_BRK_IRQHandler                      0x1000011b   Thumb Code     2  startup_stm32mp15xx.o(.text)
    TIM1_UP_IRQHandler                       0x1000011d   Thumb Code     2  startup_stm32mp15xx.o(.text)
    TIM1_TRG_COM_IRQHandler                  0x1000011f   Thumb Code     2  startup_stm32mp15xx.o(.text)
    TIM1_CC_IRQHandler                       0x10000121   Thumb Code     2  startup_stm32mp15xx.o(.text)
    TIM4_IRQHandler                          0x10000127   Thumb Code     2  startup_stm32mp15xx.o(.text)
    I2C1_EV_IRQHandler                       0x10000129   Thumb Code     2  startup_stm32mp15xx.o(.text)
    I2C1_ER_IRQHandler                       0x1000012b   Thumb Code     2  startup_stm32mp15xx.o(.text)
    I2C2_EV_IRQHandler                       0x1000012d   Thumb Code     2  startup_stm32mp15xx.o(.text)
    I2C2_ER_IRQHandler                       0x1000012f   Thumb Code     2  startup_stm32mp15xx.o(.text)
    SPI1_IRQHandler                          0x10000131   Thumb Code     2  startup_stm32mp15xx.o(.text)
    SPI2_IRQHandler                          0x10000133   Thumb Code     2  startup_stm32mp15xx.o(.text)
    USART1_IRQHandler                        0x10000135   Thumb Code     2  startup_stm32mp15xx.o(.text)
    USART2_IRQHandler                        0x10000137   Thumb Code     2  startup_stm32mp15xx.o(.text)
    USART3_IRQHandler                        0x10000139   Thumb Code     2  startup_stm32mp15xx.o(.text)
    EXTI10_IRQHandler                        0x1000013b   Thumb Code     2  startup_stm32mp15xx.o(.text)
    RTC_TIMESTAMP_IRQHandler                 0x1000013d   Thumb Code     2  startup_stm32mp15xx.o(.text)
    EXTI11_IRQHandler                        0x1000013f   Thumb Code     2  startup_stm32mp15xx.o(.text)
    TIM8_BRK_IRQHandler                      0x10000141   Thumb Code     2  startup_stm32mp15xx.o(.text)
    TIM8_TRG_COM_IRQHandler                  0x10000145   Thumb Code     2  startup_stm32mp15xx.o(.text)
    DMA1_Stream7_IRQHandler                  0x10000149   Thumb Code     2  startup_stm32mp15xx.o(.text)
    FMC_IRQHandler                           0x1000014b   Thumb Code     2  startup_stm32mp15xx.o(.text)
    SDMMC1_IRQHandler                        0x1000014d   Thumb Code     2  startup_stm32mp15xx.o(.text)
    SPI3_IRQHandler                          0x10000151   Thumb Code     2  startup_stm32mp15xx.o(.text)
    UART5_IRQHandler                         0x10000155   Thumb Code     2  startup_stm32mp15xx.o(.text)
    TIM6_IRQHandler                          0x10000157   Thumb Code     2  startup_stm32mp15xx.o(.text)
    TIM7_IRQHandler                          0x10000159   Thumb Code     2  startup_stm32mp15xx.o(.text)
    DMA2_Stream0_IRQHandler                  0x1000015b   Thumb Code     2  startup_stm32mp15xx.o(.text)
    DMA2_Stream1_IRQHandler                  0x1000015d   Thumb Code     2  startup_stm32mp15xx.o(.text)
    DMA2_Stream2_IRQHandler                  0x1000015f   Thumb Code     2  startup_stm32mp15xx.o(.text)
    DMA2_Stream3_IRQHandler                  0x10000161   Thumb Code     2  startup_stm32mp15xx.o(.text)
    DMA2_Stream4_IRQHandler                  0x10000163   Thumb Code     2  startup_stm32mp15xx.o(.text)
    ETH1_IRQHandler                          0x10000165   Thumb Code     2  startup_stm32mp15xx.o(.text)
    ETH1_WKUP_IRQHandler                     0x10000167   Thumb Code     2  startup_stm32mp15xx.o(.text)
    FDCAN_CAL_IRQHandler                     0x10000169   Thumb Code     2  startup_stm32mp15xx.o(.text)
    EXTI6_IRQHandler                         0x1000016b   Thumb Code     2  startup_stm32mp15xx.o(.text)
    EXTI7_IRQHandler                         0x1000016d   Thumb Code     2  startup_stm32mp15xx.o(.text)
    EXTI8_IRQHandler                         0x1000016f   Thumb Code     2  startup_stm32mp15xx.o(.text)
    EXTI9_IRQHandler                         0x10000171   Thumb Code     2  startup_stm32mp15xx.o(.text)
    DMA2_Stream5_IRQHandler                  0x10000173   Thumb Code     2  startup_stm32mp15xx.o(.text)
    DMA2_Stream6_IRQHandler                  0x10000175   Thumb Code     2  startup_stm32mp15xx.o(.text)
    DMA2_Stream7_IRQHandler                  0x10000177   Thumb Code     2  startup_stm32mp15xx.o(.text)
    USART6_IRQHandler                        0x10000179   Thumb Code     2  startup_stm32mp15xx.o(.text)
    I2C3_EV_IRQHandler                       0x1000017b   Thumb Code     2  startup_stm32mp15xx.o(.text)
    I2C3_ER_IRQHandler                       0x1000017d   Thumb Code     2  startup_stm32mp15xx.o(.text)
    USBH_OHCI_IRQHandler                     0x1000017f   Thumb Code     2  startup_stm32mp15xx.o(.text)
    USBH_EHCI_IRQHandler                     0x10000181   Thumb Code     2  startup_stm32mp15xx.o(.text)
    EXTI12_IRQHandler                        0x10000183   Thumb Code     2  startup_stm32mp15xx.o(.text)
    EXTI13_IRQHandler                        0x10000185   Thumb Code     2  startup_stm32mp15xx.o(.text)
    DCMI_IRQHandler                          0x10000187   Thumb Code     2  startup_stm32mp15xx.o(.text)
    CRYP1_IRQHandler                         0x10000189   Thumb Code     2  startup_stm32mp15xx.o(.text)
    HASH1_IRQHandler                         0x1000018b   Thumb Code     2  startup_stm32mp15xx.o(.text)
    FPU_IRQHandler                           0x1000018d   Thumb Code     2  startup_stm32mp15xx.o(.text)
    UART7_IRQHandler                         0x1000018f   Thumb Code     2  startup_stm32mp15xx.o(.text)
    UART8_IRQHandler                         0x10000191   Thumb Code     2  startup_stm32mp15xx.o(.text)
    SPI4_IRQHandler                          0x10000193   Thumb Code     2  startup_stm32mp15xx.o(.text)
    SPI5_IRQHandler                          0x10000195   Thumb Code     2  startup_stm32mp15xx.o(.text)
    SPI6_IRQHandler                          0x10000197   Thumb Code     2  startup_stm32mp15xx.o(.text)
    SAI1_IRQHandler                          0x10000199   Thumb Code     2  startup_stm32mp15xx.o(.text)
    LTDC_IRQHandler                          0x1000019b   Thumb Code     2  startup_stm32mp15xx.o(.text)
    LTDC_ER_IRQHandler                       0x1000019d   Thumb Code     2  startup_stm32mp15xx.o(.text)
    ADC2_IRQHandler                          0x1000019f   Thumb Code     2  startup_stm32mp15xx.o(.text)
    SAI2_IRQHandler                          0x100001a1   Thumb Code     2  startup_stm32mp15xx.o(.text)
    QUADSPI_IRQHandler                       0x100001a3   Thumb Code     2  startup_stm32mp15xx.o(.text)
    LPTIM1_IRQHandler                        0x100001a5   Thumb Code     2  startup_stm32mp15xx.o(.text)
    CEC_IRQHandler                           0x100001a7   Thumb Code     2  startup_stm32mp15xx.o(.text)
    I2C4_EV_IRQHandler                       0x100001a9   Thumb Code     2  startup_stm32mp15xx.o(.text)
    I2C4_ER_IRQHandler                       0x100001ab   Thumb Code     2  startup_stm32mp15xx.o(.text)
    SPDIF_RX_IRQHandler                      0x100001ad   Thumb Code     2  startup_stm32mp15xx.o(.text)
    OTG_IRQHandler                           0x100001af   Thumb Code     2  startup_stm32mp15xx.o(.text)
    RESERVED99_IRQHandler                    0x100001b1   Thumb Code     2  startup_stm32mp15xx.o(.text)
    IPCC_RX0_IRQHandler                      0x100001b3   Thumb Code     2  startup_stm32mp15xx.o(.text)
    IPCC_TX0_IRQHandler                      0x100001b5   Thumb Code     2  startup_stm32mp15xx.o(.text)
    DMAMUX1_OVR_IRQHandler                   0x100001b7   Thumb Code     2  startup_stm32mp15xx.o(.text)
    IPCC_RX1_IRQHandler                      0x100001b9   Thumb Code     2  startup_stm32mp15xx.o(.text)
    IPCC_TX1_IRQHandler                      0x100001bb   Thumb Code     2  startup_stm32mp15xx.o(.text)
    CRYP2_IRQHandler                         0x100001bd   Thumb Code     2  startup_stm32mp15xx.o(.text)
    HASH2_IRQHandler                         0x100001bf   Thumb Code     2  startup_stm32mp15xx.o(.text)
    I2C5_EV_IRQHandler                       0x100001c1   Thumb Code     2  startup_stm32mp15xx.o(.text)
    I2C5_ER_IRQHandler                       0x100001c3   Thumb Code     2  startup_stm32mp15xx.o(.text)
    GPU_IRQHandler                           0x100001c5   Thumb Code     2  startup_stm32mp15xx.o(.text)
    DFSDM1_FLT0_IRQHandler                   0x100001c7   Thumb Code     2  startup_stm32mp15xx.o(.text)
    DFSDM1_FLT1_IRQHandler                   0x100001c9   Thumb Code     2  startup_stm32mp15xx.o(.text)
    DFSDM1_FLT2_IRQHandler                   0x100001cb   Thumb Code     2  startup_stm32mp15xx.o(.text)
    DFSDM1_FLT3_IRQHandler                   0x100001cd   Thumb Code     2  startup_stm32mp15xx.o(.text)
    SAI3_IRQHandler                          0x100001cf   Thumb Code     2  startup_stm32mp15xx.o(.text)
    DFSDM1_FLT4_IRQHandler                   0x100001d1   Thumb Code     2  startup_stm32mp15xx.o(.text)
    TIM15_IRQHandler                         0x100001d3   Thumb Code     2  startup_stm32mp15xx.o(.text)
    TIM16_IRQHandler                         0x100001d5   Thumb Code     2  startup_stm32mp15xx.o(.text)
    TIM17_IRQHandler                         0x100001d7   Thumb Code     2  startup_stm32mp15xx.o(.text)
    TIM12_IRQHandler                         0x100001d9   Thumb Code     2  startup_stm32mp15xx.o(.text)
    MDIOS_IRQHandler                         0x100001db   Thumb Code     2  startup_stm32mp15xx.o(.text)
    EXTI14_IRQHandler                        0x100001dd   Thumb Code     2  startup_stm32mp15xx.o(.text)
    MDMA_IRQHandler                          0x100001df   Thumb Code     2  startup_stm32mp15xx.o(.text)
    DSI_IRQHandler                           0x100001e1   Thumb Code     2  startup_stm32mp15xx.o(.text)
    SDMMC2_IRQHandler                        0x100001e3   Thumb Code     2  startup_stm32mp15xx.o(.text)
    HSEM_IT2_IRQHandler                      0x100001e5   Thumb Code     2  startup_stm32mp15xx.o(.text)
    DFSDM1_FLT5_IRQHandler                   0x100001e7   Thumb Code     2  startup_stm32mp15xx.o(.text)
    EXTI15_IRQHandler                        0x100001e9   Thumb Code     2  startup_stm32mp15xx.o(.text)
    nCTIIRQ1_IRQHandler                      0x100001eb   Thumb Code     2  startup_stm32mp15xx.o(.text)
    nCTIIRQ2_IRQHandler                      0x100001ed   Thumb Code     2  startup_stm32mp15xx.o(.text)
    TIM13_IRQHandler                         0x100001ef   Thumb Code     2  startup_stm32mp15xx.o(.text)
    TIM14_IRQHandler                         0x100001f1   Thumb Code     2  startup_stm32mp15xx.o(.text)
    DAC_IRQHandler                           0x100001f3   Thumb Code     2  startup_stm32mp15xx.o(.text)
    RNG1_IRQHandler                          0x100001f5   Thumb Code     2  startup_stm32mp15xx.o(.text)
    RNG2_IRQHandler                          0x100001f7   Thumb Code     2  startup_stm32mp15xx.o(.text)
    I2C6_EV_IRQHandler                       0x100001f9   Thumb Code     2  startup_stm32mp15xx.o(.text)
    I2C6_ER_IRQHandler                       0x100001fb   Thumb Code     2  startup_stm32mp15xx.o(.text)
    SDMMC3_IRQHandler                        0x100001fd   Thumb Code     2  startup_stm32mp15xx.o(.text)
    LPTIM2_IRQHandler                        0x100001ff   Thumb Code     2  startup_stm32mp15xx.o(.text)
    LPTIM3_IRQHandler                        0x10000201   Thumb Code     2  startup_stm32mp15xx.o(.text)
    LPTIM4_IRQHandler                        0x10000203   Thumb Code     2  startup_stm32mp15xx.o(.text)
    LPTIM5_IRQHandler                        0x10000205   Thumb Code     2  startup_stm32mp15xx.o(.text)
    ETH1_LPI_IRQHandler                      0x10000207   Thumb Code     2  startup_stm32mp15xx.o(.text)
    RESERVED143_IRQHandler                   0x10000209   Thumb Code     2  startup_stm32mp15xx.o(.text)
    MPU_SEV_IRQHandler                       0x1000020b   Thumb Code     2  startup_stm32mp15xx.o(.text)
    RCC_WAKEUP_IRQHandler                    0x1000020d   Thumb Code     2  startup_stm32mp15xx.o(.text)
    SAI4_IRQHandler                          0x1000020f   Thumb Code     2  startup_stm32mp15xx.o(.text)
    DTS_IRQHandler                           0x10000211   Thumb Code     2  startup_stm32mp15xx.o(.text)
    RESERVED148_IRQHandler                   0x10000213   Thumb Code     2  startup_stm32mp15xx.o(.text)
    WAKEUP_PIN_IRQHandler                    0x10000215   Thumb Code     2  startup_stm32mp15xx.o(.text)
    __use_no_semihosting                     0x10000221   Thumb Code     2  use_no_semi_2.o(.text)
    __2printf                                0x10000225   Thumb Code    20  noretval__2printf.o(.text)
    _printf_int_dec                          0x1000023d   Thumb Code   104  _printf_dec.o(.text)
    __printf                                 0x100002b5   Thumb Code   270  __printf_wp.o(.text)
    __aeabi_memclr4                          0x100003c3   Thumb Code     0  rt_memclr_w.o(.text)
    __aeabi_memclr8                          0x100003c3   Thumb Code     0  rt_memclr_w.o(.text)
    __rt_memclr_w                            0x100003c3   Thumb Code    78  rt_memclr_w.o(.text)
    _memset_w                                0x100003c7   Thumb Code     0  rt_memclr_w.o(.text)
    __I$use$semihosting                      0x10000411   Thumb Code     0  use_no_semi.o(.text)
    __use_no_semihosting_swi                 0x10000411   Thumb Code     2  use_no_semi.o(.text)
    _printf_int_common                       0x10000413   Thumb Code   178  _printf_intcommon.o(.text)
    __lib_sel_fp_printf                      0x100004c5   Thumb Code     2  _printf_fp_dec.o(.text)
    _printf_fp_dec_real                      0x10000677   Thumb Code   620  _printf_fp_dec.o(.text)
    _printf_char_file                        0x100008e5   Thumb Code    32  _printf_char_file.o(.text)
    __rt_locale                              0x10000909   Thumb Code     8  rt_locale_intlibspace.o(.text)
    _ll_udiv10                               0x10000911   Thumb Code   138  lludiv10.o(.text)
    _printf_char_common                      0x100009a7   Thumb Code    32  _printf_char_common.o(.text)
    _printf_fp_infnan                        0x100009cd   Thumb Code   112  _printf_fp_infnan.o(.text)
    _btod_etento                             0x10000a4d   Thumb Code   224  bigflt0.o(.text)
    ferror                                   0x10000b31   Thumb Code     8  ferror.o(.text)
    exit                                     0x10000b39   Thumb Code    18  exit.o(.text)
    strcmp                                   0x10000b4d   Thumb Code   128  strcmpv7m.o(.text)
    _btod_d2e                                0x10000bcd   Thumb Code    62  btod.o(CL$$btod_d2e)
    _d2e_denorm_low                          0x10000c0b   Thumb Code    70  btod.o(CL$$btod_d2e_denorm_low)
    _d2e_norm_op1                            0x10000c51   Thumb Code    96  btod.o(CL$$btod_d2e_norm_op1)
    __btod_div_common                        0x10000cb1   Thumb Code   696  btod.o(CL$$btod_div_common)
    _e2e                                     0x10000fe9   Thumb Code   220  btod.o(CL$$btod_e2e)
    _btod_ediv                               0x100010c5   Thumb Code    42  btod.o(CL$$btod_ediv)
    _btod_emul                               0x100010ef   Thumb Code    42  btod.o(CL$$btod_emul)
    __btod_mult_common                       0x10001119   Thumb Code   580  btod.o(CL$$btod_mult_common)
    BusFault_Handler                         0x1000135d   Thumb Code     2  stm32mp1xx_it.o(i.BusFault_Handler)
    DebugMon_Handler                         0x1000135f   Thumb Code     2  stm32mp1xx_it.o(i.DebugMon_Handler)
    HAL_DMA_Abort_IT                         0x10001361   Thumb Code    38  stm32mp1xx_hal_dma.o(i.HAL_DMA_Abort_IT)
    HAL_GPIO_Init                            0x10001389   Thumb Code   444  stm32mp1xx_hal_gpio.o(i.HAL_GPIO_Init)
    HAL_GPIO_TogglePin                       0x10001575   Thumb Code    14  stm32mp1xx_hal_gpio.o(i.HAL_GPIO_TogglePin)
    HAL_GPIO_WritePin                        0x10001583   Thumb Code    10  stm32mp1xx_hal_gpio.o(i.HAL_GPIO_WritePin)
    HAL_GetTick                              0x1000158d   Thumb Code     6  stm32mp1xx_hal.o(i.HAL_GetTick)
    HAL_IncTick                              0x10001599   Thumb Code    12  stm32mp1xx_hal.o(i.HAL_IncTick)
    HAL_Init                                 0x100015a9   Thumb Code    36  stm32mp1xx_hal.o(i.HAL_Init)
    HAL_InitTick                             0x100015d1   Thumb Code    56  stm32mp1xx_hal.o(i.HAL_InitTick)
    HAL_MDMA_Abort_IT                        0x10001611   Thumb Code    38  stm32mp1xx_hal_mdma.o(i.HAL_MDMA_Abort_IT)
    HAL_MspInit                              0x10001637   Thumb Code     2  stm32mp1xx_hal.o(i.HAL_MspInit)
    HAL_NVIC_EnableIRQ                       0x10001639   Thumb Code    26  stm32mp1xx_hal_cortex.o(i.HAL_NVIC_EnableIRQ)
    HAL_NVIC_SetPriority                     0x10001655   Thumb Code    60  stm32mp1xx_hal_cortex.o(i.HAL_NVIC_SetPriority)
    HAL_NVIC_SetPriorityGrouping             0x10001695   Thumb Code    26  stm32mp1xx_hal_cortex.o(i.HAL_NVIC_SetPriorityGrouping)
    HAL_PWR_EnableBkUpAccess                 0x100016b9   Thumb Code    12  stm32mp1xx_hal_pwr.o(i.HAL_PWR_EnableBkUpAccess)
    HAL_RCCEx_PeriphCLKConfig                0x100016c9   Thumb Code  2776  stm32mp1xx_hal_rcc_ex.o(i.HAL_RCCEx_PeriphCLKConfig)
    HAL_RCC_ClockConfig                      0x100021ad   Thumb Code   302  stm32mp1xx_hal_rcc.o(i.HAL_RCC_ClockConfig)
    HAL_RCC_GetACLKFreq                      0x100022e1   Thumb Code    30  stm32mp1xx_hal_rcc.o(i.HAL_RCC_GetACLKFreq)
    HAL_RCC_GetAXISSFreq                     0x10002301   Thumb Code    60  stm32mp1xx_hal_rcc.o(i.HAL_RCC_GetAXISSFreq)
    HAL_RCC_GetMCUFreq                       0x10002349   Thumb Code    24  stm32mp1xx_hal_rcc.o(i.HAL_RCC_GetMCUFreq)
    HAL_RCC_GetMCUSSFreq                     0x10002365   Thumb Code    58  stm32mp1xx_hal_rcc.o(i.HAL_RCC_GetMCUSSFreq)
    HAL_RCC_GetPCLK1Freq                     0x100023ad   Thumb Code    24  stm32mp1xx_hal_rcc.o(i.HAL_RCC_GetPCLK1Freq)
    HAL_RCC_GetPCLK2Freq                     0x100023c9   Thumb Code    24  stm32mp1xx_hal_rcc.o(i.HAL_RCC_GetPCLK2Freq)
    HAL_RCC_GetPCLK5Freq                     0x100023e5   Thumb Code    26  stm32mp1xx_hal_rcc.o(i.HAL_RCC_GetPCLK5Freq)
    HAL_RCC_GetPLL2ClockFreq                 0x10002401   Thumb Code   224  stm32mp1xx_hal_rcc.o(i.HAL_RCC_GetPLL2ClockFreq)
    HAL_RCC_GetPLL3ClockFreq                 0x100024f5   Thumb Code   244  stm32mp1xx_hal_rcc.o(i.HAL_RCC_GetPLL3ClockFreq)
    HAL_RCC_GetPLL4ClockFreq                 0x10002609   Thumb Code   238  stm32mp1xx_hal_rcc.o(i.HAL_RCC_GetPLL4ClockFreq)
    HAL_RCC_GetSystemCoreClockFreq           0x10002719   Thumb Code     4  stm32mp1xx_hal_rcc.o(i.HAL_RCC_GetSystemCoreClockFreq)
    HAL_RCC_HSEConfig                        0x1000271d   Thumb Code   128  stm32mp1xx_hal_rcc.o(i.HAL_RCC_HSEConfig)
    HAL_RCC_LSEConfig                        0x100027a1   Thumb Code   154  stm32mp1xx_hal_rcc.o(i.HAL_RCC_LSEConfig)
    HAL_RCC_OscConfig                        0x1000283d   Thumb Code   938  stm32mp1xx_hal_rcc.o(i.HAL_RCC_OscConfig)
    HAL_SYSTICK_Config                       0x10002c05   Thumb Code    40  stm32mp1xx_hal_cortex.o(i.HAL_SYSTICK_Config)
    HAL_TIMEx_Break2Callback                 0x10002c2d   Thumb Code     2  stm32mp1xx_hal_tim_ex.o(i.HAL_TIMEx_Break2Callback)
    HAL_TIMEx_BreakCallback                  0x10002c2f   Thumb Code     2  stm32mp1xx_hal_tim_ex.o(i.HAL_TIMEx_BreakCallback)
    HAL_TIMEx_CommutCallback                 0x10002c31   Thumb Code     2  stm32mp1xx_hal_tim_ex.o(i.HAL_TIMEx_CommutCallback)
    HAL_TIMEx_MasterConfigSynchronization    0x10002c35   Thumb Code    88  stm32mp1xx_hal_tim_ex.o(i.HAL_TIMEx_MasterConfigSynchronization)
    HAL_TIM_Base_Init                        0x10002c91   Thumb Code    54  stm32mp1xx_hal_tim.o(i.HAL_TIM_Base_Init)
    HAL_TIM_Base_MspInit                     0x10002cc7   Thumb Code     2  stm32mp1xx_hal_tim.o(i.HAL_TIM_Base_MspInit)
    HAL_TIM_ConfigClockSource                0x10002cc9   Thumb Code   214  stm32mp1xx_hal_tim.o(i.HAL_TIM_ConfigClockSource)
    HAL_TIM_IC_CaptureCallback               0x10002da5   Thumb Code    46  atim.o(i.HAL_TIM_IC_CaptureCallback)
    HAL_TIM_IC_ConfigChannel                 0x10002ddd   Thumb Code   284  stm32mp1xx_hal_tim.o(i.HAL_TIM_IC_ConfigChannel)
    HAL_TIM_IC_Init                          0x10002ef9   Thumb Code    54  stm32mp1xx_hal_tim.o(i.HAL_TIM_IC_Init)
    HAL_TIM_IC_MspInit                       0x10002f2f   Thumb Code     2  stm32mp1xx_hal_tim.o(i.HAL_TIM_IC_MspInit)
    HAL_TIM_IC_Start_IT                      0x10002f31   Thumb Code    92  stm32mp1xx_hal_tim.o(i.HAL_TIM_IC_Start_IT)
    HAL_TIM_IRQHandler                       0x10002f91   Thumb Code   388  stm32mp1xx_hal_tim.o(i.HAL_TIM_IRQHandler)
    HAL_TIM_OC_DelayElapsedCallback          0x10003115   Thumb Code     2  stm32mp1xx_hal_tim.o(i.HAL_TIM_OC_DelayElapsedCallback)
    HAL_TIM_PWM_ConfigChannel                0x10003117   Thumb Code   296  stm32mp1xx_hal_tim.o(i.HAL_TIM_PWM_ConfigChannel)
    HAL_TIM_PWM_Init                         0x1000323f   Thumb Code    54  stm32mp1xx_hal_tim.o(i.HAL_TIM_PWM_Init)
    HAL_TIM_PWM_MspInit                      0x10003275   Thumb Code     2  stm32mp1xx_hal_tim.o(i.HAL_TIM_PWM_MspInit)
    HAL_TIM_PWM_PulseFinishedCallback        0x10003277   Thumb Code     2  stm32mp1xx_hal_tim.o(i.HAL_TIM_PWM_PulseFinishedCallback)
    HAL_TIM_PWM_Start                        0x10003279   Thumb Code    82  stm32mp1xx_hal_tim.o(i.HAL_TIM_PWM_Start)
    HAL_TIM_PeriodElapsedCallback            0x100032e1   Thumb Code    78  gtim.o(i.HAL_TIM_PeriodElapsedCallback)
    HAL_TIM_ReadCapturedValue                0x1000333d   Thumb Code    42  stm32mp1xx_hal_tim.o(i.HAL_TIM_ReadCapturedValue)
    HAL_TIM_SlaveConfigSynchro               0x10003367   Thumb Code    82  stm32mp1xx_hal_tim.o(i.HAL_TIM_SlaveConfigSynchro)
    HAL_TIM_TriggerCallback                  0x100033b9   Thumb Code     2  stm32mp1xx_hal_tim.o(i.HAL_TIM_TriggerCallback)
    HAL_UARTEx_RxFifoFullCallback            0x100033bb   Thumb Code     2  stm32mp1xx_hal_uart_ex.o(i.HAL_UARTEx_RxFifoFullCallback)
    HAL_UARTEx_TxFifoEmptyCallback           0x100033bd   Thumb Code     2  stm32mp1xx_hal_uart_ex.o(i.HAL_UARTEx_TxFifoEmptyCallback)
    HAL_UARTEx_WakeupCallback                0x100033bf   Thumb Code     2  stm32mp1xx_hal_uart_ex.o(i.HAL_UARTEx_WakeupCallback)
    HAL_UART_ErrorCallback                   0x100033c1   Thumb Code     2  stm32mp1xx_hal_uart.o(i.HAL_UART_ErrorCallback)
    HAL_UART_GetState                        0x100033c3   Thumb Code    10  stm32mp1xx_hal_uart.o(i.HAL_UART_GetState)
    HAL_UART_IRQHandler                      0x100033cd   Thumb Code   468  stm32mp1xx_hal_uart.o(i.HAL_UART_IRQHandler)
    HAL_UART_Init                            0x100035b1   Thumb Code   106  stm32mp1xx_hal_uart.o(i.HAL_UART_Init)
    HAL_UART_MspInit                         0x1000361d   Thumb Code   100  usart.o(i.HAL_UART_MspInit)
    HAL_UART_Receive_IT                      0x10003691   Thumb Code   234  stm32mp1xx_hal_uart.o(i.HAL_UART_Receive_IT)
    HAL_UART_RxCpltCallback                  0x1000378d   Thumb Code    76  usart.o(i.HAL_UART_RxCpltCallback)
    HAL_UART_TxCpltCallback                  0x100037e5   Thumb Code     2  stm32mp1xx_hal_uart.o(i.HAL_UART_TxCpltCallback)
    HardFault_Handler                        0x100037e7   Thumb Code     2  stm32mp1xx_it.o(i.HardFault_Handler)
    MemManage_Handler                        0x100037e9   Thumb Code     2  stm32mp1xx_it.o(i.MemManage_Handler)
    NMI_Handler                              0x100037eb   Thumb Code     2  stm32mp1xx_it.o(i.NMI_Handler)
    PendSV_Handler                           0x100037ed   Thumb Code     2  stm32mp1xx_it.o(i.PendSV_Handler)
    RCCEx_PLL2_Config                        0x100037f1   Thumb Code   468  stm32mp1xx_hal_rcc_ex.o(i.RCCEx_PLL2_Config)
    RCCEx_PLL3_Config                        0x100039d1   Thumb Code   384  stm32mp1xx_hal_rcc_ex.o(i.RCCEx_PLL3_Config)
    RCCEx_PLL4_Config                        0x10003b61   Thumb Code   358  stm32mp1xx_hal_rcc_ex.o(i.RCCEx_PLL4_Config)
    RCC_AXISSConfig                          0x10003cd9   Thumb Code   176  stm32mp1xx_hal_rcc.o(i.RCC_AXISSConfig)
    RCC_MCUConfig                            0x10003d8d   Thumb Code   196  stm32mp1xx_hal_rcc.o(i.RCC_MCUConfig)
    RCC_MPUConfig                            0x10003e5d   Thumb Code   132  stm32mp1xx_hal_rcc.o(i.RCC_MPUConfig)
    RCC_PLL1_Config                          0x10003ee5   Thumb Code   446  stm32mp1xx_hal_rcc.o(i.RCC_PLL1_Config)
    SVC_Handler                              0x100040b1   Thumb Code     2  stm32mp1xx_it.o(i.SVC_Handler)
    SysTick_Handler                          0x100040b3   Thumb Code     4  stm32mp1xx_it.o(i.SysTick_Handler)
    SystemInit                               0x100040b9   Thumb Code    30  system_stm32mp1xx.o(i.SystemInit)
    TIM2_IRQHandler                          0x100040e1   Thumb Code     6  gtim.o(i.TIM2_IRQHandler)
    TIM3_IRQHandler                          0x100040ed   Thumb Code     6  gtim.o(i.TIM3_IRQHandler)
    TIM5_IRQHandler                          0x100040f9   Thumb Code     6  gtim.o(i.TIM5_IRQHandler)
    TIM8_CC_IRQHandler                       0x10004105   Thumb Code     6  atim.o(i.TIM8_CC_IRQHandler)
    TIM8_UP_IRQHandler                       0x10004111   Thumb Code     6  atim.o(i.TIM8_UP_IRQHandler)
    TIM_Base_SetConfig                       0x1000411d   Thumb Code   162  stm32mp1xx_hal_tim.o(i.TIM_Base_SetConfig)
    TIM_CCxChannelCmd                        0x100041dd   Thumb Code    26  stm32mp1xx_hal_tim.o(i.TIM_CCxChannelCmd)
    TIM_ETR_SetConfig                        0x100041f7   Thumb Code    20  stm32mp1xx_hal_tim.o(i.TIM_ETR_SetConfig)
    TIM_OC2_SetConfig                        0x100042b9   Thumb Code   122  stm32mp1xx_hal_tim.o(i.TIM_OC2_SetConfig)
    TIM_TI1_SetConfig                        0x100045d1   Thumb Code   100  stm32mp1xx_hal_tim.o(i.TIM_TI1_SetConfig)
    UART4_IRQHandler                         0x100046a9   Thumb Code    56  usart.o(i.UART4_IRQHandler)
    UART_AdvFeatureConfig                    0x100046ed   Thumb Code   200  stm32mp1xx_hal_uart.o(i.UART_AdvFeatureConfig)
    UART_CheckIdleState                      0x100047b5   Thumb Code    94  stm32mp1xx_hal_uart.o(i.UART_CheckIdleState)
    UART_SetConfig                           0x10004a61   Thumb Code  1470  stm32mp1xx_hal_uart.o(i.UART_SetConfig)
    UART_WaitOnFlagUntilTimeout              0x1000501f   Thumb Code   160  stm32mp1xx_hal_uart.o(i.UART_WaitOnFlagUntilTimeout)
    UsageFault_Handler                       0x100050bf   Thumb Code     2  stm32mp1xx_it.o(i.UsageFault_Handler)
    __ARM_fpclassify                         0x100050c1   Thumb Code    48  fpclassify.o(i.__ARM_fpclassify)
    _is_digit                                0x10005111   Thumb Code    14  __printf_wp.o(i._is_digit)
    _sys_exit                                0x1000511f   Thumb Code     2  usart.o(i._sys_exit)
    atim_timx_pwmin_chy_gpio_init            0x10005121   Thumb Code    48  atim.o(i.atim_timx_pwmin_chy_gpio_init)
    atim_timx_pwmin_chy_init                 0x10005159   Thumb Code   224  atim.o(i.atim_timx_pwmin_chy_init)
    atim_timx_pwmin_chy_restart              0x10005245   Thumb Code    24  atim.o(i.atim_timx_pwmin_chy_restart)
    delay_init                               0x10005261   Thumb Code     6  delay.o(i.delay_init)
    delay_ms                                 0x1000526d   Thumb Code    26  delay.o(i.delay_ms)
    delay_us                                 0x10005289   Thumb Code    48  delay.o(i.delay_us)
    fputc                                    0x100052bd   Thumb Code    14  usart.o(i.fputc)
    gtim_timx_comp_pwm_gpio_init             0x100052d1   Thumb Code    40  gtim.o(i.gtim_timx_comp_pwm_gpio_init)
    gtim_timx_pwm_chy_init                   0x10005301   Thumb Code    74  gtim.o(i.gtim_timx_pwm_chy_init)
    led_init                                 0x10005359   Thumb Code    76  led.o(i.led_init)
    main                                     0x100053b1   Thumb Code   280  main.o(i.main)
    sys_stm32_clock_init                     0x10005579   Thumb Code   240  sys.o(i.sys_stm32_clock_init)
    usart_init                               0x10005669   Thumb Code    44  usart.o(i.usart_init)
    _get_lc_numeric                          0x100056a1   Thumb Code    44  lc_numeric_c.o(locale$$code)
    __aeabi_dadd                             0x100056cd   Thumb Code     0  daddsub_clz.o(x$fpl$dadd)
    _dadd                                    0x100056cd   Thumb Code   332  daddsub_clz.o(x$fpl$dadd)
    __aeabi_ddiv                             0x1000581d   Thumb Code     0  ddiv.o(x$fpl$ddiv)
    _ddiv                                    0x1000581d   Thumb Code   552  ddiv.o(x$fpl$ddiv)
    __aeabi_ui2d                             0x10005acd   Thumb Code     0  dflt_clz.o(x$fpl$dfltu)
    _dfltu                                   0x10005acd   Thumb Code    38  dflt_clz.o(x$fpl$dfltu)
    __aeabi_dmul                             0x10005af5   Thumb Code     0  dmul.o(x$fpl$dmul)
    _dmul                                    0x10005af5   Thumb Code   332  dmul.o(x$fpl$dmul)
    __fpl_dnaninf                            0x10005c49   Thumb Code   156  dnaninf.o(x$fpl$dnaninf)
    __fpl_dretinf                            0x10005ce5   Thumb Code    12  dretinf.o(x$fpl$dretinf)
    __aeabi_dsub                             0x10005cf1   Thumb Code     0  daddsub_clz.o(x$fpl$dsub)
    _dsub                                    0x10005cf1   Thumb Code   464  daddsub_clz.o(x$fpl$dsub)
    _fp_init                                 0x10005ec5   Thumb Code    10  fpinit.o(x$fpl$fpinit)
    __fplib_config_fpu_vfp                   0x10005ecd   Thumb Code     0  fpinit.o(x$fpl$fpinit)
    __fplib_config_pureend_doubles           0x10005ecd   Thumb Code     0  fpinit.o(x$fpl$fpinit)
    _printf_fp_dec                           0x10005ecf   Thumb Code     4  printf1.o(x$fpl$printf1)
    __I$use$fp                               0x10005ed2   Number         0  usenofp.o(x$fpl$usenofp)
    Region$$Table$$Base                      0x10005f68   Number         0  anon$$obj.o(Region$$Table)
    Region$$Table$$Limit                     0x10005f88   Number         0  anon$$obj.o(Region$$Table)
    SystemCoreClock                          0x10020000   Data           4  system_stm32mp1xx.o(.data)
    g_rx_buffer                              0x10020008   Data           1  usart.o(.data)
    g_usart_rx_sta                           0x1002000a   Data           2  usart.o(.data)
    __stdout                                 0x1002000c   Data           4  usart.o(.data)
    uwTickFreq                               0x10020010   Data           1  stm32mp1xx_hal.o(.data)
    uwTickPrio                               0x10020014   Data           4  stm32mp1xx_hal.o(.data)
    uwTick                                   0x10020018   Data           4  stm32mp1xx_hal.o(.data)
    g_timxchy_pwmin_sta                      0x1002001c   Data           1  atim.o(.data)
    g_timxchy_pwmin_hval                     0x10020020   Data           4  atim.o(.data)
    g_timxchy_pwmin_cval                     0x10020024   Data           4  atim.o(.data)
    g_timxchy_pwmin_psc                      0x10020028   Data           2  atim.o(.data)
    g_timxchy_cap_sta                        0x1002002c   Data           1  gtim.o(.data)
    g_timxchy_cap_val                        0x1002002e   Data           2  gtim.o(.data)
    g_timxchy_cnt_ofcnt                      0x10020030   Data           4  gtim.o(.data)
    g_usart_rx_buf                           0x10020034   Data         200  usart.o(.bss)
    g_uart4_handle                           0x100200fc   Data         148  usart.o(.bss)
    g_timx_pwmin_chy_handle                  0x10020190   Data          64  atim.o(.bss)
    g_timx_handle                            0x100201d0   Data          64  gtim.o(.bss)
    g_timx_pwm_chy_handle                    0x10020210   Data          64  gtim.o(.bss)
    g_timx_oc_pwm_chy_handle                 0x10020250   Data          28  gtim.o(.bss)
    g_timx_cap_chy_handler                   0x1002026c   Data          64  gtim.o(.bss)
    g_timx_ic_cap_chy_handler                0x100202ac   Data          16  gtim.o(.bss)
    g_timx_cnt_chy_handler                   0x100202bc   Data          64  gtim.o(.bss)
    __libspace_start                         0x100202fc   Data          96  libspace.o(.bss)
    __temporary_stack_top$libspace           0x1002035c   Data           0  libspace.o(.bss)
    __stack_limit                            0x10020360   Data           0  startup_stm32mp15xx.o(STACK)
    __initial_sp                             0x10020760   Data           0  startup_stm32mp15xx.o(STACK)



==============================================================================

Memory Map of the image

  Image Entry point : 0x10000001

  Load Region LR_VECTORS (Base: 0x00000000, Size: 0x000003bc, Max: 0x00000400, ABSOLUTE)

    Execution Region .isr_vector (Exec base: 0x00000000, Load base: 0x00000000, Size: 0x000003bc, Max: 0xffffffff, ABSOLUTE)

    Exec Addr    Load Addr    Size         Type   Attr      Idx    E Section Name        Object

    0x00000000   0x00000000   0x000003bc   Data   RO            4    RESET               startup_stm32mp15xx.o



  Load Region LR_IROM1 (Base: 0x10000000, Size: 0x00005fd8, Max: 0x00020000, ABSOLUTE)

    Execution Region ER_IROM1 (Exec base: 0x10000000, Load base: 0x10000000, Size: 0x00005fa4, Max: 0x00020000, ABSOLUTE)

    Exec Addr    Load Addr    Size         Type   Attr      Idx    E Section Name        Object

    0x10000000   0x10000000   0x00000008   Code   RO         4472  * !!!main             c_w.l(__main.o)
    0x10000008   0x10000008   0x00000034   Code   RO         4719    !!!scatter          c_w.l(__scatter.o)
    0x1000003c   0x1000003c   0x0000001a   Code   RO         4721    !!handler_copy      c_w.l(__scatter_copy.o)
    0x10000056   0x10000056   0x00000002   PAD
    0x10000058   0x10000058   0x0000001c   Code   RO         4723    !!handler_zi        c_w.l(__scatter_zi.o)
    0x10000074   0x10000074   0x00000000   Code   RO         4469    .ARM.Collect$$_printf_percent$$00000000  c_w.l(_printf_percent.o)
    0x10000074   0x10000074   0x00000006   Code   RO         4468    .ARM.Collect$$_printf_percent$$00000003  c_w.l(_printf_f.o)
    0x1000007a   0x1000007a   0x00000006   Code   RO         4467    .ARM.Collect$$_printf_percent$$00000009  c_w.l(_printf_d.o)
    0x10000080   0x10000080   0x00000004   Code   RO         4503    .ARM.Collect$$_printf_percent$$00000017  c_w.l(_printf_percent_end.o)
    0x10000084   0x10000084   0x00000002   Code   RO         4592    .ARM.Collect$$libinit$$00000000  c_w.l(libinit.o)
    0x10000086   0x10000086   0x00000004   Code   RO         4593    .ARM.Collect$$libinit$$00000001  c_w.l(libinit2.o)
    0x1000008a   0x1000008a   0x00000000   Code   RO         4596    .ARM.Collect$$libinit$$00000004  c_w.l(libinit2.o)
    0x1000008a   0x1000008a   0x00000000   Code   RO         4599    .ARM.Collect$$libinit$$0000000A  c_w.l(libinit2.o)
    0x1000008a   0x1000008a   0x00000000   Code   RO         4601    .ARM.Collect$$libinit$$0000000C  c_w.l(libinit2.o)
    0x1000008a   0x1000008a   0x00000000   Code   RO         4603    .ARM.Collect$$libinit$$0000000E  c_w.l(libinit2.o)
    0x1000008a   0x1000008a   0x00000006   Code   RO         4604    .ARM.Collect$$libinit$$0000000F  c_w.l(libinit2.o)
    0x10000090   0x10000090   0x00000000   Code   RO         4606    .ARM.Collect$$libinit$$00000011  c_w.l(libinit2.o)
    0x10000090   0x10000090   0x00000000   Code   RO         4608    .ARM.Collect$$libinit$$00000013  c_w.l(libinit2.o)
    0x10000090   0x10000090   0x00000000   Code   RO         4610    .ARM.Collect$$libinit$$00000015  c_w.l(libinit2.o)
    0x10000090   0x10000090   0x0000000a   Code   RO         4611    .ARM.Collect$$libinit$$00000016  c_w.l(libinit2.o)
    0x1000009a   0x1000009a   0x00000000   Code   RO         4612    .ARM.Collect$$libinit$$00000017  c_w.l(libinit2.o)
    0x1000009a   0x1000009a   0x00000000   Code   RO         4614    .ARM.Collect$$libinit$$00000019  c_w.l(libinit2.o)
    0x1000009a   0x1000009a   0x00000000   Code   RO         4616    .ARM.Collect$$libinit$$0000001B  c_w.l(libinit2.o)
    0x1000009a   0x1000009a   0x00000000   Code   RO         4618    .ARM.Collect$$libinit$$0000001D  c_w.l(libinit2.o)
    0x1000009a   0x1000009a   0x00000000   Code   RO         4620    .ARM.Collect$$libinit$$0000001F  c_w.l(libinit2.o)
    0x1000009a   0x1000009a   0x00000000   Code   RO         4622    .ARM.Collect$$libinit$$00000021  c_w.l(libinit2.o)
    0x1000009a   0x1000009a   0x00000000   Code   RO         4624    .ARM.Collect$$libinit$$00000023  c_w.l(libinit2.o)
    0x1000009a   0x1000009a   0x00000000   Code   RO         4626    .ARM.Collect$$libinit$$00000025  c_w.l(libinit2.o)
    0x1000009a   0x1000009a   0x00000000   Code   RO         4630    .ARM.Collect$$libinit$$0000002C  c_w.l(libinit2.o)
    0x1000009a   0x1000009a   0x00000000   Code   RO         4632    .ARM.Collect$$libinit$$0000002E  c_w.l(libinit2.o)
    0x1000009a   0x1000009a   0x00000000   Code   RO         4634    .ARM.Collect$$libinit$$00000030  c_w.l(libinit2.o)
    0x1000009a   0x1000009a   0x00000000   Code   RO         4636    .ARM.Collect$$libinit$$00000032  c_w.l(libinit2.o)
    0x1000009a   0x1000009a   0x00000002   Code   RO         4637    .ARM.Collect$$libinit$$00000033  c_w.l(libinit2.o)
    0x1000009c   0x1000009c   0x00000002   Code   RO         4672    .ARM.Collect$$libshutdown$$00000000  c_w.l(libshutdown.o)
    0x1000009e   0x1000009e   0x00000000   Code   RO         4680    .ARM.Collect$$libshutdown$$00000002  c_w.l(libshutdown2.o)
    0x1000009e   0x1000009e   0x00000000   Code   RO         4682    .ARM.Collect$$libshutdown$$00000004  c_w.l(libshutdown2.o)
    0x1000009e   0x1000009e   0x00000000   Code   RO         4685    .ARM.Collect$$libshutdown$$00000007  c_w.l(libshutdown2.o)
    0x1000009e   0x1000009e   0x00000000   Code   RO         4688    .ARM.Collect$$libshutdown$$0000000A  c_w.l(libshutdown2.o)
    0x1000009e   0x1000009e   0x00000000   Code   RO         4690    .ARM.Collect$$libshutdown$$0000000C  c_w.l(libshutdown2.o)
    0x1000009e   0x1000009e   0x00000000   Code   RO         4693    .ARM.Collect$$libshutdown$$0000000F  c_w.l(libshutdown2.o)
    0x1000009e   0x1000009e   0x00000002   Code   RO         4694    .ARM.Collect$$libshutdown$$00000010  c_w.l(libshutdown2.o)
    0x100000a0   0x100000a0   0x00000000   Code   RO         4496    .ARM.Collect$$rtentry$$00000000  c_w.l(__rtentry.o)
    0x100000a0   0x100000a0   0x00000000   Code   RO         4510    .ARM.Collect$$rtentry$$00000002  c_w.l(__rtentry2.o)
    0x100000a0   0x100000a0   0x00000004   Code   RO         4524    .ARM.Collect$$rtentry$$00000005  c_w.l(__rtentry5.o)
    0x100000a4   0x100000a4   0x00000000   Code   RO         4512    .ARM.Collect$$rtentry$$00000009  c_w.l(__rtentry2.o)
    0x100000a4   0x100000a4   0x00000004   Code   RO         4513    .ARM.Collect$$rtentry$$0000000A  c_w.l(__rtentry2.o)
    0x100000a8   0x100000a8   0x00000000   Code   RO         4515    .ARM.Collect$$rtentry$$0000000C  c_w.l(__rtentry2.o)
    0x100000a8   0x100000a8   0x00000008   Code   RO         4516    .ARM.Collect$$rtentry$$0000000D  c_w.l(__rtentry2.o)
    0x100000b0   0x100000b0   0x00000004   Code   RO         4525    .ARM.Collect$$rtentry$$00002716  c_w.l(__rtentry5.o)
    0x100000b4   0x100000b4   0x00000002   Code   RO         4640    .ARM.Collect$$rtexit$$00000000  c_w.l(rtexit.o)
    0x100000b6   0x100000b6   0x00000000   Code   RO         4652    .ARM.Collect$$rtexit$$00000002  c_w.l(rtexit2.o)
    0x100000b6   0x100000b6   0x00000004   Code   RO         4653    .ARM.Collect$$rtexit$$00000003  c_w.l(rtexit2.o)
    0x100000ba   0x100000ba   0x00000006   Code   RO         4654    .ARM.Collect$$rtexit$$00000004  c_w.l(rtexit2.o)
    0x100000c0   0x100000c0   0x00000010   Code   RO          629    .emb_text           sys.o
    0x100000d0   0x100000d0   0x00000150   Code   RO            5    .text               startup_stm32mp15xx.o
    0x10000220   0x10000220   0x00000002   Code   RO         4437    .text               c_w.l(use_no_semi_2.o)
    0x10000222   0x10000222   0x00000002   PAD
    0x10000224   0x10000224   0x00000018   Code   RO         4441    .text               c_w.l(noretval__2printf.o)
    0x1000023c   0x1000023c   0x00000078   Code   RO         4445    .text               c_w.l(_printf_dec.o)
    0x100002b4   0x100002b4   0x0000010e   Code   RO         4455    .text               c_w.l(__printf_wp.o)
    0x100003c2   0x100003c2   0x0000004e   Code   RO         4470    .text               c_w.l(rt_memclr_w.o)
    0x10000410   0x10000410   0x00000002   Code   RO         4494    .text               c_w.l(use_no_semi.o)
    0x10000412   0x10000412   0x000000b2   Code   RO         4497    .text               c_w.l(_printf_intcommon.o)
    0x100004c4   0x100004c4   0x0000041e   Code   RO         4499    .text               c_w.l(_printf_fp_dec.o)
    0x100008e2   0x100008e2   0x00000002   PAD
    0x100008e4   0x100008e4   0x00000024   Code   RO         4501    .text               c_w.l(_printf_char_file.o)
    0x10000908   0x10000908   0x00000008   Code   RO         4532    .text               c_w.l(rt_locale_intlibspace.o)
    0x10000910   0x10000910   0x0000008a   Code   RO         4534    .text               c_w.l(lludiv10.o)
    0x1000099a   0x1000099a   0x00000002   PAD
    0x1000099c   0x1000099c   0x00000030   Code   RO         4536    .text               c_w.l(_printf_char_common.o)
    0x100009cc   0x100009cc   0x00000080   Code   RO         4538    .text               c_w.l(_printf_fp_infnan.o)
    0x10000a4c   0x10000a4c   0x000000e4   Code   RO         4540    .text               c_w.l(bigflt0.o)
    0x10000b30   0x10000b30   0x00000008   Code   RO         4565    .text               c_w.l(ferror.o)
    0x10000b38   0x10000b38   0x00000012   Code   RO         4583    .text               c_w.l(exit.o)
    0x10000b4a   0x10000b4a   0x00000002   PAD
    0x10000b4c   0x10000b4c   0x00000080   Code   RO         4585    .text               c_w.l(strcmpv7m.o)
    0x10000bcc   0x10000bcc   0x0000003e   Code   RO         4543    CL$$btod_d2e        c_w.l(btod.o)
    0x10000c0a   0x10000c0a   0x00000046   Code   RO         4545    CL$$btod_d2e_denorm_low  c_w.l(btod.o)
    0x10000c50   0x10000c50   0x00000060   Code   RO         4544    CL$$btod_d2e_norm_op1  c_w.l(btod.o)
    0x10000cb0   0x10000cb0   0x00000338   Code   RO         4553    CL$$btod_div_common  c_w.l(btod.o)
    0x10000fe8   0x10000fe8   0x000000dc   Code   RO         4550    CL$$btod_e2e        c_w.l(btod.o)
    0x100010c4   0x100010c4   0x0000002a   Code   RO         4547    CL$$btod_ediv       c_w.l(btod.o)
    0x100010ee   0x100010ee   0x0000002a   Code   RO         4546    CL$$btod_emul       c_w.l(btod.o)
    0x10001118   0x10001118   0x00000244   Code   RO         4552    CL$$btod_mult_common  c_w.l(btod.o)
    0x1000135c   0x1000135c   0x00000002   Code   RO          264    i.BusFault_Handler  stm32mp1xx_it.o
    0x1000135e   0x1000135e   0x00000002   Code   RO          265    i.DebugMon_Handler  stm32mp1xx_it.o
    0x10001360   0x10001360   0x00000026   Code   RO         1131    i.HAL_DMA_Abort_IT  stm32mp1xx_hal_dma.o
    0x10001386   0x10001386   0x00000002   PAD
    0x10001388   0x10001388   0x000001ec   Code   RO         1324    i.HAL_GPIO_Init     stm32mp1xx_hal_gpio.o
    0x10001574   0x10001574   0x0000000e   Code   RO         1327    i.HAL_GPIO_TogglePin  stm32mp1xx_hal_gpio.o
    0x10001582   0x10001582   0x0000000a   Code   RO         1328    i.HAL_GPIO_WritePin  stm32mp1xx_hal_gpio.o
    0x1000158c   0x1000158c   0x0000000c   Code   RO          748    i.HAL_GetTick       stm32mp1xx_hal.o
    0x10001598   0x10001598   0x00000010   Code   RO          751    i.HAL_IncTick       stm32mp1xx_hal.o
    0x100015a8   0x100015a8   0x00000028   Code   RO          752    i.HAL_Init          stm32mp1xx_hal.o
    0x100015d0   0x100015d0   0x00000040   Code   RO          753    i.HAL_InitTick      stm32mp1xx_hal.o
    0x10001610   0x10001610   0x00000026   Code   RO         1397    i.HAL_MDMA_Abort_IT  stm32mp1xx_hal_mdma.o
    0x10001636   0x10001636   0x00000002   Code   RO          755    i.HAL_MspInit       stm32mp1xx_hal.o
    0x10001638   0x10001638   0x0000001a   Code   RO         1007    i.HAL_NVIC_EnableIRQ  stm32mp1xx_hal_cortex.o
    0x10001652   0x10001652   0x00000002   PAD
    0x10001654   0x10001654   0x00000040   Code   RO         1013    i.HAL_NVIC_SetPriority  stm32mp1xx_hal_cortex.o
    0x10001694   0x10001694   0x00000024   Code   RO         1014    i.HAL_NVIC_SetPriorityGrouping  stm32mp1xx_hal_cortex.o
    0x100016b8   0x100016b8   0x00000010   Code   RO         1549    i.HAL_PWR_EnableBkUpAccess  stm32mp1xx_hal_pwr.o
    0x100016c8   0x100016c8   0x00000ae4   Code   RO         2126    i.HAL_RCCEx_PeriphCLKConfig  stm32mp1xx_hal_rcc_ex.o
    0x100021ac   0x100021ac   0x00000134   Code   RO         1857    i.HAL_RCC_ClockConfig  stm32mp1xx_hal_rcc.o
    0x100022e0   0x100022e0   0x0000001e   Code   RO         1860    i.HAL_RCC_GetACLKFreq  stm32mp1xx_hal_rcc.o
    0x100022fe   0x100022fe   0x00000002   PAD
    0x10002300   0x10002300   0x00000048   Code   RO         1861    i.HAL_RCC_GetAXISSFreq  stm32mp1xx_hal_rcc.o
    0x10002348   0x10002348   0x0000001c   Code   RO         1870    i.HAL_RCC_GetMCUFreq  stm32mp1xx_hal_rcc.o
    0x10002364   0x10002364   0x00000048   Code   RO         1871    i.HAL_RCC_GetMCUSSFreq  stm32mp1xx_hal_rcc.o
    0x100023ac   0x100023ac   0x0000001c   Code   RO         1875    i.HAL_RCC_GetPCLK1Freq  stm32mp1xx_hal_rcc.o
    0x100023c8   0x100023c8   0x0000001c   Code   RO         1876    i.HAL_RCC_GetPCLK2Freq  stm32mp1xx_hal_rcc.o
    0x100023e4   0x100023e4   0x0000001a   Code   RO         1879    i.HAL_RCC_GetPCLK5Freq  stm32mp1xx_hal_rcc.o
    0x100023fe   0x100023fe   0x00000002   PAD
    0x10002400   0x10002400   0x000000f4   Code   RO         1881    i.HAL_RCC_GetPLL2ClockFreq  stm32mp1xx_hal_rcc.o
    0x100024f4   0x100024f4   0x00000114   Code   RO         1882    i.HAL_RCC_GetPLL3ClockFreq  stm32mp1xx_hal_rcc.o
    0x10002608   0x10002608   0x00000110   Code   RO         1883    i.HAL_RCC_GetPLL4ClockFreq  stm32mp1xx_hal_rcc.o
    0x10002718   0x10002718   0x00000004   Code   RO         1884    i.HAL_RCC_GetSystemCoreClockFreq  stm32mp1xx_hal_rcc.o
    0x1000271c   0x1000271c   0x00000084   Code   RO         1885    i.HAL_RCC_HSEConfig  stm32mp1xx_hal_rcc.o
    0x100027a0   0x100027a0   0x0000009a   Code   RO         1887    i.HAL_RCC_LSEConfig  stm32mp1xx_hal_rcc.o
    0x1000283a   0x1000283a   0x00000002   PAD
    0x1000283c   0x1000283c   0x000003c8   Code   RO         1889    i.HAL_RCC_OscConfig  stm32mp1xx_hal_rcc.o
    0x10002c04   0x10002c04   0x00000028   Code   RO         1017    i.HAL_SYSTICK_Config  stm32mp1xx_hal_cortex.o
    0x10002c2c   0x10002c2c   0x00000002   Code   RO         3868    i.HAL_TIMEx_Break2Callback  stm32mp1xx_hal_tim_ex.o
    0x10002c2e   0x10002c2e   0x00000002   Code   RO         3869    i.HAL_TIMEx_BreakCallback  stm32mp1xx_hal_tim_ex.o
    0x10002c30   0x10002c30   0x00000002   Code   RO         3870    i.HAL_TIMEx_CommutCallback  stm32mp1xx_hal_tim_ex.o
    0x10002c32   0x10002c32   0x00000002   PAD
    0x10002c34   0x10002c34   0x0000005c   Code   RO         3890    i.HAL_TIMEx_MasterConfigSynchronization  stm32mp1xx_hal_tim_ex.o
    0x10002c90   0x10002c90   0x00000036   Code   RO         3179    i.HAL_TIM_Base_Init  stm32mp1xx_hal_tim.o
    0x10002cc6   0x10002cc6   0x00000002   Code   RO         3181    i.HAL_TIM_Base_MspInit  stm32mp1xx_hal_tim.o
    0x10002cc8   0x10002cc8   0x000000dc   Code   RO         3188    i.HAL_TIM_ConfigClockSource  stm32mp1xx_hal_tim.o
    0x10002da4   0x10002da4   0x00000038   Code   RO         4259    i.HAL_TIM_IC_CaptureCallback  atim.o
    0x10002ddc   0x10002ddc   0x0000011c   Code   RO         3210    i.HAL_TIM_IC_ConfigChannel  stm32mp1xx_hal_tim.o
    0x10002ef8   0x10002ef8   0x00000036   Code   RO         3213    i.HAL_TIM_IC_Init   stm32mp1xx_hal_tim.o
    0x10002f2e   0x10002f2e   0x00000002   Code   RO         3215    i.HAL_TIM_IC_MspInit  stm32mp1xx_hal_tim.o
    0x10002f30   0x10002f30   0x00000060   Code   RO         3218    i.HAL_TIM_IC_Start_IT  stm32mp1xx_hal_tim.o
    0x10002f90   0x10002f90   0x00000184   Code   RO         3222    i.HAL_TIM_IRQHandler  stm32mp1xx_hal_tim.o
    0x10003114   0x10003114   0x00000002   Code   RO         3225    i.HAL_TIM_OC_DelayElapsedCallback  stm32mp1xx_hal_tim.o
    0x10003116   0x10003116   0x00000128   Code   RO         3246    i.HAL_TIM_PWM_ConfigChannel  stm32mp1xx_hal_tim.o
    0x1000323e   0x1000323e   0x00000036   Code   RO         3249    i.HAL_TIM_PWM_Init  stm32mp1xx_hal_tim.o
    0x10003274   0x10003274   0x00000002   Code   RO         3251    i.HAL_TIM_PWM_MspInit  stm32mp1xx_hal_tim.o
    0x10003276   0x10003276   0x00000002   Code   RO         3252    i.HAL_TIM_PWM_PulseFinishedCallback  stm32mp1xx_hal_tim.o
    0x10003278   0x10003278   0x00000068   Code   RO         3254    i.HAL_TIM_PWM_Start  stm32mp1xx_hal_tim.o
    0x100032e0   0x100032e0   0x0000005c   Code   RO         4322    i.HAL_TIM_PeriodElapsedCallback  gtim.o
    0x1000333c   0x1000333c   0x0000002a   Code   RO         3262    i.HAL_TIM_ReadCapturedValue  stm32mp1xx_hal_tim.o
    0x10003366   0x10003366   0x00000052   Code   RO         3263    i.HAL_TIM_SlaveConfigSynchro  stm32mp1xx_hal_tim.o
    0x100033b8   0x100033b8   0x00000002   Code   RO         3265    i.HAL_TIM_TriggerCallback  stm32mp1xx_hal_tim.o
    0x100033ba   0x100033ba   0x00000002   Code   RO         2636    i.HAL_UARTEx_RxFifoFullCallback  stm32mp1xx_hal_uart_ex.o
    0x100033bc   0x100033bc   0x00000002   Code   RO         2640    i.HAL_UARTEx_TxFifoEmptyCallback  stm32mp1xx_hal_uart_ex.o
    0x100033be   0x100033be   0x00000002   Code   RO         2641    i.HAL_UARTEx_WakeupCallback  stm32mp1xx_hal_uart_ex.o
    0x100033c0   0x100033c0   0x00000002   Code   RO         2216    i.HAL_UART_ErrorCallback  stm32mp1xx_hal_uart.o
    0x100033c2   0x100033c2   0x0000000a   Code   RO         2218    i.HAL_UART_GetState  stm32mp1xx_hal_uart.o
    0x100033cc   0x100033cc   0x000001e4   Code   RO         2219    i.HAL_UART_IRQHandler  stm32mp1xx_hal_uart.o
    0x100035b0   0x100035b0   0x0000006a   Code   RO         2220    i.HAL_UART_Init     stm32mp1xx_hal_uart.o
    0x1000361a   0x1000361a   0x00000002   PAD
    0x1000361c   0x1000361c   0x00000074   Code   RO          661    i.HAL_UART_MspInit  usart.o
    0x10003690   0x10003690   0x000000fc   Code   RO         2225    i.HAL_UART_Receive_IT  stm32mp1xx_hal_uart.o
    0x1000378c   0x1000378c   0x00000058   Code   RO          662    i.HAL_UART_RxCpltCallback  usart.o
    0x100037e4   0x100037e4   0x00000002   Code   RO         2232    i.HAL_UART_TxCpltCallback  stm32mp1xx_hal_uart.o
    0x100037e6   0x100037e6   0x00000002   Code   RO          266    i.HardFault_Handler  stm32mp1xx_it.o
    0x100037e8   0x100037e8   0x00000002   Code   RO          267    i.MemManage_Handler  stm32mp1xx_it.o
    0x100037ea   0x100037ea   0x00000002   Code   RO          268    i.NMI_Handler       stm32mp1xx_it.o
    0x100037ec   0x100037ec   0x00000002   Code   RO          269    i.PendSV_Handler    stm32mp1xx_it.o
    0x100037ee   0x100037ee   0x00000002   PAD
    0x100037f0   0x100037f0   0x000001e0   Code   RO         2127    i.RCCEx_PLL2_Config  stm32mp1xx_hal_rcc_ex.o
    0x100039d0   0x100039d0   0x00000190   Code   RO         2128    i.RCCEx_PLL3_Config  stm32mp1xx_hal_rcc_ex.o
    0x10003b60   0x10003b60   0x00000178   Code   RO         2129    i.RCCEx_PLL4_Config  stm32mp1xx_hal_rcc_ex.o
    0x10003cd8   0x10003cd8   0x000000b4   Code   RO         1892    i.RCC_AXISSConfig   stm32mp1xx_hal_rcc.o
    0x10003d8c   0x10003d8c   0x000000d0   Code   RO         1894    i.RCC_MCUConfig     stm32mp1xx_hal_rcc.o
    0x10003e5c   0x10003e5c   0x00000088   Code   RO         1895    i.RCC_MPUConfig     stm32mp1xx_hal_rcc.o
    0x10003ee4   0x10003ee4   0x000001cc   Code   RO         1896    i.RCC_PLL1_Config   stm32mp1xx_hal_rcc.o
    0x100040b0   0x100040b0   0x00000002   Code   RO          270    i.SVC_Handler       stm32mp1xx_it.o
    0x100040b2   0x100040b2   0x00000004   Code   RO          271    i.SysTick_Handler   stm32mp1xx_it.o
    0x100040b6   0x100040b6   0x00000002   PAD
    0x100040b8   0x100040b8   0x00000028   Code   RO          529    i.SystemInit        system_stm32mp1xx.o
    0x100040e0   0x100040e0   0x0000000c   Code   RO         4323    i.TIM2_IRQHandler   gtim.o
    0x100040ec   0x100040ec   0x0000000c   Code   RO         4324    i.TIM3_IRQHandler   gtim.o
    0x100040f8   0x100040f8   0x0000000c   Code   RO         4325    i.TIM5_IRQHandler   gtim.o
    0x10004104   0x10004104   0x0000000c   Code   RO         4260    i.TIM8_CC_IRQHandler  atim.o
    0x10004110   0x10004110   0x0000000c   Code   RO         4261    i.TIM8_UP_IRQHandler  atim.o
    0x1000411c   0x1000411c   0x000000c0   Code   RO         3267    i.TIM_Base_SetConfig  stm32mp1xx_hal_tim.o
    0x100041dc   0x100041dc   0x0000001a   Code   RO         3268    i.TIM_CCxChannelCmd  stm32mp1xx_hal_tim.o
    0x100041f6   0x100041f6   0x00000014   Code   RO         3278    i.TIM_ETR_SetConfig  stm32mp1xx_hal_tim.o
    0x1000420a   0x1000420a   0x00000002   PAD
    0x1000420c   0x1000420c   0x00000014   Code   RO         3279    i.TIM_ITRx_SetConfig  stm32mp1xx_hal_tim.o
    0x10004220   0x10004220   0x00000098   Code   RO         3280    i.TIM_OC1_SetConfig  stm32mp1xx_hal_tim.o
    0x100042b8   0x100042b8   0x00000090   Code   RO         3281    i.TIM_OC2_SetConfig  stm32mp1xx_hal_tim.o
    0x10004348   0x10004348   0x0000008c   Code   RO         3282    i.TIM_OC3_SetConfig  stm32mp1xx_hal_tim.o
    0x100043d4   0x100043d4   0x00000070   Code   RO         3283    i.TIM_OC4_SetConfig  stm32mp1xx_hal_tim.o
    0x10004444   0x10004444   0x0000006c   Code   RO         3284    i.TIM_OC5_SetConfig  stm32mp1xx_hal_tim.o
    0x100044b0   0x100044b0   0x0000006c   Code   RO         3285    i.TIM_OC6_SetConfig  stm32mp1xx_hal_tim.o
    0x1000451c   0x1000451c   0x00000090   Code   RO         3286    i.TIM_SlaveTimer_SetConfig  stm32mp1xx_hal_tim.o
    0x100045ac   0x100045ac   0x00000022   Code   RO         3287    i.TIM_TI1_ConfigInputStage  stm32mp1xx_hal_tim.o
    0x100045ce   0x100045ce   0x00000002   PAD
    0x100045d0   0x100045d0   0x0000007c   Code   RO         3288    i.TIM_TI1_SetConfig  stm32mp1xx_hal_tim.o
    0x1000464c   0x1000464c   0x00000024   Code   RO         3289    i.TIM_TI2_ConfigInputStage  stm32mp1xx_hal_tim.o
    0x10004670   0x10004670   0x00000036   Code   RO         3290    i.TIM_TI2_SetConfig  stm32mp1xx_hal_tim.o
    0x100046a6   0x100046a6   0x00000002   PAD
    0x100046a8   0x100046a8   0x00000044   Code   RO          663    i.UART4_IRQHandler  usart.o
    0x100046ec   0x100046ec   0x000000c8   Code   RO         2234    i.UART_AdvFeatureConfig  stm32mp1xx_hal_uart.o
    0x100047b4   0x100047b4   0x0000005e   Code   RO         2235    i.UART_CheckIdleState  stm32mp1xx_hal_uart.o
    0x10004812   0x10004812   0x00000014   Code   RO         2236    i.UART_DMAAbortOnError  stm32mp1xx_hal_uart.o
    0x10004826   0x10004826   0x00000002   PAD
    0x10004828   0x10004828   0x00000024   Code   RO         2246    i.UART_EndRxTransfer  stm32mp1xx_hal_uart.o
    0x1000484c   0x1000484c   0x00000014   Code   RO         2248    i.UART_MDMAAbortOnError  stm32mp1xx_hal_uart.o
    0x10004860   0x10004860   0x0000005e   Code   RO         2256    i.UART_RxISR_16BIT  stm32mp1xx_hal_uart.o
    0x100048be   0x100048be   0x00000002   PAD
    0x100048c0   0x100048c0   0x000000a0   Code   RO         2257    i.UART_RxISR_16BIT_FIFOEN  stm32mp1xx_hal_uart.o
    0x10004960   0x10004960   0x0000005e   Code   RO         2258    i.UART_RxISR_8BIT   stm32mp1xx_hal_uart.o
    0x100049be   0x100049be   0x00000002   PAD
    0x100049c0   0x100049c0   0x000000a0   Code   RO         2259    i.UART_RxISR_8BIT_FIFOEN  stm32mp1xx_hal_uart.o
    0x10004a60   0x10004a60   0x000005be   Code   RO         2260    i.UART_SetConfig    stm32mp1xx_hal_uart.o
    0x1000501e   0x1000501e   0x000000a0   Code   RO         2265    i.UART_WaitOnFlagUntilTimeout  stm32mp1xx_hal_uart.o
    0x100050be   0x100050be   0x00000002   Code   RO          272    i.UsageFault_Handler  stm32mp1xx_it.o
    0x100050c0   0x100050c0   0x00000030   Code   RO         4574    i.__ARM_fpclassify  m_wm.l(fpclassify.o)
    0x100050f0   0x100050f0   0x00000020   Code   RO         1019    i.__NVIC_SetPriority  stm32mp1xx_hal_cortex.o
    0x10005110   0x10005110   0x0000000e   Code   RO         4457    i._is_digit         c_w.l(__printf_wp.o)
    0x1000511e   0x1000511e   0x00000002   Code   RO          664    i._sys_exit         usart.o
    0x10005120   0x10005120   0x00000038   Code   RO         4262    i.atim_timx_pwmin_chy_gpio_init  atim.o
    0x10005158   0x10005158   0x000000ec   Code   RO         4263    i.atim_timx_pwmin_chy_init  atim.o
    0x10005244   0x10005244   0x0000001c   Code   RO         4264    i.atim_timx_pwmin_chy_restart  atim.o
    0x10005260   0x10005260   0x0000000c   Code   RO          570    i.delay_init        delay.o
    0x1000526c   0x1000526c   0x0000001a   Code   RO          571    i.delay_ms          delay.o
    0x10005286   0x10005286   0x00000002   PAD
    0x10005288   0x10005288   0x00000034   Code   RO          573    i.delay_us          delay.o
    0x100052bc   0x100052bc   0x00000014   Code   RO          666    i.fputc             usart.o
    0x100052d0   0x100052d0   0x00000030   Code   RO         4333    i.gtim_timx_comp_pwm_gpio_init  gtim.o
    0x10005300   0x10005300   0x00000058   Code   RO         4335    i.gtim_timx_pwm_chy_init  gtim.o
    0x10005358   0x10005358   0x00000058   Code   RO         4159    i.led_init          led.o
    0x100053b0   0x100053b0   0x000001c8   Code   RO           14    i.main              main.o
    0x10005578   0x10005578   0x000000f0   Code   RO          630    i.sys_stm32_clock_init  sys.o
    0x10005668   0x10005668   0x00000038   Code   RO          667    i.usart_init        usart.o
    0x100056a0   0x100056a0   0x0000002c   Code   RO         4570    locale$$code        c_w.l(lc_numeric_c.o)
    0x100056cc   0x100056cc   0x00000150   Code   RO         4474    x$fpl$dadd          fz_wm.l(daddsub_clz.o)
    0x1000581c   0x1000581c   0x000002b0   Code   RO         4481    x$fpl$ddiv          fz_wm.l(ddiv.o)
    0x10005acc   0x10005acc   0x00000026   Code   RO         4484    x$fpl$dfltu         fz_wm.l(dflt_clz.o)
    0x10005af2   0x10005af2   0x00000002   PAD
    0x10005af4   0x10005af4   0x00000154   Code   RO         4490    x$fpl$dmul          fz_wm.l(dmul.o)
    0x10005c48   0x10005c48   0x0000009c   Code   RO         4504    x$fpl$dnaninf       fz_wm.l(dnaninf.o)
    0x10005ce4   0x10005ce4   0x0000000c   Code   RO         4506    x$fpl$dretinf       fz_wm.l(dretinf.o)
    0x10005cf0   0x10005cf0   0x000001d4   Code   RO         4476    x$fpl$dsub          fz_wm.l(daddsub_clz.o)
    0x10005ec4   0x10005ec4   0x0000000a   Code   RO         4648    x$fpl$fpinit        fz_wm.l(fpinit.o)
    0x10005ece   0x10005ece   0x00000004   Code   RO         4492    x$fpl$printf1       fz_wm.l(printf1.o)
    0x10005ed2   0x10005ed2   0x00000000   Code   RO         4508    x$fpl$usenofp       fz_wm.l(usenofp.o)
    0x10005ed2   0x10005ed2   0x00000002   PAD
    0x10005ed4   0x10005ed4   0x00000094   Data   RO         4541    .constdata          c_w.l(bigflt0.o)
    0x10005f68   0x10005f68   0x00000020   Data   RO         4717    Region$$Table       anon$$obj.o
    0x10005f88   0x10005f88   0x0000001c   Data   RO         4569    locale$$data        c_w.l(lc_numeric_c.o)


    Execution Region RW_IRAM1 (Exec base: 0x10020000, Load base: 0x10005fa4, Size: 0x00000760, Max: 0x00020000, ABSOLUTE)

    Exec Addr    Load Addr    Size         Type   Attr      Idx    E Section Name        Object

    0x10020000   0x10005fa4   0x00000004   Data   RW          530    .data               system_stm32mp1xx.o
    0x10020004   0x10005fa8   0x00000004   Data   RW          574    .data               delay.o
    0x10020008   0x10005fac   0x00000004   Data   RW          669    .data               usart.o
    0x1002000c   0x10005fb0   0x00000004   Data   RW          670    .data               usart.o
    0x10020010   0x10005fb4   0x0000000c   Data   RW          774    .data               stm32mp1xx_hal.o
    0x1002001c   0x10005fc0   0x0000000c   Data   RW         4266    .data               atim.o
    0x10020028   0x10005fcc   0x00000002   Data   RW         4267    .data               atim.o
    0x1002002a   0x10005fce   0x00000002   PAD
    0x1002002c   0x10005fd0   0x00000008   Data   RW         4338    .data               gtim.o
    0x10020034        -       0x0000015c   Zero   RW          668    .bss                usart.o
    0x10020190        -       0x00000040   Zero   RW         4265    .bss                atim.o
    0x100201d0        -       0x0000012c   Zero   RW         4337    .bss                gtim.o
    0x100202fc        -       0x00000060   Zero   RW         4577    .bss                c_w.l(libspace.o)
    0x1002035c   0x10005fd8   0x00000004   PAD
    0x10020360        -       0x00000400   Zero   RW            2    STACK               startup_stm32mp15xx.o


    Execution Region .resource_table (Exec base: 0x10020760, Load base: 0x10005fd8, Size: 0x00000000, Max: 0xffffffff, ABSOLUTE)

    **** No section assigned to this execution region ****


    Execution Region __OpenAMP_SHMEM__ (Exec base: 0x10040000, Load base: 0x10005fd8, Size: 0x00008000, Max: 0x00008000, ABSOLUTE)

    Exec Addr    Load Addr    Size         Type   Attr      Idx    E Section Name        Object

    0x10040000        -       0x00008000   Zero   RW            1    __OpenAMP_SHMEM__.bss  anon$$obj.o


==============================================================================

Image component sizes


      Code (inc. data)   RO Data    RW Data    ZI Data      Debug   Object Name

       400         46          0         14         64       4708   atim.o
        90         10          0          4          0       2155   delay.o
       264         54          0          8        300       4833   gtim.o
        88         12          0          0          0        627   led.o
       456        176          0          0          0    1289979   main.o
       336         10        956          0       1024       7540   startup_stm32mp15xx.o
       134         22          0         12          0      24496   stm32mp1xx_hal.o
       198         14          0          0          0      34287   stm32mp1xx_hal_cortex.o
        38          0          0          0          0       1535   stm32mp1xx_hal_dma.o
       516         48          0          0          0       3649   stm32mp1xx_hal_gpio.o
        38          0          0          0          0       1364   stm32mp1xx_hal_mdma.o
        16          4          0          0          0        599   stm32mp1xx_hal_pwr.o
      3626        198          0          0          0      17878   stm32mp1xx_hal_rcc.o
      4044         70          0          0          0       7492   stm32mp1xx_hal_rcc_ex.o
      3100        232          0          0          0      27589   stm32mp1xx_hal_tim.o
        98          4          0          0          0       3592   stm32mp1xx_hal_tim_ex.o
      3364        152          0          0          0      16436   stm32mp1xx_hal_uart.o
         6          0          0          0          0       2601   stm32mp1xx_hal_uart_ex.o
        20          0          0          0          0     235722   stm32mp1xx_it.o
       256          0          0          0          0       1635   sys.o
        40         10          0          4          0        943   system_stm32mp1xx.o
       350         58          0          8        348       6152   usart.o

    ----------------------------------------------------------------------
     17510       1120        988         52      34504    1695812   Object Totals
         0          0         32          0      32768          0   (incl. Generated)
        32          0          0          2          0          0   (incl. Padding)

    ----------------------------------------------------------------------

      Code (inc. data)   RO Data    RW Data    ZI Data      Debug   Library Member Name

         8          0          0          0          0         68   __main.o
       284          0          0          0          0        156   __printf_wp.o
         0          0          0          0          0          0   __rtentry.o
        12          0          0          0          0          0   __rtentry2.o
         8          4          0          0          0          0   __rtentry5.o
        52          8          0          0          0          0   __scatter.o
        26          0          0          0          0          0   __scatter_copy.o
        28          0          0          0          0          0   __scatter_zi.o
        48          6          0          0          0         96   _printf_char_common.o
        36          4          0          0          0         80   _printf_char_file.o
         6          0          0          0          0          0   _printf_d.o
       120         16          0          0          0         92   _printf_dec.o
         6          0          0          0          0          0   _printf_f.o
      1054          0          0          0          0        216   _printf_fp_dec.o
       128         16          0          0          0         84   _printf_fp_infnan.o
       178          0          0          0          0         88   _printf_intcommon.o
         0          0          0          0          0          0   _printf_percent.o
         4          0          0          0          0          0   _printf_percent_end.o
       228          4        148          0          0         96   bigflt0.o
      1936        128          0          0          0        672   btod.o
        18          0          0          0          0         80   exit.o
         8          0          0          0          0         68   ferror.o
        44         10         28          0          0         76   lc_numeric_c.o
         2          0          0          0          0          0   libinit.o
        22          0          0          0          0          0   libinit2.o
         2          0          0          0          0          0   libshutdown.o
         2          0          0          0          0          0   libshutdown2.o
         0          0          0          0         96          0   libspace.o
       138          0          0          0          0         80   lludiv10.o
        24          4          0          0          0         84   noretval__2printf.o
         8          4          0          0          0         68   rt_locale_intlibspace.o
        78          0          0          0          0         80   rt_memclr_w.o
         2          0          0          0          0          0   rtexit.o
        10          0          0          0          0          0   rtexit2.o
       128          0          0          0          0         68   strcmpv7m.o
         2          0          0          0          0         68   use_no_semi.o
         2          0          0          0          0         68   use_no_semi_2.o
       804         16          0          0          0        368   daddsub_clz.o
       688        140          0          0          0        256   ddiv.o
        38          0          0          0          0        116   dflt_clz.o
       340         12          0          0          0        152   dmul.o
       156          4          0          0          0        140   dnaninf.o
        12          0          0          0          0        116   dretinf.o
        10          0          0          0          0        116   fpinit.o
         4          0          0          0          0        116   printf1.o
         0          0          0          0          0          0   usenofp.o
        48          0          0          0          0        124   fpclassify.o

    ----------------------------------------------------------------------
      6766        376        176          0        100       3892   Library Totals
        14          0          0          0          4          0   (incl. Padding)

    ----------------------------------------------------------------------

      Code (inc. data)   RO Data    RW Data    ZI Data      Debug   Library Name

      4652        204        176          0         96       2388   c_w.l
      2052        172          0          0          0       1380   fz_wm.l
        48          0          0          0          0        124   m_wm.l

    ----------------------------------------------------------------------
      6766        376        176          0        100       3892   Library Totals

    ----------------------------------------------------------------------

==============================================================================


      Code (inc. data)   RO Data    RW Data    ZI Data      Debug   

     24276       1496       1164         52      34604    1685256   Grand Totals
     24276       1496       1164         52      34604    1685256   ELF Image Totals
     24276       1496       1164         52          0          0   ROM Totals

==============================================================================

    Total RO  Size (Code + RO Data)                25440 (  24.84kB)
    Total RW  Size (RW Data + ZI Data)             34656 (  33.84kB)
    Total ROM Size (Code + RO Data + RW Data)      25492 (  24.89kB)

==============================================================================

