<html>
<body>
<pre>
<h1>礦ision Build Log</h1>
<h2>Tool Versions:</h2>
IDE-Version: μVision V5.31.0.0
Copyright (C) 2020 ARM Ltd and ARM Germany GmbH. All rights reserved.
License Information: 8 8, 8, LIC=VGXG8-36IAV-30CNC-7JCEC-40UQG-EGN7Y
 
Tool Versions:
Toolchain:       MDK-ARM Plus  Version: 5.31.0.0
Toolchain Path:  D:\MDK5\ARM\ARMCC\Bin
C Compiler:      Armcc.exe V5.06 update 6 (build 750)
Assembler:       Armasm.exe V5.06 update 6 (build 750)
Linker/Locator:  ArmLink.exe V5.06 update 6 (build 750)
Library Manager: ArmAr.exe V5.06 update 6 (build 750)
Hex Converter:   FromElf.exe V5.06 update 6 (build 750)
CPU DLL:         SARMCM3.DLL V5.31.0.0
Dialog DLL:      DCM.DLL V1.17.3.0
Target DLL:      STLink\ST-LINKIII-KEIL_SWO.dll V3.0.7.0
Dialog DLL:      TCM.DLL V1.46.0.0
 
<h2>Project:</h2>
F:\MP157\Project\实验14-4 高级定时器-PWM输入模式实验\Projects\MDK-ARM\atk_mp1_m4.uvprojx
Project File Date:  02/19/2021

<h2>Output:</h2>
*** Using Compiler 'V5.06 update 6 (build 750)', folder: 'D:\MDK5\ARM\ARMCC\Bin'
Build target 'ATIM'
compiling main.c...
linking...
Program Size: Code=24276 RO-data=1164 RW-data=52 ZI-data=34604  
"..\..\Output\atk_mp1_m4.axf" - 0 Error(s), 0 Warning(s).

<h2>Software Packages used:</h2>

Package Vendor: Keil
                http://www.keil.com/pack/Keil.STM32MP1xx_DFP.1.3.0.pack
                Keil.STM32MP1xx_DFP.1.3.0
                STMicroelectronics STM32MP1 Series Device Support

<h2>Collection of Component include folders:</h2>
  D:\MDK5\pack\Keil\STM32MP1xx_DFP\1.3.0\Drivers\CMSIS\Device\ST\STM32MP1xx\Include

<h2>Collection of Component Files used:</h2>
Build Time Elapsed:  00:00:09
</pre>
</body>
</html>
