<!doctype html public "-//w3c//dtd html 4.0 transitional//en">
<html><head>
<title>Static Call Graph - [..\..\Output\atk_mp1_m4.axf]</title></head>
<body><HR>
<H1>Static Call Graph for image ..\..\Output\atk_mp1_m4.axf</H1><HR>
<BR><P>#&#060CALLGRAPH&#062# ARM Linker, 5060750: Last Updated: Wed Feb 03 15:21:42 2021
<BR><P>
<H3>Maximum Stack Usage =        788 bytes + Unknown(Cycles, Untraceable Function Pointers)</H3><H3>
Call chain for Maximum Stack Depth:</H3>
__rt_entry_main &rArr; main &rArr; usart_init &rArr; HAL_UART_Init &rArr; HAL_UART_MspInit &rArr; HAL_RCCEx_PeriphCLKConfig &rArr; HAL_RCC_OscConfig &rArr; HAL_RCC_GetMCUFreq &rArr; HAL_RCC_GetMCUSSFreq &rArr; HAL_RCC_GetPLL3ClockFreq
<P>
<H3>
Mutually Recursive functions
</H3> <LI><a href="#[c]">WWDG1_IRQHandler</a>&nbsp;&nbsp;&nbsp;&rArr;&nbsp;&nbsp;&nbsp;<a href="#[c]">WWDG1_IRQHandler</a><BR>
 <LI><a href="#[d]">PVD_AVD_IRQHandler</a>&nbsp;&nbsp;&nbsp;&rArr;&nbsp;&nbsp;&nbsp;<a href="#[d]">PVD_AVD_IRQHandler</a><BR>
 <LI><a href="#[e]">TAMP_IRQHandler</a>&nbsp;&nbsp;&nbsp;&rArr;&nbsp;&nbsp;&nbsp;<a href="#[e]">TAMP_IRQHandler</a><BR>
 <LI><a href="#[f]">RTC_WKUP_ALARM_IRQHandler</a>&nbsp;&nbsp;&nbsp;&rArr;&nbsp;&nbsp;&nbsp;<a href="#[f]">RTC_WKUP_ALARM_IRQHandler</a><BR>
 <LI><a href="#[10]">RESERVED4_IRQHandler</a>&nbsp;&nbsp;&nbsp;&rArr;&nbsp;&nbsp;&nbsp;<a href="#[10]">RESERVED4_IRQHandler</a><BR>
 <LI><a href="#[11]">RCC_IRQHandler</a>&nbsp;&nbsp;&nbsp;&rArr;&nbsp;&nbsp;&nbsp;<a href="#[11]">RCC_IRQHandler</a><BR>
 <LI><a href="#[12]">EXTI0_IRQHandler</a>&nbsp;&nbsp;&nbsp;&rArr;&nbsp;&nbsp;&nbsp;<a href="#[12]">EXTI0_IRQHandler</a><BR>
 <LI><a href="#[13]">EXTI1_IRQHandler</a>&nbsp;&nbsp;&nbsp;&rArr;&nbsp;&nbsp;&nbsp;<a href="#[13]">EXTI1_IRQHandler</a><BR>
 <LI><a href="#[14]">EXTI2_IRQHandler</a>&nbsp;&nbsp;&nbsp;&rArr;&nbsp;&nbsp;&nbsp;<a href="#[14]">EXTI2_IRQHandler</a><BR>
 <LI><a href="#[15]">EXTI3_IRQHandler</a>&nbsp;&nbsp;&nbsp;&rArr;&nbsp;&nbsp;&nbsp;<a href="#[15]">EXTI3_IRQHandler</a><BR>
 <LI><a href="#[16]">EXTI4_IRQHandler</a>&nbsp;&nbsp;&nbsp;&rArr;&nbsp;&nbsp;&nbsp;<a href="#[16]">EXTI4_IRQHandler</a><BR>
 <LI><a href="#[17]">DMA1_Stream0_IRQHandler</a>&nbsp;&nbsp;&nbsp;&rArr;&nbsp;&nbsp;&nbsp;<a href="#[17]">DMA1_Stream0_IRQHandler</a><BR>
 <LI><a href="#[18]">DMA1_Stream1_IRQHandler</a>&nbsp;&nbsp;&nbsp;&rArr;&nbsp;&nbsp;&nbsp;<a href="#[18]">DMA1_Stream1_IRQHandler</a><BR>
 <LI><a href="#[19]">DMA1_Stream2_IRQHandler</a>&nbsp;&nbsp;&nbsp;&rArr;&nbsp;&nbsp;&nbsp;<a href="#[19]">DMA1_Stream2_IRQHandler</a><BR>
 <LI><a href="#[1a]">DMA1_Stream3_IRQHandler</a>&nbsp;&nbsp;&nbsp;&rArr;&nbsp;&nbsp;&nbsp;<a href="#[1a]">DMA1_Stream3_IRQHandler</a><BR>
 <LI><a href="#[1b]">DMA1_Stream4_IRQHandler</a>&nbsp;&nbsp;&nbsp;&rArr;&nbsp;&nbsp;&nbsp;<a href="#[1b]">DMA1_Stream4_IRQHandler</a><BR>
 <LI><a href="#[1c]">DMA1_Stream5_IRQHandler</a>&nbsp;&nbsp;&nbsp;&rArr;&nbsp;&nbsp;&nbsp;<a href="#[1c]">DMA1_Stream5_IRQHandler</a><BR>
 <LI><a href="#[1d]">DMA1_Stream6_IRQHandler</a>&nbsp;&nbsp;&nbsp;&rArr;&nbsp;&nbsp;&nbsp;<a href="#[1d]">DMA1_Stream6_IRQHandler</a><BR>
 <LI><a href="#[1e]">ADC1_IRQHandler</a>&nbsp;&nbsp;&nbsp;&rArr;&nbsp;&nbsp;&nbsp;<a href="#[1e]">ADC1_IRQHandler</a><BR>
 <LI><a href="#[1f]">FDCAN1_IT0_IRQHandler</a>&nbsp;&nbsp;&nbsp;&rArr;&nbsp;&nbsp;&nbsp;<a href="#[1f]">FDCAN1_IT0_IRQHandler</a><BR>
 <LI><a href="#[20]">FDCAN2_IT0_IRQHandler</a>&nbsp;&nbsp;&nbsp;&rArr;&nbsp;&nbsp;&nbsp;<a href="#[20]">FDCAN2_IT0_IRQHandler</a><BR>
 <LI><a href="#[21]">FDCAN1_IT1_IRQHandler</a>&nbsp;&nbsp;&nbsp;&rArr;&nbsp;&nbsp;&nbsp;<a href="#[21]">FDCAN1_IT1_IRQHandler</a><BR>
 <LI><a href="#[22]">FDCAN2_IT1_IRQHandler</a>&nbsp;&nbsp;&nbsp;&rArr;&nbsp;&nbsp;&nbsp;<a href="#[22]">FDCAN2_IT1_IRQHandler</a><BR>
 <LI><a href="#[23]">EXTI5_IRQHandler</a>&nbsp;&nbsp;&nbsp;&rArr;&nbsp;&nbsp;&nbsp;<a href="#[23]">EXTI5_IRQHandler</a><BR>
 <LI><a href="#[24]">TIM1_BRK_IRQHandler</a>&nbsp;&nbsp;&nbsp;&rArr;&nbsp;&nbsp;&nbsp;<a href="#[24]">TIM1_BRK_IRQHandler</a><BR>
 <LI><a href="#[25]">TIM1_UP_IRQHandler</a>&nbsp;&nbsp;&nbsp;&rArr;&nbsp;&nbsp;&nbsp;<a href="#[25]">TIM1_UP_IRQHandler</a><BR>
 <LI><a href="#[26]">TIM1_TRG_COM_IRQHandler</a>&nbsp;&nbsp;&nbsp;&rArr;&nbsp;&nbsp;&nbsp;<a href="#[26]">TIM1_TRG_COM_IRQHandler</a><BR>
 <LI><a href="#[27]">TIM1_CC_IRQHandler</a>&nbsp;&nbsp;&nbsp;&rArr;&nbsp;&nbsp;&nbsp;<a href="#[27]">TIM1_CC_IRQHandler</a><BR>
 <LI><a href="#[28]">TIM2_IRQHandler</a>&nbsp;&nbsp;&nbsp;&rArr;&nbsp;&nbsp;&nbsp;<a href="#[28]">TIM2_IRQHandler</a><BR>
 <LI><a href="#[29]">TIM3_IRQHandler</a>&nbsp;&nbsp;&nbsp;&rArr;&nbsp;&nbsp;&nbsp;<a href="#[29]">TIM3_IRQHandler</a><BR>
 <LI><a href="#[2a]">TIM4_IRQHandler</a>&nbsp;&nbsp;&nbsp;&rArr;&nbsp;&nbsp;&nbsp;<a href="#[2a]">TIM4_IRQHandler</a><BR>
 <LI><a href="#[2b]">I2C1_EV_IRQHandler</a>&nbsp;&nbsp;&nbsp;&rArr;&nbsp;&nbsp;&nbsp;<a href="#[2b]">I2C1_EV_IRQHandler</a><BR>
 <LI><a href="#[2c]">I2C1_ER_IRQHandler</a>&nbsp;&nbsp;&nbsp;&rArr;&nbsp;&nbsp;&nbsp;<a href="#[2c]">I2C1_ER_IRQHandler</a><BR>
 <LI><a href="#[2d]">I2C2_EV_IRQHandler</a>&nbsp;&nbsp;&nbsp;&rArr;&nbsp;&nbsp;&nbsp;<a href="#[2d]">I2C2_EV_IRQHandler</a><BR>
 <LI><a href="#[2e]">I2C2_ER_IRQHandler</a>&nbsp;&nbsp;&nbsp;&rArr;&nbsp;&nbsp;&nbsp;<a href="#[2e]">I2C2_ER_IRQHandler</a><BR>
 <LI><a href="#[2f]">SPI1_IRQHandler</a>&nbsp;&nbsp;&nbsp;&rArr;&nbsp;&nbsp;&nbsp;<a href="#[2f]">SPI1_IRQHandler</a><BR>
 <LI><a href="#[30]">SPI2_IRQHandler</a>&nbsp;&nbsp;&nbsp;&rArr;&nbsp;&nbsp;&nbsp;<a href="#[30]">SPI2_IRQHandler</a><BR>
 <LI><a href="#[31]">USART1_IRQHandler</a>&nbsp;&nbsp;&nbsp;&rArr;&nbsp;&nbsp;&nbsp;<a href="#[31]">USART1_IRQHandler</a><BR>
 <LI><a href="#[32]">USART2_IRQHandler</a>&nbsp;&nbsp;&nbsp;&rArr;&nbsp;&nbsp;&nbsp;<a href="#[32]">USART2_IRQHandler</a><BR>
 <LI><a href="#[33]">USART3_IRQHandler</a>&nbsp;&nbsp;&nbsp;&rArr;&nbsp;&nbsp;&nbsp;<a href="#[33]">USART3_IRQHandler</a><BR>
 <LI><a href="#[34]">EXTI10_IRQHandler</a>&nbsp;&nbsp;&nbsp;&rArr;&nbsp;&nbsp;&nbsp;<a href="#[34]">EXTI10_IRQHandler</a><BR>
 <LI><a href="#[35]">RTC_TIMESTAMP_IRQHandler</a>&nbsp;&nbsp;&nbsp;&rArr;&nbsp;&nbsp;&nbsp;<a href="#[35]">RTC_TIMESTAMP_IRQHandler</a><BR>
 <LI><a href="#[36]">EXTI11_IRQHandler</a>&nbsp;&nbsp;&nbsp;&rArr;&nbsp;&nbsp;&nbsp;<a href="#[36]">EXTI11_IRQHandler</a><BR>
 <LI><a href="#[37]">TIM8_BRK_IRQHandler</a>&nbsp;&nbsp;&nbsp;&rArr;&nbsp;&nbsp;&nbsp;<a href="#[37]">TIM8_BRK_IRQHandler</a><BR>
 <LI><a href="#[39]">TIM8_TRG_COM_IRQHandler</a>&nbsp;&nbsp;&nbsp;&rArr;&nbsp;&nbsp;&nbsp;<a href="#[39]">TIM8_TRG_COM_IRQHandler</a><BR>
 <LI><a href="#[3a]">TIM8_CC_IRQHandler</a>&nbsp;&nbsp;&nbsp;&rArr;&nbsp;&nbsp;&nbsp;<a href="#[3a]">TIM8_CC_IRQHandler</a><BR>
 <LI><a href="#[3b]">DMA1_Stream7_IRQHandler</a>&nbsp;&nbsp;&nbsp;&rArr;&nbsp;&nbsp;&nbsp;<a href="#[3b]">DMA1_Stream7_IRQHandler</a><BR>
 <LI><a href="#[3c]">FMC_IRQHandler</a>&nbsp;&nbsp;&nbsp;&rArr;&nbsp;&nbsp;&nbsp;<a href="#[3c]">FMC_IRQHandler</a><BR>
 <LI><a href="#[3d]">SDMMC1_IRQHandler</a>&nbsp;&nbsp;&nbsp;&rArr;&nbsp;&nbsp;&nbsp;<a href="#[3d]">SDMMC1_IRQHandler</a><BR>
 <LI><a href="#[3e]">TIM5_IRQHandler</a>&nbsp;&nbsp;&nbsp;&rArr;&nbsp;&nbsp;&nbsp;<a href="#[3e]">TIM5_IRQHandler</a><BR>
 <LI><a href="#[3f]">SPI3_IRQHandler</a>&nbsp;&nbsp;&nbsp;&rArr;&nbsp;&nbsp;&nbsp;<a href="#[3f]">SPI3_IRQHandler</a><BR>
 <LI><a href="#[41]">UART5_IRQHandler</a>&nbsp;&nbsp;&nbsp;&rArr;&nbsp;&nbsp;&nbsp;<a href="#[41]">UART5_IRQHandler</a><BR>
 <LI><a href="#[42]">TIM6_IRQHandler</a>&nbsp;&nbsp;&nbsp;&rArr;&nbsp;&nbsp;&nbsp;<a href="#[42]">TIM6_IRQHandler</a><BR>
 <LI><a href="#[43]">TIM7_IRQHandler</a>&nbsp;&nbsp;&nbsp;&rArr;&nbsp;&nbsp;&nbsp;<a href="#[43]">TIM7_IRQHandler</a><BR>
 <LI><a href="#[44]">DMA2_Stream0_IRQHandler</a>&nbsp;&nbsp;&nbsp;&rArr;&nbsp;&nbsp;&nbsp;<a href="#[44]">DMA2_Stream0_IRQHandler</a><BR>
 <LI><a href="#[45]">DMA2_Stream1_IRQHandler</a>&nbsp;&nbsp;&nbsp;&rArr;&nbsp;&nbsp;&nbsp;<a href="#[45]">DMA2_Stream1_IRQHandler</a><BR>
 <LI><a href="#[46]">DMA2_Stream2_IRQHandler</a>&nbsp;&nbsp;&nbsp;&rArr;&nbsp;&nbsp;&nbsp;<a href="#[46]">DMA2_Stream2_IRQHandler</a><BR>
 <LI><a href="#[47]">DMA2_Stream3_IRQHandler</a>&nbsp;&nbsp;&nbsp;&rArr;&nbsp;&nbsp;&nbsp;<a href="#[47]">DMA2_Stream3_IRQHandler</a><BR>
 <LI><a href="#[48]">DMA2_Stream4_IRQHandler</a>&nbsp;&nbsp;&nbsp;&rArr;&nbsp;&nbsp;&nbsp;<a href="#[48]">DMA2_Stream4_IRQHandler</a><BR>
 <LI><a href="#[49]">ETH1_IRQHandler</a>&nbsp;&nbsp;&nbsp;&rArr;&nbsp;&nbsp;&nbsp;<a href="#[49]">ETH1_IRQHandler</a><BR>
 <LI><a href="#[4a]">ETH1_WKUP_IRQHandler</a>&nbsp;&nbsp;&nbsp;&rArr;&nbsp;&nbsp;&nbsp;<a href="#[4a]">ETH1_WKUP_IRQHandler</a><BR>
 <LI><a href="#[4b]">FDCAN_CAL_IRQHandler</a>&nbsp;&nbsp;&nbsp;&rArr;&nbsp;&nbsp;&nbsp;<a href="#[4b]">FDCAN_CAL_IRQHandler</a><BR>
 <LI><a href="#[4c]">EXTI6_IRQHandler</a>&nbsp;&nbsp;&nbsp;&rArr;&nbsp;&nbsp;&nbsp;<a href="#[4c]">EXTI6_IRQHandler</a><BR>
 <LI><a href="#[4d]">EXTI7_IRQHandler</a>&nbsp;&nbsp;&nbsp;&rArr;&nbsp;&nbsp;&nbsp;<a href="#[4d]">EXTI7_IRQHandler</a><BR>
 <LI><a href="#[4e]">EXTI8_IRQHandler</a>&nbsp;&nbsp;&nbsp;&rArr;&nbsp;&nbsp;&nbsp;<a href="#[4e]">EXTI8_IRQHandler</a><BR>
 <LI><a href="#[4f]">EXTI9_IRQHandler</a>&nbsp;&nbsp;&nbsp;&rArr;&nbsp;&nbsp;&nbsp;<a href="#[4f]">EXTI9_IRQHandler</a><BR>
 <LI><a href="#[50]">DMA2_Stream5_IRQHandler</a>&nbsp;&nbsp;&nbsp;&rArr;&nbsp;&nbsp;&nbsp;<a href="#[50]">DMA2_Stream5_IRQHandler</a><BR>
 <LI><a href="#[51]">DMA2_Stream6_IRQHandler</a>&nbsp;&nbsp;&nbsp;&rArr;&nbsp;&nbsp;&nbsp;<a href="#[51]">DMA2_Stream6_IRQHandler</a><BR>
 <LI><a href="#[52]">DMA2_Stream7_IRQHandler</a>&nbsp;&nbsp;&nbsp;&rArr;&nbsp;&nbsp;&nbsp;<a href="#[52]">DMA2_Stream7_IRQHandler</a><BR>
 <LI><a href="#[53]">USART6_IRQHandler</a>&nbsp;&nbsp;&nbsp;&rArr;&nbsp;&nbsp;&nbsp;<a href="#[53]">USART6_IRQHandler</a><BR>
 <LI><a href="#[54]">I2C3_EV_IRQHandler</a>&nbsp;&nbsp;&nbsp;&rArr;&nbsp;&nbsp;&nbsp;<a href="#[54]">I2C3_EV_IRQHandler</a><BR>
 <LI><a href="#[55]">I2C3_ER_IRQHandler</a>&nbsp;&nbsp;&nbsp;&rArr;&nbsp;&nbsp;&nbsp;<a href="#[55]">I2C3_ER_IRQHandler</a><BR>
 <LI><a href="#[56]">USBH_OHCI_IRQHandler</a>&nbsp;&nbsp;&nbsp;&rArr;&nbsp;&nbsp;&nbsp;<a href="#[56]">USBH_OHCI_IRQHandler</a><BR>
 <LI><a href="#[57]">USBH_EHCI_IRQHandler</a>&nbsp;&nbsp;&nbsp;&rArr;&nbsp;&nbsp;&nbsp;<a href="#[57]">USBH_EHCI_IRQHandler</a><BR>
 <LI><a href="#[58]">EXTI12_IRQHandler</a>&nbsp;&nbsp;&nbsp;&rArr;&nbsp;&nbsp;&nbsp;<a href="#[58]">EXTI12_IRQHandler</a><BR>
 <LI><a href="#[59]">EXTI13_IRQHandler</a>&nbsp;&nbsp;&nbsp;&rArr;&nbsp;&nbsp;&nbsp;<a href="#[59]">EXTI13_IRQHandler</a><BR>
 <LI><a href="#[5a]">DCMI_IRQHandler</a>&nbsp;&nbsp;&nbsp;&rArr;&nbsp;&nbsp;&nbsp;<a href="#[5a]">DCMI_IRQHandler</a><BR>
 <LI><a href="#[5b]">CRYP1_IRQHandler</a>&nbsp;&nbsp;&nbsp;&rArr;&nbsp;&nbsp;&nbsp;<a href="#[5b]">CRYP1_IRQHandler</a><BR>
 <LI><a href="#[5c]">HASH1_IRQHandler</a>&nbsp;&nbsp;&nbsp;&rArr;&nbsp;&nbsp;&nbsp;<a href="#[5c]">HASH1_IRQHandler</a><BR>
 <LI><a href="#[5d]">FPU_IRQHandler</a>&nbsp;&nbsp;&nbsp;&rArr;&nbsp;&nbsp;&nbsp;<a href="#[5d]">FPU_IRQHandler</a><BR>
 <LI><a href="#[5e]">UART7_IRQHandler</a>&nbsp;&nbsp;&nbsp;&rArr;&nbsp;&nbsp;&nbsp;<a href="#[5e]">UART7_IRQHandler</a><BR>
 <LI><a href="#[5f]">UART8_IRQHandler</a>&nbsp;&nbsp;&nbsp;&rArr;&nbsp;&nbsp;&nbsp;<a href="#[5f]">UART8_IRQHandler</a><BR>
 <LI><a href="#[60]">SPI4_IRQHandler</a>&nbsp;&nbsp;&nbsp;&rArr;&nbsp;&nbsp;&nbsp;<a href="#[60]">SPI4_IRQHandler</a><BR>
 <LI><a href="#[61]">SPI5_IRQHandler</a>&nbsp;&nbsp;&nbsp;&rArr;&nbsp;&nbsp;&nbsp;<a href="#[61]">SPI5_IRQHandler</a><BR>
 <LI><a href="#[62]">SPI6_IRQHandler</a>&nbsp;&nbsp;&nbsp;&rArr;&nbsp;&nbsp;&nbsp;<a href="#[62]">SPI6_IRQHandler</a><BR>
 <LI><a href="#[63]">SAI1_IRQHandler</a>&nbsp;&nbsp;&nbsp;&rArr;&nbsp;&nbsp;&nbsp;<a href="#[63]">SAI1_IRQHandler</a><BR>
 <LI><a href="#[64]">LTDC_IRQHandler</a>&nbsp;&nbsp;&nbsp;&rArr;&nbsp;&nbsp;&nbsp;<a href="#[64]">LTDC_IRQHandler</a><BR>
 <LI><a href="#[65]">LTDC_ER_IRQHandler</a>&nbsp;&nbsp;&nbsp;&rArr;&nbsp;&nbsp;&nbsp;<a href="#[65]">LTDC_ER_IRQHandler</a><BR>
 <LI><a href="#[66]">ADC2_IRQHandler</a>&nbsp;&nbsp;&nbsp;&rArr;&nbsp;&nbsp;&nbsp;<a href="#[66]">ADC2_IRQHandler</a><BR>
 <LI><a href="#[67]">SAI2_IRQHandler</a>&nbsp;&nbsp;&nbsp;&rArr;&nbsp;&nbsp;&nbsp;<a href="#[67]">SAI2_IRQHandler</a><BR>
 <LI><a href="#[68]">QUADSPI_IRQHandler</a>&nbsp;&nbsp;&nbsp;&rArr;&nbsp;&nbsp;&nbsp;<a href="#[68]">QUADSPI_IRQHandler</a><BR>
 <LI><a href="#[69]">LPTIM1_IRQHandler</a>&nbsp;&nbsp;&nbsp;&rArr;&nbsp;&nbsp;&nbsp;<a href="#[69]">LPTIM1_IRQHandler</a><BR>
 <LI><a href="#[6a]">CEC_IRQHandler</a>&nbsp;&nbsp;&nbsp;&rArr;&nbsp;&nbsp;&nbsp;<a href="#[6a]">CEC_IRQHandler</a><BR>
 <LI><a href="#[6b]">I2C4_EV_IRQHandler</a>&nbsp;&nbsp;&nbsp;&rArr;&nbsp;&nbsp;&nbsp;<a href="#[6b]">I2C4_EV_IRQHandler</a><BR>
 <LI><a href="#[6c]">I2C4_ER_IRQHandler</a>&nbsp;&nbsp;&nbsp;&rArr;&nbsp;&nbsp;&nbsp;<a href="#[6c]">I2C4_ER_IRQHandler</a><BR>
 <LI><a href="#[6d]">SPDIF_RX_IRQHandler</a>&nbsp;&nbsp;&nbsp;&rArr;&nbsp;&nbsp;&nbsp;<a href="#[6d]">SPDIF_RX_IRQHandler</a><BR>
 <LI><a href="#[6e]">OTG_IRQHandler</a>&nbsp;&nbsp;&nbsp;&rArr;&nbsp;&nbsp;&nbsp;<a href="#[6e]">OTG_IRQHandler</a><BR>
 <LI><a href="#[6f]">RESERVED99_IRQHandler</a>&nbsp;&nbsp;&nbsp;&rArr;&nbsp;&nbsp;&nbsp;<a href="#[6f]">RESERVED99_IRQHandler</a><BR>
 <LI><a href="#[70]">IPCC_RX0_IRQHandler</a>&nbsp;&nbsp;&nbsp;&rArr;&nbsp;&nbsp;&nbsp;<a href="#[70]">IPCC_RX0_IRQHandler</a><BR>
 <LI><a href="#[71]">IPCC_TX0_IRQHandler</a>&nbsp;&nbsp;&nbsp;&rArr;&nbsp;&nbsp;&nbsp;<a href="#[71]">IPCC_TX0_IRQHandler</a><BR>
 <LI><a href="#[72]">DMAMUX1_OVR_IRQHandler</a>&nbsp;&nbsp;&nbsp;&rArr;&nbsp;&nbsp;&nbsp;<a href="#[72]">DMAMUX1_OVR_IRQHandler</a><BR>
 <LI><a href="#[73]">IPCC_RX1_IRQHandler</a>&nbsp;&nbsp;&nbsp;&rArr;&nbsp;&nbsp;&nbsp;<a href="#[73]">IPCC_RX1_IRQHandler</a><BR>
 <LI><a href="#[74]">IPCC_TX1_IRQHandler</a>&nbsp;&nbsp;&nbsp;&rArr;&nbsp;&nbsp;&nbsp;<a href="#[74]">IPCC_TX1_IRQHandler</a><BR>
 <LI><a href="#[75]">CRYP2_IRQHandler</a>&nbsp;&nbsp;&nbsp;&rArr;&nbsp;&nbsp;&nbsp;<a href="#[75]">CRYP2_IRQHandler</a><BR>
 <LI><a href="#[76]">HASH2_IRQHandler</a>&nbsp;&nbsp;&nbsp;&rArr;&nbsp;&nbsp;&nbsp;<a href="#[76]">HASH2_IRQHandler</a><BR>
 <LI><a href="#[77]">I2C5_EV_IRQHandler</a>&nbsp;&nbsp;&nbsp;&rArr;&nbsp;&nbsp;&nbsp;<a href="#[77]">I2C5_EV_IRQHandler</a><BR>
 <LI><a href="#[78]">I2C5_ER_IRQHandler</a>&nbsp;&nbsp;&nbsp;&rArr;&nbsp;&nbsp;&nbsp;<a href="#[78]">I2C5_ER_IRQHandler</a><BR>
 <LI><a href="#[79]">GPU_IRQHandler</a>&nbsp;&nbsp;&nbsp;&rArr;&nbsp;&nbsp;&nbsp;<a href="#[79]">GPU_IRQHandler</a><BR>
 <LI><a href="#[7a]">DFSDM1_FLT0_IRQHandler</a>&nbsp;&nbsp;&nbsp;&rArr;&nbsp;&nbsp;&nbsp;<a href="#[7a]">DFSDM1_FLT0_IRQHandler</a><BR>
 <LI><a href="#[7b]">DFSDM1_FLT1_IRQHandler</a>&nbsp;&nbsp;&nbsp;&rArr;&nbsp;&nbsp;&nbsp;<a href="#[7b]">DFSDM1_FLT1_IRQHandler</a><BR>
 <LI><a href="#[7c]">DFSDM1_FLT2_IRQHandler</a>&nbsp;&nbsp;&nbsp;&rArr;&nbsp;&nbsp;&nbsp;<a href="#[7c]">DFSDM1_FLT2_IRQHandler</a><BR>
 <LI><a href="#[7d]">DFSDM1_FLT3_IRQHandler</a>&nbsp;&nbsp;&nbsp;&rArr;&nbsp;&nbsp;&nbsp;<a href="#[7d]">DFSDM1_FLT3_IRQHandler</a><BR>
 <LI><a href="#[7e]">SAI3_IRQHandler</a>&nbsp;&nbsp;&nbsp;&rArr;&nbsp;&nbsp;&nbsp;<a href="#[7e]">SAI3_IRQHandler</a><BR>
 <LI><a href="#[7f]">DFSDM1_FLT4_IRQHandler</a>&nbsp;&nbsp;&nbsp;&rArr;&nbsp;&nbsp;&nbsp;<a href="#[7f]">DFSDM1_FLT4_IRQHandler</a><BR>
 <LI><a href="#[80]">TIM15_IRQHandler</a>&nbsp;&nbsp;&nbsp;&rArr;&nbsp;&nbsp;&nbsp;<a href="#[80]">TIM15_IRQHandler</a><BR>
 <LI><a href="#[81]">TIM16_IRQHandler</a>&nbsp;&nbsp;&nbsp;&rArr;&nbsp;&nbsp;&nbsp;<a href="#[81]">TIM16_IRQHandler</a><BR>
 <LI><a href="#[82]">TIM17_IRQHandler</a>&nbsp;&nbsp;&nbsp;&rArr;&nbsp;&nbsp;&nbsp;<a href="#[82]">TIM17_IRQHandler</a><BR>
 <LI><a href="#[83]">TIM12_IRQHandler</a>&nbsp;&nbsp;&nbsp;&rArr;&nbsp;&nbsp;&nbsp;<a href="#[83]">TIM12_IRQHandler</a><BR>
 <LI><a href="#[84]">MDIOS_IRQHandler</a>&nbsp;&nbsp;&nbsp;&rArr;&nbsp;&nbsp;&nbsp;<a href="#[84]">MDIOS_IRQHandler</a><BR>
 <LI><a href="#[85]">EXTI14_IRQHandler</a>&nbsp;&nbsp;&nbsp;&rArr;&nbsp;&nbsp;&nbsp;<a href="#[85]">EXTI14_IRQHandler</a><BR>
 <LI><a href="#[86]">MDMA_IRQHandler</a>&nbsp;&nbsp;&nbsp;&rArr;&nbsp;&nbsp;&nbsp;<a href="#[86]">MDMA_IRQHandler</a><BR>
 <LI><a href="#[87]">DSI_IRQHandler</a>&nbsp;&nbsp;&nbsp;&rArr;&nbsp;&nbsp;&nbsp;<a href="#[87]">DSI_IRQHandler</a><BR>
 <LI><a href="#[88]">SDMMC2_IRQHandler</a>&nbsp;&nbsp;&nbsp;&rArr;&nbsp;&nbsp;&nbsp;<a href="#[88]">SDMMC2_IRQHandler</a><BR>
 <LI><a href="#[89]">HSEM_IT2_IRQHandler</a>&nbsp;&nbsp;&nbsp;&rArr;&nbsp;&nbsp;&nbsp;<a href="#[89]">HSEM_IT2_IRQHandler</a><BR>
 <LI><a href="#[8a]">DFSDM1_FLT5_IRQHandler</a>&nbsp;&nbsp;&nbsp;&rArr;&nbsp;&nbsp;&nbsp;<a href="#[8a]">DFSDM1_FLT5_IRQHandler</a><BR>
 <LI><a href="#[8b]">EXTI15_IRQHandler</a>&nbsp;&nbsp;&nbsp;&rArr;&nbsp;&nbsp;&nbsp;<a href="#[8b]">EXTI15_IRQHandler</a><BR>
 <LI><a href="#[8c]">nCTIIRQ1_IRQHandler</a>&nbsp;&nbsp;&nbsp;&rArr;&nbsp;&nbsp;&nbsp;<a href="#[8c]">nCTIIRQ1_IRQHandler</a><BR>
 <LI><a href="#[8d]">nCTIIRQ2_IRQHandler</a>&nbsp;&nbsp;&nbsp;&rArr;&nbsp;&nbsp;&nbsp;<a href="#[8d]">nCTIIRQ2_IRQHandler</a><BR>
 <LI><a href="#[8e]">TIM13_IRQHandler</a>&nbsp;&nbsp;&nbsp;&rArr;&nbsp;&nbsp;&nbsp;<a href="#[8e]">TIM13_IRQHandler</a><BR>
 <LI><a href="#[8f]">TIM14_IRQHandler</a>&nbsp;&nbsp;&nbsp;&rArr;&nbsp;&nbsp;&nbsp;<a href="#[8f]">TIM14_IRQHandler</a><BR>
 <LI><a href="#[90]">DAC_IRQHandler</a>&nbsp;&nbsp;&nbsp;&rArr;&nbsp;&nbsp;&nbsp;<a href="#[90]">DAC_IRQHandler</a><BR>
 <LI><a href="#[91]">RNG1_IRQHandler</a>&nbsp;&nbsp;&nbsp;&rArr;&nbsp;&nbsp;&nbsp;<a href="#[91]">RNG1_IRQHandler</a><BR>
 <LI><a href="#[92]">RNG2_IRQHandler</a>&nbsp;&nbsp;&nbsp;&rArr;&nbsp;&nbsp;&nbsp;<a href="#[92]">RNG2_IRQHandler</a><BR>
 <LI><a href="#[93]">I2C6_EV_IRQHandler</a>&nbsp;&nbsp;&nbsp;&rArr;&nbsp;&nbsp;&nbsp;<a href="#[93]">I2C6_EV_IRQHandler</a><BR>
 <LI><a href="#[94]">I2C6_ER_IRQHandler</a>&nbsp;&nbsp;&nbsp;&rArr;&nbsp;&nbsp;&nbsp;<a href="#[94]">I2C6_ER_IRQHandler</a><BR>
 <LI><a href="#[95]">SDMMC3_IRQHandler</a>&nbsp;&nbsp;&nbsp;&rArr;&nbsp;&nbsp;&nbsp;<a href="#[95]">SDMMC3_IRQHandler</a><BR>
 <LI><a href="#[96]">LPTIM2_IRQHandler</a>&nbsp;&nbsp;&nbsp;&rArr;&nbsp;&nbsp;&nbsp;<a href="#[96]">LPTIM2_IRQHandler</a><BR>
 <LI><a href="#[97]">LPTIM3_IRQHandler</a>&nbsp;&nbsp;&nbsp;&rArr;&nbsp;&nbsp;&nbsp;<a href="#[97]">LPTIM3_IRQHandler</a><BR>
 <LI><a href="#[98]">LPTIM4_IRQHandler</a>&nbsp;&nbsp;&nbsp;&rArr;&nbsp;&nbsp;&nbsp;<a href="#[98]">LPTIM4_IRQHandler</a><BR>
 <LI><a href="#[99]">LPTIM5_IRQHandler</a>&nbsp;&nbsp;&nbsp;&rArr;&nbsp;&nbsp;&nbsp;<a href="#[99]">LPTIM5_IRQHandler</a><BR>
 <LI><a href="#[9a]">ETH1_LPI_IRQHandler</a>&nbsp;&nbsp;&nbsp;&rArr;&nbsp;&nbsp;&nbsp;<a href="#[9a]">ETH1_LPI_IRQHandler</a><BR>
 <LI><a href="#[9b]">RESERVED143_IRQHandler</a>&nbsp;&nbsp;&nbsp;&rArr;&nbsp;&nbsp;&nbsp;<a href="#[9b]">RESERVED143_IRQHandler</a><BR>
 <LI><a href="#[9c]">MPU_SEV_IRQHandler</a>&nbsp;&nbsp;&nbsp;&rArr;&nbsp;&nbsp;&nbsp;<a href="#[9c]">MPU_SEV_IRQHandler</a><BR>
 <LI><a href="#[9d]">RCC_WAKEUP_IRQHandler</a>&nbsp;&nbsp;&nbsp;&rArr;&nbsp;&nbsp;&nbsp;<a href="#[9d]">RCC_WAKEUP_IRQHandler</a><BR>
 <LI><a href="#[9e]">SAI4_IRQHandler</a>&nbsp;&nbsp;&nbsp;&rArr;&nbsp;&nbsp;&nbsp;<a href="#[9e]">SAI4_IRQHandler</a><BR>
 <LI><a href="#[9f]">DTS_IRQHandler</a>&nbsp;&nbsp;&nbsp;&rArr;&nbsp;&nbsp;&nbsp;<a href="#[9f]">DTS_IRQHandler</a><BR>
 <LI><a href="#[a0]">RESERVED148_IRQHandler</a>&nbsp;&nbsp;&nbsp;&rArr;&nbsp;&nbsp;&nbsp;<a href="#[a0]">RESERVED148_IRQHandler</a><BR>
 <LI><a href="#[a1]">WAKEUP_PIN_IRQHandler</a>&nbsp;&nbsp;&nbsp;&rArr;&nbsp;&nbsp;&nbsp;<a href="#[a1]">WAKEUP_PIN_IRQHandler</a><BR>
 <LI><a href="#[6]">BusFault_Handler</a>&nbsp;&nbsp;&nbsp;&rArr;&nbsp;&nbsp;&nbsp;<a href="#[6]">BusFault_Handler</a><BR>
 <LI><a href="#[4]">HardFault_Handler</a>&nbsp;&nbsp;&nbsp;&rArr;&nbsp;&nbsp;&nbsp;<a href="#[4]">HardFault_Handler</a><BR>
 <LI><a href="#[5]">MemManage_Handler</a>&nbsp;&nbsp;&nbsp;&rArr;&nbsp;&nbsp;&nbsp;<a href="#[5]">MemManage_Handler</a><BR>
 <LI><a href="#[7]">UsageFault_Handler</a>&nbsp;&nbsp;&nbsp;&rArr;&nbsp;&nbsp;&nbsp;<a href="#[7]">UsageFault_Handler</a><BR>
</UL>
<P>
<H3>
Function Pointers
</H3><UL>
 <LI><a href="#[1e]">ADC1_IRQHandler</a> from startup_stm32mp15xx.o(.text) referenced from startup_stm32mp15xx.o(RESET)
 <LI><a href="#[66]">ADC2_IRQHandler</a> from startup_stm32mp15xx.o(.text) referenced from startup_stm32mp15xx.o(RESET)
 <LI><a href="#[6]">BusFault_Handler</a> from stm32mp1xx_it.o(i.BusFault_Handler) referenced from startup_stm32mp15xx.o(RESET)
 <LI><a href="#[6a]">CEC_IRQHandler</a> from startup_stm32mp15xx.o(.text) referenced from startup_stm32mp15xx.o(RESET)
 <LI><a href="#[5b]">CRYP1_IRQHandler</a> from startup_stm32mp15xx.o(.text) referenced from startup_stm32mp15xx.o(RESET)
 <LI><a href="#[75]">CRYP2_IRQHandler</a> from startup_stm32mp15xx.o(.text) referenced from startup_stm32mp15xx.o(RESET)
 <LI><a href="#[90]">DAC_IRQHandler</a> from startup_stm32mp15xx.o(.text) referenced from startup_stm32mp15xx.o(RESET)
 <LI><a href="#[5a]">DCMI_IRQHandler</a> from startup_stm32mp15xx.o(.text) referenced from startup_stm32mp15xx.o(RESET)
 <LI><a href="#[7a]">DFSDM1_FLT0_IRQHandler</a> from startup_stm32mp15xx.o(.text) referenced from startup_stm32mp15xx.o(RESET)
 <LI><a href="#[7b]">DFSDM1_FLT1_IRQHandler</a> from startup_stm32mp15xx.o(.text) referenced from startup_stm32mp15xx.o(RESET)
 <LI><a href="#[7c]">DFSDM1_FLT2_IRQHandler</a> from startup_stm32mp15xx.o(.text) referenced from startup_stm32mp15xx.o(RESET)
 <LI><a href="#[7d]">DFSDM1_FLT3_IRQHandler</a> from startup_stm32mp15xx.o(.text) referenced from startup_stm32mp15xx.o(RESET)
 <LI><a href="#[7f]">DFSDM1_FLT4_IRQHandler</a> from startup_stm32mp15xx.o(.text) referenced from startup_stm32mp15xx.o(RESET)
 <LI><a href="#[8a]">DFSDM1_FLT5_IRQHandler</a> from startup_stm32mp15xx.o(.text) referenced from startup_stm32mp15xx.o(RESET)
 <LI><a href="#[17]">DMA1_Stream0_IRQHandler</a> from startup_stm32mp15xx.o(.text) referenced from startup_stm32mp15xx.o(RESET)
 <LI><a href="#[18]">DMA1_Stream1_IRQHandler</a> from startup_stm32mp15xx.o(.text) referenced from startup_stm32mp15xx.o(RESET)
 <LI><a href="#[19]">DMA1_Stream2_IRQHandler</a> from startup_stm32mp15xx.o(.text) referenced from startup_stm32mp15xx.o(RESET)
 <LI><a href="#[1a]">DMA1_Stream3_IRQHandler</a> from startup_stm32mp15xx.o(.text) referenced from startup_stm32mp15xx.o(RESET)
 <LI><a href="#[1b]">DMA1_Stream4_IRQHandler</a> from startup_stm32mp15xx.o(.text) referenced from startup_stm32mp15xx.o(RESET)
 <LI><a href="#[1c]">DMA1_Stream5_IRQHandler</a> from startup_stm32mp15xx.o(.text) referenced from startup_stm32mp15xx.o(RESET)
 <LI><a href="#[1d]">DMA1_Stream6_IRQHandler</a> from startup_stm32mp15xx.o(.text) referenced from startup_stm32mp15xx.o(RESET)
 <LI><a href="#[3b]">DMA1_Stream7_IRQHandler</a> from startup_stm32mp15xx.o(.text) referenced from startup_stm32mp15xx.o(RESET)
 <LI><a href="#[44]">DMA2_Stream0_IRQHandler</a> from startup_stm32mp15xx.o(.text) referenced from startup_stm32mp15xx.o(RESET)
 <LI><a href="#[45]">DMA2_Stream1_IRQHandler</a> from startup_stm32mp15xx.o(.text) referenced from startup_stm32mp15xx.o(RESET)
 <LI><a href="#[46]">DMA2_Stream2_IRQHandler</a> from startup_stm32mp15xx.o(.text) referenced from startup_stm32mp15xx.o(RESET)
 <LI><a href="#[47]">DMA2_Stream3_IRQHandler</a> from startup_stm32mp15xx.o(.text) referenced from startup_stm32mp15xx.o(RESET)
 <LI><a href="#[48]">DMA2_Stream4_IRQHandler</a> from startup_stm32mp15xx.o(.text) referenced from startup_stm32mp15xx.o(RESET)
 <LI><a href="#[50]">DMA2_Stream5_IRQHandler</a> from startup_stm32mp15xx.o(.text) referenced from startup_stm32mp15xx.o(RESET)
 <LI><a href="#[51]">DMA2_Stream6_IRQHandler</a> from startup_stm32mp15xx.o(.text) referenced from startup_stm32mp15xx.o(RESET)
 <LI><a href="#[52]">DMA2_Stream7_IRQHandler</a> from startup_stm32mp15xx.o(.text) referenced from startup_stm32mp15xx.o(RESET)
 <LI><a href="#[72]">DMAMUX1_OVR_IRQHandler</a> from startup_stm32mp15xx.o(.text) referenced from startup_stm32mp15xx.o(RESET)
 <LI><a href="#[87]">DSI_IRQHandler</a> from startup_stm32mp15xx.o(.text) referenced from startup_stm32mp15xx.o(RESET)
 <LI><a href="#[9f]">DTS_IRQHandler</a> from startup_stm32mp15xx.o(.text) referenced from startup_stm32mp15xx.o(RESET)
 <LI><a href="#[9]">DebugMon_Handler</a> from stm32mp1xx_it.o(i.DebugMon_Handler) referenced from startup_stm32mp15xx.o(RESET)
 <LI><a href="#[49]">ETH1_IRQHandler</a> from startup_stm32mp15xx.o(.text) referenced from startup_stm32mp15xx.o(RESET)
 <LI><a href="#[9a]">ETH1_LPI_IRQHandler</a> from startup_stm32mp15xx.o(.text) referenced from startup_stm32mp15xx.o(RESET)
 <LI><a href="#[4a]">ETH1_WKUP_IRQHandler</a> from startup_stm32mp15xx.o(.text) referenced from startup_stm32mp15xx.o(RESET)
 <LI><a href="#[12]">EXTI0_IRQHandler</a> from startup_stm32mp15xx.o(.text) referenced from startup_stm32mp15xx.o(RESET)
 <LI><a href="#[34]">EXTI10_IRQHandler</a> from startup_stm32mp15xx.o(.text) referenced from startup_stm32mp15xx.o(RESET)
 <LI><a href="#[36]">EXTI11_IRQHandler</a> from startup_stm32mp15xx.o(.text) referenced from startup_stm32mp15xx.o(RESET)
 <LI><a href="#[58]">EXTI12_IRQHandler</a> from startup_stm32mp15xx.o(.text) referenced from startup_stm32mp15xx.o(RESET)
 <LI><a href="#[59]">EXTI13_IRQHandler</a> from startup_stm32mp15xx.o(.text) referenced from startup_stm32mp15xx.o(RESET)
 <LI><a href="#[85]">EXTI14_IRQHandler</a> from startup_stm32mp15xx.o(.text) referenced from startup_stm32mp15xx.o(RESET)
 <LI><a href="#[8b]">EXTI15_IRQHandler</a> from startup_stm32mp15xx.o(.text) referenced from startup_stm32mp15xx.o(RESET)
 <LI><a href="#[13]">EXTI1_IRQHandler</a> from startup_stm32mp15xx.o(.text) referenced from startup_stm32mp15xx.o(RESET)
 <LI><a href="#[14]">EXTI2_IRQHandler</a> from startup_stm32mp15xx.o(.text) referenced from startup_stm32mp15xx.o(RESET)
 <LI><a href="#[15]">EXTI3_IRQHandler</a> from startup_stm32mp15xx.o(.text) referenced from startup_stm32mp15xx.o(RESET)
 <LI><a href="#[16]">EXTI4_IRQHandler</a> from startup_stm32mp15xx.o(.text) referenced from startup_stm32mp15xx.o(RESET)
 <LI><a href="#[23]">EXTI5_IRQHandler</a> from startup_stm32mp15xx.o(.text) referenced from startup_stm32mp15xx.o(RESET)
 <LI><a href="#[4c]">EXTI6_IRQHandler</a> from startup_stm32mp15xx.o(.text) referenced from startup_stm32mp15xx.o(RESET)
 <LI><a href="#[4d]">EXTI7_IRQHandler</a> from startup_stm32mp15xx.o(.text) referenced from startup_stm32mp15xx.o(RESET)
 <LI><a href="#[4e]">EXTI8_IRQHandler</a> from startup_stm32mp15xx.o(.text) referenced from startup_stm32mp15xx.o(RESET)
 <LI><a href="#[4f]">EXTI9_IRQHandler</a> from startup_stm32mp15xx.o(.text) referenced from startup_stm32mp15xx.o(RESET)
 <LI><a href="#[1f]">FDCAN1_IT0_IRQHandler</a> from startup_stm32mp15xx.o(.text) referenced from startup_stm32mp15xx.o(RESET)
 <LI><a href="#[21]">FDCAN1_IT1_IRQHandler</a> from startup_stm32mp15xx.o(.text) referenced from startup_stm32mp15xx.o(RESET)
 <LI><a href="#[20]">FDCAN2_IT0_IRQHandler</a> from startup_stm32mp15xx.o(.text) referenced from startup_stm32mp15xx.o(RESET)
 <LI><a href="#[22]">FDCAN2_IT1_IRQHandler</a> from startup_stm32mp15xx.o(.text) referenced from startup_stm32mp15xx.o(RESET)
 <LI><a href="#[4b]">FDCAN_CAL_IRQHandler</a> from startup_stm32mp15xx.o(.text) referenced from startup_stm32mp15xx.o(RESET)
 <LI><a href="#[3c]">FMC_IRQHandler</a> from startup_stm32mp15xx.o(.text) referenced from startup_stm32mp15xx.o(RESET)
 <LI><a href="#[5d]">FPU_IRQHandler</a> from startup_stm32mp15xx.o(.text) referenced from startup_stm32mp15xx.o(RESET)
 <LI><a href="#[79]">GPU_IRQHandler</a> from startup_stm32mp15xx.o(.text) referenced from startup_stm32mp15xx.o(RESET)
 <LI><a href="#[5c]">HASH1_IRQHandler</a> from startup_stm32mp15xx.o(.text) referenced from startup_stm32mp15xx.o(RESET)
 <LI><a href="#[76]">HASH2_IRQHandler</a> from startup_stm32mp15xx.o(.text) referenced from startup_stm32mp15xx.o(RESET)
 <LI><a href="#[89]">HSEM_IT2_IRQHandler</a> from startup_stm32mp15xx.o(.text) referenced from startup_stm32mp15xx.o(RESET)
 <LI><a href="#[4]">HardFault_Handler</a> from stm32mp1xx_it.o(i.HardFault_Handler) referenced from startup_stm32mp15xx.o(RESET)
 <LI><a href="#[2c]">I2C1_ER_IRQHandler</a> from startup_stm32mp15xx.o(.text) referenced from startup_stm32mp15xx.o(RESET)
 <LI><a href="#[2b]">I2C1_EV_IRQHandler</a> from startup_stm32mp15xx.o(.text) referenced from startup_stm32mp15xx.o(RESET)
 <LI><a href="#[2e]">I2C2_ER_IRQHandler</a> from startup_stm32mp15xx.o(.text) referenced from startup_stm32mp15xx.o(RESET)
 <LI><a href="#[2d]">I2C2_EV_IRQHandler</a> from startup_stm32mp15xx.o(.text) referenced from startup_stm32mp15xx.o(RESET)
 <LI><a href="#[55]">I2C3_ER_IRQHandler</a> from startup_stm32mp15xx.o(.text) referenced from startup_stm32mp15xx.o(RESET)
 <LI><a href="#[54]">I2C3_EV_IRQHandler</a> from startup_stm32mp15xx.o(.text) referenced from startup_stm32mp15xx.o(RESET)
 <LI><a href="#[6c]">I2C4_ER_IRQHandler</a> from startup_stm32mp15xx.o(.text) referenced from startup_stm32mp15xx.o(RESET)
 <LI><a href="#[6b]">I2C4_EV_IRQHandler</a> from startup_stm32mp15xx.o(.text) referenced from startup_stm32mp15xx.o(RESET)
 <LI><a href="#[78]">I2C5_ER_IRQHandler</a> from startup_stm32mp15xx.o(.text) referenced from startup_stm32mp15xx.o(RESET)
 <LI><a href="#[77]">I2C5_EV_IRQHandler</a> from startup_stm32mp15xx.o(.text) referenced from startup_stm32mp15xx.o(RESET)
 <LI><a href="#[94]">I2C6_ER_IRQHandler</a> from startup_stm32mp15xx.o(.text) referenced from startup_stm32mp15xx.o(RESET)
 <LI><a href="#[93]">I2C6_EV_IRQHandler</a> from startup_stm32mp15xx.o(.text) referenced from startup_stm32mp15xx.o(RESET)
 <LI><a href="#[70]">IPCC_RX0_IRQHandler</a> from startup_stm32mp15xx.o(.text) referenced from startup_stm32mp15xx.o(RESET)
 <LI><a href="#[73]">IPCC_RX1_IRQHandler</a> from startup_stm32mp15xx.o(.text) referenced from startup_stm32mp15xx.o(RESET)
 <LI><a href="#[71]">IPCC_TX0_IRQHandler</a> from startup_stm32mp15xx.o(.text) referenced from startup_stm32mp15xx.o(RESET)
 <LI><a href="#[74]">IPCC_TX1_IRQHandler</a> from startup_stm32mp15xx.o(.text) referenced from startup_stm32mp15xx.o(RESET)
 <LI><a href="#[69]">LPTIM1_IRQHandler</a> from startup_stm32mp15xx.o(.text) referenced from startup_stm32mp15xx.o(RESET)
 <LI><a href="#[96]">LPTIM2_IRQHandler</a> from startup_stm32mp15xx.o(.text) referenced from startup_stm32mp15xx.o(RESET)
 <LI><a href="#[97]">LPTIM3_IRQHandler</a> from startup_stm32mp15xx.o(.text) referenced from startup_stm32mp15xx.o(RESET)
 <LI><a href="#[98]">LPTIM4_IRQHandler</a> from startup_stm32mp15xx.o(.text) referenced from startup_stm32mp15xx.o(RESET)
 <LI><a href="#[99]">LPTIM5_IRQHandler</a> from startup_stm32mp15xx.o(.text) referenced from startup_stm32mp15xx.o(RESET)
 <LI><a href="#[65]">LTDC_ER_IRQHandler</a> from startup_stm32mp15xx.o(.text) referenced from startup_stm32mp15xx.o(RESET)
 <LI><a href="#[64]">LTDC_IRQHandler</a> from startup_stm32mp15xx.o(.text) referenced from startup_stm32mp15xx.o(RESET)
 <LI><a href="#[84]">MDIOS_IRQHandler</a> from startup_stm32mp15xx.o(.text) referenced from startup_stm32mp15xx.o(RESET)
 <LI><a href="#[86]">MDMA_IRQHandler</a> from startup_stm32mp15xx.o(.text) referenced from startup_stm32mp15xx.o(RESET)
 <LI><a href="#[9c]">MPU_SEV_IRQHandler</a> from startup_stm32mp15xx.o(.text) referenced from startup_stm32mp15xx.o(RESET)
 <LI><a href="#[5]">MemManage_Handler</a> from stm32mp1xx_it.o(i.MemManage_Handler) referenced from startup_stm32mp15xx.o(RESET)
 <LI><a href="#[3]">NMI_Handler</a> from stm32mp1xx_it.o(i.NMI_Handler) referenced from startup_stm32mp15xx.o(RESET)
 <LI><a href="#[6e]">OTG_IRQHandler</a> from startup_stm32mp15xx.o(.text) referenced from startup_stm32mp15xx.o(RESET)
 <LI><a href="#[d]">PVD_AVD_IRQHandler</a> from startup_stm32mp15xx.o(.text) referenced from startup_stm32mp15xx.o(RESET)
 <LI><a href="#[a]">PendSV_Handler</a> from stm32mp1xx_it.o(i.PendSV_Handler) referenced from startup_stm32mp15xx.o(RESET)
 <LI><a href="#[68]">QUADSPI_IRQHandler</a> from startup_stm32mp15xx.o(.text) referenced from startup_stm32mp15xx.o(RESET)
 <LI><a href="#[11]">RCC_IRQHandler</a> from startup_stm32mp15xx.o(.text) referenced from startup_stm32mp15xx.o(RESET)
 <LI><a href="#[9d]">RCC_WAKEUP_IRQHandler</a> from startup_stm32mp15xx.o(.text) referenced from startup_stm32mp15xx.o(RESET)
 <LI><a href="#[9b]">RESERVED143_IRQHandler</a> from startup_stm32mp15xx.o(.text) referenced from startup_stm32mp15xx.o(RESET)
 <LI><a href="#[a0]">RESERVED148_IRQHandler</a> from startup_stm32mp15xx.o(.text) referenced from startup_stm32mp15xx.o(RESET)
 <LI><a href="#[10]">RESERVED4_IRQHandler</a> from startup_stm32mp15xx.o(.text) referenced from startup_stm32mp15xx.o(RESET)
 <LI><a href="#[6f]">RESERVED99_IRQHandler</a> from startup_stm32mp15xx.o(.text) referenced from startup_stm32mp15xx.o(RESET)
 <LI><a href="#[91]">RNG1_IRQHandler</a> from startup_stm32mp15xx.o(.text) referenced from startup_stm32mp15xx.o(RESET)
 <LI><a href="#[92]">RNG2_IRQHandler</a> from startup_stm32mp15xx.o(.text) referenced from startup_stm32mp15xx.o(RESET)
 <LI><a href="#[35]">RTC_TIMESTAMP_IRQHandler</a> from startup_stm32mp15xx.o(.text) referenced from startup_stm32mp15xx.o(RESET)
 <LI><a href="#[f]">RTC_WKUP_ALARM_IRQHandler</a> from startup_stm32mp15xx.o(.text) referenced from startup_stm32mp15xx.o(RESET)
 <LI><a href="#[2]">Reset_Handler</a> from startup_stm32mp15xx.o(.text) referenced from startup_stm32mp15xx.o(RESET)
 <LI><a href="#[63]">SAI1_IRQHandler</a> from startup_stm32mp15xx.o(.text) referenced from startup_stm32mp15xx.o(RESET)
 <LI><a href="#[67]">SAI2_IRQHandler</a> from startup_stm32mp15xx.o(.text) referenced from startup_stm32mp15xx.o(RESET)
 <LI><a href="#[7e]">SAI3_IRQHandler</a> from startup_stm32mp15xx.o(.text) referenced from startup_stm32mp15xx.o(RESET)
 <LI><a href="#[9e]">SAI4_IRQHandler</a> from startup_stm32mp15xx.o(.text) referenced from startup_stm32mp15xx.o(RESET)
 <LI><a href="#[3d]">SDMMC1_IRQHandler</a> from startup_stm32mp15xx.o(.text) referenced from startup_stm32mp15xx.o(RESET)
 <LI><a href="#[88]">SDMMC2_IRQHandler</a> from startup_stm32mp15xx.o(.text) referenced from startup_stm32mp15xx.o(RESET)
 <LI><a href="#[95]">SDMMC3_IRQHandler</a> from startup_stm32mp15xx.o(.text) referenced from startup_stm32mp15xx.o(RESET)
 <LI><a href="#[6d]">SPDIF_RX_IRQHandler</a> from startup_stm32mp15xx.o(.text) referenced from startup_stm32mp15xx.o(RESET)
 <LI><a href="#[2f]">SPI1_IRQHandler</a> from startup_stm32mp15xx.o(.text) referenced from startup_stm32mp15xx.o(RESET)
 <LI><a href="#[30]">SPI2_IRQHandler</a> from startup_stm32mp15xx.o(.text) referenced from startup_stm32mp15xx.o(RESET)
 <LI><a href="#[3f]">SPI3_IRQHandler</a> from startup_stm32mp15xx.o(.text) referenced from startup_stm32mp15xx.o(RESET)
 <LI><a href="#[60]">SPI4_IRQHandler</a> from startup_stm32mp15xx.o(.text) referenced from startup_stm32mp15xx.o(RESET)
 <LI><a href="#[61]">SPI5_IRQHandler</a> from startup_stm32mp15xx.o(.text) referenced from startup_stm32mp15xx.o(RESET)
 <LI><a href="#[62]">SPI6_IRQHandler</a> from startup_stm32mp15xx.o(.text) referenced from startup_stm32mp15xx.o(RESET)
 <LI><a href="#[8]">SVC_Handler</a> from stm32mp1xx_it.o(i.SVC_Handler) referenced from startup_stm32mp15xx.o(RESET)
 <LI><a href="#[b]">SysTick_Handler</a> from stm32mp1xx_it.o(i.SysTick_Handler) referenced from startup_stm32mp15xx.o(RESET)
 <LI><a href="#[a2]">SystemInit</a> from system_stm32mp1xx.o(i.SystemInit) referenced from startup_stm32mp15xx.o(.text)
 <LI><a href="#[e]">TAMP_IRQHandler</a> from startup_stm32mp15xx.o(.text) referenced from startup_stm32mp15xx.o(RESET)
 <LI><a href="#[83]">TIM12_IRQHandler</a> from startup_stm32mp15xx.o(.text) referenced from startup_stm32mp15xx.o(RESET)
 <LI><a href="#[8e]">TIM13_IRQHandler</a> from startup_stm32mp15xx.o(.text) referenced from startup_stm32mp15xx.o(RESET)
 <LI><a href="#[8f]">TIM14_IRQHandler</a> from startup_stm32mp15xx.o(.text) referenced from startup_stm32mp15xx.o(RESET)
 <LI><a href="#[80]">TIM15_IRQHandler</a> from startup_stm32mp15xx.o(.text) referenced from startup_stm32mp15xx.o(RESET)
 <LI><a href="#[81]">TIM16_IRQHandler</a> from startup_stm32mp15xx.o(.text) referenced from startup_stm32mp15xx.o(RESET)
 <LI><a href="#[82]">TIM17_IRQHandler</a> from startup_stm32mp15xx.o(.text) referenced from startup_stm32mp15xx.o(RESET)
 <LI><a href="#[24]">TIM1_BRK_IRQHandler</a> from startup_stm32mp15xx.o(.text) referenced from startup_stm32mp15xx.o(RESET)
 <LI><a href="#[27]">TIM1_CC_IRQHandler</a> from startup_stm32mp15xx.o(.text) referenced from startup_stm32mp15xx.o(RESET)
 <LI><a href="#[26]">TIM1_TRG_COM_IRQHandler</a> from startup_stm32mp15xx.o(.text) referenced from startup_stm32mp15xx.o(RESET)
 <LI><a href="#[25]">TIM1_UP_IRQHandler</a> from startup_stm32mp15xx.o(.text) referenced from startup_stm32mp15xx.o(RESET)
 <LI><a href="#[28]">TIM2_IRQHandler</a> from startup_stm32mp15xx.o(.text) referenced from startup_stm32mp15xx.o(RESET)
 <LI><a href="#[29]">TIM3_IRQHandler</a> from startup_stm32mp15xx.o(.text) referenced from startup_stm32mp15xx.o(RESET)
 <LI><a href="#[2a]">TIM4_IRQHandler</a> from startup_stm32mp15xx.o(.text) referenced from startup_stm32mp15xx.o(RESET)
 <LI><a href="#[3e]">TIM5_IRQHandler</a> from startup_stm32mp15xx.o(.text) referenced from startup_stm32mp15xx.o(RESET)
 <LI><a href="#[42]">TIM6_IRQHandler</a> from startup_stm32mp15xx.o(.text) referenced from startup_stm32mp15xx.o(RESET)
 <LI><a href="#[43]">TIM7_IRQHandler</a> from startup_stm32mp15xx.o(.text) referenced from startup_stm32mp15xx.o(RESET)
 <LI><a href="#[37]">TIM8_BRK_IRQHandler</a> from startup_stm32mp15xx.o(.text) referenced from startup_stm32mp15xx.o(RESET)
 <LI><a href="#[3a]">TIM8_CC_IRQHandler</a> from startup_stm32mp15xx.o(.text) referenced from startup_stm32mp15xx.o(RESET)
 <LI><a href="#[39]">TIM8_TRG_COM_IRQHandler</a> from startup_stm32mp15xx.o(.text) referenced from startup_stm32mp15xx.o(RESET)
 <LI><a href="#[38]">TIM8_UP_IRQHandler</a> from atim.o(i.TIM8_UP_IRQHandler) referenced from startup_stm32mp15xx.o(RESET)
 <LI><a href="#[40]">UART4_IRQHandler</a> from usart.o(i.UART4_IRQHandler) referenced from startup_stm32mp15xx.o(RESET)
 <LI><a href="#[41]">UART5_IRQHandler</a> from startup_stm32mp15xx.o(.text) referenced from startup_stm32mp15xx.o(RESET)
 <LI><a href="#[5e]">UART7_IRQHandler</a> from startup_stm32mp15xx.o(.text) referenced from startup_stm32mp15xx.o(RESET)
 <LI><a href="#[5f]">UART8_IRQHandler</a> from startup_stm32mp15xx.o(.text) referenced from startup_stm32mp15xx.o(RESET)
 <LI><a href="#[a4]">UART_DMAAbortOnError</a> from stm32mp1xx_hal_uart.o(i.UART_DMAAbortOnError) referenced from stm32mp1xx_hal_uart.o(i.HAL_UART_IRQHandler)
 <LI><a href="#[a5]">UART_MDMAAbortOnError</a> from stm32mp1xx_hal_uart.o(i.UART_MDMAAbortOnError) referenced from stm32mp1xx_hal_uart.o(i.HAL_UART_IRQHandler)
 <LI><a href="#[a9]">UART_RxISR_16BIT</a> from stm32mp1xx_hal_uart.o(i.UART_RxISR_16BIT) referenced from stm32mp1xx_hal_uart.o(i.HAL_UART_Receive_IT)
 <LI><a href="#[a9]">UART_RxISR_16BIT</a> from stm32mp1xx_hal_uart.o(i.UART_RxISR_16BIT) referenced from stm32mp1xx_hal_uart.o(i.UART_RxISR_16BIT_FIFOEN)
 <LI><a href="#[a7]">UART_RxISR_16BIT_FIFOEN</a> from stm32mp1xx_hal_uart.o(i.UART_RxISR_16BIT_FIFOEN) referenced from stm32mp1xx_hal_uart.o(i.HAL_UART_Receive_IT)
 <LI><a href="#[a8]">UART_RxISR_8BIT</a> from stm32mp1xx_hal_uart.o(i.UART_RxISR_8BIT) referenced from stm32mp1xx_hal_uart.o(i.HAL_UART_Receive_IT)
 <LI><a href="#[a8]">UART_RxISR_8BIT</a> from stm32mp1xx_hal_uart.o(i.UART_RxISR_8BIT) referenced from stm32mp1xx_hal_uart.o(i.UART_RxISR_8BIT_FIFOEN)
 <LI><a href="#[a6]">UART_RxISR_8BIT_FIFOEN</a> from stm32mp1xx_hal_uart.o(i.UART_RxISR_8BIT_FIFOEN) referenced from stm32mp1xx_hal_uart.o(i.HAL_UART_Receive_IT)
 <LI><a href="#[31]">USART1_IRQHandler</a> from startup_stm32mp15xx.o(.text) referenced from startup_stm32mp15xx.o(RESET)
 <LI><a href="#[32]">USART2_IRQHandler</a> from startup_stm32mp15xx.o(.text) referenced from startup_stm32mp15xx.o(RESET)
 <LI><a href="#[33]">USART3_IRQHandler</a> from startup_stm32mp15xx.o(.text) referenced from startup_stm32mp15xx.o(RESET)
 <LI><a href="#[53]">USART6_IRQHandler</a> from startup_stm32mp15xx.o(.text) referenced from startup_stm32mp15xx.o(RESET)
 <LI><a href="#[57]">USBH_EHCI_IRQHandler</a> from startup_stm32mp15xx.o(.text) referenced from startup_stm32mp15xx.o(RESET)
 <LI><a href="#[56]">USBH_OHCI_IRQHandler</a> from startup_stm32mp15xx.o(.text) referenced from startup_stm32mp15xx.o(RESET)
 <LI><a href="#[7]">UsageFault_Handler</a> from stm32mp1xx_it.o(i.UsageFault_Handler) referenced from startup_stm32mp15xx.o(RESET)
 <LI><a href="#[a1]">WAKEUP_PIN_IRQHandler</a> from startup_stm32mp15xx.o(.text) referenced from startup_stm32mp15xx.o(RESET)
 <LI><a href="#[c]">WWDG1_IRQHandler</a> from startup_stm32mp15xx.o(.text) referenced from startup_stm32mp15xx.o(RESET)
 <LI><a href="#[aa]">__main</a> from __main.o(!!!main) referenced from startup_stm32mp15xx.o(.text)
 <LI><a href="#[8c]">nCTIIRQ1_IRQHandler</a> from startup_stm32mp15xx.o(.text) referenced from startup_stm32mp15xx.o(RESET)
 <LI><a href="#[8d]">nCTIIRQ2_IRQHandler</a> from startup_stm32mp15xx.o(.text) referenced from startup_stm32mp15xx.o(RESET)
</UL>
<P>
<H3>
Global Symbols
</H3>
<P><STRONG><a name="[aa]"></a>__main</STRONG> (Thumb, 8 bytes, Stack size 0 bytes, __main.o(!!!main))
<BR><BR>[Calls]<UL><LI><a href="#[ab]">&gt;&gt;</a>&nbsp;&nbsp;&nbsp;__scatterload
<LI><a href="#[ac]">&gt;&gt;</a>&nbsp;&nbsp;&nbsp;__rt_entry
</UL>

<P><STRONG><a name="[ab]"></a>__scatterload</STRONG> (Thumb, 0 bytes, Stack size unknown bytes, __scatter.o(!!!scatter))
<BR><BR>[Called By]<UL><LI><a href="#[aa]">&gt;&gt;</a>&nbsp;&nbsp;&nbsp;__main
</UL>

<P><STRONG><a name="[ad]"></a>__scatterload_rt2</STRONG> (Thumb, 44 bytes, Stack size unknown bytes, __scatter.o(!!!scatter), UNUSED)
<BR><BR>[Calls]<UL><LI><a href="#[ac]">&gt;&gt;</a>&nbsp;&nbsp;&nbsp;__rt_entry
</UL>

<P><STRONG><a name="[113]"></a>__scatterload_rt2_thumb_only</STRONG> (Thumb, 0 bytes, Stack size unknown bytes, __scatter.o(!!!scatter), UNUSED)

<P><STRONG><a name="[114]"></a>__scatterload_null</STRONG> (Thumb, 0 bytes, Stack size unknown bytes, __scatter.o(!!!scatter), UNUSED)

<P><STRONG><a name="[ae]"></a>__scatterload_copy</STRONG> (Thumb, 26 bytes, Stack size unknown bytes, __scatter_copy.o(!!handler_copy), UNUSED)
<BR><BR>[Calls]<UL><LI><a href="#[ae]">&gt;&gt;</a>&nbsp;&nbsp;&nbsp;__scatterload_copy
</UL>
<BR>[Called By]<UL><LI><a href="#[ae]">&gt;&gt;</a>&nbsp;&nbsp;&nbsp;__scatterload_copy
</UL>

<P><STRONG><a name="[115]"></a>__scatterload_zeroinit</STRONG> (Thumb, 28 bytes, Stack size unknown bytes, __scatter_zi.o(!!handler_zi), UNUSED)

<P><STRONG><a name="[b2]"></a>__rt_lib_init</STRONG> (Thumb, 0 bytes, Stack size unknown bytes, libinit.o(.ARM.Collect$$libinit$$00000000))
<BR><BR>[Called By]<UL><LI><a href="#[b1]">&gt;&gt;</a>&nbsp;&nbsp;&nbsp;__rt_entry_li
</UL>

<P><STRONG><a name="[af]"></a>__rt_lib_init_fp_1</STRONG> (Thumb, 0 bytes, Stack size unknown bytes, libinit2.o(.ARM.Collect$$libinit$$00000001))
<BR><BR>[Calls]<UL><LI><a href="#[b0]">&gt;&gt;</a>&nbsp;&nbsp;&nbsp;_fp_init
</UL>

<P><STRONG><a name="[116]"></a>__rt_lib_init_alloca_1</STRONG> (Thumb, 0 bytes, Stack size unknown bytes, libinit2.o(.ARM.Collect$$libinit$$0000002E))

<P><STRONG><a name="[117]"></a>__rt_lib_init_argv_1</STRONG> (Thumb, 0 bytes, Stack size unknown bytes, libinit2.o(.ARM.Collect$$libinit$$0000002C))

<P><STRONG><a name="[118]"></a>__rt_lib_init_atexit_1</STRONG> (Thumb, 0 bytes, Stack size unknown bytes, libinit2.o(.ARM.Collect$$libinit$$0000001B))

<P><STRONG><a name="[119]"></a>__rt_lib_init_clock_1</STRONG> (Thumb, 0 bytes, Stack size unknown bytes, libinit2.o(.ARM.Collect$$libinit$$00000021))

<P><STRONG><a name="[11a]"></a>__rt_lib_init_cpp_1</STRONG> (Thumb, 0 bytes, Stack size unknown bytes, libinit2.o(.ARM.Collect$$libinit$$00000032))

<P><STRONG><a name="[11b]"></a>__rt_lib_init_exceptions_1</STRONG> (Thumb, 0 bytes, Stack size unknown bytes, libinit2.o(.ARM.Collect$$libinit$$00000030))

<P><STRONG><a name="[11c]"></a>__rt_lib_init_fp_trap_1</STRONG> (Thumb, 0 bytes, Stack size unknown bytes, libinit2.o(.ARM.Collect$$libinit$$0000001F))

<P><STRONG><a name="[11d]"></a>__rt_lib_init_getenv_1</STRONG> (Thumb, 0 bytes, Stack size unknown bytes, libinit2.o(.ARM.Collect$$libinit$$00000023))

<P><STRONG><a name="[11e]"></a>__rt_lib_init_heap_1</STRONG> (Thumb, 0 bytes, Stack size unknown bytes, libinit2.o(.ARM.Collect$$libinit$$0000000A))

<P><STRONG><a name="[11f]"></a>__rt_lib_init_lc_collate_1</STRONG> (Thumb, 0 bytes, Stack size unknown bytes, libinit2.o(.ARM.Collect$$libinit$$00000011))

<P><STRONG><a name="[120]"></a>__rt_lib_init_lc_ctype_1</STRONG> (Thumb, 0 bytes, Stack size unknown bytes, libinit2.o(.ARM.Collect$$libinit$$00000013))

<P><STRONG><a name="[121]"></a>__rt_lib_init_lc_monetary_1</STRONG> (Thumb, 0 bytes, Stack size unknown bytes, libinit2.o(.ARM.Collect$$libinit$$00000015))

<P><STRONG><a name="[122]"></a>__rt_lib_init_lc_numeric_1</STRONG> (Thumb, 0 bytes, Stack size unknown bytes, libinit2.o(.ARM.Collect$$libinit$$00000017))

<P><STRONG><a name="[123]"></a>__rt_lib_init_lc_time_1</STRONG> (Thumb, 0 bytes, Stack size unknown bytes, libinit2.o(.ARM.Collect$$libinit$$00000019))

<P><STRONG><a name="[124]"></a>__rt_lib_init_preinit_1</STRONG> (Thumb, 0 bytes, Stack size unknown bytes, libinit2.o(.ARM.Collect$$libinit$$00000004))

<P><STRONG><a name="[125]"></a>__rt_lib_init_rand_1</STRONG> (Thumb, 0 bytes, Stack size unknown bytes, libinit2.o(.ARM.Collect$$libinit$$0000000E))

<P><STRONG><a name="[126]"></a>__rt_lib_init_return</STRONG> (Thumb, 0 bytes, Stack size unknown bytes, libinit2.o(.ARM.Collect$$libinit$$00000033))

<P><STRONG><a name="[127]"></a>__rt_lib_init_signal_1</STRONG> (Thumb, 0 bytes, Stack size unknown bytes, libinit2.o(.ARM.Collect$$libinit$$0000001D))

<P><STRONG><a name="[128]"></a>__rt_lib_init_stdio_1</STRONG> (Thumb, 0 bytes, Stack size unknown bytes, libinit2.o(.ARM.Collect$$libinit$$00000025))

<P><STRONG><a name="[129]"></a>__rt_lib_init_user_alloc_1</STRONG> (Thumb, 0 bytes, Stack size unknown bytes, libinit2.o(.ARM.Collect$$libinit$$0000000C))

<P><STRONG><a name="[b7]"></a>__rt_lib_shutdown</STRONG> (Thumb, 0 bytes, Stack size unknown bytes, libshutdown.o(.ARM.Collect$$libshutdown$$00000000))
<BR><BR>[Called By]<UL><LI><a href="#[b6]">&gt;&gt;</a>&nbsp;&nbsp;&nbsp;__rt_exit_ls
</UL>

<P><STRONG><a name="[12a]"></a>__rt_lib_shutdown_cpp_1</STRONG> (Thumb, 0 bytes, Stack size unknown bytes, libshutdown2.o(.ARM.Collect$$libshutdown$$00000002))

<P><STRONG><a name="[12b]"></a>__rt_lib_shutdown_fp_trap_1</STRONG> (Thumb, 0 bytes, Stack size unknown bytes, libshutdown2.o(.ARM.Collect$$libshutdown$$00000007))

<P><STRONG><a name="[12c]"></a>__rt_lib_shutdown_heap_1</STRONG> (Thumb, 0 bytes, Stack size unknown bytes, libshutdown2.o(.ARM.Collect$$libshutdown$$0000000F))

<P><STRONG><a name="[12d]"></a>__rt_lib_shutdown_return</STRONG> (Thumb, 0 bytes, Stack size unknown bytes, libshutdown2.o(.ARM.Collect$$libshutdown$$00000010))

<P><STRONG><a name="[12e]"></a>__rt_lib_shutdown_signal_1</STRONG> (Thumb, 0 bytes, Stack size unknown bytes, libshutdown2.o(.ARM.Collect$$libshutdown$$0000000A))

<P><STRONG><a name="[12f]"></a>__rt_lib_shutdown_stdio_1</STRONG> (Thumb, 0 bytes, Stack size unknown bytes, libshutdown2.o(.ARM.Collect$$libshutdown$$00000004))

<P><STRONG><a name="[130]"></a>__rt_lib_shutdown_user_alloc_1</STRONG> (Thumb, 0 bytes, Stack size unknown bytes, libshutdown2.o(.ARM.Collect$$libshutdown$$0000000C))

<P><STRONG><a name="[ac]"></a>__rt_entry</STRONG> (Thumb, 0 bytes, Stack size unknown bytes, __rtentry.o(.ARM.Collect$$rtentry$$00000000))
<BR><BR>[Called By]<UL><LI><a href="#[ad]">&gt;&gt;</a>&nbsp;&nbsp;&nbsp;__scatterload_rt2
<LI><a href="#[aa]">&gt;&gt;</a>&nbsp;&nbsp;&nbsp;__main
</UL>

<P><STRONG><a name="[131]"></a>__rt_entry_presh_1</STRONG> (Thumb, 0 bytes, Stack size unknown bytes, __rtentry2.o(.ARM.Collect$$rtentry$$00000002))

<P><STRONG><a name="[132]"></a>__rt_entry_sh</STRONG> (Thumb, 0 bytes, Stack size unknown bytes, __rtentry5.o(.ARM.Collect$$rtentry$$00000005))

<P><STRONG><a name="[b1]"></a>__rt_entry_li</STRONG> (Thumb, 0 bytes, Stack size unknown bytes, __rtentry2.o(.ARM.Collect$$rtentry$$0000000A))
<BR><BR>[Calls]<UL><LI><a href="#[b2]">&gt;&gt;</a>&nbsp;&nbsp;&nbsp;__rt_lib_init
</UL>

<P><STRONG><a name="[133]"></a>__rt_entry_postsh_1</STRONG> (Thumb, 0 bytes, Stack size unknown bytes, __rtentry2.o(.ARM.Collect$$rtentry$$00000009))

<P><STRONG><a name="[b3]"></a>__rt_entry_main</STRONG> (Thumb, 0 bytes, Stack size unknown bytes, __rtentry2.o(.ARM.Collect$$rtentry$$0000000D))
<BR><BR>[Stack]<UL><LI>Max Depth = 788 + Unknown Stack Size
<LI>Call Chain = __rt_entry_main &rArr; main &rArr; usart_init &rArr; HAL_UART_Init &rArr; HAL_UART_MspInit &rArr; HAL_RCCEx_PeriphCLKConfig &rArr; HAL_RCC_OscConfig &rArr; HAL_RCC_GetMCUFreq &rArr; HAL_RCC_GetMCUSSFreq &rArr; HAL_RCC_GetPLL3ClockFreq
</UL>
<BR>[Calls]<UL><LI><a href="#[b4]">&gt;&gt;</a>&nbsp;&nbsp;&nbsp;main
<LI><a href="#[b5]">&gt;&gt;</a>&nbsp;&nbsp;&nbsp;exit
</UL>

<P><STRONG><a name="[134]"></a>__rt_entry_postli_1</STRONG> (Thumb, 0 bytes, Stack size unknown bytes, __rtentry2.o(.ARM.Collect$$rtentry$$0000000C))

<P><STRONG><a name="[ba]"></a>__rt_exit</STRONG> (Thumb, 0 bytes, Stack size unknown bytes, rtexit.o(.ARM.Collect$$rtexit$$00000000))
<BR><BR>[Called By]<UL><LI><a href="#[b5]">&gt;&gt;</a>&nbsp;&nbsp;&nbsp;exit
</UL>

<P><STRONG><a name="[b6]"></a>__rt_exit_ls</STRONG> (Thumb, 0 bytes, Stack size unknown bytes, rtexit2.o(.ARM.Collect$$rtexit$$00000003))
<BR><BR>[Calls]<UL><LI><a href="#[b7]">&gt;&gt;</a>&nbsp;&nbsp;&nbsp;__rt_lib_shutdown
</UL>

<P><STRONG><a name="[135]"></a>__rt_exit_prels_1</STRONG> (Thumb, 0 bytes, Stack size unknown bytes, rtexit2.o(.ARM.Collect$$rtexit$$00000002))

<P><STRONG><a name="[b8]"></a>__rt_exit_exit</STRONG> (Thumb, 0 bytes, Stack size unknown bytes, rtexit2.o(.ARM.Collect$$rtexit$$00000004))
<BR><BR>[Calls]<UL><LI><a href="#[b9]">&gt;&gt;</a>&nbsp;&nbsp;&nbsp;_sys_exit
</UL>

<P><STRONG><a name="[2]"></a>Reset_Handler</STRONG> (Thumb, 8 bytes, Stack size 0 bytes, startup_stm32mp15xx.o(.text))
<BR>[Address Reference Count : 1]<UL><LI> startup_stm32mp15xx.o(RESET)
</UL>
<P><STRONG><a name="[c]"></a>WWDG1_IRQHandler</STRONG> (Thumb, 2 bytes, Stack size 0 bytes, startup_stm32mp15xx.o(.text))
<BR><BR>[Calls]<UL><LI><a href="#[c]">&gt;&gt;</a>&nbsp;&nbsp;&nbsp;WWDG1_IRQHandler
</UL>
<BR>[Called By]<UL><LI><a href="#[c]">&gt;&gt;</a>&nbsp;&nbsp;&nbsp;WWDG1_IRQHandler
</UL>
<BR>[Address Reference Count : 1]<UL><LI> startup_stm32mp15xx.o(RESET)
</UL>
<P><STRONG><a name="[d]"></a>PVD_AVD_IRQHandler</STRONG> (Thumb, 2 bytes, Stack size 0 bytes, startup_stm32mp15xx.o(.text))
<BR><BR>[Calls]<UL><LI><a href="#[d]">&gt;&gt;</a>&nbsp;&nbsp;&nbsp;PVD_AVD_IRQHandler
</UL>
<BR>[Called By]<UL><LI><a href="#[d]">&gt;&gt;</a>&nbsp;&nbsp;&nbsp;PVD_AVD_IRQHandler
</UL>
<BR>[Address Reference Count : 1]<UL><LI> startup_stm32mp15xx.o(RESET)
</UL>
<P><STRONG><a name="[e]"></a>TAMP_IRQHandler</STRONG> (Thumb, 2 bytes, Stack size 0 bytes, startup_stm32mp15xx.o(.text))
<BR><BR>[Calls]<UL><LI><a href="#[e]">&gt;&gt;</a>&nbsp;&nbsp;&nbsp;TAMP_IRQHandler
</UL>
<BR>[Called By]<UL><LI><a href="#[e]">&gt;&gt;</a>&nbsp;&nbsp;&nbsp;TAMP_IRQHandler
</UL>
<BR>[Address Reference Count : 1]<UL><LI> startup_stm32mp15xx.o(RESET)
</UL>
<P><STRONG><a name="[f]"></a>RTC_WKUP_ALARM_IRQHandler</STRONG> (Thumb, 2 bytes, Stack size 0 bytes, startup_stm32mp15xx.o(.text))
<BR><BR>[Calls]<UL><LI><a href="#[f]">&gt;&gt;</a>&nbsp;&nbsp;&nbsp;RTC_WKUP_ALARM_IRQHandler
</UL>
<BR>[Called By]<UL><LI><a href="#[f]">&gt;&gt;</a>&nbsp;&nbsp;&nbsp;RTC_WKUP_ALARM_IRQHandler
</UL>
<BR>[Address Reference Count : 1]<UL><LI> startup_stm32mp15xx.o(RESET)
</UL>
<P><STRONG><a name="[10]"></a>RESERVED4_IRQHandler</STRONG> (Thumb, 2 bytes, Stack size 0 bytes, startup_stm32mp15xx.o(.text))
<BR><BR>[Calls]<UL><LI><a href="#[10]">&gt;&gt;</a>&nbsp;&nbsp;&nbsp;RESERVED4_IRQHandler
</UL>
<BR>[Called By]<UL><LI><a href="#[10]">&gt;&gt;</a>&nbsp;&nbsp;&nbsp;RESERVED4_IRQHandler
</UL>
<BR>[Address Reference Count : 1]<UL><LI> startup_stm32mp15xx.o(RESET)
</UL>
<P><STRONG><a name="[11]"></a>RCC_IRQHandler</STRONG> (Thumb, 2 bytes, Stack size 0 bytes, startup_stm32mp15xx.o(.text))
<BR><BR>[Calls]<UL><LI><a href="#[11]">&gt;&gt;</a>&nbsp;&nbsp;&nbsp;RCC_IRQHandler
</UL>
<BR>[Called By]<UL><LI><a href="#[11]">&gt;&gt;</a>&nbsp;&nbsp;&nbsp;RCC_IRQHandler
</UL>
<BR>[Address Reference Count : 1]<UL><LI> startup_stm32mp15xx.o(RESET)
</UL>
<P><STRONG><a name="[12]"></a>EXTI0_IRQHandler</STRONG> (Thumb, 2 bytes, Stack size 0 bytes, startup_stm32mp15xx.o(.text))
<BR><BR>[Calls]<UL><LI><a href="#[12]">&gt;&gt;</a>&nbsp;&nbsp;&nbsp;EXTI0_IRQHandler
</UL>
<BR>[Called By]<UL><LI><a href="#[12]">&gt;&gt;</a>&nbsp;&nbsp;&nbsp;EXTI0_IRQHandler
</UL>
<BR>[Address Reference Count : 1]<UL><LI> startup_stm32mp15xx.o(RESET)
</UL>
<P><STRONG><a name="[13]"></a>EXTI1_IRQHandler</STRONG> (Thumb, 2 bytes, Stack size 0 bytes, startup_stm32mp15xx.o(.text))
<BR><BR>[Calls]<UL><LI><a href="#[13]">&gt;&gt;</a>&nbsp;&nbsp;&nbsp;EXTI1_IRQHandler
</UL>
<BR>[Called By]<UL><LI><a href="#[13]">&gt;&gt;</a>&nbsp;&nbsp;&nbsp;EXTI1_IRQHandler
</UL>
<BR>[Address Reference Count : 1]<UL><LI> startup_stm32mp15xx.o(RESET)
</UL>
<P><STRONG><a name="[14]"></a>EXTI2_IRQHandler</STRONG> (Thumb, 2 bytes, Stack size 0 bytes, startup_stm32mp15xx.o(.text))
<BR><BR>[Calls]<UL><LI><a href="#[14]">&gt;&gt;</a>&nbsp;&nbsp;&nbsp;EXTI2_IRQHandler
</UL>
<BR>[Called By]<UL><LI><a href="#[14]">&gt;&gt;</a>&nbsp;&nbsp;&nbsp;EXTI2_IRQHandler
</UL>
<BR>[Address Reference Count : 1]<UL><LI> startup_stm32mp15xx.o(RESET)
</UL>
<P><STRONG><a name="[15]"></a>EXTI3_IRQHandler</STRONG> (Thumb, 2 bytes, Stack size 0 bytes, startup_stm32mp15xx.o(.text))
<BR><BR>[Calls]<UL><LI><a href="#[15]">&gt;&gt;</a>&nbsp;&nbsp;&nbsp;EXTI3_IRQHandler
</UL>
<BR>[Called By]<UL><LI><a href="#[15]">&gt;&gt;</a>&nbsp;&nbsp;&nbsp;EXTI3_IRQHandler
</UL>
<BR>[Address Reference Count : 1]<UL><LI> startup_stm32mp15xx.o(RESET)
</UL>
<P><STRONG><a name="[16]"></a>EXTI4_IRQHandler</STRONG> (Thumb, 2 bytes, Stack size 0 bytes, startup_stm32mp15xx.o(.text))
<BR><BR>[Calls]<UL><LI><a href="#[16]">&gt;&gt;</a>&nbsp;&nbsp;&nbsp;EXTI4_IRQHandler
</UL>
<BR>[Called By]<UL><LI><a href="#[16]">&gt;&gt;</a>&nbsp;&nbsp;&nbsp;EXTI4_IRQHandler
</UL>
<BR>[Address Reference Count : 1]<UL><LI> startup_stm32mp15xx.o(RESET)
</UL>
<P><STRONG><a name="[17]"></a>DMA1_Stream0_IRQHandler</STRONG> (Thumb, 2 bytes, Stack size 0 bytes, startup_stm32mp15xx.o(.text))
<BR><BR>[Calls]<UL><LI><a href="#[17]">&gt;&gt;</a>&nbsp;&nbsp;&nbsp;DMA1_Stream0_IRQHandler
</UL>
<BR>[Called By]<UL><LI><a href="#[17]">&gt;&gt;</a>&nbsp;&nbsp;&nbsp;DMA1_Stream0_IRQHandler
</UL>
<BR>[Address Reference Count : 1]<UL><LI> startup_stm32mp15xx.o(RESET)
</UL>
<P><STRONG><a name="[18]"></a>DMA1_Stream1_IRQHandler</STRONG> (Thumb, 2 bytes, Stack size 0 bytes, startup_stm32mp15xx.o(.text))
<BR><BR>[Calls]<UL><LI><a href="#[18]">&gt;&gt;</a>&nbsp;&nbsp;&nbsp;DMA1_Stream1_IRQHandler
</UL>
<BR>[Called By]<UL><LI><a href="#[18]">&gt;&gt;</a>&nbsp;&nbsp;&nbsp;DMA1_Stream1_IRQHandler
</UL>
<BR>[Address Reference Count : 1]<UL><LI> startup_stm32mp15xx.o(RESET)
</UL>
<P><STRONG><a name="[19]"></a>DMA1_Stream2_IRQHandler</STRONG> (Thumb, 2 bytes, Stack size 0 bytes, startup_stm32mp15xx.o(.text))
<BR><BR>[Calls]<UL><LI><a href="#[19]">&gt;&gt;</a>&nbsp;&nbsp;&nbsp;DMA1_Stream2_IRQHandler
</UL>
<BR>[Called By]<UL><LI><a href="#[19]">&gt;&gt;</a>&nbsp;&nbsp;&nbsp;DMA1_Stream2_IRQHandler
</UL>
<BR>[Address Reference Count : 1]<UL><LI> startup_stm32mp15xx.o(RESET)
</UL>
<P><STRONG><a name="[1a]"></a>DMA1_Stream3_IRQHandler</STRONG> (Thumb, 2 bytes, Stack size 0 bytes, startup_stm32mp15xx.o(.text))
<BR><BR>[Calls]<UL><LI><a href="#[1a]">&gt;&gt;</a>&nbsp;&nbsp;&nbsp;DMA1_Stream3_IRQHandler
</UL>
<BR>[Called By]<UL><LI><a href="#[1a]">&gt;&gt;</a>&nbsp;&nbsp;&nbsp;DMA1_Stream3_IRQHandler
</UL>
<BR>[Address Reference Count : 1]<UL><LI> startup_stm32mp15xx.o(RESET)
</UL>
<P><STRONG><a name="[1b]"></a>DMA1_Stream4_IRQHandler</STRONG> (Thumb, 2 bytes, Stack size 0 bytes, startup_stm32mp15xx.o(.text))
<BR><BR>[Calls]<UL><LI><a href="#[1b]">&gt;&gt;</a>&nbsp;&nbsp;&nbsp;DMA1_Stream4_IRQHandler
</UL>
<BR>[Called By]<UL><LI><a href="#[1b]">&gt;&gt;</a>&nbsp;&nbsp;&nbsp;DMA1_Stream4_IRQHandler
</UL>
<BR>[Address Reference Count : 1]<UL><LI> startup_stm32mp15xx.o(RESET)
</UL>
<P><STRONG><a name="[1c]"></a>DMA1_Stream5_IRQHandler</STRONG> (Thumb, 2 bytes, Stack size 0 bytes, startup_stm32mp15xx.o(.text))
<BR><BR>[Calls]<UL><LI><a href="#[1c]">&gt;&gt;</a>&nbsp;&nbsp;&nbsp;DMA1_Stream5_IRQHandler
</UL>
<BR>[Called By]<UL><LI><a href="#[1c]">&gt;&gt;</a>&nbsp;&nbsp;&nbsp;DMA1_Stream5_IRQHandler
</UL>
<BR>[Address Reference Count : 1]<UL><LI> startup_stm32mp15xx.o(RESET)
</UL>
<P><STRONG><a name="[1d]"></a>DMA1_Stream6_IRQHandler</STRONG> (Thumb, 2 bytes, Stack size 0 bytes, startup_stm32mp15xx.o(.text))
<BR><BR>[Calls]<UL><LI><a href="#[1d]">&gt;&gt;</a>&nbsp;&nbsp;&nbsp;DMA1_Stream6_IRQHandler
</UL>
<BR>[Called By]<UL><LI><a href="#[1d]">&gt;&gt;</a>&nbsp;&nbsp;&nbsp;DMA1_Stream6_IRQHandler
</UL>
<BR>[Address Reference Count : 1]<UL><LI> startup_stm32mp15xx.o(RESET)
</UL>
<P><STRONG><a name="[1e]"></a>ADC1_IRQHandler</STRONG> (Thumb, 2 bytes, Stack size 0 bytes, startup_stm32mp15xx.o(.text))
<BR><BR>[Calls]<UL><LI><a href="#[1e]">&gt;&gt;</a>&nbsp;&nbsp;&nbsp;ADC1_IRQHandler
</UL>
<BR>[Called By]<UL><LI><a href="#[1e]">&gt;&gt;</a>&nbsp;&nbsp;&nbsp;ADC1_IRQHandler
</UL>
<BR>[Address Reference Count : 1]<UL><LI> startup_stm32mp15xx.o(RESET)
</UL>
<P><STRONG><a name="[1f]"></a>FDCAN1_IT0_IRQHandler</STRONG> (Thumb, 2 bytes, Stack size 0 bytes, startup_stm32mp15xx.o(.text))
<BR><BR>[Calls]<UL><LI><a href="#[1f]">&gt;&gt;</a>&nbsp;&nbsp;&nbsp;FDCAN1_IT0_IRQHandler
</UL>
<BR>[Called By]<UL><LI><a href="#[1f]">&gt;&gt;</a>&nbsp;&nbsp;&nbsp;FDCAN1_IT0_IRQHandler
</UL>
<BR>[Address Reference Count : 1]<UL><LI> startup_stm32mp15xx.o(RESET)
</UL>
<P><STRONG><a name="[20]"></a>FDCAN2_IT0_IRQHandler</STRONG> (Thumb, 2 bytes, Stack size 0 bytes, startup_stm32mp15xx.o(.text))
<BR><BR>[Calls]<UL><LI><a href="#[20]">&gt;&gt;</a>&nbsp;&nbsp;&nbsp;FDCAN2_IT0_IRQHandler
</UL>
<BR>[Called By]<UL><LI><a href="#[20]">&gt;&gt;</a>&nbsp;&nbsp;&nbsp;FDCAN2_IT0_IRQHandler
</UL>
<BR>[Address Reference Count : 1]<UL><LI> startup_stm32mp15xx.o(RESET)
</UL>
<P><STRONG><a name="[21]"></a>FDCAN1_IT1_IRQHandler</STRONG> (Thumb, 2 bytes, Stack size 0 bytes, startup_stm32mp15xx.o(.text))
<BR><BR>[Calls]<UL><LI><a href="#[21]">&gt;&gt;</a>&nbsp;&nbsp;&nbsp;FDCAN1_IT1_IRQHandler
</UL>
<BR>[Called By]<UL><LI><a href="#[21]">&gt;&gt;</a>&nbsp;&nbsp;&nbsp;FDCAN1_IT1_IRQHandler
</UL>
<BR>[Address Reference Count : 1]<UL><LI> startup_stm32mp15xx.o(RESET)
</UL>
<P><STRONG><a name="[22]"></a>FDCAN2_IT1_IRQHandler</STRONG> (Thumb, 2 bytes, Stack size 0 bytes, startup_stm32mp15xx.o(.text))
<BR><BR>[Calls]<UL><LI><a href="#[22]">&gt;&gt;</a>&nbsp;&nbsp;&nbsp;FDCAN2_IT1_IRQHandler
</UL>
<BR>[Called By]<UL><LI><a href="#[22]">&gt;&gt;</a>&nbsp;&nbsp;&nbsp;FDCAN2_IT1_IRQHandler
</UL>
<BR>[Address Reference Count : 1]<UL><LI> startup_stm32mp15xx.o(RESET)
</UL>
<P><STRONG><a name="[23]"></a>EXTI5_IRQHandler</STRONG> (Thumb, 2 bytes, Stack size 0 bytes, startup_stm32mp15xx.o(.text))
<BR><BR>[Calls]<UL><LI><a href="#[23]">&gt;&gt;</a>&nbsp;&nbsp;&nbsp;EXTI5_IRQHandler
</UL>
<BR>[Called By]<UL><LI><a href="#[23]">&gt;&gt;</a>&nbsp;&nbsp;&nbsp;EXTI5_IRQHandler
</UL>
<BR>[Address Reference Count : 1]<UL><LI> startup_stm32mp15xx.o(RESET)
</UL>
<P><STRONG><a name="[24]"></a>TIM1_BRK_IRQHandler</STRONG> (Thumb, 2 bytes, Stack size 0 bytes, startup_stm32mp15xx.o(.text))
<BR><BR>[Calls]<UL><LI><a href="#[24]">&gt;&gt;</a>&nbsp;&nbsp;&nbsp;TIM1_BRK_IRQHandler
</UL>
<BR>[Called By]<UL><LI><a href="#[24]">&gt;&gt;</a>&nbsp;&nbsp;&nbsp;TIM1_BRK_IRQHandler
</UL>
<BR>[Address Reference Count : 1]<UL><LI> startup_stm32mp15xx.o(RESET)
</UL>
<P><STRONG><a name="[25]"></a>TIM1_UP_IRQHandler</STRONG> (Thumb, 2 bytes, Stack size 0 bytes, startup_stm32mp15xx.o(.text))
<BR><BR>[Calls]<UL><LI><a href="#[25]">&gt;&gt;</a>&nbsp;&nbsp;&nbsp;TIM1_UP_IRQHandler
</UL>
<BR>[Called By]<UL><LI><a href="#[25]">&gt;&gt;</a>&nbsp;&nbsp;&nbsp;TIM1_UP_IRQHandler
</UL>
<BR>[Address Reference Count : 1]<UL><LI> startup_stm32mp15xx.o(RESET)
</UL>
<P><STRONG><a name="[26]"></a>TIM1_TRG_COM_IRQHandler</STRONG> (Thumb, 2 bytes, Stack size 0 bytes, startup_stm32mp15xx.o(.text))
<BR><BR>[Calls]<UL><LI><a href="#[26]">&gt;&gt;</a>&nbsp;&nbsp;&nbsp;TIM1_TRG_COM_IRQHandler
</UL>
<BR>[Called By]<UL><LI><a href="#[26]">&gt;&gt;</a>&nbsp;&nbsp;&nbsp;TIM1_TRG_COM_IRQHandler
</UL>
<BR>[Address Reference Count : 1]<UL><LI> startup_stm32mp15xx.o(RESET)
</UL>
<P><STRONG><a name="[27]"></a>TIM1_CC_IRQHandler</STRONG> (Thumb, 2 bytes, Stack size 0 bytes, startup_stm32mp15xx.o(.text))
<BR><BR>[Calls]<UL><LI><a href="#[27]">&gt;&gt;</a>&nbsp;&nbsp;&nbsp;TIM1_CC_IRQHandler
</UL>
<BR>[Called By]<UL><LI><a href="#[27]">&gt;&gt;</a>&nbsp;&nbsp;&nbsp;TIM1_CC_IRQHandler
</UL>
<BR>[Address Reference Count : 1]<UL><LI> startup_stm32mp15xx.o(RESET)
</UL>
<P><STRONG><a name="[28]"></a>TIM2_IRQHandler</STRONG> (Thumb, 2 bytes, Stack size 0 bytes, startup_stm32mp15xx.o(.text))
<BR><BR>[Calls]<UL><LI><a href="#[28]">&gt;&gt;</a>&nbsp;&nbsp;&nbsp;TIM2_IRQHandler
</UL>
<BR>[Called By]<UL><LI><a href="#[28]">&gt;&gt;</a>&nbsp;&nbsp;&nbsp;TIM2_IRQHandler
</UL>
<BR>[Address Reference Count : 1]<UL><LI> startup_stm32mp15xx.o(RESET)
</UL>
<P><STRONG><a name="[29]"></a>TIM3_IRQHandler</STRONG> (Thumb, 2 bytes, Stack size 0 bytes, startup_stm32mp15xx.o(.text))
<BR><BR>[Calls]<UL><LI><a href="#[29]">&gt;&gt;</a>&nbsp;&nbsp;&nbsp;TIM3_IRQHandler
</UL>
<BR>[Called By]<UL><LI><a href="#[29]">&gt;&gt;</a>&nbsp;&nbsp;&nbsp;TIM3_IRQHandler
</UL>
<BR>[Address Reference Count : 1]<UL><LI> startup_stm32mp15xx.o(RESET)
</UL>
<P><STRONG><a name="[2a]"></a>TIM4_IRQHandler</STRONG> (Thumb, 2 bytes, Stack size 0 bytes, startup_stm32mp15xx.o(.text))
<BR><BR>[Calls]<UL><LI><a href="#[2a]">&gt;&gt;</a>&nbsp;&nbsp;&nbsp;TIM4_IRQHandler
</UL>
<BR>[Called By]<UL><LI><a href="#[2a]">&gt;&gt;</a>&nbsp;&nbsp;&nbsp;TIM4_IRQHandler
</UL>
<BR>[Address Reference Count : 1]<UL><LI> startup_stm32mp15xx.o(RESET)
</UL>
<P><STRONG><a name="[2b]"></a>I2C1_EV_IRQHandler</STRONG> (Thumb, 2 bytes, Stack size 0 bytes, startup_stm32mp15xx.o(.text))
<BR><BR>[Calls]<UL><LI><a href="#[2b]">&gt;&gt;</a>&nbsp;&nbsp;&nbsp;I2C1_EV_IRQHandler
</UL>
<BR>[Called By]<UL><LI><a href="#[2b]">&gt;&gt;</a>&nbsp;&nbsp;&nbsp;I2C1_EV_IRQHandler
</UL>
<BR>[Address Reference Count : 1]<UL><LI> startup_stm32mp15xx.o(RESET)
</UL>
<P><STRONG><a name="[2c]"></a>I2C1_ER_IRQHandler</STRONG> (Thumb, 2 bytes, Stack size 0 bytes, startup_stm32mp15xx.o(.text))
<BR><BR>[Calls]<UL><LI><a href="#[2c]">&gt;&gt;</a>&nbsp;&nbsp;&nbsp;I2C1_ER_IRQHandler
</UL>
<BR>[Called By]<UL><LI><a href="#[2c]">&gt;&gt;</a>&nbsp;&nbsp;&nbsp;I2C1_ER_IRQHandler
</UL>
<BR>[Address Reference Count : 1]<UL><LI> startup_stm32mp15xx.o(RESET)
</UL>
<P><STRONG><a name="[2d]"></a>I2C2_EV_IRQHandler</STRONG> (Thumb, 2 bytes, Stack size 0 bytes, startup_stm32mp15xx.o(.text))
<BR><BR>[Calls]<UL><LI><a href="#[2d]">&gt;&gt;</a>&nbsp;&nbsp;&nbsp;I2C2_EV_IRQHandler
</UL>
<BR>[Called By]<UL><LI><a href="#[2d]">&gt;&gt;</a>&nbsp;&nbsp;&nbsp;I2C2_EV_IRQHandler
</UL>
<BR>[Address Reference Count : 1]<UL><LI> startup_stm32mp15xx.o(RESET)
</UL>
<P><STRONG><a name="[2e]"></a>I2C2_ER_IRQHandler</STRONG> (Thumb, 2 bytes, Stack size 0 bytes, startup_stm32mp15xx.o(.text))
<BR><BR>[Calls]<UL><LI><a href="#[2e]">&gt;&gt;</a>&nbsp;&nbsp;&nbsp;I2C2_ER_IRQHandler
</UL>
<BR>[Called By]<UL><LI><a href="#[2e]">&gt;&gt;</a>&nbsp;&nbsp;&nbsp;I2C2_ER_IRQHandler
</UL>
<BR>[Address Reference Count : 1]<UL><LI> startup_stm32mp15xx.o(RESET)
</UL>
<P><STRONG><a name="[2f]"></a>SPI1_IRQHandler</STRONG> (Thumb, 2 bytes, Stack size 0 bytes, startup_stm32mp15xx.o(.text))
<BR><BR>[Calls]<UL><LI><a href="#[2f]">&gt;&gt;</a>&nbsp;&nbsp;&nbsp;SPI1_IRQHandler
</UL>
<BR>[Called By]<UL><LI><a href="#[2f]">&gt;&gt;</a>&nbsp;&nbsp;&nbsp;SPI1_IRQHandler
</UL>
<BR>[Address Reference Count : 1]<UL><LI> startup_stm32mp15xx.o(RESET)
</UL>
<P><STRONG><a name="[30]"></a>SPI2_IRQHandler</STRONG> (Thumb, 2 bytes, Stack size 0 bytes, startup_stm32mp15xx.o(.text))
<BR><BR>[Calls]<UL><LI><a href="#[30]">&gt;&gt;</a>&nbsp;&nbsp;&nbsp;SPI2_IRQHandler
</UL>
<BR>[Called By]<UL><LI><a href="#[30]">&gt;&gt;</a>&nbsp;&nbsp;&nbsp;SPI2_IRQHandler
</UL>
<BR>[Address Reference Count : 1]<UL><LI> startup_stm32mp15xx.o(RESET)
</UL>
<P><STRONG><a name="[31]"></a>USART1_IRQHandler</STRONG> (Thumb, 2 bytes, Stack size 0 bytes, startup_stm32mp15xx.o(.text))
<BR><BR>[Calls]<UL><LI><a href="#[31]">&gt;&gt;</a>&nbsp;&nbsp;&nbsp;USART1_IRQHandler
</UL>
<BR>[Called By]<UL><LI><a href="#[31]">&gt;&gt;</a>&nbsp;&nbsp;&nbsp;USART1_IRQHandler
</UL>
<BR>[Address Reference Count : 1]<UL><LI> startup_stm32mp15xx.o(RESET)
</UL>
<P><STRONG><a name="[32]"></a>USART2_IRQHandler</STRONG> (Thumb, 2 bytes, Stack size 0 bytes, startup_stm32mp15xx.o(.text))
<BR><BR>[Calls]<UL><LI><a href="#[32]">&gt;&gt;</a>&nbsp;&nbsp;&nbsp;USART2_IRQHandler
</UL>
<BR>[Called By]<UL><LI><a href="#[32]">&gt;&gt;</a>&nbsp;&nbsp;&nbsp;USART2_IRQHandler
</UL>
<BR>[Address Reference Count : 1]<UL><LI> startup_stm32mp15xx.o(RESET)
</UL>
<P><STRONG><a name="[33]"></a>USART3_IRQHandler</STRONG> (Thumb, 2 bytes, Stack size 0 bytes, startup_stm32mp15xx.o(.text))
<BR><BR>[Calls]<UL><LI><a href="#[33]">&gt;&gt;</a>&nbsp;&nbsp;&nbsp;USART3_IRQHandler
</UL>
<BR>[Called By]<UL><LI><a href="#[33]">&gt;&gt;</a>&nbsp;&nbsp;&nbsp;USART3_IRQHandler
</UL>
<BR>[Address Reference Count : 1]<UL><LI> startup_stm32mp15xx.o(RESET)
</UL>
<P><STRONG><a name="[34]"></a>EXTI10_IRQHandler</STRONG> (Thumb, 2 bytes, Stack size 0 bytes, startup_stm32mp15xx.o(.text))
<BR><BR>[Calls]<UL><LI><a href="#[34]">&gt;&gt;</a>&nbsp;&nbsp;&nbsp;EXTI10_IRQHandler
</UL>
<BR>[Called By]<UL><LI><a href="#[34]">&gt;&gt;</a>&nbsp;&nbsp;&nbsp;EXTI10_IRQHandler
</UL>
<BR>[Address Reference Count : 1]<UL><LI> startup_stm32mp15xx.o(RESET)
</UL>
<P><STRONG><a name="[35]"></a>RTC_TIMESTAMP_IRQHandler</STRONG> (Thumb, 2 bytes, Stack size 0 bytes, startup_stm32mp15xx.o(.text))
<BR><BR>[Calls]<UL><LI><a href="#[35]">&gt;&gt;</a>&nbsp;&nbsp;&nbsp;RTC_TIMESTAMP_IRQHandler
</UL>
<BR>[Called By]<UL><LI><a href="#[35]">&gt;&gt;</a>&nbsp;&nbsp;&nbsp;RTC_TIMESTAMP_IRQHandler
</UL>
<BR>[Address Reference Count : 1]<UL><LI> startup_stm32mp15xx.o(RESET)
</UL>
<P><STRONG><a name="[36]"></a>EXTI11_IRQHandler</STRONG> (Thumb, 2 bytes, Stack size 0 bytes, startup_stm32mp15xx.o(.text))
<BR><BR>[Calls]<UL><LI><a href="#[36]">&gt;&gt;</a>&nbsp;&nbsp;&nbsp;EXTI11_IRQHandler
</UL>
<BR>[Called By]<UL><LI><a href="#[36]">&gt;&gt;</a>&nbsp;&nbsp;&nbsp;EXTI11_IRQHandler
</UL>
<BR>[Address Reference Count : 1]<UL><LI> startup_stm32mp15xx.o(RESET)
</UL>
<P><STRONG><a name="[37]"></a>TIM8_BRK_IRQHandler</STRONG> (Thumb, 2 bytes, Stack size 0 bytes, startup_stm32mp15xx.o(.text))
<BR><BR>[Calls]<UL><LI><a href="#[37]">&gt;&gt;</a>&nbsp;&nbsp;&nbsp;TIM8_BRK_IRQHandler
</UL>
<BR>[Called By]<UL><LI><a href="#[37]">&gt;&gt;</a>&nbsp;&nbsp;&nbsp;TIM8_BRK_IRQHandler
</UL>
<BR>[Address Reference Count : 1]<UL><LI> startup_stm32mp15xx.o(RESET)
</UL>
<P><STRONG><a name="[39]"></a>TIM8_TRG_COM_IRQHandler</STRONG> (Thumb, 2 bytes, Stack size 0 bytes, startup_stm32mp15xx.o(.text))
<BR><BR>[Calls]<UL><LI><a href="#[39]">&gt;&gt;</a>&nbsp;&nbsp;&nbsp;TIM8_TRG_COM_IRQHandler
</UL>
<BR>[Called By]<UL><LI><a href="#[39]">&gt;&gt;</a>&nbsp;&nbsp;&nbsp;TIM8_TRG_COM_IRQHandler
</UL>
<BR>[Address Reference Count : 1]<UL><LI> startup_stm32mp15xx.o(RESET)
</UL>
<P><STRONG><a name="[3a]"></a>TIM8_CC_IRQHandler</STRONG> (Thumb, 2 bytes, Stack size 0 bytes, startup_stm32mp15xx.o(.text))
<BR><BR>[Calls]<UL><LI><a href="#[3a]">&gt;&gt;</a>&nbsp;&nbsp;&nbsp;TIM8_CC_IRQHandler
</UL>
<BR>[Called By]<UL><LI><a href="#[3a]">&gt;&gt;</a>&nbsp;&nbsp;&nbsp;TIM8_CC_IRQHandler
</UL>
<BR>[Address Reference Count : 1]<UL><LI> startup_stm32mp15xx.o(RESET)
</UL>
<P><STRONG><a name="[3b]"></a>DMA1_Stream7_IRQHandler</STRONG> (Thumb, 2 bytes, Stack size 0 bytes, startup_stm32mp15xx.o(.text))
<BR><BR>[Calls]<UL><LI><a href="#[3b]">&gt;&gt;</a>&nbsp;&nbsp;&nbsp;DMA1_Stream7_IRQHandler
</UL>
<BR>[Called By]<UL><LI><a href="#[3b]">&gt;&gt;</a>&nbsp;&nbsp;&nbsp;DMA1_Stream7_IRQHandler
</UL>
<BR>[Address Reference Count : 1]<UL><LI> startup_stm32mp15xx.o(RESET)
</UL>
<P><STRONG><a name="[3c]"></a>FMC_IRQHandler</STRONG> (Thumb, 2 bytes, Stack size 0 bytes, startup_stm32mp15xx.o(.text))
<BR><BR>[Calls]<UL><LI><a href="#[3c]">&gt;&gt;</a>&nbsp;&nbsp;&nbsp;FMC_IRQHandler
</UL>
<BR>[Called By]<UL><LI><a href="#[3c]">&gt;&gt;</a>&nbsp;&nbsp;&nbsp;FMC_IRQHandler
</UL>
<BR>[Address Reference Count : 1]<UL><LI> startup_stm32mp15xx.o(RESET)
</UL>
<P><STRONG><a name="[3d]"></a>SDMMC1_IRQHandler</STRONG> (Thumb, 2 bytes, Stack size 0 bytes, startup_stm32mp15xx.o(.text))
<BR><BR>[Calls]<UL><LI><a href="#[3d]">&gt;&gt;</a>&nbsp;&nbsp;&nbsp;SDMMC1_IRQHandler
</UL>
<BR>[Called By]<UL><LI><a href="#[3d]">&gt;&gt;</a>&nbsp;&nbsp;&nbsp;SDMMC1_IRQHandler
</UL>
<BR>[Address Reference Count : 1]<UL><LI> startup_stm32mp15xx.o(RESET)
</UL>
<P><STRONG><a name="[3e]"></a>TIM5_IRQHandler</STRONG> (Thumb, 2 bytes, Stack size 0 bytes, startup_stm32mp15xx.o(.text))
<BR><BR>[Calls]<UL><LI><a href="#[3e]">&gt;&gt;</a>&nbsp;&nbsp;&nbsp;TIM5_IRQHandler
</UL>
<BR>[Called By]<UL><LI><a href="#[3e]">&gt;&gt;</a>&nbsp;&nbsp;&nbsp;TIM5_IRQHandler
</UL>
<BR>[Address Reference Count : 1]<UL><LI> startup_stm32mp15xx.o(RESET)
</UL>
<P><STRONG><a name="[3f]"></a>SPI3_IRQHandler</STRONG> (Thumb, 2 bytes, Stack size 0 bytes, startup_stm32mp15xx.o(.text))
<BR><BR>[Calls]<UL><LI><a href="#[3f]">&gt;&gt;</a>&nbsp;&nbsp;&nbsp;SPI3_IRQHandler
</UL>
<BR>[Called By]<UL><LI><a href="#[3f]">&gt;&gt;</a>&nbsp;&nbsp;&nbsp;SPI3_IRQHandler
</UL>
<BR>[Address Reference Count : 1]<UL><LI> startup_stm32mp15xx.o(RESET)
</UL>
<P><STRONG><a name="[41]"></a>UART5_IRQHandler</STRONG> (Thumb, 2 bytes, Stack size 0 bytes, startup_stm32mp15xx.o(.text))
<BR><BR>[Calls]<UL><LI><a href="#[41]">&gt;&gt;</a>&nbsp;&nbsp;&nbsp;UART5_IRQHandler
</UL>
<BR>[Called By]<UL><LI><a href="#[41]">&gt;&gt;</a>&nbsp;&nbsp;&nbsp;UART5_IRQHandler
</UL>
<BR>[Address Reference Count : 1]<UL><LI> startup_stm32mp15xx.o(RESET)
</UL>
<P><STRONG><a name="[42]"></a>TIM6_IRQHandler</STRONG> (Thumb, 2 bytes, Stack size 0 bytes, startup_stm32mp15xx.o(.text))
<BR><BR>[Calls]<UL><LI><a href="#[42]">&gt;&gt;</a>&nbsp;&nbsp;&nbsp;TIM6_IRQHandler
</UL>
<BR>[Called By]<UL><LI><a href="#[42]">&gt;&gt;</a>&nbsp;&nbsp;&nbsp;TIM6_IRQHandler
</UL>
<BR>[Address Reference Count : 1]<UL><LI> startup_stm32mp15xx.o(RESET)
</UL>
<P><STRONG><a name="[43]"></a>TIM7_IRQHandler</STRONG> (Thumb, 2 bytes, Stack size 0 bytes, startup_stm32mp15xx.o(.text))
<BR><BR>[Calls]<UL><LI><a href="#[43]">&gt;&gt;</a>&nbsp;&nbsp;&nbsp;TIM7_IRQHandler
</UL>
<BR>[Called By]<UL><LI><a href="#[43]">&gt;&gt;</a>&nbsp;&nbsp;&nbsp;TIM7_IRQHandler
</UL>
<BR>[Address Reference Count : 1]<UL><LI> startup_stm32mp15xx.o(RESET)
</UL>
<P><STRONG><a name="[44]"></a>DMA2_Stream0_IRQHandler</STRONG> (Thumb, 2 bytes, Stack size 0 bytes, startup_stm32mp15xx.o(.text))
<BR><BR>[Calls]<UL><LI><a href="#[44]">&gt;&gt;</a>&nbsp;&nbsp;&nbsp;DMA2_Stream0_IRQHandler
</UL>
<BR>[Called By]<UL><LI><a href="#[44]">&gt;&gt;</a>&nbsp;&nbsp;&nbsp;DMA2_Stream0_IRQHandler
</UL>
<BR>[Address Reference Count : 1]<UL><LI> startup_stm32mp15xx.o(RESET)
</UL>
<P><STRONG><a name="[45]"></a>DMA2_Stream1_IRQHandler</STRONG> (Thumb, 2 bytes, Stack size 0 bytes, startup_stm32mp15xx.o(.text))
<BR><BR>[Calls]<UL><LI><a href="#[45]">&gt;&gt;</a>&nbsp;&nbsp;&nbsp;DMA2_Stream1_IRQHandler
</UL>
<BR>[Called By]<UL><LI><a href="#[45]">&gt;&gt;</a>&nbsp;&nbsp;&nbsp;DMA2_Stream1_IRQHandler
</UL>
<BR>[Address Reference Count : 1]<UL><LI> startup_stm32mp15xx.o(RESET)
</UL>
<P><STRONG><a name="[46]"></a>DMA2_Stream2_IRQHandler</STRONG> (Thumb, 2 bytes, Stack size 0 bytes, startup_stm32mp15xx.o(.text))
<BR><BR>[Calls]<UL><LI><a href="#[46]">&gt;&gt;</a>&nbsp;&nbsp;&nbsp;DMA2_Stream2_IRQHandler
</UL>
<BR>[Called By]<UL><LI><a href="#[46]">&gt;&gt;</a>&nbsp;&nbsp;&nbsp;DMA2_Stream2_IRQHandler
</UL>
<BR>[Address Reference Count : 1]<UL><LI> startup_stm32mp15xx.o(RESET)
</UL>
<P><STRONG><a name="[47]"></a>DMA2_Stream3_IRQHandler</STRONG> (Thumb, 2 bytes, Stack size 0 bytes, startup_stm32mp15xx.o(.text))
<BR><BR>[Calls]<UL><LI><a href="#[47]">&gt;&gt;</a>&nbsp;&nbsp;&nbsp;DMA2_Stream3_IRQHandler
</UL>
<BR>[Called By]<UL><LI><a href="#[47]">&gt;&gt;</a>&nbsp;&nbsp;&nbsp;DMA2_Stream3_IRQHandler
</UL>
<BR>[Address Reference Count : 1]<UL><LI> startup_stm32mp15xx.o(RESET)
</UL>
<P><STRONG><a name="[48]"></a>DMA2_Stream4_IRQHandler</STRONG> (Thumb, 2 bytes, Stack size 0 bytes, startup_stm32mp15xx.o(.text))
<BR><BR>[Calls]<UL><LI><a href="#[48]">&gt;&gt;</a>&nbsp;&nbsp;&nbsp;DMA2_Stream4_IRQHandler
</UL>
<BR>[Called By]<UL><LI><a href="#[48]">&gt;&gt;</a>&nbsp;&nbsp;&nbsp;DMA2_Stream4_IRQHandler
</UL>
<BR>[Address Reference Count : 1]<UL><LI> startup_stm32mp15xx.o(RESET)
</UL>
<P><STRONG><a name="[49]"></a>ETH1_IRQHandler</STRONG> (Thumb, 2 bytes, Stack size 0 bytes, startup_stm32mp15xx.o(.text))
<BR><BR>[Calls]<UL><LI><a href="#[49]">&gt;&gt;</a>&nbsp;&nbsp;&nbsp;ETH1_IRQHandler
</UL>
<BR>[Called By]<UL><LI><a href="#[49]">&gt;&gt;</a>&nbsp;&nbsp;&nbsp;ETH1_IRQHandler
</UL>
<BR>[Address Reference Count : 1]<UL><LI> startup_stm32mp15xx.o(RESET)
</UL>
<P><STRONG><a name="[4a]"></a>ETH1_WKUP_IRQHandler</STRONG> (Thumb, 2 bytes, Stack size 0 bytes, startup_stm32mp15xx.o(.text))
<BR><BR>[Calls]<UL><LI><a href="#[4a]">&gt;&gt;</a>&nbsp;&nbsp;&nbsp;ETH1_WKUP_IRQHandler
</UL>
<BR>[Called By]<UL><LI><a href="#[4a]">&gt;&gt;</a>&nbsp;&nbsp;&nbsp;ETH1_WKUP_IRQHandler
</UL>
<BR>[Address Reference Count : 1]<UL><LI> startup_stm32mp15xx.o(RESET)
</UL>
<P><STRONG><a name="[4b]"></a>FDCAN_CAL_IRQHandler</STRONG> (Thumb, 2 bytes, Stack size 0 bytes, startup_stm32mp15xx.o(.text))
<BR><BR>[Calls]<UL><LI><a href="#[4b]">&gt;&gt;</a>&nbsp;&nbsp;&nbsp;FDCAN_CAL_IRQHandler
</UL>
<BR>[Called By]<UL><LI><a href="#[4b]">&gt;&gt;</a>&nbsp;&nbsp;&nbsp;FDCAN_CAL_IRQHandler
</UL>
<BR>[Address Reference Count : 1]<UL><LI> startup_stm32mp15xx.o(RESET)
</UL>
<P><STRONG><a name="[4c]"></a>EXTI6_IRQHandler</STRONG> (Thumb, 2 bytes, Stack size 0 bytes, startup_stm32mp15xx.o(.text))
<BR><BR>[Calls]<UL><LI><a href="#[4c]">&gt;&gt;</a>&nbsp;&nbsp;&nbsp;EXTI6_IRQHandler
</UL>
<BR>[Called By]<UL><LI><a href="#[4c]">&gt;&gt;</a>&nbsp;&nbsp;&nbsp;EXTI6_IRQHandler
</UL>
<BR>[Address Reference Count : 1]<UL><LI> startup_stm32mp15xx.o(RESET)
</UL>
<P><STRONG><a name="[4d]"></a>EXTI7_IRQHandler</STRONG> (Thumb, 2 bytes, Stack size 0 bytes, startup_stm32mp15xx.o(.text))
<BR><BR>[Calls]<UL><LI><a href="#[4d]">&gt;&gt;</a>&nbsp;&nbsp;&nbsp;EXTI7_IRQHandler
</UL>
<BR>[Called By]<UL><LI><a href="#[4d]">&gt;&gt;</a>&nbsp;&nbsp;&nbsp;EXTI7_IRQHandler
</UL>
<BR>[Address Reference Count : 1]<UL><LI> startup_stm32mp15xx.o(RESET)
</UL>
<P><STRONG><a name="[4e]"></a>EXTI8_IRQHandler</STRONG> (Thumb, 2 bytes, Stack size 0 bytes, startup_stm32mp15xx.o(.text))
<BR><BR>[Calls]<UL><LI><a href="#[4e]">&gt;&gt;</a>&nbsp;&nbsp;&nbsp;EXTI8_IRQHandler
</UL>
<BR>[Called By]<UL><LI><a href="#[4e]">&gt;&gt;</a>&nbsp;&nbsp;&nbsp;EXTI8_IRQHandler
</UL>
<BR>[Address Reference Count : 1]<UL><LI> startup_stm32mp15xx.o(RESET)
</UL>
<P><STRONG><a name="[4f]"></a>EXTI9_IRQHandler</STRONG> (Thumb, 2 bytes, Stack size 0 bytes, startup_stm32mp15xx.o(.text))
<BR><BR>[Calls]<UL><LI><a href="#[4f]">&gt;&gt;</a>&nbsp;&nbsp;&nbsp;EXTI9_IRQHandler
</UL>
<BR>[Called By]<UL><LI><a href="#[4f]">&gt;&gt;</a>&nbsp;&nbsp;&nbsp;EXTI9_IRQHandler
</UL>
<BR>[Address Reference Count : 1]<UL><LI> startup_stm32mp15xx.o(RESET)
</UL>
<P><STRONG><a name="[50]"></a>DMA2_Stream5_IRQHandler</STRONG> (Thumb, 2 bytes, Stack size 0 bytes, startup_stm32mp15xx.o(.text))
<BR><BR>[Calls]<UL><LI><a href="#[50]">&gt;&gt;</a>&nbsp;&nbsp;&nbsp;DMA2_Stream5_IRQHandler
</UL>
<BR>[Called By]<UL><LI><a href="#[50]">&gt;&gt;</a>&nbsp;&nbsp;&nbsp;DMA2_Stream5_IRQHandler
</UL>
<BR>[Address Reference Count : 1]<UL><LI> startup_stm32mp15xx.o(RESET)
</UL>
<P><STRONG><a name="[51]"></a>DMA2_Stream6_IRQHandler</STRONG> (Thumb, 2 bytes, Stack size 0 bytes, startup_stm32mp15xx.o(.text))
<BR><BR>[Calls]<UL><LI><a href="#[51]">&gt;&gt;</a>&nbsp;&nbsp;&nbsp;DMA2_Stream6_IRQHandler
</UL>
<BR>[Called By]<UL><LI><a href="#[51]">&gt;&gt;</a>&nbsp;&nbsp;&nbsp;DMA2_Stream6_IRQHandler
</UL>
<BR>[Address Reference Count : 1]<UL><LI> startup_stm32mp15xx.o(RESET)
</UL>
<P><STRONG><a name="[52]"></a>DMA2_Stream7_IRQHandler</STRONG> (Thumb, 2 bytes, Stack size 0 bytes, startup_stm32mp15xx.o(.text))
<BR><BR>[Calls]<UL><LI><a href="#[52]">&gt;&gt;</a>&nbsp;&nbsp;&nbsp;DMA2_Stream7_IRQHandler
</UL>
<BR>[Called By]<UL><LI><a href="#[52]">&gt;&gt;</a>&nbsp;&nbsp;&nbsp;DMA2_Stream7_IRQHandler
</UL>
<BR>[Address Reference Count : 1]<UL><LI> startup_stm32mp15xx.o(RESET)
</UL>
<P><STRONG><a name="[53]"></a>USART6_IRQHandler</STRONG> (Thumb, 2 bytes, Stack size 0 bytes, startup_stm32mp15xx.o(.text))
<BR><BR>[Calls]<UL><LI><a href="#[53]">&gt;&gt;</a>&nbsp;&nbsp;&nbsp;USART6_IRQHandler
</UL>
<BR>[Called By]<UL><LI><a href="#[53]">&gt;&gt;</a>&nbsp;&nbsp;&nbsp;USART6_IRQHandler
</UL>
<BR>[Address Reference Count : 1]<UL><LI> startup_stm32mp15xx.o(RESET)
</UL>
<P><STRONG><a name="[54]"></a>I2C3_EV_IRQHandler</STRONG> (Thumb, 2 bytes, Stack size 0 bytes, startup_stm32mp15xx.o(.text))
<BR><BR>[Calls]<UL><LI><a href="#[54]">&gt;&gt;</a>&nbsp;&nbsp;&nbsp;I2C3_EV_IRQHandler
</UL>
<BR>[Called By]<UL><LI><a href="#[54]">&gt;&gt;</a>&nbsp;&nbsp;&nbsp;I2C3_EV_IRQHandler
</UL>
<BR>[Address Reference Count : 1]<UL><LI> startup_stm32mp15xx.o(RESET)
</UL>
<P><STRONG><a name="[55]"></a>I2C3_ER_IRQHandler</STRONG> (Thumb, 2 bytes, Stack size 0 bytes, startup_stm32mp15xx.o(.text))
<BR><BR>[Calls]<UL><LI><a href="#[55]">&gt;&gt;</a>&nbsp;&nbsp;&nbsp;I2C3_ER_IRQHandler
</UL>
<BR>[Called By]<UL><LI><a href="#[55]">&gt;&gt;</a>&nbsp;&nbsp;&nbsp;I2C3_ER_IRQHandler
</UL>
<BR>[Address Reference Count : 1]<UL><LI> startup_stm32mp15xx.o(RESET)
</UL>
<P><STRONG><a name="[56]"></a>USBH_OHCI_IRQHandler</STRONG> (Thumb, 2 bytes, Stack size 0 bytes, startup_stm32mp15xx.o(.text))
<BR><BR>[Calls]<UL><LI><a href="#[56]">&gt;&gt;</a>&nbsp;&nbsp;&nbsp;USBH_OHCI_IRQHandler
</UL>
<BR>[Called By]<UL><LI><a href="#[56]">&gt;&gt;</a>&nbsp;&nbsp;&nbsp;USBH_OHCI_IRQHandler
</UL>
<BR>[Address Reference Count : 1]<UL><LI> startup_stm32mp15xx.o(RESET)
</UL>
<P><STRONG><a name="[57]"></a>USBH_EHCI_IRQHandler</STRONG> (Thumb, 2 bytes, Stack size 0 bytes, startup_stm32mp15xx.o(.text))
<BR><BR>[Calls]<UL><LI><a href="#[57]">&gt;&gt;</a>&nbsp;&nbsp;&nbsp;USBH_EHCI_IRQHandler
</UL>
<BR>[Called By]<UL><LI><a href="#[57]">&gt;&gt;</a>&nbsp;&nbsp;&nbsp;USBH_EHCI_IRQHandler
</UL>
<BR>[Address Reference Count : 1]<UL><LI> startup_stm32mp15xx.o(RESET)
</UL>
<P><STRONG><a name="[58]"></a>EXTI12_IRQHandler</STRONG> (Thumb, 2 bytes, Stack size 0 bytes, startup_stm32mp15xx.o(.text))
<BR><BR>[Calls]<UL><LI><a href="#[58]">&gt;&gt;</a>&nbsp;&nbsp;&nbsp;EXTI12_IRQHandler
</UL>
<BR>[Called By]<UL><LI><a href="#[58]">&gt;&gt;</a>&nbsp;&nbsp;&nbsp;EXTI12_IRQHandler
</UL>
<BR>[Address Reference Count : 1]<UL><LI> startup_stm32mp15xx.o(RESET)
</UL>
[...]
</UL>
<P><STRONG><a name="[a]"></a>PendSV_Handler</STRONG> (Thumb, 2 bytes, Stack size 0 bytes, stm32mp1xx_it.o(i.PendSV_Handler))
<BR>[Address Reference Count : 1]<UL><LI> startup_stm32mp15xx.o(RESET)
</UL>
<P><STRONG><a name="[d8]"></a>RCCEx_PLL2_Config</STRONG> (Thumb, 468 bytes, Stack size 16 bytes, stm32mp1xx_hal_rcc_ex.o(i.RCCEx_PLL2_Config))
<BR><BR>[Stack]<UL><LI>Max Depth = 16<LI>Call Chain = RCCEx_PLL2_Config
</UL>
<BR>[Calls]<UL><LI><a href="#[c6]">&gt;&gt;</a>&nbsp;&nbsp;&nbsp;HAL_GetTick
</UL>
<BR>[Called By]<UL><LI><a href="#[c7]">&gt;&gt;</a>&nbsp;&nbsp;&nbsp;HAL_RCC_OscConfig
</UL>

<P><STRONG><a name="[c5]"></a>RCCEx_PLL3_Config</STRONG> (Thumb, 384 bytes, Stack size 24 bytes, stm32mp1xx_hal_rcc_ex.o(i.RCCEx_PLL3_Config))
<BR><BR>[Stack]<UL><LI>Max Depth = 24<LI>Call Chain = RCCEx_PLL3_Config
</UL>
<BR>[Calls]<UL><LI><a href="#[c6]">&gt;&gt;</a>&nbsp;&nbsp;&nbsp;HAL_GetTick
</UL>
<BR>[Called By]<UL><LI><a href="#[c3]">&gt;&gt;</a>&nbsp;&nbsp;&nbsp;HAL_RCCEx_PeriphCLKConfig
<LI><a href="#[c7]">&gt;&gt;</a>&nbsp;&nbsp;&nbsp;HAL_RCC_OscConfig
</UL>

<P><STRONG><a name="[c4]"></a>RCCEx_PLL4_Config</STRONG> (Thumb, 358 bytes, Stack size 24 bytes, stm32mp1xx_hal_rcc_ex.o(i.RCCEx_PLL4_Config))
<BR><BR>[Stack]<UL><LI>Max Depth = 24<LI>Call Chain = RCCEx_PLL4_Config
</UL>
<BR>[Calls]<UL><LI><a href="#[c6]">&gt;&gt;</a>&nbsp;&nbsp;&nbsp;HAL_GetTick
</UL>
<BR>[Called By]<UL><LI><a href="#[c3]">&gt;&gt;</a>&nbsp;&nbsp;&nbsp;HAL_RCCEx_PeriphCLKConfig
<LI><a href="#[c7]">&gt;&gt;</a>&nbsp;&nbsp;&nbsp;HAL_RCC_OscConfig
</UL>

<P><STRONG><a name="[ca]"></a>RCC_AXISSConfig</STRONG> (Thumb, 176 bytes, Stack size 24 bytes, stm32mp1xx_hal_rcc.o(i.RCC_AXISSConfig))
<BR><BR>[Stack]<UL><LI>Max Depth = 24<LI>Call Chain = RCC_AXISSConfig
</UL>
<BR>[Calls]<UL><LI><a href="#[c6]">&gt;&gt;</a>&nbsp;&nbsp;&nbsp;HAL_GetTick
</UL>
<BR>[Called By]<UL><LI><a href="#[c8]">&gt;&gt;</a>&nbsp;&nbsp;&nbsp;HAL_RCC_ClockConfig
</UL>

<P><STRONG><a name="[cb]"></a>RCC_MCUConfig</STRONG> (Thumb, 196 bytes, Stack size 24 bytes, stm32mp1xx_hal_rcc.o(i.RCC_MCUConfig))
<BR><BR>[Stack]<UL><LI>Max Depth = 60<LI>Call Chain = RCC_MCUConfig &rArr; HAL_RCC_GetMCUFreq &rArr; HAL_RCC_GetMCUSSFreq &rArr; HAL_RCC_GetPLL3ClockFreq
</UL>
<BR>[Calls]<UL><LI><a href="#[cf]">&gt;&gt;</a>&nbsp;&nbsp;&nbsp;HAL_RCC_GetMCUFreq
<LI><a href="#[be]">&gt;&gt;</a>&nbsp;&nbsp;&nbsp;HAL_InitTick
<LI><a href="#[c6]">&gt;&gt;</a>&nbsp;&nbsp;&nbsp;HAL_GetTick
</UL>
<BR>[Called By]<UL><LI><a href="#[c8]">&gt;&gt;</a>&nbsp;&nbsp;&nbsp;HAL_RCC_ClockConfig
</UL>

<P><STRONG><a name="[c9]"></a>RCC_MPUConfig</STRONG> (Thumb, 132 bytes, Stack size 16 bytes, stm32mp1xx_hal_rcc.o(i.RCC_MPUConfig))
<BR><BR>[Stack]<UL><LI>Max Depth = 16<LI>Call Chain = RCC_MPUConfig
</UL>
<BR>[Calls]<UL><LI><a href="#[c6]">&gt;&gt;</a>&nbsp;&nbsp;&nbsp;HAL_GetTick
</UL>
<BR>[Called By]<UL><LI><a href="#[c8]">&gt;&gt;</a>&nbsp;&nbsp;&nbsp;HAL_RCC_ClockConfig
</UL>

<P><STRONG><a name="[d7]"></a>RCC_PLL1_Config</STRONG> (Thumb, 446 bytes, Stack size 16 bytes, stm32mp1xx_hal_rcc.o(i.RCC_PLL1_Config))
<BR><BR>[Stack]<UL><LI>Max Depth = 16<LI>Call Chain = RCC_PLL1_Config
</UL>
<BR>[Calls]<UL><LI><a href="#[c6]">&gt;&gt;</a>&nbsp;&nbsp;&nbsp;HAL_GetTick
</UL>
<BR>[Called By]<UL><LI><a href="#[c7]">&gt;&gt;</a>&nbsp;&nbsp;&nbsp;HAL_RCC_OscConfig
</UL>

<P><STRONG><a name="[8]"></a>SVC_Handler</STRONG> (Thumb, 2 bytes, Stack size 0 bytes, stm32mp1xx_it.o(i.SVC_Handler))
<BR>[Address Reference Count : 1]<UL><LI> startup_stm32mp15xx.o(RESET)
</UL>
<P><STRONG><a name="[b]"></a>SysTick_Handler</STRONG> (Thumb, 4 bytes, Stack size 0 bytes, stm32mp1xx_it.o(i.SysTick_Handler))
<BR><BR>[Calls]<UL><LI><a href="#[fe]">&gt;&gt;</a>&nbsp;&nbsp;&nbsp;HAL_IncTick
</UL>
<BR>[Address Reference Count : 1]<UL><LI> startup_stm32mp15xx.o(RESET)
</UL>
<P><STRONG><a name="[a2]"></a>SystemInit</STRONG> (Thumb, 30 bytes, Stack size 0 bytes, system_stm32mp1xx.o(i.SystemInit))
<BR>[Address Reference Count : 1]<UL><LI> startup_stm32mp15xx.o(.text)
</UL>
<P><STRONG><a name="[38]"></a>TIM8_UP_IRQHandler</STRONG> (Thumb, 6 bytes, Stack size 0 bytes, atim.o(i.TIM8_UP_IRQHandler))
<BR><BR>[Stack]<UL><LI>Max Depth = 24<LI>Call Chain = TIM8_UP_IRQHandler &rArr; HAL_TIM_IRQHandler &rArr; HAL_TIM_PeriodElapsedCallback
</UL>
<BR>[Calls]<UL><LI><a href="#[d9]">&gt;&gt;</a>&nbsp;&nbsp;&nbsp;HAL_TIM_IRQHandler
</UL>
<BR>[Address Reference Count : 1]<UL><LI> startup_stm32mp15xx.o(RESET)
</UL>
<P><STRONG><a name="[eb]"></a>TIM_Base_SetConfig</STRONG> (Thumb, 162 bytes, Stack size 36 bytes, stm32mp1xx_hal_tim.o(i.TIM_Base_SetConfig))
<BR><BR>[Stack]<UL><LI>Max Depth = 36<LI>Call Chain = TIM_Base_SetConfig
</UL>
<BR>[Called By]<UL><LI><a href="#[e9]">&gt;&gt;</a>&nbsp;&nbsp;&nbsp;HAL_TIM_PWM_Init
</UL>

<P><STRONG><a name="[ee]"></a>TIM_CCxChannelCmd</STRONG> (Thumb, 26 bytes, Stack size 8 bytes, stm32mp1xx_hal_tim.o(i.TIM_CCxChannelCmd))
<BR><BR>[Stack]<UL><LI>Max Depth = 8<LI>Call Chain = TIM_CCxChannelCmd
</UL>
<BR>[Called By]<UL><LI><a href="#[ed]">&gt;&gt;</a>&nbsp;&nbsp;&nbsp;HAL_TIM_PWM_Start
</UL>

<P><STRONG><a name="[e4]"></a>TIM_OC2_SetConfig</STRONG> (Thumb, 122 bytes, Stack size 20 bytes, stm32mp1xx_hal_tim.o(i.TIM_OC2_SetConfig))
<BR><BR>[Stack]<UL><LI>Max Depth = 20<LI>Call Chain = TIM_OC2_SetConfig
</UL>
<BR>[Called By]<UL><LI><a href="#[e2]">&gt;&gt;</a>&nbsp;&nbsp;&nbsp;HAL_TIM_PWM_ConfigChannel
</UL>

<P><STRONG><a name="[40]"></a>UART4_IRQHandler</STRONG> (Thumb, 56 bytes, Stack size 16 bytes, usart.o(i.UART4_IRQHandler))
<BR><BR>[Stack]<UL><LI>Max Depth = 40<LI>Call Chain = UART4_IRQHandler &rArr; HAL_UART_IRQHandler
</UL>
<BR>[Calls]<UL><LI><a href="#[100]">&gt;&gt;</a>&nbsp;&nbsp;&nbsp;HAL_UART_Receive_IT
<LI><a href="#[ef]">&gt;&gt;</a>&nbsp;&nbsp;&nbsp;HAL_UART_IRQHandler
<LI><a href="#[ff]">&gt;&gt;</a>&nbsp;&nbsp;&nbsp;HAL_UART_GetState
</UL>
<BR>[Address Reference Count : 1]<UL><LI> startup_stm32mp15xx.o(RESET)
</UL>
<P><STRONG><a name="[fb]"></a>UART_AdvFeatureConfig</STRONG> (Thumb, 200 bytes, Stack size 0 bytes, stm32mp1xx_hal_uart.o(i.UART_AdvFeatureConfig))
<BR><BR>[Called By]<UL><LI><a href="#[f8]">&gt;&gt;</a>&nbsp;&nbsp;&nbsp;HAL_UART_Init
</UL>

<P><STRONG><a name="[fc]"></a>UART_CheckIdleState</STRONG> (Thumb, 94 bytes, Stack size 24 bytes, stm32mp1xx_hal_uart.o(i.UART_CheckIdleState))
<BR><BR>[Stack]<UL><LI>Max Depth = 56<LI>Call Chain = UART_CheckIdleState &rArr; UART_WaitOnFlagUntilTimeout
</UL>
<BR>[Calls]<UL><LI><a href="#[c6]">&gt;&gt;</a>&nbsp;&nbsp;&nbsp;HAL_GetTick
<LI><a href="#[101]">&gt;&gt;</a>&nbsp;&nbsp;&nbsp;UART_WaitOnFlagUntilTimeout
</UL>
<BR>[Called By]<UL><LI><a href="#[f8]">&gt;&gt;</a>&nbsp;&nbsp;&nbsp;HAL_UART_Init
</UL>

<P><STRONG><a name="[fa]"></a>UART_SetConfig</STRONG> (Thumb, 1470 bytes, Stack size 48 bytes, stm32mp1xx_hal_uart.o(i.UART_SetConfig))
<BR><BR>[Stack]<UL><LI>Max Depth = 92<LI>Call Chain = UART_SetConfig &rArr; HAL_RCC_GetPCLK5Freq &rArr; HAL_RCC_GetACLKFreq &rArr; HAL_RCC_GetAXISSFreq &rArr; HAL_RCC_GetPLL2ClockFreq
</UL>
<BR>[Calls]<UL><LI><a href="#[103]">&gt;&gt;</a>&nbsp;&nbsp;&nbsp;HAL_RCC_GetPLL4ClockFreq
<LI><a href="#[d1]">&gt;&gt;</a>&nbsp;&nbsp;&nbsp;HAL_RCC_GetPLL3ClockFreq
<LI><a href="#[d4]">&gt;&gt;</a>&nbsp;&nbsp;&nbsp;HAL_RCC_GetPCLK5Freq
<LI><a href="#[d3]">&gt;&gt;</a>&nbsp;&nbsp;&nbsp;HAL_RCC_GetPCLK2Freq
<LI><a href="#[d2]">&gt;&gt;</a>&nbsp;&nbsp;&nbsp;HAL_RCC_GetPCLK1Freq
</UL>
<BR>[Called By]<UL><LI><a href="#[f8]">&gt;&gt;</a>&nbsp;&nbsp;&nbsp;HAL_UART_Init
</UL>

<P><STRONG><a name="[101]"></a>UART_WaitOnFlagUntilTimeout</STRONG> (Thumb, 160 bytes, Stack size 32 bytes, stm32mp1xx_hal_uart.o(i.UART_WaitOnFlagUntilTimeout))
<BR><BR>[Stack]<UL><LI>Max Depth = 32<LI>Call Chain = UART_WaitOnFlagUntilTimeout
</UL>
<BR>[Calls]<UL><LI><a href="#[c6]">&gt;&gt;</a>&nbsp;&nbsp;&nbsp;HAL_GetTick
</UL>
<BR>[Called By]<UL><LI><a href="#[fc]">&gt;&gt;</a>&nbsp;&nbsp;&nbsp;UART_CheckIdleState
</UL>

<P><STRONG><a name="[7]"></a>UsageFault_Handler</STRONG> (Thumb, 2 bytes, Stack size 0 bytes, stm32mp1xx_it.o(i.UsageFault_Handler))
<BR><BR>[Calls]<UL><LI><a href="#[7]">&gt;&gt;</a>&nbsp;&nbsp;&nbsp;UsageFault_Handler
</UL>
<BR>[Called By]<UL><LI><a href="#[7]">&gt;&gt;</a>&nbsp;&nbsp;&nbsp;UsageFault_Handler
</UL>
<BR>[Address Reference Count : 1]<UL><LI> startup_stm32mp15xx.o(RESET)
</UL>
<P><STRONG><a name="[b9]"></a>_sys_exit</STRONG> (Thumb, 2 bytes, Stack size 0 bytes, usart.o(i._sys_exit))
<BR><BR>[Called By]<UL><LI><a href="#[b8]">&gt;&gt;</a>&nbsp;&nbsp;&nbsp;__rt_exit_exit
</UL>

<P><STRONG><a name="[104]"></a>delay</STRONG> (Thumb, 24 bytes, Stack size 8 bytes, delay.o(i.delay))
<BR><BR>[Stack]<UL><LI>Max Depth = 16<LI>Call Chain = delay &rArr; delay_short
</UL>
<BR>[Calls]<UL><LI><a href="#[105]">&gt;&gt;</a>&nbsp;&nbsp;&nbsp;delay_short
</UL>
<BR>[Called By]<UL><LI><a href="#[10a]">&gt;&gt;</a>&nbsp;&nbsp;&nbsp;key_scan
</UL>

<P><STRONG><a name="[110]"></a>delay_init</STRONG> (Thumb, 6 bytes, Stack size 0 bytes, delay.o(i.delay_init))
<BR><BR>[Called By]<UL><LI><a href="#[b4]">&gt;&gt;</a>&nbsp;&nbsp;&nbsp;main
</UL>

<P><STRONG><a name="[106]"></a>delay_ms</STRONG> (Thumb, 26 bytes, Stack size 16 bytes, delay.o(i.delay_ms))
<BR><BR>[Stack]<UL><LI>Max Depth = 32<LI>Call Chain = delay_ms &rArr; delay_us
</UL>
<BR>[Calls]<UL><LI><a href="#[107]">&gt;&gt;</a>&nbsp;&nbsp;&nbsp;delay_us
</UL>
<BR>[Called By]<UL><LI><a href="#[b4]">&gt;&gt;</a>&nbsp;&nbsp;&nbsp;main
</UL>

<P><STRONG><a name="[105]"></a>delay_short</STRONG> (Thumb, 12 bytes, Stack size 8 bytes, delay.o(i.delay_short))
<BR><BR>[Stack]<UL><LI>Max Depth = 8<LI>Call Chain = delay_short
</UL>
<BR>[Called By]<UL><LI><a href="#[104]">&gt;&gt;</a>&nbsp;&nbsp;&nbsp;delay
</UL>

<P><STRONG><a name="[107]"></a>delay_us</STRONG> (Thumb, 48 bytes, Stack size 16 bytes, delay.o(i.delay_us))
<BR><BR>[Stack]<UL><LI>Max Depth = 16<LI>Call Chain = delay_us
</UL>
<BR>[Called By]<UL><LI><a href="#[106]">&gt;&gt;</a>&nbsp;&nbsp;&nbsp;delay_ms
</UL>

<P><STRONG><a name="[108]"></a>gtim_timx_npwm_chy_init</STRONG> (Thumb, 86 bytes, Stack size 16 bytes, atim.o(i.gtim_timx_npwm_chy_init))
<BR><BR>[Stack]<UL><LI>Max Depth = 84<LI>Call Chain = gtim_timx_npwm_chy_init &rArr; HAL_TIM_PWM_Init &rArr; HAL_TIM_PWM_MspInit &rArr; HAL_GPIO_Init
</UL>
<BR>[Calls]<UL><LI><a href="#[c1]">&gt;&gt;</a>&nbsp;&nbsp;&nbsp;HAL_NVIC_SetPriority
<LI><a href="#[fd]">&gt;&gt;</a>&nbsp;&nbsp;&nbsp;HAL_NVIC_EnableIRQ
<LI><a href="#[ed]">&gt;&gt;</a>&nbsp;&nbsp;&nbsp;HAL_TIM_PWM_Start
<LI><a href="#[e9]">&gt;&gt;</a>&nbsp;&nbsp;&nbsp;HAL_TIM_PWM_Init
<LI><a href="#[e2]">&gt;&gt;</a>&nbsp;&nbsp;&nbsp;HAL_TIM_PWM_ConfigChannel
</UL>
<BR>[Called By]<UL><LI><a href="#[b4]">&gt;&gt;</a>&nbsp;&nbsp;&nbsp;main
</UL>

<P><STRONG><a name="[111]"></a>gtim_timx_npwm_chy_set</STRONG> (Thumb, 28 bytes, Stack size 0 bytes, atim.o(i.gtim_timx_npwm_chy_set))
<BR><BR>[Called By]<UL><LI><a href="#[b4]">&gt;&gt;</a>&nbsp;&nbsp;&nbsp;main
</UL>

<P><STRONG><a name="[109]"></a>key_init</STRONG> (Thumb, 70 bytes, Stack size 32 bytes, key.o(i.key_init))
<BR><BR>[Stack]<UL><LI>Max Depth = 68<LI>Call Chain = key_init &rArr; HAL_GPIO_Init
</UL>
<BR>[Calls]<UL><LI><a href="#[ec]">&gt;&gt;</a>&nbsp;&nbsp;&nbsp;HAL_GPIO_Init
</UL>
<BR>[Called By]<UL><LI><a href="#[b4]">&gt;&gt;</a>&nbsp;&nbsp;&nbsp;main
</UL>

<P><STRONG><a name="[10a]"></a>key_scan</STRONG> (Thumb, 156 bytes, Stack size 32 bytes, key.o(i.key_scan))
<BR><BR>[Stack]<UL><LI>Max Depth = 48<LI>Call Chain = key_scan &rArr; delay &rArr; delay_short
</UL>
<BR>[Calls]<UL><LI><a href="#[104]">&gt;&gt;</a>&nbsp;&nbsp;&nbsp;delay
<LI><a href="#[10b]">&gt;&gt;</a>&nbsp;&nbsp;&nbsp;HAL_GPIO_ReadPin
</UL>
<BR>[Called By]<UL><LI><a href="#[b4]">&gt;&gt;</a>&nbsp;&nbsp;&nbsp;main
</UL>

<P><STRONG><a name="[10c]"></a>led_init</STRONG> (Thumb, 76 bytes, Stack size 32 bytes, led.o(i.led_init))
<BR><BR>[Stack]<UL><LI>Max Depth = 68<LI>Call Chain = led_init &rArr; HAL_GPIO_Init
</UL>
<BR>[Calls]<UL><LI><a href="#[10d]">&gt;&gt;</a>&nbsp;&nbsp;&nbsp;HAL_GPIO_WritePin
<LI><a href="#[ec]">&gt;&gt;</a>&nbsp;&nbsp;&nbsp;HAL_GPIO_Init
</UL>
<BR>[Called By]<UL><LI><a href="#[b4]">&gt;&gt;</a>&nbsp;&nbsp;&nbsp;main
</UL>

<P><STRONG><a name="[b4]"></a>main</STRONG> (Thumb, 108 bytes, Stack size 8 bytes, main.o(i.main))
<BR><BR>[Stack]<UL><LI>Max Depth = 788<LI>Call Chain = main &rArr; usart_init &rArr; HAL_UART_Init &rArr; HAL_UART_MspInit &rArr; HAL_RCCEx_PeriphCLKConfig &rArr; HAL_RCC_OscConfig &rArr; HAL_RCC_GetMCUFreq &rArr; HAL_RCC_GetMCUSSFreq &rArr; HAL_RCC_GetPLL3ClockFreq
</UL>
<BR>[Calls]<UL><LI><a href="#[10f]">&gt;&gt;</a>&nbsp;&nbsp;&nbsp;usart_init
<LI><a href="#[10e]">&gt;&gt;</a>&nbsp;&nbsp;&nbsp;sys_stm32_clock_init
<LI><a href="#[10c]">&gt;&gt;</a>&nbsp;&nbsp;&nbsp;led_init
<LI><a href="#[10a]">&gt;&gt;</a>&nbsp;&nbsp;&nbsp;key_scan
<LI><a href="#[109]">&gt;&gt;</a>&nbsp;&nbsp;&nbsp;key_init
<LI><a href="#[111]">&gt;&gt;</a>&nbsp;&nbsp;&nbsp;gtim_timx_npwm_chy_set
<LI><a href="#[108]">&gt;&gt;</a>&nbsp;&nbsp;&nbsp;gtim_timx_npwm_chy_init
<LI><a href="#[106]">&gt;&gt;</a>&nbsp;&nbsp;&nbsp;delay_ms
<LI><a href="#[110]">&gt;&gt;</a>&nbsp;&nbsp;&nbsp;delay_init
<LI><a href="#[bb]">&gt;&gt;</a>&nbsp;&nbsp;&nbsp;HAL_Init
</UL>
<BR>[Called By]<UL><LI><a href="#[b3]">&gt;&gt;</a>&nbsp;&nbsp;&nbsp;__rt_entry_main
</UL>

<P><STRONG><a name="[10e]"></a>sys_stm32_clock_init</STRONG> (Thumb, 240 bytes, Stack size 360 bytes, sys.o(i.sys_stm32_clock_init))
<BR><BR>[Stack]<UL><LI>Max Depth = 444<LI>Call Chain = sys_stm32_clock_init &rArr; HAL_RCC_ClockConfig &rArr; RCC_MCUConfig &rArr; HAL_RCC_GetMCUFreq &rArr; HAL_RCC_GetMCUSSFreq &rArr; HAL_RCC_GetPLL3ClockFreq
</UL>
<BR>[Calls]<UL><LI><a href="#[c7]">&gt;&gt;</a>&nbsp;&nbsp;&nbsp;HAL_RCC_OscConfig
<LI><a href="#[c8]">&gt;&gt;</a>&nbsp;&nbsp;&nbsp;HAL_RCC_ClockConfig
<LI><a href="#[112]">&gt;&gt;</a>&nbsp;&nbsp;&nbsp;HAL_PWR_EnableBkUpAccess
</UL>
<BR>[Called By]<UL><LI><a href="#[b4]">&gt;&gt;</a>&nbsp;&nbsp;&nbsp;main
</UL>

<P><STRONG><a name="[10f]"></a>usart_init</STRONG> (Thumb, 44 bytes, Stack size 8 bytes, usart.o(i.usart_init))
<BR><BR>[Stack]<UL><LI>Max Depth = 780<LI>Call Chain = usart_init &rArr; HAL_UART_Init &rArr; HAL_UART_MspInit &rArr; HAL_RCCEx_PeriphCLKConfig &rArr; HAL_RCC_OscConfig &rArr; HAL_RCC_GetMCUFreq &rArr; HAL_RCC_GetMCUSSFreq &rArr; HAL_RCC_GetPLL3ClockFreq
</UL>
<BR>[Calls]<UL><LI><a href="#[100]">&gt;&gt;</a>&nbsp;&nbsp;&nbsp;HAL_UART_Receive_IT
<LI><a href="#[f8]">&gt;&gt;</a>&nbsp;&nbsp;&nbsp;HAL_UART_Init
</UL>
<BR>[Called By]<UL><LI><a href="#[b4]">&gt;&gt;</a>&nbsp;&nbsp;&nbsp;main
</UL>

<P><STRONG><a name="[b0]"></a>_fp_init</STRONG> (Thumb, 10 bytes, Stack size 0 bytes, fpinit.o(x$fpl$fpinit))
<BR><BR>[Called By]<UL><LI><a href="#[af]">&gt;&gt;</a>&nbsp;&nbsp;&nbsp;__rt_lib_init_fp_1
</UL>

<P><STRONG><a name="[139]"></a>__fplib_config_fpu_vfp</STRONG> (Thumb, 0 bytes, Stack size unknown bytes, fpinit.o(x$fpl$fpinit), UNUSED)

<P><STRONG><a name="[13a]"></a>__fplib_config_pureend_doubles</STRONG> (Thumb, 0 bytes, Stack size unknown bytes, fpinit.o(x$fpl$fpinit), UNUSED)
<P>
<H3>
Local Symbols
</H3>
<P><STRONG><a name="[c2]"></a>__NVIC_SetPriority</STRONG> (Thumb, 32 bytes, Stack size 0 bytes, stm32mp1xx_hal_cortex.o(i.__NVIC_SetPriority))
<BR><BR>[Called By]<UL><LI><a href="#[c0]">&gt;&gt;</a>&nbsp;&nbsp;&nbsp;HAL_SYSTICK_Config
<LI><a href="#[c1]">&gt;&gt;</a>&nbsp;&nbsp;&nbsp;HAL_NVIC_SetPriority
</UL>

<P><STRONG><a name="[a4]"></a>UART_DMAAbortOnError</STRONG> (Thumb, 20 bytes, Stack size 8 bytes, stm32mp1xx_hal_uart.o(i.UART_DMAAbortOnError))
<BR><BR>[Stack]<UL><LI>Max Depth = 8<LI>Call Chain = UART_DMAAbortOnError
</UL>
<BR>[Calls]<UL><LI><a href="#[f3]">&gt;&gt;</a>&nbsp;&nbsp;&nbsp;HAL_UART_ErrorCallback
</UL>
<BR>[Address Reference Count : 1]<UL><LI> stm32mp1xx_hal_uart.o(i.HAL_UART_IRQHandler)
</UL>
<P><STRONG><a name="[f0]"></a>UART_EndRxTransfer</STRONG> (Thumb, 32 bytes, Stack size 0 bytes, stm32mp1xx_hal_uart.o(i.UART_EndRxTransfer))
<BR><BR>[Called By]<UL><LI><a href="#[ef]">&gt;&gt;</a>&nbsp;&nbsp;&nbsp;HAL_UART_IRQHandler
</UL>

<P><STRONG><a name="[a5]"></a>UART_MDMAAbortOnError</STRONG> (Thumb, 20 bytes, Stack size 8 bytes, stm32mp1xx_hal_uart.o(i.UART_MDMAAbortOnError))
<BR><BR>[Stack]<UL><LI>Max Depth = 8<LI>Call Chain = UART_MDMAAbortOnError
</UL>
<BR>[Calls]<UL><LI><a href="#[f3]">&gt;&gt;</a>&nbsp;&nbsp;&nbsp;HAL_UART_ErrorCallback
</UL>
<BR>[Address Reference Count : 1]<UL><LI> stm32mp1xx_hal_uart.o(i.HAL_UART_IRQHandler)
</UL>
<P><STRONG><a name="[a9]"></a>UART_RxISR_16BIT</STRONG> (Thumb, 94 bytes, Stack size 8 bytes, stm32mp1xx_hal_uart.o(i.UART_RxISR_16BIT))
<BR><BR>[Stack]<UL><LI>Max Depth = 20<LI>Call Chain = UART_RxISR_16BIT &rArr; HAL_UART_RxCpltCallback
</UL>
<BR>[Calls]<UL><LI><a href="#[102]">&gt;&gt;</a>&nbsp;&nbsp;&nbsp;HAL_UART_RxCpltCallback
</UL>
<BR>[Address Reference Count : 2]<UL><LI> stm32mp1xx_hal_uart.o(i.HAL_UART_Receive_IT)
<LI> stm32mp1xx_hal_uart.o(i.UART_RxISR_16BIT_FIFOEN)
</UL>
<P><STRONG><a name="[a7]"></a>UART_RxISR_16BIT_FIFOEN</STRONG> (Thumb, 152 bytes, Stack size 16 bytes, stm32mp1xx_hal_uart.o(i.UART_RxISR_16BIT_FIFOEN))
<BR><BR>[Stack]<UL><LI>Max Depth = 28<LI>Call Chain = UART_RxISR_16BIT_FIFOEN &rArr; HAL_UART_RxCpltCallback
</UL>
<BR>[Calls]<UL><LI><a href="#[102]">&gt;&gt;</a>&nbsp;&nbsp;&nbsp;HAL_UART_RxCpltCallback
</UL>
<BR>[Address Reference Count : 1]<UL><LI> stm32mp1xx_hal_uart.o(i.HAL_UART_Receive_IT)
</UL>
<P><STRONG><a name="[a8]"></a>UART_RxISR_8BIT</STRONG> (Thumb, 94 bytes, Stack size 8 bytes, stm32mp1xx_hal_uart.o(i.UART_RxISR_8BIT))
<BR><BR>[Stack]<UL><LI>Max Depth = 20<LI>Call Chain = UART_RxISR_8BIT &rArr; HAL_UART_RxCpltCallback
</UL>
<BR>[Calls]<UL><LI><a href="#[102]">&gt;&gt;</a>&nbsp;&nbsp;&nbsp;HAL_UART_RxCpltCallback
</UL>
<BR>[Address Reference Count : 2]<UL><LI> stm32mp1xx_hal_uart.o(i.HAL_UART_Receive_IT)
<LI> stm32mp1xx_hal_uart.o(i.UART_RxISR_8BIT_FIFOEN)
</UL>
<P><STRONG><a name="[a6]"></a>UART_RxISR_8BIT_FIFOEN</STRONG> (Thumb, 152 bytes, Stack size 16 bytes, stm32mp1xx_hal_uart.o(i.UART_RxISR_8BIT_FIFOEN))
<BR><BR>[Stack]<UL><LI>Max Depth = 28<LI>Call Chain = UART_RxISR_8BIT_FIFOEN &rArr; HAL_UART_RxCpltCallback
</UL>
<BR>[Calls]<UL><LI><a href="#[102]">&gt;&gt;</a>&nbsp;&nbsp;&nbsp;HAL_UART_RxCpltCallback
</UL>
<BR>[Address Reference Count : 1]<UL><LI> stm32mp1xx_hal_uart.o(i.HAL_UART_Receive_IT)
</UL>
<P><STRONG><a name="[e3]"></a>TIM_OC1_SetConfig</STRONG> (Thumb, 132 bytes, Stack size 28 bytes, stm32mp1xx_hal_tim.o(i.TIM_OC1_SetConfig))
<BR><BR>[Stack]<UL><LI>Max Depth = 28<LI>Call Chain = TIM_OC1_SetConfig
</UL>
<BR>[Called By]<UL><LI><a href="#[e2]">&gt;&gt;</a>&nbsp;&nbsp;&nbsp;HAL_TIM_PWM_ConfigChannel
</UL>

<P><STRONG><a name="[e5]"></a>TIM_OC3_SetConfig</STRONG> (Thumb, 120 bytes, Stack size 20 bytes, stm32mp1xx_hal_tim.o(i.TIM_OC3_SetConfig))
<BR><BR>[Stack]<UL><LI>Max Depth = 20<LI>Call Chain = TIM_OC3_SetConfig
</UL>
<BR>[Called By]<UL><LI><a href="#[e2]">&gt;&gt;</a>&nbsp;&nbsp;&nbsp;HAL_TIM_PWM_ConfigChannel
</UL>

<P><STRONG><a name="[e6]"></a>TIM_OC4_SetConfig</STRONG> (Thumb, 92 bytes, Stack size 12 bytes, stm32mp1xx_hal_tim.o(i.TIM_OC4_SetConfig))
<BR><BR>[Stack]<UL><LI>Max Depth = 12<LI>Call Chain = TIM_OC4_SetConfig
</UL>
<BR>[Called By]<UL><LI><a href="#[e2]">&gt;&gt;</a>&nbsp;&nbsp;&nbsp;HAL_TIM_PWM_ConfigChannel
</UL>

<P><STRONG><a name="[e7]"></a>TIM_OC5_SetConfig</STRONG> (Thumb, 86 bytes, Stack size 12 bytes, stm32mp1xx_hal_tim.o(i.TIM_OC5_SetConfig))
<BR><BR>[Stack]<UL><LI>Max Depth = 12<LI>Call Chain = TIM_OC5_SetConfig
</UL>
<BR>[Called By]<UL><LI><a href="#[e2]">&gt;&gt;</a>&nbsp;&nbsp;&nbsp;HAL_TIM_PWM_ConfigChannel
</UL>

<P><STRONG><a name="[e8]"></a>TIM_OC6_SetConfig</STRONG> (Thumb, 88 bytes, Stack size 12 bytes, stm32mp1xx_hal_tim.o(i.TIM_OC6_SetConfig))
<BR><BR>[Stack]<UL><LI>Max Depth = 12<LI>Call Chain = TIM_OC6_SetConfig
</UL>
<BR>[Called By]<UL><LI><a href="#[e2]">&gt;&gt;</a>&nbsp;&nbsp;&nbsp;HAL_TIM_PWM_ConfigChannel
</UL>
<P>
<H3>
Undefined Global Symbols
</H3><HR></body></html>
