Component: ARM Compiler 5.06 update 6 (build 750) Tool: armlink [4d35ed]

==============================================================================

Section Cross References

    startup_stm32mp15xx.o(RESET) refers to startup_stm32mp15xx.o(STACK) for __initial_sp
    startup_stm32mp15xx.o(RESET) refers to startup_stm32mp15xx.o(.text) for Reset_Handler
    startup_stm32mp15xx.o(RESET) refers to stm32mp1xx_it.o(i.NMI_Handler) for NMI_Handler
    startup_stm32mp15xx.o(RESET) refers to stm32mp1xx_it.o(i.HardFault_Handler) for HardFault_Handler
    startup_stm32mp15xx.o(RESET) refers to stm32mp1xx_it.o(i.MemManage_Handler) for MemManage_Handler
    startup_stm32mp15xx.o(RESET) refers to stm32mp1xx_it.o(i.BusFault_Handler) for BusFault_Handler
    startup_stm32mp15xx.o(RESET) refers to stm32mp1xx_it.o(i.UsageFault_Handler) for UsageFault_Handler
    startup_stm32mp15xx.o(RESET) refers to stm32mp1xx_it.o(i.SVC_Handler) for SVC_Handler
    startup_stm32mp15xx.o(RESET) refers to stm32mp1xx_it.o(i.DebugMon_Handler) for DebugMon_Handler
    startup_stm32mp15xx.o(RESET) refers to stm32mp1xx_it.o(i.PendSV_Handler) for PendSV_Handler
    startup_stm32mp15xx.o(RESET) refers to stm32mp1xx_it.o(i.SysTick_Handler) for SysTick_Handler
    startup_stm32mp15xx.o(RESET) refers to atim.o(i.TIM8_UP_IRQHandler) for TIM8_UP_IRQHandler
    startup_stm32mp15xx.o(RESET) refers to usart.o(i.UART4_IRQHandler) for UART4_IRQHandler
    startup_stm32mp15xx.o(.text) refers to system_stm32mp1xx.o(i.SystemInit) for SystemInit
    startup_stm32mp15xx.o(.text) refers to __main.o(!!!main) for __main
    main.o(i.main) refers to stm32mp1xx_hal.o(i.HAL_Init) for HAL_Init
    main.o(i.main) refers to sys.o(i.sys_stm32_clock_init) for sys_stm32_clock_init
    main.o(i.main) refers to usart.o(i.usart_init) for usart_init
    main.o(i.main) refers to delay.o(i.delay_init) for delay_init
    main.o(i.main) refers to led.o(i.led_init) for led_init
    main.o(i.main) refers to key.o(i.key_init) for key_init
    main.o(i.main) refers to atim.o(i.gtim_timx_npwm_chy_init) for gtim_timx_npwm_chy_init
    main.o(i.main) refers to atim.o(i.gtim_timx_npwm_chy_set) for gtim_timx_npwm_chy_set
    main.o(i.main) refers to key.o(i.key_scan) for key_scan
    main.o(i.main) refers to delay.o(i.delay_ms) for delay_ms
    stm32mp1xx_it.o(i.SysTick_Handler) refers to stm32mp1xx_hal.o(i.HAL_IncTick) for HAL_IncTick
    system_stm32mp1xx.o(i.SystemCoreClockUpdate) refers to system_stm32mp1xx.o(.data) for .data
    delay.o(i.delay) refers to delay.o(i.delay_short) for delay_short
    delay.o(i.delay_init) refers to delay.o(.data) for .data
    delay.o(i.delay_ms) refers to delay.o(i.delay_us) for delay_us
    delay.o(i.delay_us) refers to delay.o(.data) for .data
    sys.o(i.sys_stm32_clock_init) refers to stm32mp1xx_hal_pwr.o(i.HAL_PWR_EnableBkUpAccess) for HAL_PWR_EnableBkUpAccess
    sys.o(i.sys_stm32_clock_init) refers to stm32mp1xx_hal_rcc.o(i.HAL_RCC_OscConfig) for HAL_RCC_OscConfig
    sys.o(i.sys_stm32_clock_init) refers to stm32mp1xx_hal_rcc.o(i.HAL_RCC_ClockConfig) for HAL_RCC_ClockConfig
    usart.o(.rev16_text) refers (Special) to use_no_semi_2.o(.text) for __use_no_semihosting
    usart.o(.revsh_text) refers (Special) to use_no_semi_2.o(.text) for __use_no_semihosting
    usart.o(.rrx_text) refers (Special) to use_no_semi_2.o(.text) for __use_no_semihosting
    usart.o(i.HAL_UART_MspInit) refers (Special) to use_no_semi_2.o(.text) for __use_no_semihosting
    usart.o(i.HAL_UART_MspInit) refers to stm32mp1xx_hal_gpio.o(i.HAL_GPIO_Init) for HAL_GPIO_Init
    usart.o(i.HAL_UART_MspInit) refers to stm32mp1xx_hal_rcc_ex.o(i.HAL_RCCEx_PeriphCLKConfig) for HAL_RCCEx_PeriphCLKConfig
    usart.o(i.HAL_UART_MspInit) refers to stm32mp1xx_hal_cortex.o(i.HAL_NVIC_EnableIRQ) for HAL_NVIC_EnableIRQ
    usart.o(i.HAL_UART_MspInit) refers to stm32mp1xx_hal_cortex.o(i.HAL_NVIC_SetPriority) for HAL_NVIC_SetPriority
    usart.o(i.HAL_UART_RxCpltCallback) refers (Special) to use_no_semi_2.o(.text) for __use_no_semihosting
    usart.o(i.HAL_UART_RxCpltCallback) refers to usart.o(.data) for .data
    usart.o(i.HAL_UART_RxCpltCallback) refers to usart.o(.bss) for .bss
    usart.o(i.UART4_IRQHandler) refers (Special) to use_no_semi_2.o(.text) for __use_no_semihosting
    usart.o(i.UART4_IRQHandler) refers to stm32mp1xx_hal_uart.o(i.HAL_UART_IRQHandler) for HAL_UART_IRQHandler
    usart.o(i.UART4_IRQHandler) refers to stm32mp1xx_hal_uart.o(i.HAL_UART_GetState) for HAL_UART_GetState
    usart.o(i.UART4_IRQHandler) refers to stm32mp1xx_hal_uart.o(i.HAL_UART_Receive_IT) for HAL_UART_Receive_IT
    usart.o(i.UART4_IRQHandler) refers to usart.o(.bss) for .bss
    usart.o(i.UART4_IRQHandler) refers to usart.o(.data) for .data
    usart.o(i._sys_exit) refers (Special) to use_no_semi_2.o(.text) for __use_no_semihosting
    usart.o(i._ttywrch) refers (Special) to use_no_semi_2.o(.text) for __use_no_semihosting
[...]
    ../clib/armsys.c                         0x00000000   Number         0  _get_argv_nomalloc.o ABSOLUTE
    ../clib/armsys.c                         0x00000000   Number         0  argv_veneer.o ABSOLUTE
    ../clib/heapalloc.c                      0x00000000   Number         0  hrguard.o ABSOLUTE
    ../clib/libinit.s                        0x00000000   Number         0  libshutdown2.o ABSOLUTE
    ../clib/libinit.s                        0x00000000   Number         0  libinit.o ABSOLUTE
    ../clib/libinit.s                        0x00000000   Number         0  libshutdown.o ABSOLUTE
    ../clib/libinit.s                        0x00000000   Number         0  libinit3.o ABSOLUTE
    ../clib/libinit.s                        0x00000000   Number         0  libinit2.o ABSOLUTE
    ../clib/signal.c                         0x00000000   Number         0  defsig_general.o ABSOLUTE
    ../clib/signal.c                         0x00000000   Number         0  __raise.o ABSOLUTE
    ../clib/signal.c                         0x00000000   Number         0  defsig_rtmem_inner.o ABSOLUTE
    ../clib/signal.c                         0x00000000   Number         0  defsig_exit.o ABSOLUTE
    ../clib/signal.c                         0x00000000   Number         0  defsig_fpe_inner.o ABSOLUTE
    ../clib/signal.c                         0x00000000   Number         0  defsig_rtmem_outer.o ABSOLUTE
    ../clib/signal.c                         0x00000000   Number         0  defsig_rtmem_formal.o ABSOLUTE
    ../clib/signal.c                         0x00000000   Number         0  defsig_rtred_inner.o ABSOLUTE
    ../clib/signal.c                         0x00000000   Number         0  defsig_stak_inner.o ABSOLUTE
    ../clib/signal.c                         0x00000000   Number         0  defsig_pvfn_inner.o ABSOLUTE
    ../clib/signal.c                         0x00000000   Number         0  defsig_segv_inner.o ABSOLUTE
    ../clib/signal.c                         0x00000000   Number         0  defsig_other.o ABSOLUTE
    ../clib/signal.c                         0x00000000   Number         0  defsig_cppl_inner.o ABSOLUTE
    ../clib/signal.c                         0x00000000   Number         0  defsig_abrt_inner.o ABSOLUTE
    ../clib/signal.s                         0x00000000   Number         0  defsig.o ABSOLUTE
    ../clib/stdlib.c                         0x00000000   Number         0  exit.o ABSOLUTE
    ../fplib/fpinit.s                        0x00000000   Number         0  fpinit.o ABSOLUTE
    ..\..\Drivers\BSP\BEEP\beep.c            0x00000000   Number         0  beep.o ABSOLUTE
    ..\..\Drivers\BSP\KEY\key.c              0x00000000   Number         0  key.o ABSOLUTE
    ..\..\Drivers\BSP\LED\led.c              0x00000000   Number         0  led.o ABSOLUTE
    ..\..\Drivers\BSP\TIMER\atim.c           0x00000000   Number         0  atim.o ABSOLUTE
    ..\..\Drivers\CMSIS\Device\ST\STM32MP1xx\Source\Templates\arm\startup_stm32mp15xx.s 0x00000000   Number         0  startup_stm32mp15xx.o ABSOLUTE
    ..\..\Drivers\CMSIS\Device\ST\STM32MP1xx\Source\Templates\system_stm32mp1xx.c 0x00000000   Number         0  system_stm32mp1xx.o ABSOLUTE
    ..\..\Drivers\STM32MP1xx_HAL_Driver\Src\stm32mp1xx_hal.c 0x00000000   Number         0  stm32mp1xx_hal.o ABSOLUTE
    ..\..\Drivers\STM32MP1xx_HAL_Driver\Src\stm32mp1xx_hal_cortex.c 0x00000000   Number         0  stm32mp1xx_hal_cortex.o ABSOLUTE
    ..\..\Drivers\STM32MP1xx_HAL_Driver\Src\stm32mp1xx_hal_dma.c 0x00000000   Number         0  stm32mp1xx_hal_dma.o ABSOLUTE
    ..\..\Drivers\STM32MP1xx_HAL_Driver\Src\stm32mp1xx_hal_dma_ex.c 0x00000000   Number         0  stm32mp1xx_hal_dma_ex.o ABSOLUTE
    ..\..\Drivers\STM32MP1xx_HAL_Driver\Src\stm32mp1xx_hal_gpio.c 0x00000000   Number         0  stm32mp1xx_hal_gpio.o ABSOLUTE
    ..\..\Drivers\STM32MP1xx_HAL_Driver\Src\stm32mp1xx_hal_mdma.c 0x00000000   Number         0  stm32mp1xx_hal_mdma.o ABSOLUTE
    ..\..\Drivers\STM32MP1xx_HAL_Driver\Src\stm32mp1xx_hal_pwr.c 0x00000000   Number         0  stm32mp1xx_hal_pwr.o ABSOLUTE
    ..\..\Drivers\STM32MP1xx_HAL_Driver\Src\stm32mp1xx_hal_pwr_ex.c 0x00000000   Number         0  stm32mp1xx_hal_pwr_ex.o ABSOLUTE
    ..\..\Drivers\STM32MP1xx_HAL_Driver\Src\stm32mp1xx_hal_rcc.c 0x00000000   Number         0  stm32mp1xx_hal_rcc.o ABSOLUTE
    ..\..\Drivers\STM32MP1xx_HAL_Driver\Src\stm32mp1xx_hal_rcc_ex.c 0x00000000   Number         0  stm32mp1xx_hal_rcc_ex.o ABSOLUTE
    ..\..\Drivers\STM32MP1xx_HAL_Driver\Src\stm32mp1xx_hal_tim.c 0x00000000   Number         0  stm32mp1xx_hal_tim.o ABSOLUTE
    ..\..\Drivers\STM32MP1xx_HAL_Driver\Src\stm32mp1xx_hal_tim_ex.c 0x00000000   Number         0  stm32mp1xx_hal_tim_ex.o ABSOLUTE
    ..\..\Drivers\STM32MP1xx_HAL_Driver\Src\stm32mp1xx_hal_uart.c 0x00000000   Number         0  stm32mp1xx_hal_uart.o ABSOLUTE
    ..\..\Drivers\STM32MP1xx_HAL_Driver\Src\stm32mp1xx_hal_uart_ex.c 0x00000000   Number         0  stm32mp1xx_hal_uart_ex.o ABSOLUTE
    ..\..\Drivers\STM32MP1xx_HAL_Driver\Src\stm32mp1xx_hal_usart.c 0x00000000   Number         0  stm32mp1xx_hal_usart.o ABSOLUTE
    ..\..\Drivers\STM32MP1xx_HAL_Driver\Src\stm32mp1xx_hal_usart_ex.c 0x00000000   Number         0  stm32mp1xx_hal_usart_ex.o ABSOLUTE
    ..\..\Drivers\STM32MP1xx_HAL_Driver\Src\stm32mp1xx_hal_wwdg.c 0x00000000   Number         0  stm32mp1xx_hal_wwdg.o ABSOLUTE
    ..\..\Drivers\SYSTEM\delay\delay.c       0x00000000   Number         0  delay.o ABSOLUTE
    ..\..\Drivers\SYSTEM\sys\sys.c           0x00000000   Number         0  sys.o ABSOLUTE
    ..\..\Drivers\SYSTEM\usart\usart.c       0x00000000   Number         0  usart.o ABSOLUTE
    ..\..\User\main.c                        0x00000000   Number         0  main.o ABSOLUTE
    ..\..\User\stm32mp1xx_it.c               0x00000000   Number         0  stm32mp1xx_it.o ABSOLUTE
    ..\\..\\Drivers\\BSP\\BEEP\\beep.c       0x00000000   Number         0  beep.o ABSOLUTE
    ..\\..\\Drivers\\BSP\\KEY\\key.c         0x00000000   Number         0  key.o ABSOLUTE
    ..\\..\\Drivers\\BSP\\LED\\led.c         0x00000000   Number         0  led.o ABSOLUTE
    ..\\..\\Drivers\\BSP\\TIMER\\atim.c      0x00000000   Number         0  atim.o ABSOLUTE
    ..\\..\\Drivers\\CMSIS\\Device\\ST\\STM32MP1xx\\Source\\Templates\\system_stm32mp1xx.c 0x00000000   Number         0  system_stm32mp1xx.o ABSOLUTE
    ..\\..\\Drivers\\STM32MP1xx_HAL_Driver\\Src\\stm32mp1xx_hal.c 0x00000000   Number         0  stm32mp1xx_hal.o ABSOLUTE
    ..\\..\\Drivers\\STM32MP1xx_HAL_Driver\\Src\\stm32mp1xx_hal_cortex.c 0x00000000   Number         0  stm32mp1xx_hal_cortex.o ABSOLUTE
    ..\\..\\Drivers\\STM32MP1xx_HAL_Driver\\Src\\stm32mp1xx_hal_dma.c 0x00000000   Number         0  stm32mp1xx_hal_dma.o ABSOLUTE
    ..\\..\\Drivers\\STM32MP1xx_HAL_Driver\\Src\\stm32mp1xx_hal_dma_ex.c 0x00000000   Number         0  stm32mp1xx_hal_dma_ex.o ABSOLUTE
    ..\\..\\Drivers\\STM32MP1xx_HAL_Driver\\Src\\stm32mp1xx_hal_gpio.c 0x00000000   Number         0  stm32mp1xx_hal_gpio.o ABSOLUTE
    ..\\..\\Drivers\\STM32MP1xx_HAL_Driver\\Src\\stm32mp1xx_hal_mdma.c 0x00000000   Number         0  stm32mp1xx_hal_mdma.o ABSOLUTE
    ..\\..\\Drivers\\STM32MP1xx_HAL_Driver\\Src\\stm32mp1xx_hal_pwr.c 0x00000000   Number         0  stm32mp1xx_hal_pwr.o ABSOLUTE
    ..\\..\\Drivers\\STM32MP1xx_HAL_Driver\\Src\\stm32mp1xx_hal_pwr_ex.c 0x00000000   Number         0  stm32mp1xx_hal_pwr_ex.o ABSOLUTE
    ..\\..\\Drivers\\STM32MP1xx_HAL_Driver\\Src\\stm32mp1xx_hal_rcc.c 0x00000000   Number         0  stm32mp1xx_hal_rcc.o ABSOLUTE
    ..\\..\\Drivers\\STM32MP1xx_HAL_Driver\\Src\\stm32mp1xx_hal_rcc_ex.c 0x00000000   Number         0  stm32mp1xx_hal_rcc_ex.o ABSOLUTE
    ..\\..\\Drivers\\STM32MP1xx_HAL_Driver\\Src\\stm32mp1xx_hal_tim.c 0x00000000   Number         0  stm32mp1xx_hal_tim.o ABSOLUTE
    ..\\..\\Drivers\\STM32MP1xx_HAL_Driver\\Src\\stm32mp1xx_hal_tim_ex.c 0x00000000   Number         0  stm32mp1xx_hal_tim_ex.o ABSOLUTE
    ..\\..\\Drivers\\STM32MP1xx_HAL_Driver\\Src\\stm32mp1xx_hal_uart.c 0x00000000   Number         0  stm32mp1xx_hal_uart.o ABSOLUTE
    ..\\..\\Drivers\\STM32MP1xx_HAL_Driver\\Src\\stm32mp1xx_hal_uart_ex.c 0x00000000   Number         0  stm32mp1xx_hal_uart_ex.o ABSOLUTE
    ..\\..\\Drivers\\STM32MP1xx_HAL_Driver\\Src\\stm32mp1xx_hal_usart.c 0x00000000   Number         0  stm32mp1xx_hal_usart.o ABSOLUTE
    ..\\..\\Drivers\\STM32MP1xx_HAL_Driver\\Src\\stm32mp1xx_hal_usart_ex.c 0x00000000   Number         0  stm32mp1xx_hal_usart_ex.o ABSOLUTE
    ..\\..\\Drivers\\STM32MP1xx_HAL_Driver\\Src\\stm32mp1xx_hal_wwdg.c 0x00000000   Number         0  stm32mp1xx_hal_wwdg.o ABSOLUTE
    ..\\..\\Drivers\\SYSTEM\\delay\\delay.c  0x00000000   Number         0  delay.o ABSOLUTE
    ..\\..\\Drivers\\SYSTEM\\sys\\sys.c      0x00000000   Number         0  sys.o ABSOLUTE
    ..\\..\\Drivers\\SYSTEM\\usart\\usart.c  0x00000000   Number         0  usart.o ABSOLUTE
    ..\\..\\User\\main.c                     0x00000000   Number         0  main.o ABSOLUTE
    ..\\..\\User\\stm32mp1xx_it.c            0x00000000   Number         0  stm32mp1xx_it.o ABSOLUTE
    dc.s                                     0x00000000   Number         0  dc.o ABSOLUTE
    !!!main                                  0x10000000   Section        8  __main.o(!!!main)
    !!!scatter                               0x10000008   Section       52  __scatter.o(!!!scatter)
    !!handler_copy                           0x1000003c   Section       26  __scatter_copy.o(!!handler_copy)
    !!handler_zi                             0x10000058   Section       28  __scatter_zi.o(!!handler_zi)
    .ARM.Collect$$libinit$$00000000          0x10000074   Section        2  libinit.o(.ARM.Collect$$libinit$$00000000)
    .ARM.Collect$$libinit$$00000001          0x10000076   Section        4  libinit2.o(.ARM.Collect$$libinit$$00000001)
    .ARM.Collect$$libinit$$00000004          0x1000007a   Section        0  libinit2.o(.ARM.Collect$$libinit$$00000004)
    .ARM.Collect$$libinit$$0000000A          0x1000007a   Section        0  libinit2.o(.ARM.Collect$$libinit$$0000000A)
    .ARM.Collect$$libinit$$0000000C          0x1000007a   Section        0  libinit2.o(.ARM.Collect$$libinit$$0000000C)
    .ARM.Collect$$libinit$$0000000E          0x1000007a   Section        0  libinit2.o(.ARM.Collect$$libinit$$0000000E)
    .ARM.Collect$$libinit$$00000011          0x1000007a   Section        0  libinit2.o(.ARM.Collect$$libinit$$00000011)
    .ARM.Collect$$libinit$$00000013          0x1000007a   Section        0  libinit2.o(.ARM.Collect$$libinit$$00000013)
    .ARM.Collect$$libinit$$00000015          0x1000007a   Section        0  libinit2.o(.ARM.Collect$$libinit$$00000015)
    .ARM.Collect$$libinit$$00000017          0x1000007a   Section        0  libinit2.o(.ARM.Collect$$libinit$$00000017)
    .ARM.Collect$$libinit$$00000019          0x1000007a   Section        0  libinit2.o(.ARM.Collect$$libinit$$00000019)
    .ARM.Collect$$libinit$$0000001B          0x1000007a   Section        0  libinit2.o(.ARM.Collect$$libinit$$0000001B)
    .ARM.Collect$$libinit$$0000001D          0x1000007a   Section        0  libinit2.o(.ARM.Collect$$libinit$$0000001D)
    .ARM.Collect$$libinit$$0000001F          0x1000007a   Section        0  libinit2.o(.ARM.Collect$$libinit$$0000001F)
    .ARM.Collect$$libinit$$00000021          0x1000007a   Section        0  libinit2.o(.ARM.Collect$$libinit$$00000021)
    .ARM.Collect$$libinit$$00000023          0x1000007a   Section        0  libinit2.o(.ARM.Collect$$libinit$$00000023)
    .ARM.Collect$$libinit$$00000025          0x1000007a   Section        0  libinit2.o(.ARM.Collect$$libinit$$00000025)
    .ARM.Collect$$libinit$$0000002C          0x1000007a   Section        0  libinit2.o(.ARM.Collect$$libinit$$0000002C)
    .ARM.Collect$$libinit$$0000002E          0x1000007a   Section        0  libinit2.o(.ARM.Collect$$libinit$$0000002E)
    .ARM.Collect$$libinit$$00000030          0x1000007a   Section        0  libinit2.o(.ARM.Collect$$libinit$$00000030)
    .ARM.Collect$$libinit$$00000032          0x1000007a   Section        0  libinit2.o(.ARM.Collect$$libinit$$00000032)
    .ARM.Collect$$libinit$$00000033          0x1000007a   Section        2  libinit2.o(.ARM.Collect$$libinit$$00000033)
    .ARM.Collect$$libshutdown$$00000000      0x1000007c   Section        2  libshutdown.o(.ARM.Collect$$libshutdown$$00000000)
    .ARM.Collect$$libshutdown$$00000002      0x1000007e   Section        0  libshutdown2.o(.ARM.Collect$$libshutdown$$00000002)
    .ARM.Collect$$libshutdown$$00000004      0x1000007e   Section        0  libshutdown2.o(.ARM.Collect$$libshutdown$$00000004)
    .ARM.Collect$$libshutdown$$00000007      0x1000007e   Section        0  libshutdown2.o(.ARM.Collect$$libshutdown$$00000007)
    .ARM.Collect$$libshutdown$$0000000A      0x1000007e   Section        0  libshutdown2.o(.ARM.Collect$$libshutdown$$0000000A)
    .ARM.Collect$$libshutdown$$0000000C      0x1000007e   Section        0  libshutdown2.o(.ARM.Collect$$libshutdown$$0000000C)
    .ARM.Collect$$libshutdown$$0000000F      0x1000007e   Section        0  libshutdown2.o(.ARM.Collect$$libshutdown$$0000000F)
    .ARM.Collect$$libshutdown$$00000010      0x1000007e   Section        2  libshutdown2.o(.ARM.Collect$$libshutdown$$00000010)
    .ARM.Collect$$rtentry$$00000000          0x10000080   Section        0  __rtentry.o(.ARM.Collect$$rtentry$$00000000)
    .ARM.Collect$$rtentry$$00000002          0x10000080   Section        0  __rtentry2.o(.ARM.Collect$$rtentry$$00000002)
    .ARM.Collect$$rtentry$$00000005          0x10000080   Section        4  __rtentry5.o(.ARM.Collect$$rtentry$$00000005)
    .ARM.Collect$$rtentry$$00000009          0x10000084   Section        0  __rtentry2.o(.ARM.Collect$$rtentry$$00000009)
    .ARM.Collect$$rtentry$$0000000A          0x10000084   Section        4  __rtentry2.o(.ARM.Collect$$rtentry$$0000000A)
    .ARM.Collect$$rtentry$$0000000C          0x10000088   Section        0  __rtentry2.o(.ARM.Collect$$rtentry$$0000000C)
    .ARM.Collect$$rtentry$$0000000D          0x10000088   Section        8  __rtentry2.o(.ARM.Collect$$rtentry$$0000000D)
    .ARM.Collect$$rtentry$$00002716          0x10000090   Section        4  __rtentry5.o(.ARM.Collect$$rtentry$$00002716)
    __lit__00000000                          0x10000090   Data           4  __rtentry5.o(.ARM.Collect$$rtentry$$00002716)
    .ARM.Collect$$rtexit$$00000000           0x10000094   Section        2  rtexit.o(.ARM.Collect$$rtexit$$00000000)
    .ARM.Collect$$rtexit$$00000002           0x10000096   Section        0  rtexit2.o(.ARM.Collect$$rtexit$$00000002)
    .ARM.Collect$$rtexit$$00000003           0x10000096   Section        4  rtexit2.o(.ARM.Collect$$rtexit$$00000003)
    .ARM.Collect$$rtexit$$00000004           0x1000009a   Section        6  rtexit2.o(.ARM.Collect$$rtexit$$00000004)
    .text                                    0x100000a0   Section      336  startup_stm32mp15xx.o(.text)
    $v0                                      0x100000a0   Number         0  startup_stm32mp15xx.o(.text)
    .text                                    0x100001f0   Section        2  use_no_semi_2.o(.text)
    .text                                    0x100001f2   Section        2  use_no_semi.o(.text)
    .text                                    0x100001f4   Section        0  exit.o(.text)
    i.BusFault_Handler                       0x10000206   Section        0  stm32mp1xx_it.o(i.BusFault_Handler)
    i.DebugMon_Handler                       0x10000208   Section        0  stm32mp1xx_it.o(i.DebugMon_Handler)
    i.HAL_DMA_Abort_IT                       0x1000020a   Section        0  stm32mp1xx_hal_dma.o(i.HAL_DMA_Abort_IT)
    i.HAL_GPIO_Init                          0x10000230   Section        0  stm32mp1xx_hal_gpio.o(i.HAL_GPIO_Init)
    i.HAL_GPIO_ReadPin                       0x1000041c   Section        0  stm32mp1xx_hal_gpio.o(i.HAL_GPIO_ReadPin)
    i.HAL_GPIO_WritePin                      0x10000426   Section        0  stm32mp1xx_hal_gpio.o(i.HAL_GPIO_WritePin)
    i.HAL_GetTick                            0x10000430   Section        0  stm32mp1xx_hal.o(i.HAL_GetTick)
    i.HAL_IncTick                            0x1000043c   Section        0  stm32mp1xx_hal.o(i.HAL_IncTick)
    i.HAL_Init                               0x1000044c   Section        0  stm32mp1xx_hal.o(i.HAL_Init)
    i.HAL_InitTick                           0x10000474   Section        0  stm32mp1xx_hal.o(i.HAL_InitTick)
    i.HAL_MDMA_Abort_IT                      0x100004b4   Section        0  stm32mp1xx_hal_mdma.o(i.HAL_MDMA_Abort_IT)
    i.HAL_MspInit                            0x100004da   Section        0  stm32mp1xx_hal.o(i.HAL_MspInit)
    i.HAL_NVIC_EnableIRQ                     0x100004dc   Section        0  stm32mp1xx_hal_cortex.o(i.HAL_NVIC_EnableIRQ)
    i.HAL_NVIC_SetPriority                   0x100004f8   Section        0  stm32mp1xx_hal_cortex.o(i.HAL_NVIC_SetPriority)
    i.HAL_NVIC_SetPriorityGrouping           0x10000538   Section        0  stm32mp1xx_hal_cortex.o(i.HAL_NVIC_SetPriorityGrouping)
    i.HAL_PWR_EnableBkUpAccess               0x1000055c   Section        0  stm32mp1xx_hal_pwr.o(i.HAL_PWR_EnableBkUpAccess)
    i.HAL_RCCEx_PeriphCLKConfig              0x1000056c   Section        0  stm32mp1xx_hal_rcc_ex.o(i.HAL_RCCEx_PeriphCLKConfig)
    i.HAL_RCC_ClockConfig                    0x10001050   Section        0  stm32mp1xx_hal_rcc.o(i.HAL_RCC_ClockConfig)
    i.HAL_RCC_GetACLKFreq                    0x10001184   Section        0  stm32mp1xx_hal_rcc.o(i.HAL_RCC_GetACLKFreq)
    i.HAL_RCC_GetAXISSFreq                   0x100011a4   Section        0  stm32mp1xx_hal_rcc.o(i.HAL_RCC_GetAXISSFreq)
    i.HAL_RCC_GetMCUFreq                     0x100011ec   Section        0  stm32mp1xx_hal_rcc.o(i.HAL_RCC_GetMCUFreq)
    i.HAL_RCC_GetMCUSSFreq                   0x10001208   Section        0  stm32mp1xx_hal_rcc.o(i.HAL_RCC_GetMCUSSFreq)
    i.HAL_RCC_GetPCLK1Freq                   0x10001250   Section        0  stm32mp1xx_hal_rcc.o(i.HAL_RCC_GetPCLK1Freq)
    i.HAL_RCC_GetPCLK2Freq                   0x1000126c   Section        0  stm32mp1xx_hal_rcc.o(i.HAL_RCC_GetPCLK2Freq)
    i.HAL_RCC_GetPCLK5Freq                   0x10001288   Section        0  stm32mp1xx_hal_rcc.o(i.HAL_RCC_GetPCLK5Freq)
    i.HAL_RCC_GetPLL2ClockFreq               0x100012a4   Section        0  stm32mp1xx_hal_rcc.o(i.HAL_RCC_GetPLL2ClockFreq)
    i.HAL_RCC_GetPLL3ClockFreq               0x10001398   Section        0  stm32mp1xx_hal_rcc.o(i.HAL_RCC_GetPLL3ClockFreq)
    i.HAL_RCC_GetPLL4ClockFreq               0x100014ac   Section        0  stm32mp1xx_hal_rcc.o(i.HAL_RCC_GetPLL4ClockFreq)
    i.HAL_RCC_GetSystemCoreClockFreq         0x100015bc   Section        0  stm32mp1xx_hal_rcc.o(i.HAL_RCC_GetSystemCoreClockFreq)
    i.HAL_RCC_HSEConfig                      0x100015c0   Section        0  stm32mp1xx_hal_rcc.o(i.HAL_RCC_HSEConfig)
    i.HAL_RCC_LSEConfig                      0x10001644   Section        0  stm32mp1xx_hal_rcc.o(i.HAL_RCC_LSEConfig)
    i.HAL_RCC_OscConfig                      0x100016e0   Section        0  stm32mp1xx_hal_rcc.o(i.HAL_RCC_OscConfig)
    i.HAL_SYSTICK_Config                     0x10001aa8   Section        0  stm32mp1xx_hal_cortex.o(i.HAL_SYSTICK_Config)
    i.HAL_TIMEx_Break2Callback               0x10001ad0   Section        0  stm32mp1xx_hal_tim_ex.o(i.HAL_TIMEx_Break2Callback)
    i.HAL_TIMEx_BreakCallback                0x10001ad2   Section        0  stm32mp1xx_hal_tim_ex.o(i.HAL_TIMEx_BreakCallback)
    i.HAL_TIMEx_CommutCallback               0x10001ad4   Section        0  stm32mp1xx_hal_tim_ex.o(i.HAL_TIMEx_CommutCallback)
    i.HAL_TIM_IC_CaptureCallback             0x10001ad6   Section        0  stm32mp1xx_hal_tim.o(i.HAL_TIM_IC_CaptureCallback)
    i.HAL_TIM_IRQHandler                     0x10001ad8   Section        0  stm32mp1xx_hal_tim.o(i.HAL_TIM_IRQHandler)
    i.HAL_TIM_OC_DelayElapsedCallback        0x10001c5c   Section        0  stm32mp1xx_hal_tim.o(i.HAL_TIM_OC_DelayElapsedCallback)
    i.HAL_TIM_PWM_ConfigChannel              0x10001c5e   Section        0  stm32mp1xx_hal_tim.o(i.HAL_TIM_PWM_ConfigChannel)
    i.HAL_TIM_PWM_Init                       0x10001d86   Section        0  stm32mp1xx_hal_tim.o(i.HAL_TIM_PWM_Init)
    i.HAL_TIM_PWM_MspInit                    0x10001dbc   Section        0  atim.o(i.HAL_TIM_PWM_MspInit)
    i.HAL_TIM_PWM_PulseFinishedCallback      0x10001e00   Section        0  stm32mp1xx_hal_tim.o(i.HAL_TIM_PWM_PulseFinishedCallback)
    i.HAL_TIM_PWM_Start                      0x10001e04   Section        0  stm32mp1xx_hal_tim.o(i.HAL_TIM_PWM_Start)
    i.HAL_TIM_PeriodElapsedCallback          0x10001e6c   Section        0  atim.o(i.HAL_TIM_PeriodElapsedCallback)
    i.HAL_TIM_TriggerCallback                0x10001ed0   Section        0  stm32mp1xx_hal_tim.o(i.HAL_TIM_TriggerCallback)
    i.HAL_UARTEx_RxFifoFullCallback          0x10001ed2   Section        0  stm32mp1xx_hal_uart_ex.o(i.HAL_UARTEx_RxFifoFullCallback)
    i.HAL_UARTEx_TxFifoEmptyCallback         0x10001ed4   Section        0  stm32mp1xx_hal_uart_ex.o(i.HAL_UARTEx_TxFifoEmptyCallback)
    i.HAL_UARTEx_WakeupCallback              0x10001ed6   Section        0  stm32mp1xx_hal_uart_ex.o(i.HAL_UARTEx_WakeupCallback)
    i.HAL_UART_ErrorCallback                 0x10001ed8   Section        0  stm32mp1xx_hal_uart.o(i.HAL_UART_ErrorCallback)
    i.HAL_UART_GetState                      0x10001eda   Section        0  stm32mp1xx_hal_uart.o(i.HAL_UART_GetState)
    i.HAL_UART_IRQHandler                    0x10001ee4   Section        0  stm32mp1xx_hal_uart.o(i.HAL_UART_IRQHandler)
    i.HAL_UART_Init                          0x100020c8   Section        0  stm32mp1xx_hal_uart.o(i.HAL_UART_Init)
    i.HAL_UART_MspInit                       0x10002134   Section        0  usart.o(i.HAL_UART_MspInit)
    i.HAL_UART_Receive_IT                    0x100021a8   Section        0  stm32mp1xx_hal_uart.o(i.HAL_UART_Receive_IT)
    i.HAL_UART_RxCpltCallback                0x100022a4   Section        0  usart.o(i.HAL_UART_RxCpltCallback)
    i.HAL_UART_TxCpltCallback                0x100022fc   Section        0  stm32mp1xx_hal_uart.o(i.HAL_UART_TxCpltCallback)
    i.HardFault_Handler                      0x100022fe   Section        0  stm32mp1xx_it.o(i.HardFault_Handler)
    i.MemManage_Handler                      0x10002300   Section        0  stm32mp1xx_it.o(i.MemManage_Handler)
    i.NMI_Handler                            0x10002302   Section        0  stm32mp1xx_it.o(i.NMI_Handler)
    i.PendSV_Handler                         0x10002304   Section        0  stm32mp1xx_it.o(i.PendSV_Handler)
    i.RCCEx_PLL2_Config                      0x10002308   Section        0  stm32mp1xx_hal_rcc_ex.o(i.RCCEx_PLL2_Config)
    i.RCCEx_PLL3_Config                      0x100024e8   Section        0  stm32mp1xx_hal_rcc_ex.o(i.RCCEx_PLL3_Config)
    i.RCCEx_PLL4_Config                      0x10002678   Section        0  stm32mp1xx_hal_rcc_ex.o(i.RCCEx_PLL4_Config)
    i.RCC_AXISSConfig                        0x100027f0   Section        0  stm32mp1xx_hal_rcc.o(i.RCC_AXISSConfig)
    i.RCC_MCUConfig                          0x100028a4   Section        0  stm32mp1xx_hal_rcc.o(i.RCC_MCUConfig)
    i.RCC_MPUConfig                          0x10002974   Section        0  stm32mp1xx_hal_rcc.o(i.RCC_MPUConfig)
    i.RCC_PLL1_Config                        0x100029fc   Section        0  stm32mp1xx_hal_rcc.o(i.RCC_PLL1_Config)
    i.SVC_Handler                            0x10002bc8   Section        0  stm32mp1xx_it.o(i.SVC_Handler)
    i.SysTick_Handler                        0x10002bca   Section        0  stm32mp1xx_it.o(i.SysTick_Handler)
    i.SystemInit                             0x10002bd0   Section        0  system_stm32mp1xx.o(i.SystemInit)
    i.TIM8_UP_IRQHandler                     0x10002bf8   Section        0  atim.o(i.TIM8_UP_IRQHandler)
    i.TIM_Base_SetConfig                     0x10002c04   Section        0  stm32mp1xx_hal_tim.o(i.TIM_Base_SetConfig)
    i.TIM_CCxChannelCmd                      0x10002cc4   Section        0  stm32mp1xx_hal_tim.o(i.TIM_CCxChannelCmd)
    i.TIM_OC1_SetConfig                      0x10002ce0   Section        0  stm32mp1xx_hal_tim.o(i.TIM_OC1_SetConfig)
    TIM_OC1_SetConfig                        0x10002ce1   Thumb Code   132  stm32mp1xx_hal_tim.o(i.TIM_OC1_SetConfig)
    i.TIM_OC2_SetConfig                      0x10002d78   Section        0  stm32mp1xx_hal_tim.o(i.TIM_OC2_SetConfig)
    i.TIM_OC3_SetConfig                      0x10002e08   Section        0  stm32mp1xx_hal_tim.o(i.TIM_OC3_SetConfig)
    TIM_OC3_SetConfig                        0x10002e09   Thumb Code   120  stm32mp1xx_hal_tim.o(i.TIM_OC3_SetConfig)
    i.TIM_OC4_SetConfig                      0x10002e94   Section        0  stm32mp1xx_hal_tim.o(i.TIM_OC4_SetConfig)
    TIM_OC4_SetConfig                        0x10002e95   Thumb Code    92  stm32mp1xx_hal_tim.o(i.TIM_OC4_SetConfig)
    i.TIM_OC5_SetConfig                      0x10002f04   Section        0  stm32mp1xx_hal_tim.o(i.TIM_OC5_SetConfig)
    TIM_OC5_SetConfig                        0x10002f05   Thumb Code    86  stm32mp1xx_hal_tim.o(i.TIM_OC5_SetConfig)
    i.TIM_OC6_SetConfig                      0x10002f70   Section        0  stm32mp1xx_hal_tim.o(i.TIM_OC6_SetConfig)
    TIM_OC6_SetConfig                        0x10002f71   Thumb Code    88  stm32mp1xx_hal_tim.o(i.TIM_OC6_SetConfig)
    i.UART4_IRQHandler                       0x10002fdc   Section        0  usart.o(i.UART4_IRQHandler)
    i.UART_AdvFeatureConfig                  0x10003020   Section        0  stm32mp1xx_hal_uart.o(i.UART_AdvFeatureConfig)
    i.UART_CheckIdleState                    0x100030e8   Section        0  stm32mp1xx_hal_uart.o(i.UART_CheckIdleState)
    i.UART_DMAAbortOnError                   0x10003146   Section        0  stm32mp1xx_hal_uart.o(i.UART_DMAAbortOnError)
    UART_DMAAbortOnError                     0x10003147   Thumb Code    20  stm32mp1xx_hal_uart.o(i.UART_DMAAbortOnError)
    i.UART_EndRxTransfer                     0x1000315c   Section        0  stm32mp1xx_hal_uart.o(i.UART_EndRxTransfer)
    UART_EndRxTransfer                       0x1000315d   Thumb Code    32  stm32mp1xx_hal_uart.o(i.UART_EndRxTransfer)
    i.UART_MDMAAbortOnError                  0x10003180   Section        0  stm32mp1xx_hal_uart.o(i.UART_MDMAAbortOnError)
    UART_MDMAAbortOnError                    0x10003181   Thumb Code    20  stm32mp1xx_hal_uart.o(i.UART_MDMAAbortOnError)
    i.UART_RxISR_16BIT                       0x10003194   Section        0  stm32mp1xx_hal_uart.o(i.UART_RxISR_16BIT)
    UART_RxISR_16BIT                         0x10003195   Thumb Code    94  stm32mp1xx_hal_uart.o(i.UART_RxISR_16BIT)
    i.UART_RxISR_16BIT_FIFOEN                0x100031f4   Section        0  stm32mp1xx_hal_uart.o(i.UART_RxISR_16BIT_FIFOEN)
    UART_RxISR_16BIT_FIFOEN                  0x100031f5   Thumb Code   152  stm32mp1xx_hal_uart.o(i.UART_RxISR_16BIT_FIFOEN)
    i.UART_RxISR_8BIT                        0x10003294   Section        0  stm32mp1xx_hal_uart.o(i.UART_RxISR_8BIT)
    UART_RxISR_8BIT                          0x10003295   Thumb Code    94  stm32mp1xx_hal_uart.o(i.UART_RxISR_8BIT)
    i.UART_RxISR_8BIT_FIFOEN                 0x100032f4   Section        0  stm32mp1xx_hal_uart.o(i.UART_RxISR_8BIT_FIFOEN)
    UART_RxISR_8BIT_FIFOEN                   0x100032f5   Thumb Code   152  stm32mp1xx_hal_uart.o(i.UART_RxISR_8BIT_FIFOEN)
    i.UART_SetConfig                         0x10003394   Section        0  stm32mp1xx_hal_uart.o(i.UART_SetConfig)
    i.UART_WaitOnFlagUntilTimeout            0x10003952   Section        0  stm32mp1xx_hal_uart.o(i.UART_WaitOnFlagUntilTimeout)
    i.UsageFault_Handler                     0x100039f2   Section        0  stm32mp1xx_it.o(i.UsageFault_Handler)
    i.__NVIC_SetPriority                     0x100039f4   Section        0  stm32mp1xx_hal_cortex.o(i.__NVIC_SetPriority)
    __NVIC_SetPriority                       0x100039f5   Thumb Code    32  stm32mp1xx_hal_cortex.o(i.__NVIC_SetPriority)
    i._sys_exit                              0x10003a14   Section        0  usart.o(i._sys_exit)
    i.delay                                  0x10003a16   Section        0  delay.o(i.delay)
    i.delay_init                             0x10003a30   Section        0  delay.o(i.delay_init)
    i.delay_ms                               0x10003a3c   Section        0  delay.o(i.delay_ms)
    i.delay_short                            0x10003a56   Section        0  delay.o(i.delay_short)
    i.delay_us                               0x10003a64   Section        0  delay.o(i.delay_us)
    i.gtim_timx_npwm_chy_init                0x10003a98   Section        0  atim.o(i.gtim_timx_npwm_chy_init)
    i.gtim_timx_npwm_chy_set                 0x10003af8   Section        0  atim.o(i.gtim_timx_npwm_chy_set)
    i.key_init                               0x10003b1c   Section        0  key.o(i.key_init)
    i.key_scan                               0x10003b74   Section        0  key.o(i.key_scan)
    i.led_init                               0x10003c20   Section        0  led.o(i.led_init)
    i.main                                   0x10003c78   Section        0  main.o(i.main)
    i.sys_stm32_clock_init                   0x10003cec   Section        0  sys.o(i.sys_stm32_clock_init)
    i.usart_init                             0x10003ddc   Section        0  usart.o(i.usart_init)
    x$fpl$fpinit                             0x10003e14   Section       10  fpinit.o(x$fpl$fpinit)
    $v0                                      0x10003e14   Number         0  fpinit.o(x$fpl$fpinit)
    .data                                    0x10020000   Section        4  system_stm32mp1xx.o(.data)
    .data                                    0x10020004   Section        4  delay.o(.data)
    g_fac_us                                 0x10020004   Data           4  delay.o(.data)
    .data                                    0x10020008   Section        4  usart.o(.data)
    .data                                    0x1002000c   Section       12  stm32mp1xx_hal.o(.data)
    .data                                    0x10020018   Section        1  key.o(.data)
    key_up                                   0x10020018   Data           1  key.o(.data)
    .data                                    0x1002001c   Section        4  atim.o(.data)
    g_npwm_remain                            0x1002001c   Data           4  atim.o(.data)
    .bss                                     0x10020020   Section      348  usart.o(.bss)
    .bss                                     0x1002017c   Section       92  atim.o(.bss)
    STACK                                    0x100201d8   Section     1024  startup_stm32mp15xx.o(STACK)

    Global Symbols

    Symbol Name                              Value     Ov Type        Size  Object(Section)

    BuildAttributes$$THM_ISAv4$E$P$D$K$B$S$7EM$VFPi3$EXTD16$VFPS$VFMA$PE$A:L22UL41UL21$X:L11$S22US41US21$IEEE1$IW$USESV6$~STKCKD$USESV7$~SHL$OSPACE$ROPI$EBA8$UX$STANDARDLIB$REQ8$PRES8$EABIv2 0x00000000   Number         0  anon$$obj.o ABSOLUTE
    __ARM_use_no_argv                        0x00000000   Number         0  main.o ABSOLUTE
    __Vectors                                0x00000000   Data           4  startup_stm32mp15xx.o(RESET)
    Image$$ZI$$Limit                          - Undefined Weak Reference
    __ARM_exceptions_init                     - Undefined Weak Reference
    __alloca_initialize                       - Undefined Weak Reference
    __arm_preinit_                            - Undefined Weak Reference
    __cpp_initialize__aeabi_                  - Undefined Weak Reference
    __cxa_finalize                            - Undefined Weak Reference
    __rt_locale                               - Undefined Weak Reference
    __sigvec_lookup                           - Undefined Weak Reference
    _atexit_init                              - Undefined Weak Reference
    _call_atexit_fns                          - Undefined Weak Reference
    _clock_init                               - Undefined Weak Reference
    _fp_trap_init                             - Undefined Weak Reference
    _fp_trap_shutdown                         - Undefined Weak Reference
    _get_lc_collate                           - Undefined Weak Reference
    _get_lc_ctype                             - Undefined Weak Reference
    _get_lc_monetary                          - Undefined Weak Reference
    _get_lc_numeric                           - Undefined Weak Reference
    _get_lc_time                              - Undefined Weak Reference
    _getenv_init                              - Undefined Weak Reference
    _handle_redirection                       - Undefined Weak Reference
    _init_alloc                               - Undefined Weak Reference
    _init_user_alloc                          - Undefined Weak Reference
    _initio                                   - Undefined Weak Reference
    _rand_init                                - Undefined Weak Reference
    _signal_finish                            - Undefined Weak Reference
    _signal_init                              - Undefined Weak Reference
    _terminate_alloc                          - Undefined Weak Reference
    _terminate_user_alloc                     - Undefined Weak Reference
    _terminateio                              - Undefined Weak Reference
    __Vectors_End                            0x000003bc   Data           0  startup_stm32mp15xx.o(RESET)
    __Vectors_Size                           0x000003bc   Number         0  startup_stm32mp15xx.o ABSOLUTE
    __main                                   0x10000001   Thumb Code     8  __main.o(!!!main)
    __scatterload                            0x10000009   Thumb Code     0  __scatter.o(!!!scatter)
    __scatterload_rt2                        0x10000009   Thumb Code    44  __scatter.o(!!!scatter)
    __scatterload_rt2_thumb_only             0x10000009   Thumb Code     0  __scatter.o(!!!scatter)
    __scatterload_null                       0x10000017   Thumb Code     0  __scatter.o(!!!scatter)
    __scatterload_copy                       0x1000003d   Thumb Code    26  __scatter_copy.o(!!handler_copy)
    __scatterload_zeroinit                   0x10000059   Thumb Code    28  __scatter_zi.o(!!handler_zi)
    __rt_lib_init                            0x10000075   Thumb Code     0  libinit.o(.ARM.Collect$$libinit$$00000000)
    __rt_lib_init_fp_1                       0x10000077   Thumb Code     0  libinit2.o(.ARM.Collect$$libinit$$00000001)
    __rt_lib_init_alloca_1                   0x1000007b   Thumb Code     0  libinit2.o(.ARM.Collect$$libinit$$0000002E)
    __rt_lib_init_argv_1                     0x1000007b   Thumb Code     0  libinit2.o(.ARM.Collect$$libinit$$0000002C)
    __rt_lib_init_atexit_1                   0x1000007b   Thumb Code     0  libinit2.o(.ARM.Collect$$libinit$$0000001B)
    __rt_lib_init_clock_1                    0x1000007b   Thumb Code     0  libinit2.o(.ARM.Collect$$libinit$$00000021)
    __rt_lib_init_cpp_1                      0x1000007b   Thumb Code     0  libinit2.o(.ARM.Collect$$libinit$$00000032)
    __rt_lib_init_exceptions_1               0x1000007b   Thumb Code     0  libinit2.o(.ARM.Collect$$libinit$$00000030)
    __rt_lib_init_fp_trap_1                  0x1000007b   Thumb Code     0  libinit2.o(.ARM.Collect$$libinit$$0000001F)
    __rt_lib_init_getenv_1                   0x1000007b   Thumb Code     0  libinit2.o(.ARM.Collect$$libinit$$00000023)
    __rt_lib_init_heap_1                     0x1000007b   Thumb Code     0  libinit2.o(.ARM.Collect$$libinit$$0000000A)
    __rt_lib_init_lc_collate_1               0x1000007b   Thumb Code     0  libinit2.o(.ARM.Collect$$libinit$$00000011)
    __rt_lib_init_lc_ctype_1                 0x1000007b   Thumb Code     0  libinit2.o(.ARM.Collect$$libinit$$00000013)
    __rt_lib_init_lc_monetary_1              0x1000007b   Thumb Code     0  libinit2.o(.ARM.Collect$$libinit$$00000015)
    __rt_lib_init_lc_numeric_1               0x1000007b   Thumb Code     0  libinit2.o(.ARM.Collect$$libinit$$00000017)
    __rt_lib_init_lc_time_1                  0x1000007b   Thumb Code     0  libinit2.o(.ARM.Collect$$libinit$$00000019)
    __rt_lib_init_preinit_1                  0x1000007b   Thumb Code     0  libinit2.o(.ARM.Collect$$libinit$$00000004)
    __rt_lib_init_rand_1                     0x1000007b   Thumb Code     0  libinit2.o(.ARM.Collect$$libinit$$0000000E)
    __rt_lib_init_return                     0x1000007b   Thumb Code     0  libinit2.o(.ARM.Collect$$libinit$$00000033)
    __rt_lib_init_signal_1                   0x1000007b   Thumb Code     0  libinit2.o(.ARM.Collect$$libinit$$0000001D)
    __rt_lib_init_stdio_1                    0x1000007b   Thumb Code     0  libinit2.o(.ARM.Collect$$libinit$$00000025)
    __rt_lib_init_user_alloc_1               0x1000007b   Thumb Code     0  libinit2.o(.ARM.Collect$$libinit$$0000000C)
    __rt_lib_shutdown                        0x1000007d   Thumb Code     0  libshutdown.o(.ARM.Collect$$libshutdown$$00000000)
    __rt_lib_shutdown_cpp_1                  0x1000007f   Thumb Code     0  libshutdown2.o(.ARM.Collect$$libshutdown$$00000002)
    __rt_lib_shutdown_fp_trap_1              0x1000007f   Thumb Code     0  libshutdown2.o(.ARM.Collect$$libshutdown$$00000007)
    __rt_lib_shutdown_heap_1                 0x1000007f   Thumb Code     0  libshutdown2.o(.ARM.Collect$$libshutdown$$0000000F)
    __rt_lib_shutdown_return                 0x1000007f   Thumb Code     0  libshutdown2.o(.ARM.Collect$$libshutdown$$00000010)
    __rt_lib_shutdown_signal_1               0x1000007f   Thumb Code     0  libshutdown2.o(.ARM.Collect$$libshutdown$$0000000A)
    __rt_lib_shutdown_stdio_1                0x1000007f   Thumb Code     0  libshutdown2.o(.ARM.Collect$$libshutdown$$00000004)
    __rt_lib_shutdown_user_alloc_1           0x1000007f   Thumb Code     0  libshutdown2.o(.ARM.Collect$$libshutdown$$0000000C)
    __rt_entry                               0x10000081   Thumb Code     0  __rtentry.o(.ARM.Collect$$rtentry$$00000000)
    __rt_entry_presh_1                       0x10000081   Thumb Code     0  __rtentry2.o(.ARM.Collect$$rtentry$$00000002)
    __rt_entry_sh                            0x10000081   Thumb Code     0  __rtentry5.o(.ARM.Collect$$rtentry$$00000005)
    __rt_entry_li                            0x10000085   Thumb Code     0  __rtentry2.o(.ARM.Collect$$rtentry$$0000000A)
    __rt_entry_postsh_1                      0x10000085   Thumb Code     0  __rtentry2.o(.ARM.Collect$$rtentry$$00000009)
    __rt_entry_main                          0x10000089   Thumb Code     0  __rtentry2.o(.ARM.Collect$$rtentry$$0000000D)
    __rt_entry_postli_1                      0x10000089   Thumb Code     0  __rtentry2.o(.ARM.Collect$$rtentry$$0000000C)
    __rt_exit                                0x10000095   Thumb Code     0  rtexit.o(.ARM.Collect$$rtexit$$00000000)
    __rt_exit_ls                             0x10000097   Thumb Code     0  rtexit2.o(.ARM.Collect$$rtexit$$00000003)
    __rt_exit_prels_1                        0x10000097   Thumb Code     0  rtexit2.o(.ARM.Collect$$rtexit$$00000002)
    __rt_exit_exit                           0x1000009b   Thumb Code     0  rtexit2.o(.ARM.Collect$$rtexit$$00000004)
    Reset_Handler                            0x100000a1   Thumb Code     8  startup_stm32mp15xx.o(.text)
    WWDG1_IRQHandler                         0x100000bb   Thumb Code     2  startup_stm32mp15xx.o(.text)
    PVD_AVD_IRQHandler                       0x100000bd   Thumb Code     2  startup_stm32mp15xx.o(.text)
    TAMP_IRQHandler                          0x100000bf   Thumb Code     2  startup_stm32mp15xx.o(.text)
    RTC_WKUP_ALARM_IRQHandler                0x100000c1   Thumb Code     2  startup_stm32mp15xx.o(.text)
    RESERVED4_IRQHandler                     0x100000c3   Thumb Code     2  startup_stm32mp15xx.o(.text)
    RCC_IRQHandler                           0x100000c5   Thumb Code     2  startup_stm32mp15xx.o(.text)
    EXTI0_IRQHandler                         0x100000c7   Thumb Code     2  startup_stm32mp15xx.o(.text)
    EXTI1_IRQHandler                         0x100000c9   Thumb Code     2  startup_stm32mp15xx.o(.text)
    EXTI2_IRQHandler                         0x100000cb   Thumb Code     2  startup_stm32mp15xx.o(.text)
    EXTI3_IRQHandler                         0x100000cd   Thumb Code     2  startup_stm32mp15xx.o(.text)
    EXTI4_IRQHandler                         0x100000cf   Thumb Code     2  startup_stm32mp15xx.o(.text)
    DMA1_Stream0_IRQHandler                  0x100000d1   Thumb Code     2  startup_stm32mp15xx.o(.text)
    DMA1_Stream1_IRQHandler                  0x100000d3   Thumb Code     2  startup_stm32mp15xx.o(.text)
    DMA1_Stream2_IRQHandler                  0x100000d5   Thumb Code     2  startup_stm32mp15xx.o(.text)
    DMA1_Stream3_IRQHandler                  0x100000d7   Thumb Code     2  startup_stm32mp15xx.o(.text)
    DMA1_Stream4_IRQHandler                  0x100000d9   Thumb Code     2  startup_stm32mp15xx.o(.text)
    DMA1_Stream5_IRQHandler                  0x100000db   Thumb Code     2  startup_stm32mp15xx.o(.text)
    DMA1_Stream6_IRQHandler                  0x100000dd   Thumb Code     2  startup_stm32mp15xx.o(.text)
    ADC1_IRQHandler                          0x100000df   Thumb Code     2  startup_stm32mp15xx.o(.text)
    FDCAN1_IT0_IRQHandler                    0x100000e1   Thumb Code     2  startup_stm32mp15xx.o(.text)
    FDCAN2_IT0_IRQHandler                    0x100000e3   Thumb Code     2  startup_stm32mp15xx.o(.text)
    FDCAN1_IT1_IRQHandler                    0x100000e5   Thumb Code     2  startup_stm32mp15xx.o(.text)
    FDCAN2_IT1_IRQHandler                    0x100000e7   Thumb Code     2  startup_stm32mp15xx.o(.text)
    EXTI5_IRQHandler                         0x100000e9   Thumb Code     2  startup_stm32mp15xx.o(.text)
    TIM1_BRK_IRQHandler                      0x100000eb   Thumb Code     2  startup_stm32mp15xx.o(.text)
    TIM1_UP_IRQHandler                       0x100000ed   Thumb Code     2  startup_stm32mp15xx.o(.text)
    TIM1_TRG_COM_IRQHandler                  0x100000ef   Thumb Code     2  startup_stm32mp15xx.o(.text)
    TIM1_CC_IRQHandler                       0x100000f1   Thumb Code     2  startup_stm32mp15xx.o(.text)
    TIM2_IRQHandler                          0x100000f3   Thumb Code     2  startup_stm32mp15xx.o(.text)
    TIM3_IRQHandler                          0x100000f5   Thumb Code     2  startup_stm32mp15xx.o(.text)
    TIM4_IRQHandler                          0x100000f7   Thumb Code     2  startup_stm32mp15xx.o(.text)
    I2C1_EV_IRQHandler                       0x100000f9   Thumb Code     2  startup_stm32mp15xx.o(.text)
    I2C1_ER_IRQHandler                       0x100000fb   Thumb Code     2  startup_stm32mp15xx.o(.text)
    I2C2_EV_IRQHandler                       0x100000fd   Thumb Code     2  startup_stm32mp15xx.o(.text)
    I2C2_ER_IRQHandler                       0x100000ff   Thumb Code     2  startup_stm32mp15xx.o(.text)
    SPI1_IRQHandler                          0x10000101   Thumb Code     2  startup_stm32mp15xx.o(.text)
    SPI2_IRQHandler                          0x10000103   Thumb Code     2  startup_stm32mp15xx.o(.text)
    USART1_IRQHandler                        0x10000105   Thumb Code     2  startup_stm32mp15xx.o(.text)
    USART2_IRQHandler                        0x10000107   Thumb Code     2  startup_stm32mp15xx.o(.text)
    USART3_IRQHandler                        0x10000109   Thumb Code     2  startup_stm32mp15xx.o(.text)
    EXTI10_IRQHandler                        0x1000010b   Thumb Code     2  startup_stm32mp15xx.o(.text)
    RTC_TIMESTAMP_IRQHandler                 0x1000010d   Thumb Code     2  startup_stm32mp15xx.o(.text)
    EXTI11_IRQHandler                        0x1000010f   Thumb Code     2  startup_stm32mp15xx.o(.text)
    TIM8_BRK_IRQHandler                      0x10000111   Thumb Code     2  startup_stm32mp15xx.o(.text)
    TIM8_TRG_COM_IRQHandler                  0x10000115   Thumb Code     2  startup_stm32mp15xx.o(.text)
    TIM8_CC_IRQHandler                       0x10000117   Thumb Code     2  startup_stm32mp15xx.o(.text)
    DMA1_Stream7_IRQHandler                  0x10000119   Thumb Code     2  startup_stm32mp15xx.o(.text)
    FMC_IRQHandler                           0x1000011b   Thumb Code     2  startup_stm32mp15xx.o(.text)
    SDMMC1_IRQHandler                        0x1000011d   Thumb Code     2  startup_stm32mp15xx.o(.text)
    TIM5_IRQHandler                          0x1000011f   Thumb Code     2  startup_stm32mp15xx.o(.text)
    SPI3_IRQHandler                          0x10000121   Thumb Code     2  startup_stm32mp15xx.o(.text)
    UART5_IRQHandler                         0x10000125   Thumb Code     2  startup_stm32mp15xx.o(.text)
    TIM6_IRQHandler                          0x10000127   Thumb Code     2  startup_stm32mp15xx.o(.text)
    TIM7_IRQHandler                          0x10000129   Thumb Code     2  startup_stm32mp15xx.o(.text)
    DMA2_Stream0_IRQHandler                  0x1000012b   Thumb Code     2  startup_stm32mp15xx.o(.text)
    DMA2_Stream1_IRQHandler                  0x1000012d   Thumb Code     2  startup_stm32mp15xx.o(.text)
    DMA2_Stream2_IRQHandler                  0x1000012f   Thumb Code     2  startup_stm32mp15xx.o(.text)
    DMA2_Stream3_IRQHandler                  0x10000131   Thumb Code     2  startup_stm32mp15xx.o(.text)
    DMA2_Stream4_IRQHandler                  0x10000133   Thumb Code     2  startup_stm32mp15xx.o(.text)
    ETH1_IRQHandler                          0x10000135   Thumb Code     2  startup_stm32mp15xx.o(.text)
    ETH1_WKUP_IRQHandler                     0x10000137   Thumb Code     2  startup_stm32mp15xx.o(.text)
    FDCAN_CAL_IRQHandler                     0x10000139   Thumb Code     2  startup_stm32mp15xx.o(.text)
    EXTI6_IRQHandler                         0x1000013b   Thumb Code     2  startup_stm32mp15xx.o(.text)
    EXTI7_IRQHandler                         0x1000013d   Thumb Code     2  startup_stm32mp15xx.o(.text)
    EXTI8_IRQHandler                         0x1000013f   Thumb Code     2  startup_stm32mp15xx.o(.text)
    EXTI9_IRQHandler                         0x10000141   Thumb Code     2  startup_stm32mp15xx.o(.text)
    DMA2_Stream5_IRQHandler                  0x10000143   Thumb Code     2  startup_stm32mp15xx.o(.text)
    DMA2_Stream6_IRQHandler                  0x10000145   Thumb Code     2  startup_stm32mp15xx.o(.text)
    DMA2_Stream7_IRQHandler                  0x10000147   Thumb Code     2  startup_stm32mp15xx.o(.text)
    USART6_IRQHandler                        0x10000149   Thumb Code     2  startup_stm32mp15xx.o(.text)
    I2C3_EV_IRQHandler                       0x1000014b   Thumb Code     2  startup_stm32mp15xx.o(.text)
    I2C3_ER_IRQHandler                       0x1000014d   Thumb Code     2  startup_stm32mp15xx.o(.text)
    USBH_OHCI_IRQHandler                     0x1000014f   Thumb Code     2  startup_stm32mp15xx.o(.text)
    USBH_EHCI_IRQHandler                     0x10000151   Thumb Code     2  startup_stm32mp15xx.o(.text)
    EXTI12_IRQHandler                        0x10000153   Thumb Code     2  startup_stm32mp15xx.o(.text)
    EXTI13_IRQHandler                        0x10000155   Thumb Code     2  startup_stm32mp15xx.o(.text)
    DCMI_IRQHandler                          0x10000157   Thumb Code     2  startup_stm32mp15xx.o(.text)
    CRYP1_IRQHandler                         0x10000159   Thumb Code     2  startup_stm32mp15xx.o(.text)
    HASH1_IRQHandler                         0x1000015b   Thumb Code     2  startup_stm32mp15xx.o(.text)
    FPU_IRQHandler                           0x1000015d   Thumb Code     2  startup_stm32mp15xx.o(.text)
    UART7_IRQHandler                         0x1000015f   Thumb Code     2  startup_stm32mp15xx.o(.text)
    UART8_IRQHandler                         0x10000161   Thumb Code     2  startup_stm32mp15xx.o(.text)
    SPI4_IRQHandler                          0x10000163   Thumb Code     2  startup_stm32mp15xx.o(.text)
    SPI5_IRQHandler                          0x10000165   Thumb Code     2  startup_stm32mp15xx.o(.text)
    SPI6_IRQHandler                          0x10000167   Thumb Code     2  startup_stm32mp15xx.o(.text)
    SAI1_IRQHandler                          0x10000169   Thumb Code     2  startup_stm32mp15xx.o(.text)
    LTDC_IRQHandler                          0x1000016b   Thumb Code     2  startup_stm32mp15xx.o(.text)
    LTDC_ER_IRQHandler                       0x1000016d   Thumb Code     2  startup_stm32mp15xx.o(.text)
    ADC2_IRQHandler                          0x1000016f   Thumb Code     2  startup_stm32mp15xx.o(.text)
    SAI2_IRQHandler                          0x10000171   Thumb Code     2  startup_stm32mp15xx.o(.text)
    QUADSPI_IRQHandler                       0x10000173   Thumb Code     2  startup_stm32mp15xx.o(.text)
    LPTIM1_IRQHandler                        0x10000175   Thumb Code     2  startup_stm32mp15xx.o(.text)
    CEC_IRQHandler                           0x10000177   Thumb Code     2  startup_stm32mp15xx.o(.text)
    I2C4_EV_IRQHandler                       0x10000179   Thumb Code     2  startup_stm32mp15xx.o(.text)
    I2C4_ER_IRQHandler                       0x1000017b   Thumb Code     2  startup_stm32mp15xx.o(.text)
    SPDIF_RX_IRQHandler                      0x1000017d   Thumb Code     2  startup_stm32mp15xx.o(.text)
    OTG_IRQHandler                           0x1000017f   Thumb Code     2  startup_stm32mp15xx.o(.text)
    RESERVED99_IRQHandler                    0x10000181   Thumb Code     2  startup_stm32mp15xx.o(.text)
    IPCC_RX0_IRQHandler                      0x10000183   Thumb Code     2  startup_stm32mp15xx.o(.text)
    IPCC_TX0_IRQHandler                      0x10000185   Thumb Code     2  startup_stm32mp15xx.o(.text)
    DMAMUX1_OVR_IRQHandler                   0x10000187   Thumb Code     2  startup_stm32mp15xx.o(.text)
    IPCC_RX1_IRQHandler                      0x10000189   Thumb Code     2  startup_stm32mp15xx.o(.text)
    IPCC_TX1_IRQHandler                      0x1000018b   Thumb Code     2  startup_stm32mp15xx.o(.text)
    CRYP2_IRQHandler                         0x1000018d   Thumb Code     2  startup_stm32mp15xx.o(.text)
    HASH2_IRQHandler                         0x1000018f   Thumb Code     2  startup_stm32mp15xx.o(.text)
    I2C5_EV_IRQHandler                       0x10000191   Thumb Code     2  startup_stm32mp15xx.o(.text)
    I2C5_ER_IRQHandler                       0x10000193   Thumb Code     2  startup_stm32mp15xx.o(.text)
    GPU_IRQHandler                           0x10000195   Thumb Code     2  startup_stm32mp15xx.o(.text)
    DFSDM1_FLT0_IRQHandler                   0x10000197   Thumb Code     2  startup_stm32mp15xx.o(.text)
    DFSDM1_FLT1_IRQHandler                   0x10000199   Thumb Code     2  startup_stm32mp15xx.o(.text)
    DFSDM1_FLT2_IRQHandler                   0x1000019b   Thumb Code     2  startup_stm32mp15xx.o(.text)
    DFSDM1_FLT3_IRQHandler                   0x1000019d   Thumb Code     2  startup_stm32mp15xx.o(.text)
    SAI3_IRQHandler                          0x1000019f   Thumb Code     2  startup_stm32mp15xx.o(.text)
    DFSDM1_FLT4_IRQHandler                   0x100001a1   Thumb Code     2  startup_stm32mp15xx.o(.text)
    TIM15_IRQHandler                         0x100001a3   Thumb Code     2  startup_stm32mp15xx.o(.text)
    TIM16_IRQHandler                         0x100001a5   Thumb Code     2  startup_stm32mp15xx.o(.text)
    TIM17_IRQHandler                         0x100001a7   Thumb Code     2  startup_stm32mp15xx.o(.text)
    TIM12_IRQHandler                         0x100001a9   Thumb Code     2  startup_stm32mp15xx.o(.text)
    MDIOS_IRQHandler                         0x100001ab   Thumb Code     2  startup_stm32mp15xx.o(.text)
    EXTI14_IRQHandler                        0x100001ad   Thumb Code     2  startup_stm32mp15xx.o(.text)
    MDMA_IRQHandler                          0x100001af   Thumb Code     2  startup_stm32mp15xx.o(.text)
    DSI_IRQHandler                           0x100001b1   Thumb Code     2  startup_stm32mp15xx.o(.text)
    SDMMC2_IRQHandler                        0x100001b3   Thumb Code     2  startup_stm32mp15xx.o(.text)
    HSEM_IT2_IRQHandler                      0x100001b5   Thumb Code     2  startup_stm32mp15xx.o(.text)
    DFSDM1_FLT5_IRQHandler                   0x100001b7   Thumb Code     2  startup_stm32mp15xx.o(.text)
    EXTI15_IRQHandler                        0x100001b9   Thumb Code     2  startup_stm32mp15xx.o(.text)
    nCTIIRQ1_IRQHandler                      0x100001bb   Thumb Code     2  startup_stm32mp15xx.o(.text)
    nCTIIRQ2_IRQHandler                      0x100001bd   Thumb Code     2  startup_stm32mp15xx.o(.text)
    TIM13_IRQHandler                         0x100001bf   Thumb Code     2  startup_stm32mp15xx.o(.text)
    TIM14_IRQHandler                         0x100001c1   Thumb Code     2  startup_stm32mp15xx.o(.text)
    DAC_IRQHandler                           0x100001c3   Thumb Code     2  startup_stm32mp15xx.o(.text)
    RNG1_IRQHandler                          0x100001c5   Thumb Code     2  startup_stm32mp15xx.o(.text)
    RNG2_IRQHandler                          0x100001c7   Thumb Code     2  startup_stm32mp15xx.o(.text)
    I2C6_EV_IRQHandler                       0x100001c9   Thumb Code     2  startup_stm32mp15xx.o(.text)
    I2C6_ER_IRQHandler                       0x100001cb   Thumb Code     2  startup_stm32mp15xx.o(.text)
    SDMMC3_IRQHandler                        0x100001cd   Thumb Code     2  startup_stm32mp15xx.o(.text)
    LPTIM2_IRQHandler                        0x100001cf   Thumb Code     2  startup_stm32mp15xx.o(.text)
    LPTIM3_IRQHandler                        0x100001d1   Thumb Code     2  startup_stm32mp15xx.o(.text)
    LPTIM4_IRQHandler                        0x100001d3   Thumb Code     2  startup_stm32mp15xx.o(.text)
    LPTIM5_IRQHandler                        0x100001d5   Thumb Code     2  startup_stm32mp15xx.o(.text)
    ETH1_LPI_IRQHandler                      0x100001d7   Thumb Code     2  startup_stm32mp15xx.o(.text)
    RESERVED143_IRQHandler                   0x100001d9   Thumb Code     2  startup_stm32mp15xx.o(.text)
    MPU_SEV_IRQHandler                       0x100001db   Thumb Code     2  startup_stm32mp15xx.o(.text)
    RCC_WAKEUP_IRQHandler                    0x100001dd   Thumb Code     2  startup_stm32mp15xx.o(.text)
    SAI4_IRQHandler                          0x100001df   Thumb Code     2  startup_stm32mp15xx.o(.text)
    DTS_IRQHandler                           0x100001e1   Thumb Code     2  startup_stm32mp15xx.o(.text)
    RESERVED148_IRQHandler                   0x100001e3   Thumb Code     2  startup_stm32mp15xx.o(.text)
    WAKEUP_PIN_IRQHandler                    0x100001e5   Thumb Code     2  startup_stm32mp15xx.o(.text)
    __use_no_semihosting                     0x100001f1   Thumb Code     2  use_no_semi_2.o(.text)
    __I$use$semihosting                      0x100001f3   Thumb Code     0  use_no_semi.o(.text)
    __use_no_semihosting_swi                 0x100001f3   Thumb Code     2  use_no_semi.o(.text)
    exit                                     0x100001f5   Thumb Code    18  exit.o(.text)
    BusFault_Handler                         0x10000207   Thumb Code     2  stm32mp1xx_it.o(i.BusFault_Handler)
    DebugMon_Handler                         0x10000209   Thumb Code     2  stm32mp1xx_it.o(i.DebugMon_Handler)
    HAL_DMA_Abort_IT                         0x1000020b   Thumb Code    38  stm32mp1xx_hal_dma.o(i.HAL_DMA_Abort_IT)
    HAL_GPIO_Init                            0x10000231   Thumb Code   444  stm32mp1xx_hal_gpio.o(i.HAL_GPIO_Init)
    HAL_GPIO_ReadPin                         0x1000041d   Thumb Code    10  stm32mp1xx_hal_gpio.o(i.HAL_GPIO_ReadPin)
    HAL_GPIO_WritePin                        0x10000427   Thumb Code    10  stm32mp1xx_hal_gpio.o(i.HAL_GPIO_WritePin)
    HAL_GetTick                              0x10000431   Thumb Code     6  stm32mp1xx_hal.o(i.HAL_GetTick)
    HAL_IncTick                              0x1000043d   Thumb Code    12  stm32mp1xx_hal.o(i.HAL_IncTick)
    HAL_Init                                 0x1000044d   Thumb Code    36  stm32mp1xx_hal.o(i.HAL_Init)
    HAL_InitTick                             0x10000475   Thumb Code    56  stm32mp1xx_hal.o(i.HAL_InitTick)
    HAL_MDMA_Abort_IT                        0x100004b5   Thumb Code    38  stm32mp1xx_hal_mdma.o(i.HAL_MDMA_Abort_IT)
    HAL_MspInit                              0x100004db   Thumb Code     2  stm32mp1xx_hal.o(i.HAL_MspInit)
    HAL_NVIC_EnableIRQ                       0x100004dd   Thumb Code    26  stm32mp1xx_hal_cortex.o(i.HAL_NVIC_EnableIRQ)
    HAL_NVIC_SetPriority                     0x100004f9   Thumb Code    60  stm32mp1xx_hal_cortex.o(i.HAL_NVIC_SetPriority)
    HAL_NVIC_SetPriorityGrouping             0x10000539   Thumb Code    26  stm32mp1xx_hal_cortex.o(i.HAL_NVIC_SetPriorityGrouping)
    HAL_PWR_EnableBkUpAccess                 0x1000055d   Thumb Code    12  stm32mp1xx_hal_pwr.o(i.HAL_PWR_EnableBkUpAccess)
    HAL_RCCEx_PeriphCLKConfig                0x1000056d   Thumb Code  2776  stm32mp1xx_hal_rcc_ex.o(i.HAL_RCCEx_PeriphCLKConfig)
    HAL_RCC_ClockConfig                      0x10001051   Thumb Code   302  stm32mp1xx_hal_rcc.o(i.HAL_RCC_ClockConfig)
    HAL_RCC_GetACLKFreq                      0x10001185   Thumb Code    30  stm32mp1xx_hal_rcc.o(i.HAL_RCC_GetACLKFreq)
    HAL_RCC_GetAXISSFreq                     0x100011a5   Thumb Code    60  stm32mp1xx_hal_rcc.o(i.HAL_RCC_GetAXISSFreq)
    HAL_RCC_GetMCUFreq                       0x100011ed   Thumb Code    24  stm32mp1xx_hal_rcc.o(i.HAL_RCC_GetMCUFreq)
    HAL_RCC_GetMCUSSFreq                     0x10001209   Thumb Code    58  stm32mp1xx_hal_rcc.o(i.HAL_RCC_GetMCUSSFreq)
    HAL_RCC_GetPCLK1Freq                     0x10001251   Thumb Code    24  stm32mp1xx_hal_rcc.o(i.HAL_RCC_GetPCLK1Freq)
    HAL_RCC_GetPCLK2Freq                     0x1000126d   Thumb Code    24  stm32mp1xx_hal_rcc.o(i.HAL_RCC_GetPCLK2Freq)
    HAL_RCC_GetPCLK5Freq                     0x10001289   Thumb Code    26  stm32mp1xx_hal_rcc.o(i.HAL_RCC_GetPCLK5Freq)
    HAL_RCC_GetPLL2ClockFreq                 0x100012a5   Thumb Code   224  stm32mp1xx_hal_rcc.o(i.HAL_RCC_GetPLL2ClockFreq)
    HAL_RCC_GetPLL3ClockFreq                 0x10001399   Thumb Code   244  stm32mp1xx_hal_rcc.o(i.HAL_RCC_GetPLL3ClockFreq)
    HAL_RCC_GetPLL4ClockFreq                 0x100014ad   Thumb Code   238  stm32mp1xx_hal_rcc.o(i.HAL_RCC_GetPLL4ClockFreq)
    HAL_RCC_GetSystemCoreClockFreq           0x100015bd   Thumb Code     4  stm32mp1xx_hal_rcc.o(i.HAL_RCC_GetSystemCoreClockFreq)
    HAL_RCC_HSEConfig                        0x100015c1   Thumb Code   128  stm32mp1xx_hal_rcc.o(i.HAL_RCC_HSEConfig)
    HAL_RCC_LSEConfig                        0x10001645   Thumb Code   154  stm32mp1xx_hal_rcc.o(i.HAL_RCC_LSEConfig)
    HAL_RCC_OscConfig                        0x100016e1   Thumb Code   938  stm32mp1xx_hal_rcc.o(i.HAL_RCC_OscConfig)
    HAL_SYSTICK_Config                       0x10001aa9   Thumb Code    40  stm32mp1xx_hal_cortex.o(i.HAL_SYSTICK_Config)
    HAL_TIMEx_Break2Callback                 0x10001ad1   Thumb Code     2  stm32mp1xx_hal_tim_ex.o(i.HAL_TIMEx_Break2Callback)
    HAL_TIMEx_BreakCallback                  0x10001ad3   Thumb Code     2  stm32mp1xx_hal_tim_ex.o(i.HAL_TIMEx_BreakCallback)
    HAL_TIMEx_CommutCallback                 0x10001ad5   Thumb Code     2  stm32mp1xx_hal_tim_ex.o(i.HAL_TIMEx_CommutCallback)
    HAL_TIM_IC_CaptureCallback               0x10001ad7   Thumb Code     2  stm32mp1xx_hal_tim.o(i.HAL_TIM_IC_CaptureCallback)
    HAL_TIM_IRQHandler                       0x10001ad9   Thumb Code   388  stm32mp1xx_hal_tim.o(i.HAL_TIM_IRQHandler)
    HAL_TIM_OC_DelayElapsedCallback          0x10001c5d   Thumb Code     2  stm32mp1xx_hal_tim.o(i.HAL_TIM_OC_DelayElapsedCallback)
    HAL_TIM_PWM_ConfigChannel                0x10001c5f   Thumb Code   296  stm32mp1xx_hal_tim.o(i.HAL_TIM_PWM_ConfigChannel)
    HAL_TIM_PWM_Init                         0x10001d87   Thumb Code    54  stm32mp1xx_hal_tim.o(i.HAL_TIM_PWM_Init)
    HAL_TIM_PWM_MspInit                      0x10001dbd   Thumb Code    54  atim.o(i.HAL_TIM_PWM_MspInit)
    HAL_TIM_PWM_PulseFinishedCallback        0x10001e01   Thumb Code     2  stm32mp1xx_hal_tim.o(i.HAL_TIM_PWM_PulseFinishedCallback)
    HAL_TIM_PWM_Start                        0x10001e05   Thumb Code    82  stm32mp1xx_hal_tim.o(i.HAL_TIM_PWM_Start)
    HAL_TIM_PeriodElapsedCallback            0x10001e6d   Thumb Code    86  atim.o(i.HAL_TIM_PeriodElapsedCallback)
    HAL_TIM_TriggerCallback                  0x10001ed1   Thumb Code     2  stm32mp1xx_hal_tim.o(i.HAL_TIM_TriggerCallback)
    HAL_UARTEx_RxFifoFullCallback            0x10001ed3   Thumb Code     2  stm32mp1xx_hal_uart_ex.o(i.HAL_UARTEx_RxFifoFullCallback)
    HAL_UARTEx_TxFifoEmptyCallback           0x10001ed5   Thumb Code     2  stm32mp1xx_hal_uart_ex.o(i.HAL_UARTEx_TxFifoEmptyCallback)
    HAL_UARTEx_WakeupCallback                0x10001ed7   Thumb Code     2  stm32mp1xx_hal_uart_ex.o(i.HAL_UARTEx_WakeupCallback)
    HAL_UART_ErrorCallback                   0x10001ed9   Thumb Code     2  stm32mp1xx_hal_uart.o(i.HAL_UART_ErrorCallback)
    HAL_UART_GetState                        0x10001edb   Thumb Code    10  stm32mp1xx_hal_uart.o(i.HAL_UART_GetState)
    HAL_UART_IRQHandler                      0x10001ee5   Thumb Code   468  stm32mp1xx_hal_uart.o(i.HAL_UART_IRQHandler)
    HAL_UART_Init                            0x100020c9   Thumb Code   106  stm32mp1xx_hal_uart.o(i.HAL_UART_Init)
    HAL_UART_MspInit                         0x10002135   Thumb Code   100  usart.o(i.HAL_UART_MspInit)
    HAL_UART_Receive_IT                      0x100021a9   Thumb Code   234  stm32mp1xx_hal_uart.o(i.HAL_UART_Receive_IT)
    HAL_UART_RxCpltCallback                  0x100022a5   Thumb Code    76  usart.o(i.HAL_UART_RxCpltCallback)
    HAL_UART_TxCpltCallback                  0x100022fd   Thumb Code     2  stm32mp1xx_hal_uart.o(i.HAL_UART_TxCpltCallback)
    HardFault_Handler                        0x100022ff   Thumb Code     2  stm32mp1xx_it.o(i.HardFault_Handler)
    MemManage_Handler                        0x10002301   Thumb Code     2  stm32mp1xx_it.o(i.MemManage_Handler)
    NMI_Handler                              0x10002303   Thumb Code     2  stm32mp1xx_it.o(i.NMI_Handler)
    PendSV_Handler                           0x10002305   Thumb Code     2  stm32mp1xx_it.o(i.PendSV_Handler)
    RCCEx_PLL2_Config                        0x10002309   Thumb Code   468  stm32mp1xx_hal_rcc_ex.o(i.RCCEx_PLL2_Config)
    RCCEx_PLL3_Config                        0x100024e9   Thumb Code   384  stm32mp1xx_hal_rcc_ex.o(i.RCCEx_PLL3_Config)
    RCCEx_PLL4_Config                        0x10002679   Thumb Code   358  stm32mp1xx_hal_rcc_ex.o(i.RCCEx_PLL4_Config)
    RCC_AXISSConfig                          0x100027f1   Thumb Code   176  stm32mp1xx_hal_rcc.o(i.RCC_AXISSConfig)
    RCC_MCUConfig                            0x100028a5   Thumb Code   196  stm32mp1xx_hal_rcc.o(i.RCC_MCUConfig)
    RCC_MPUConfig                            0x10002975   Thumb Code   132  stm32mp1xx_hal_rcc.o(i.RCC_MPUConfig)
    RCC_PLL1_Config                          0x100029fd   Thumb Code   446  stm32mp1xx_hal_rcc.o(i.RCC_PLL1_Config)
    SVC_Handler                              0x10002bc9   Thumb Code     2  stm32mp1xx_it.o(i.SVC_Handler)
    SysTick_Handler                          0x10002bcb   Thumb Code     4  stm32mp1xx_it.o(i.SysTick_Handler)
    SystemInit                               0x10002bd1   Thumb Code    30  system_stm32mp1xx.o(i.SystemInit)
    TIM8_UP_IRQHandler                       0x10002bf9   Thumb Code     6  atim.o(i.TIM8_UP_IRQHandler)
    TIM_Base_SetConfig                       0x10002c05   Thumb Code   162  stm32mp1xx_hal_tim.o(i.TIM_Base_SetConfig)
    TIM_CCxChannelCmd                        0x10002cc5   Thumb Code    26  stm32mp1xx_hal_tim.o(i.TIM_CCxChannelCmd)
    TIM_OC2_SetConfig                        0x10002d79   Thumb Code   122  stm32mp1xx_hal_tim.o(i.TIM_OC2_SetConfig)
    UART4_IRQHandler                         0x10002fdd   Thumb Code    56  usart.o(i.UART4_IRQHandler)
    UART_AdvFeatureConfig                    0x10003021   Thumb Code   200  stm32mp1xx_hal_uart.o(i.UART_AdvFeatureConfig)
    UART_CheckIdleState                      0x100030e9   Thumb Code    94  stm32mp1xx_hal_uart.o(i.UART_CheckIdleState)
    UART_SetConfig                           0x10003395   Thumb Code  1470  stm32mp1xx_hal_uart.o(i.UART_SetConfig)
    UART_WaitOnFlagUntilTimeout              0x10003953   Thumb Code   160  stm32mp1xx_hal_uart.o(i.UART_WaitOnFlagUntilTimeout)
    UsageFault_Handler                       0x100039f3   Thumb Code     2  stm32mp1xx_it.o(i.UsageFault_Handler)
    _sys_exit                                0x10003a15   Thumb Code     2  usart.o(i._sys_exit)
    delay                                    0x10003a17   Thumb Code    24  delay.o(i.delay)
    delay_init                               0x10003a31   Thumb Code     6  delay.o(i.delay_init)
    delay_ms                                 0x10003a3d   Thumb Code    26  delay.o(i.delay_ms)
    delay_short                              0x10003a57   Thumb Code    12  delay.o(i.delay_short)
    delay_us                                 0x10003a65   Thumb Code    48  delay.o(i.delay_us)
    gtim_timx_npwm_chy_init                  0x10003a99   Thumb Code    86  atim.o(i.gtim_timx_npwm_chy_init)
    gtim_timx_npwm_chy_set                   0x10003af9   Thumb Code    28  atim.o(i.gtim_timx_npwm_chy_set)
    key_init                                 0x10003b1d   Thumb Code    70  key.o(i.key_init)
    key_scan                                 0x10003b75   Thumb Code   156  key.o(i.key_scan)
    led_init                                 0x10003c21   Thumb Code    76  led.o(i.led_init)
    main                                     0x10003c79   Thumb Code   108  main.o(i.main)
    sys_stm32_clock_init                     0x10003ced   Thumb Code   240  sys.o(i.sys_stm32_clock_init)
    usart_init                               0x10003ddd   Thumb Code    44  usart.o(i.usart_init)
    _fp_init                                 0x10003e15   Thumb Code    10  fpinit.o(x$fpl$fpinit)
    __fplib_config_fpu_vfp                   0x10003e1d   Thumb Code     0  fpinit.o(x$fpl$fpinit)
    __fplib_config_pureend_doubles           0x10003e1d   Thumb Code     0  fpinit.o(x$fpl$fpinit)
    Region$$Table$$Base                      0x10003e20   Number         0  anon$$obj.o(Region$$Table)
    Region$$Table$$Limit                     0x10003e40   Number         0  anon$$obj.o(Region$$Table)
    SystemCoreClock                          0x10020000   Data           4  system_stm32mp1xx.o(.data)
    g_rx_buffer                              0x10020008   Data           1  usart.o(.data)
    g_usart_rx_sta                           0x1002000a   Data           2  usart.o(.data)
    uwTickFreq                               0x1002000c   Data           1  stm32mp1xx_hal.o(.data)
    uwTickPrio                               0x10020010   Data           4  stm32mp1xx_hal.o(.data)
    uwTick                                   0x10020014   Data           4  stm32mp1xx_hal.o(.data)
    g_usart_rx_buf                           0x10020020   Data         200  usart.o(.bss)
    g_uart4_handle                           0x100200e8   Data         148  usart.o(.bss)
    g_timx_npwm_chy_handle                   0x1002017c   Data          64  atim.o(.bss)
    g_timx_oc_npwm_chy_handle                0x100201bc   Data          28  atim.o(.bss)
    __stack_limit                            0x100201d8   Data           0  startup_stm32mp15xx.o(STACK)
    __initial_sp                             0x100205d8   Data           0  startup_stm32mp15xx.o(STACK)



==============================================================================

Memory Map of the image

  Image Entry point : 0x10000001

  Load Region LR_VECTORS (Base: 0x00000000, Size: 0x000003bc, Max: 0x00000400, ABSOLUTE)

    Execution Region .isr_vector (Exec base: 0x00000000, Load base: 0x00000000, Size: 0x000003bc, Max: 0xffffffff, ABSOLUTE)

    Exec Addr    Load Addr    Size         Type   Attr      Idx    E Section Name        Object

    0x00000000   0x00000000   0x000003bc   Data   RO            4    RESET               startup_stm32mp15xx.o



  Load Region LR_IROM1 (Base: 0x10000000, Size: 0x00003e60, Max: 0x00020000, ABSOLUTE)

    Execution Region ER_IROM1 (Exec base: 0x10000000, Load base: 0x10000000, Size: 0x00003e40, Max: 0x00020000, ABSOLUTE)

    Exec Addr    Load Addr    Size         Type   Attr      Idx    E Section Name        Object

    0x10000000   0x10000000   0x00000008   Code   RO         4312  * !!!main             c_w.l(__main.o)
    0x10000008   0x10000008   0x00000034   Code   RO         4476    !!!scatter          c_w.l(__scatter.o)
    0x1000003c   0x1000003c   0x0000001a   Code   RO         4478    !!handler_copy      c_w.l(__scatter_copy.o)
    0x10000056   0x10000056   0x00000002   PAD
    0x10000058   0x10000058   0x0000001c   Code   RO         4480    !!handler_zi        c_w.l(__scatter_zi.o)
    0x10000074   0x10000074   0x00000002   Code   RO         4346    .ARM.Collect$$libinit$$00000000  c_w.l(libinit.o)
    0x10000076   0x10000076   0x00000004   Code   RO         4354    .ARM.Collect$$libinit$$00000001  c_w.l(libinit2.o)
    0x1000007a   0x1000007a   0x00000000   Code   RO         4357    .ARM.Collect$$libinit$$00000004  c_w.l(libinit2.o)
    0x1000007a   0x1000007a   0x00000000   Code   RO         4360    .ARM.Collect$$libinit$$0000000A  c_w.l(libinit2.o)
    0x1000007a   0x1000007a   0x00000000   Code   RO         4362    .ARM.Collect$$libinit$$0000000C  c_w.l(libinit2.o)
    0x1000007a   0x1000007a   0x00000000   Code   RO         4364    .ARM.Collect$$libinit$$0000000E  c_w.l(libinit2.o)
    0x1000007a   0x1000007a   0x00000000   Code   RO         4367    .ARM.Collect$$libinit$$00000011  c_w.l(libinit2.o)
    0x1000007a   0x1000007a   0x00000000   Code   RO         4369    .ARM.Collect$$libinit$$00000013  c_w.l(libinit2.o)
    0x1000007a   0x1000007a   0x00000000   Code   RO         4371    .ARM.Collect$$libinit$$00000015  c_w.l(libinit2.o)
    0x1000007a   0x1000007a   0x00000000   Code   RO         4373    .ARM.Collect$$libinit$$00000017  c_w.l(libinit2.o)
    0x1000007a   0x1000007a   0x00000000   Code   RO         4375    .ARM.Collect$$libinit$$00000019  c_w.l(libinit2.o)
    0x1000007a   0x1000007a   0x00000000   Code   RO         4377    .ARM.Collect$$libinit$$0000001B  c_w.l(libinit2.o)
    0x1000007a   0x1000007a   0x00000000   Code   RO         4379    .ARM.Collect$$libinit$$0000001D  c_w.l(libinit2.o)
    0x1000007a   0x1000007a   0x00000000   Code   RO         4381    .ARM.Collect$$libinit$$0000001F  c_w.l(libinit2.o)
    0x1000007a   0x1000007a   0x00000000   Code   RO         4383    .ARM.Collect$$libinit$$00000021  c_w.l(libinit2.o)
    0x1000007a   0x1000007a   0x00000000   Code   RO         4385    .ARM.Collect$$libinit$$00000023  c_w.l(libinit2.o)
    0x1000007a   0x1000007a   0x00000000   Code   RO         4387    .ARM.Collect$$libinit$$00000025  c_w.l(libinit2.o)
    0x1000007a   0x1000007a   0x00000000   Code   RO         4391    .ARM.Collect$$libinit$$0000002C  c_w.l(libinit2.o)
    0x1000007a   0x1000007a   0x00000000   Code   RO         4393    .ARM.Collect$$libinit$$0000002E  c_w.l(libinit2.o)
    0x1000007a   0x1000007a   0x00000000   Code   RO         4395    .ARM.Collect$$libinit$$00000030  c_w.l(libinit2.o)
    0x1000007a   0x1000007a   0x00000000   Code   RO         4397    .ARM.Collect$$libinit$$00000032  c_w.l(libinit2.o)
    0x1000007a   0x1000007a   0x00000002   Code   RO         4398    .ARM.Collect$$libinit$$00000033  c_w.l(libinit2.o)
    0x1000007c   0x1000007c   0x00000002   Code   RO         4421    .ARM.Collect$$libshutdown$$00000000  c_w.l(libshutdown.o)
    0x1000007e   0x1000007e   0x00000000   Code   RO         4431    .ARM.Collect$$libshutdown$$00000002  c_w.l(libshutdown2.o)
    0x1000007e   0x1000007e   0x00000000   Code   RO         4433    .ARM.Collect$$libshutdown$$00000004  c_w.l(libshutdown2.o)
    0x1000007e   0x1000007e   0x00000000   Code   RO         4436    .ARM.Collect$$libshutdown$$00000007  c_w.l(libshutdown2.o)
    0x1000007e   0x1000007e   0x00000000   Code   RO         4439    .ARM.Collect$$libshutdown$$0000000A  c_w.l(libshutdown2.o)
    0x1000007e   0x1000007e   0x00000000   Code   RO         4441    .ARM.Collect$$libshutdown$$0000000C  c_w.l(libshutdown2.o)
    0x1000007e   0x1000007e   0x00000000   Code   RO         4444    .ARM.Collect$$libshutdown$$0000000F  c_w.l(libshutdown2.o)
    0x1000007e   0x1000007e   0x00000002   Code   RO         4445    .ARM.Collect$$libshutdown$$00000010  c_w.l(libshutdown2.o)
    0x10000080   0x10000080   0x00000000   Code   RO         4316    .ARM.Collect$$rtentry$$00000000  c_w.l(__rtentry.o)
    0x10000080   0x10000080   0x00000000   Code   RO         4318    .ARM.Collect$$rtentry$$00000002  c_w.l(__rtentry2.o)
    0x10000080   0x10000080   0x00000004   Code   RO         4332    .ARM.Collect$$rtentry$$00000005  c_w.l(__rtentry5.o)
    0x10000084   0x10000084   0x00000000   Code   RO         4320    .ARM.Collect$$rtentry$$00000009  c_w.l(__rtentry2.o)
    0x10000084   0x10000084   0x00000004   Code   RO         4321    .ARM.Collect$$rtentry$$0000000A  c_w.l(__rtentry2.o)
    0x10000088   0x10000088   0x00000000   Code   RO         4323    .ARM.Collect$$rtentry$$0000000C  c_w.l(__rtentry2.o)
    0x10000088   0x10000088   0x00000008   Code   RO         4324    .ARM.Collect$$rtentry$$0000000D  c_w.l(__rtentry2.o)
    0x10000090   0x10000090   0x00000004   Code   RO         4333    .ARM.Collect$$rtentry$$00002716  c_w.l(__rtentry5.o)
    0x10000094   0x10000094   0x00000002   Code   RO         4352    .ARM.Collect$$rtexit$$00000000  c_w.l(rtexit.o)
    0x10000096   0x10000096   0x00000000   Code   RO         4405    .ARM.Collect$$rtexit$$00000002  c_w.l(rtexit2.o)
    0x10000096   0x10000096   0x00000004   Code   RO         4406    .ARM.Collect$$rtexit$$00000003  c_w.l(rtexit2.o)
    0x1000009a   0x1000009a   0x00000006   Code   RO         4407    .ARM.Collect$$rtexit$$00000004  c_w.l(rtexit2.o)
    0x100000a0   0x100000a0   0x00000150   Code   RO            5    .text               startup_stm32mp15xx.o
    0x100001f0   0x100001f0   0x00000002   Code   RO         4310    .text               c_w.l(use_no_semi_2.o)
    0x100001f2   0x100001f2   0x00000002   Code   RO         4314    .text               c_w.l(use_no_semi.o)
    0x100001f4   0x100001f4   0x00000012   Code   RO         4339    .text               c_w.l(exit.o)
    0x10000206   0x10000206   0x00000002   Code   RO          260    i.BusFault_Handler  stm32mp1xx_it.o
    0x10000208   0x10000208   0x00000002   Code   RO          261    i.DebugMon_Handler  stm32mp1xx_it.o
    0x1000020a   0x1000020a   0x00000026   Code   RO         1127    i.HAL_DMA_Abort_IT  stm32mp1xx_hal_dma.o
    0x10000230   0x10000230   0x000001ec   Code   RO         1320    i.HAL_GPIO_Init     stm32mp1xx_hal_gpio.o
    0x1000041c   0x1000041c   0x0000000a   Code   RO         1322    i.HAL_GPIO_ReadPin  stm32mp1xx_hal_gpio.o
    0x10000426   0x10000426   0x0000000a   Code   RO         1324    i.HAL_GPIO_WritePin  stm32mp1xx_hal_gpio.o
    0x10000430   0x10000430   0x0000000c   Code   RO          744    i.HAL_GetTick       stm32mp1xx_hal.o
    0x1000043c   0x1000043c   0x00000010   Code   RO          747    i.HAL_IncTick       stm32mp1xx_hal.o
    0x1000044c   0x1000044c   0x00000028   Code   RO          748    i.HAL_Init          stm32mp1xx_hal.o
    0x10000474   0x10000474   0x00000040   Code   RO          749    i.HAL_InitTick      stm32mp1xx_hal.o
    0x100004b4   0x100004b4   0x00000026   Code   RO         1393    i.HAL_MDMA_Abort_IT  stm32mp1xx_hal_mdma.o
    0x100004da   0x100004da   0x00000002   Code   RO          751    i.HAL_MspInit       stm32mp1xx_hal.o
    0x100004dc   0x100004dc   0x0000001a   Code   RO         1003    i.HAL_NVIC_EnableIRQ  stm32mp1xx_hal_cortex.o
    0x100004f6   0x100004f6   0x00000002   PAD
    0x100004f8   0x100004f8   0x00000040   Code   RO         1009    i.HAL_NVIC_SetPriority  stm32mp1xx_hal_cortex.o
    0x10000538   0x10000538   0x00000024   Code   RO         1010    i.HAL_NVIC_SetPriorityGrouping  stm32mp1xx_hal_cortex.o
    0x1000055c   0x1000055c   0x00000010   Code   RO         1545    i.HAL_PWR_EnableBkUpAccess  stm32mp1xx_hal_pwr.o
    0x1000056c   0x1000056c   0x00000ae4   Code   RO         2122    i.HAL_RCCEx_PeriphCLKConfig  stm32mp1xx_hal_rcc_ex.o
    0x10001050   0x10001050   0x00000134   Code   RO         1853    i.HAL_RCC_ClockConfig  stm32mp1xx_hal_rcc.o
    0x10001184   0x10001184   0x0000001e   Code   RO         1856    i.HAL_RCC_GetACLKFreq  stm32mp1xx_hal_rcc.o
    0x100011a2   0x100011a2   0x00000002   PAD
    0x100011a4   0x100011a4   0x00000048   Code   RO         1857    i.HAL_RCC_GetAXISSFreq  stm32mp1xx_hal_rcc.o
    0x100011ec   0x100011ec   0x0000001c   Code   RO         1866    i.HAL_RCC_GetMCUFreq  stm32mp1xx_hal_rcc.o
    0x10001208   0x10001208   0x00000048   Code   RO         1867    i.HAL_RCC_GetMCUSSFreq  stm32mp1xx_hal_rcc.o
    0x10001250   0x10001250   0x0000001c   Code   RO         1871    i.HAL_RCC_GetPCLK1Freq  stm32mp1xx_hal_rcc.o
    0x1000126c   0x1000126c   0x0000001c   Code   RO         1872    i.HAL_RCC_GetPCLK2Freq  stm32mp1xx_hal_rcc.o
    0x10001288   0x10001288   0x0000001a   Code   RO         1875    i.HAL_RCC_GetPCLK5Freq  stm32mp1xx_hal_rcc.o
    0x100012a2   0x100012a2   0x00000002   PAD
    0x100012a4   0x100012a4   0x000000f4   Code   RO         1877    i.HAL_RCC_GetPLL2ClockFreq  stm32mp1xx_hal_rcc.o
    0x10001398   0x10001398   0x00000114   Code   RO         1878    i.HAL_RCC_GetPLL3ClockFreq  stm32mp1xx_hal_rcc.o
    0x100014ac   0x100014ac   0x00000110   Code   RO         1879    i.HAL_RCC_GetPLL4ClockFreq  stm32mp1xx_hal_rcc.o
    0x100015bc   0x100015bc   0x00000004   Code   RO         1880    i.HAL_RCC_GetSystemCoreClockFreq  stm32mp1xx_hal_rcc.o
    0x100015c0   0x100015c0   0x00000084   Code   RO         1881    i.HAL_RCC_HSEConfig  stm32mp1xx_hal_rcc.o
    0x10001644   0x10001644   0x0000009a   Code   RO         1883    i.HAL_RCC_LSEConfig  stm32mp1xx_hal_rcc.o
    0x100016de   0x100016de   0x00000002   PAD
    0x100016e0   0x100016e0   0x000003c8   Code   RO         1885    i.HAL_RCC_OscConfig  stm32mp1xx_hal_rcc.o
    0x10001aa8   0x10001aa8   0x00000028   Code   RO         1013    i.HAL_SYSTICK_Config  stm32mp1xx_hal_cortex.o
    0x10001ad0   0x10001ad0   0x00000002   Code   RO         3864    i.HAL_TIMEx_Break2Callback  stm32mp1xx_hal_tim_ex.o
    0x10001ad2   0x10001ad2   0x00000002   Code   RO         3865    i.HAL_TIMEx_BreakCallback  stm32mp1xx_hal_tim_ex.o
    0x10001ad4   0x10001ad4   0x00000002   Code   RO         3866    i.HAL_TIMEx_CommutCallback  stm32mp1xx_hal_tim_ex.o
    0x10001ad6   0x10001ad6   0x00000002   Code   RO         3204    i.HAL_TIM_IC_CaptureCallback  stm32mp1xx_hal_tim.o
    0x10001ad8   0x10001ad8   0x00000184   Code   RO         3218    i.HAL_TIM_IRQHandler  stm32mp1xx_hal_tim.o
    0x10001c5c   0x10001c5c   0x00000002   Code   RO         3221    i.HAL_TIM_OC_DelayElapsedCallback  stm32mp1xx_hal_tim.o
    0x10001c5e   0x10001c5e   0x00000128   Code   RO         3242    i.HAL_TIM_PWM_ConfigChannel  stm32mp1xx_hal_tim.o
    0x10001d86   0x10001d86   0x00000036   Code   RO         3245    i.HAL_TIM_PWM_Init  stm32mp1xx_hal_tim.o
    0x10001dbc   0x10001dbc   0x00000044   Code   RO         4255    i.HAL_TIM_PWM_MspInit  atim.o
    0x10001e00   0x10001e00   0x00000002   Code   RO         3248    i.HAL_TIM_PWM_PulseFinishedCallback  stm32mp1xx_hal_tim.o
    0x10001e02   0x10001e02   0x00000002   PAD
    0x10001e04   0x10001e04   0x00000068   Code   RO         3250    i.HAL_TIM_PWM_Start  stm32mp1xx_hal_tim.o
    0x10001e6c   0x10001e6c   0x00000064   Code   RO         4256    i.HAL_TIM_PeriodElapsedCallback  atim.o
    0x10001ed0   0x10001ed0   0x00000002   Code   RO         3261    i.HAL_TIM_TriggerCallback  stm32mp1xx_hal_tim.o
    0x10001ed2   0x10001ed2   0x00000002   Code   RO         2632    i.HAL_UARTEx_RxFifoFullCallback  stm32mp1xx_hal_uart_ex.o
    0x10001ed4   0x10001ed4   0x00000002   Code   RO         2636    i.HAL_UARTEx_TxFifoEmptyCallback  stm32mp1xx_hal_uart_ex.o
    0x10001ed6   0x10001ed6   0x00000002   Code   RO         2637    i.HAL_UARTEx_WakeupCallback  stm32mp1xx_hal_uart_ex.o
    0x10001ed8   0x10001ed8   0x00000002   Code   RO         2212    i.HAL_UART_ErrorCallback  stm32mp1xx_hal_uart.o
    0x10001eda   0x10001eda   0x0000000a   Code   RO         2214    i.HAL_UART_GetState  stm32mp1xx_hal_uart.o
    0x10001ee4   0x10001ee4   0x000001e4   Code   RO         2215    i.HAL_UART_IRQHandler  stm32mp1xx_hal_uart.o
    0x100020c8   0x100020c8   0x0000006a   Code   RO         2216    i.HAL_UART_Init     stm32mp1xx_hal_uart.o
    0x10002132   0x10002132   0x00000002   PAD
    0x10002134   0x10002134   0x00000074   Code   RO          657    i.HAL_UART_MspInit  usart.o
    0x100021a8   0x100021a8   0x000000fc   Code   RO         2221    i.HAL_UART_Receive_IT  stm32mp1xx_hal_uart.o
    0x100022a4   0x100022a4   0x00000058   Code   RO          658    i.HAL_UART_RxCpltCallback  usart.o
    0x100022fc   0x100022fc   0x00000002   Code   RO         2228    i.HAL_UART_TxCpltCallback  stm32mp1xx_hal_uart.o
    0x100022fe   0x100022fe   0x00000002   Code   RO          262    i.HardFault_Handler  stm32mp1xx_it.o
    0x10002300   0x10002300   0x00000002   Code   RO          263    i.MemManage_Handler  stm32mp1xx_it.o
    0x10002302   0x10002302   0x00000002   Code   RO          264    i.NMI_Handler       stm32mp1xx_it.o
    0x10002304   0x10002304   0x00000002   Code   RO          265    i.PendSV_Handler    stm32mp1xx_it.o
    0x10002306   0x10002306   0x00000002   PAD
    0x10002308   0x10002308   0x000001e0   Code   RO         2123    i.RCCEx_PLL2_Config  stm32mp1xx_hal_rcc_ex.o
    0x100024e8   0x100024e8   0x00000190   Code   RO         2124    i.RCCEx_PLL3_Config  stm32mp1xx_hal_rcc_ex.o
    0x10002678   0x10002678   0x00000178   Code   RO         2125    i.RCCEx_PLL4_Config  stm32mp1xx_hal_rcc_ex.o
    0x100027f0   0x100027f0   0x000000b4   Code   RO         1888    i.RCC_AXISSConfig   stm32mp1xx_hal_rcc.o
    0x100028a4   0x100028a4   0x000000d0   Code   RO         1890    i.RCC_MCUConfig     stm32mp1xx_hal_rcc.o
    0x10002974   0x10002974   0x00000088   Code   RO         1891    i.RCC_MPUConfig     stm32mp1xx_hal_rcc.o
    0x100029fc   0x100029fc   0x000001cc   Code   RO         1892    i.RCC_PLL1_Config   stm32mp1xx_hal_rcc.o
    0x10002bc8   0x10002bc8   0x00000002   Code   RO          266    i.SVC_Handler       stm32mp1xx_it.o
    0x10002bca   0x10002bca   0x00000004   Code   RO          267    i.SysTick_Handler   stm32mp1xx_it.o
    0x10002bce   0x10002bce   0x00000002   PAD
    0x10002bd0   0x10002bd0   0x00000028   Code   RO          525    i.SystemInit        system_stm32mp1xx.o
    0x10002bf8   0x10002bf8   0x0000000c   Code   RO         4257    i.TIM8_UP_IRQHandler  atim.o
    0x10002c04   0x10002c04   0x000000c0   Code   RO         3263    i.TIM_Base_SetConfig  stm32mp1xx_hal_tim.o
    0x10002cc4   0x10002cc4   0x0000001a   Code   RO         3264    i.TIM_CCxChannelCmd  stm32mp1xx_hal_tim.o
    0x10002cde   0x10002cde   0x00000002   PAD
    0x10002ce0   0x10002ce0   0x00000098   Code   RO         3276    i.TIM_OC1_SetConfig  stm32mp1xx_hal_tim.o
    0x10002d78   0x10002d78   0x00000090   Code   RO         3277    i.TIM_OC2_SetConfig  stm32mp1xx_hal_tim.o
    0x10002e08   0x10002e08   0x0000008c   Code   RO         3278    i.TIM_OC3_SetConfig  stm32mp1xx_hal_tim.o
    0x10002e94   0x10002e94   0x00000070   Code   RO         3279    i.TIM_OC4_SetConfig  stm32mp1xx_hal_tim.o
    0x10002f04   0x10002f04   0x0000006c   Code   RO         3280    i.TIM_OC5_SetConfig  stm32mp1xx_hal_tim.o
    0x10002f70   0x10002f70   0x0000006c   Code   RO         3281    i.TIM_OC6_SetConfig  stm32mp1xx_hal_tim.o
    0x10002fdc   0x10002fdc   0x00000044   Code   RO          659    i.UART4_IRQHandler  usart.o
    0x10003020   0x10003020   0x000000c8   Code   RO         2230    i.UART_AdvFeatureConfig  stm32mp1xx_hal_uart.o
    0x100030e8   0x100030e8   0x0000005e   Code   RO         2231    i.UART_CheckIdleState  stm32mp1xx_hal_uart.o
    0x10003146   0x10003146   0x00000014   Code   RO         2232    i.UART_DMAAbortOnError  stm32mp1xx_hal_uart.o
    0x1000315a   0x1000315a   0x00000002   PAD
    0x1000315c   0x1000315c   0x00000024   Code   RO         2242    i.UART_EndRxTransfer  stm32mp1xx_hal_uart.o
    0x10003180   0x10003180   0x00000014   Code   RO         2244    i.UART_MDMAAbortOnError  stm32mp1xx_hal_uart.o
    0x10003194   0x10003194   0x0000005e   Code   RO         2252    i.UART_RxISR_16BIT  stm32mp1xx_hal_uart.o
    0x100031f2   0x100031f2   0x00000002   PAD
    0x100031f4   0x100031f4   0x000000a0   Code   RO         2253    i.UART_RxISR_16BIT_FIFOEN  stm32mp1xx_hal_uart.o
    0x10003294   0x10003294   0x0000005e   Code   RO         2254    i.UART_RxISR_8BIT   stm32mp1xx_hal_uart.o
    0x100032f2   0x100032f2   0x00000002   PAD
    0x100032f4   0x100032f4   0x000000a0   Code   RO         2255    i.UART_RxISR_8BIT_FIFOEN  stm32mp1xx_hal_uart.o
    0x10003394   0x10003394   0x000005be   Code   RO         2256    i.UART_SetConfig    stm32mp1xx_hal_uart.o
    0x10003952   0x10003952   0x000000a0   Code   RO         2261    i.UART_WaitOnFlagUntilTimeout  stm32mp1xx_hal_uart.o
    0x100039f2   0x100039f2   0x00000002   Code   RO          268    i.UsageFault_Handler  stm32mp1xx_it.o
    0x100039f4   0x100039f4   0x00000020   Code   RO         1015    i.__NVIC_SetPriority  stm32mp1xx_hal_cortex.o
    0x10003a14   0x10003a14   0x00000002   Code   RO          660    i._sys_exit         usart.o
    0x10003a16   0x10003a16   0x00000018   Code   RO          565    i.delay             delay.o
    0x10003a2e   0x10003a2e   0x00000002   PAD
    0x10003a30   0x10003a30   0x0000000c   Code   RO          566    i.delay_init        delay.o
    0x10003a3c   0x10003a3c   0x0000001a   Code   RO          567    i.delay_ms          delay.o
    0x10003a56   0x10003a56   0x0000000c   Code   RO          568    i.delay_short       delay.o
    0x10003a62   0x10003a62   0x00000002   PAD
    0x10003a64   0x10003a64   0x00000034   Code   RO          569    i.delay_us          delay.o
    0x10003a98   0x10003a98   0x00000060   Code   RO         4258    i.gtim_timx_npwm_chy_init  atim.o
    0x10003af8   0x10003af8   0x00000024   Code   RO         4259    i.gtim_timx_npwm_chy_set  atim.o
    0x10003b1c   0x10003b1c   0x00000058   Code   RO         4217    i.key_init          key.o
    0x10003b74   0x10003b74   0x000000ac   Code   RO         4218    i.key_scan          key.o
    0x10003c20   0x10003c20   0x00000058   Code   RO         4155    i.led_init          led.o
    0x10003c78   0x10003c78   0x00000074   Code   RO           14    i.main              main.o
    0x10003cec   0x10003cec   0x000000f0   Code   RO          626    i.sys_stm32_clock_init  sys.o
    0x10003ddc   0x10003ddc   0x00000038   Code   RO          663    i.usart_init        usart.o
    0x10003e14   0x10003e14   0x0000000a   Code   RO         4413    x$fpl$fpinit        fz_wm.l(fpinit.o)
    0x10003e1e   0x10003e1e   0x00000002   PAD
    0x10003e20   0x10003e20   0x00000020   Data   RO         4474    Region$$Table       anon$$obj.o


    Execution Region RW_IRAM1 (Exec base: 0x10020000, Load base: 0x10003e40, Size: 0x000005d8, Max: 0x00020000, ABSOLUTE)

    Exec Addr    Load Addr    Size         Type   Attr      Idx    E Section Name        Object

    0x10020000   0x10003e40   0x00000004   Data   RW          526    .data               system_stm32mp1xx.o
    0x10020004   0x10003e44   0x00000004   Data   RW          570    .data               delay.o
    0x10020008   0x10003e48   0x00000004   Data   RW          665    .data               usart.o
    0x1002000c   0x10003e4c   0x0000000c   Data   RW          770    .data               stm32mp1xx_hal.o
    0x10020018   0x10003e58   0x00000001   Data   RW         4219    .data               key.o
    0x10020019   0x10003e59   0x00000003   PAD
    0x1002001c   0x10003e5c   0x00000004   Data   RW         4261    .data               atim.o
    0x10020020        -       0x0000015c   Zero   RW          664    .bss                usart.o
    0x1002017c        -       0x0000005c   Zero   RW         4260    .bss                atim.o
    0x100201d8        -       0x00000400   Zero   RW            2    STACK               startup_stm32mp15xx.o


    Execution Region .resource_table (Exec base: 0x100205d8, Load base: 0x10003e60, Size: 0x00000000, Max: 0xffffffff, ABSOLUTE)

    **** No section assigned to this execution region ****


    Execution Region __OpenAMP_SHMEM__ (Exec base: 0x10040000, Load base: 0x10003e60, Size: 0x00008000, Max: 0x00008000, ABSOLUTE)

    Exec Addr    Load Addr    Size         Type   Attr      Idx    E Section Name        Object

    0x10040000        -       0x00008000   Zero   RW            1    __OpenAMP_SHMEM__.bss  anon$$obj.o


==============================================================================

Image component sizes


      Code (inc. data)   RO Data    RW Data    ZI Data      Debug   Object Name

       312         52          0          4         92       4073   atim.o
       126         10          0          4          0       3881   delay.o
       260         34          0          1          0       1390   key.o
        88         12          0          0          0        631   led.o
       116          8          0          0          0    1289863   main.o
       336         10        956          0       1024       7544   startup_stm32mp15xx.o
       134         22          0         12          0      24544   stm32mp1xx_hal.o
       198         14          0          0          0      34319   stm32mp1xx_hal_cortex.o
        38          0          0          0          0       1543   stm32mp1xx_hal_dma.o
       512         48          0          0          0       3703   stm32mp1xx_hal_gpio.o
        38          0          0          0          0       1376   stm32mp1xx_hal_mdma.o
        16          4          0          0          0        607   stm32mp1xx_hal_pwr.o
      3626        198          0          0          0      17998   stm32mp1xx_hal_rcc.o
      4044         70          0          0          0       7516   stm32mp1xx_hal_rcc_ex.o
      1832        176          0          0          0      14808   stm32mp1xx_hal_tim.o
         6          0          0          0          0       2640   stm32mp1xx_hal_tim_ex.o
      3364        152          0          0          0      16544   stm32mp1xx_hal_uart.o
         6          0          0          0          0       2621   stm32mp1xx_hal_uart_ex.o
        20          0          0          0          0     235838   stm32mp1xx_it.o
       240          0          0          0          0       1087   sys.o
        40         10          0          4          0        955   system_stm32mp1xx.o
       330         52          0          4        348       5592   usart.o

    ----------------------------------------------------------------------
     15710        872        988         32      34232    1679073   Object Totals
         0          0         32          0      32768          0   (incl. Generated)
        28          0          0          3          0          0   (incl. Padding)

    ----------------------------------------------------------------------

      Code (inc. data)   RO Data    RW Data    ZI Data      Debug   Library Member Name

         8          0          0          0          0         68   __main.o
         0          0          0          0          0          0   __rtentry.o
        12          0          0          0          0          0   __rtentry2.o
         8          4          0          0          0          0   __rtentry5.o
        52          8          0          0          0          0   __scatter.o
        26          0          0          0          0          0   __scatter_copy.o
        28          0          0          0          0          0   __scatter_zi.o
        18          0          0          0          0         80   exit.o
         2          0          0          0          0          0   libinit.o
         6          0          0          0          0          0   libinit2.o
         2          0          0          0          0          0   libshutdown.o
         2          0          0          0          0          0   libshutdown2.o
         2          0          0          0          0          0   rtexit.o
        10          0          0          0          0          0   rtexit2.o
         2          0          0          0          0         68   use_no_semi.o
         2          0          0          0          0         68   use_no_semi_2.o
        10          0          0          0          0        116   fpinit.o

    ----------------------------------------------------------------------
       194         12          0          0          0        400   Library Totals
         4          0          0          0          0          0   (incl. Padding)

    ----------------------------------------------------------------------

      Code (inc. data)   RO Data    RW Data    ZI Data      Debug   Library Name

       180         12          0          0          0        284   c_w.l
        10          0          0          0          0        116   fz_wm.l

    ----------------------------------------------------------------------
       194         12          0          0          0        400   Library Totals

    ----------------------------------------------------------------------

==============================================================================


      Code (inc. data)   RO Data    RW Data    ZI Data      Debug   

     15904        884        988         32      34232    1669473   Grand Totals
     15904        884        988         32      34232    1669473   ELF Image Totals
     15904        884        988         32          0          0   ROM Totals

==============================================================================

    Total RO  Size (Code + RO Data)                16892 (  16.50kB)
    Total RW  Size (RW Data + ZI Data)             34264 (  33.46kB)
    Total ROM Size (Code + RO Data + RW Data)      16924 (  16.53kB)

==============================================================================

